device: cuda; sizes: [(6, 6), (9, 6)]; curve loss on: [(6, 6), (9, 6)]; lr: 0.001; H: 10
loadCodeEvaluations: kept 895050 codes on the requested grid; dropped 1948461 records whose grid does not contain all its points
  size 6,6: 895050 codes (716040 train) curveLoss=True
loadCodeEvaluations: kept 2745739 codes on the requested grid; dropped 2681591 records whose grid does not contain all its points
  size 9,6: 2745739 codes (2196591 train) curveLoss=True
epoch 0: train 11.0483 | val 6,6: 11.4844 | 9,6: 9.6738
epoch 1: train 10.5253 | val 6,6: 11.2233 | 9,6: 9.5778
epoch 2: train 10.3813 | val 6,6: 11.1050 | 9,6: 9.5349
epoch 3: train 10.3252 | val 6,6: 11.0726 | 9,6: 9.4884
epoch 4: train 10.2883 | val 6,6: 11.0236 | 9,6: 9.4171
epoch 5: train 10.2429 | val 6,6: 11.0011 | 9,6: 9.3800
epoch 6: train 10.2099 | val 6,6: 10.9795 | 9,6: 9.3495
epoch 7: train 10.1861 | val 6,6: 10.9597 | 9,6: 9.3352
epoch 8: train 10.1548 | val 6,6: 10.8920 | 9,6: 9.3347
epoch 9: train 10.1254 | val 6,6: 10.8395 | 9,6: 9.2995
epoch 10: train 10.1122 | val 6,6: 10.8271 | 9,6: 9.2855
epoch 11: train 10.0948 | val 6,6: 10.8399 | 9,6: 9.2872
restored best-val weights from epoch 10 (val 10.0563)
saved /vol/bitbucket/osella/rl-qecc-data/supervisedLearning/sweep2/g5_mix_66-96_H10_s1000.pth

## /vol/bitbucket/osella/rl-qecc-data/supervisedLearning/sweep2/g5_mix_66-96_H10_s1000.pth on held-out test l=6, m=6 (89505 codes) — 2026-07-29

- data: `held-out 10% of /vol/bitbucket/osella/rl-qecc-data/supervisedLearning/codeEvaluationTrainingData (size 6,6)`
- Binomial NLL: **10.7441** (noise floor 10.1070)
- reward MAE: **0.03417**
- k MAE: **1.43** logical qubits
- Spearman: **0.839**, Kendall: 0.655
- top-k overlap (k=50): **0.12**


## /vol/bitbucket/osella/rl-qecc-data/supervisedLearning/sweep2/g5_mix_66-96_H10_s1000.pth on held-out test l=9, m=6 (274574 codes) — 2026-07-29

- data: `held-out 10% of /vol/bitbucket/osella/rl-qecc-data/supervisedLearning/codeEvaluationTrainingData (size 9,6)`
- Binomial NLL: **9.2219** (noise floor 8.6699)
- reward MAE: **0.03240**
- k MAE: **1.02** logical qubits
- Spearman: **0.840**, Kendall: 0.652
- top-k overlap (k=50): **0.24**

