device: cuda; sizes: [(6, 6), (9, 6)]; curve loss on: [(6, 6), (9, 6)]; lr: 0.001; H: 10
loadCodeEvaluations: kept 895050 codes on the requested grid; dropped 1948461 records whose grid does not contain all its points
  size 6,6: 895050 codes (716040 train) curveLoss=True
loadCodeEvaluations: kept 2745739 codes on the requested grid; dropped 2681591 records whose grid does not contain all its points
  size 9,6: 2745739 codes (2196591 train) curveLoss=True
epoch 0: train 11.1628 | val 6,6: 11.5123 | 9,6: 9.6924
epoch 1: train 10.5276 | val 6,6: 11.2674 | 9,6: 9.5777
epoch 2: train 10.3875 | val 6,6: 11.0974 | 9,6: 9.5090
epoch 3: train 10.3256 | val 6,6: 11.0446 | 9,6: 9.4522
epoch 4: train 10.2770 | val 6,6: 11.0285 | 9,6: 9.4153
epoch 5: train 10.2309 | val 6,6: 10.9731 | 9,6: 9.3798
epoch 6: train 10.1860 | val 6,6: 10.9409 | 9,6: 9.3658
epoch 7: train 10.1686 | val 6,6: 10.9119 | 9,6: 9.3435
epoch 8: train 10.1495 | val 6,6: 10.9073 | 9,6: 9.3493
epoch 9: train 10.1339 | val 6,6: 10.9010 | 9,6: 9.3744
epoch 10: train 10.1253 | val 6,6: 10.8655 | 9,6: 9.3224
epoch 11: train 10.1176 | val 6,6: 10.8737 | 9,6: 9.3176
restored best-val weights from epoch 10 (val 10.0940)
saved /vol/bitbucket/osella/rl-qecc-data/supervisedLearning/sweep2/g5_mix_66-96_H10_s7134066.pth

## /vol/bitbucket/osella/rl-qecc-data/supervisedLearning/sweep2/g5_mix_66-96_H10_s7134066.pth on held-out test l=6, m=6 (89505 codes) — 2026-07-30

- data: `held-out 10% of /vol/bitbucket/osella/rl-qecc-data/supervisedLearning/codeEvaluationTrainingData (size 6,6)`
- Binomial NLL: **10.8227** (noise floor 10.1295)
- reward MAE: **0.03642**
- k MAE: **1.36** logical qubits
- Spearman: **0.820**, Kendall: 0.634
- top-k overlap (k=50): **0.18**


## /vol/bitbucket/osella/rl-qecc-data/supervisedLearning/sweep2/g5_mix_66-96_H10_s7134066.pth on held-out test l=9, m=6 (274574 codes) — 2026-07-30

- data: `held-out 10% of /vol/bitbucket/osella/rl-qecc-data/supervisedLearning/codeEvaluationTrainingData (size 9,6)`
- Binomial NLL: **9.2655** (noise floor 8.6775)
- reward MAE: **0.03395**
- k MAE: **1.00** logical qubits
- Spearman: **0.826**, Kendall: 0.635
- top-k overlap (k=50): **0.26**

