device: cuda; sizes: [(6, 6), (9, 6)]; curve loss on: [(6, 6), (9, 6)]; lr: 0.001; H: 6
loadCodeEvaluations: kept 895050 codes on the requested grid; dropped 1948461 records whose grid does not contain all its points
  size 6,6: 895050 codes (716040 train) curveLoss=True
loadCodeEvaluations: kept 2745739 codes on the requested grid; dropped 2681591 records whose grid does not contain all its points
  size 9,6: 2745739 codes (2196591 train) curveLoss=True
epoch 0: train 11.1480 | val 6,6: 11.4091 | 9,6: 9.6959
epoch 1: train 10.5291 | val 6,6: 11.1978 | 9,6: 9.5538
epoch 2: train 10.3912 | val 6,6: 11.0944 | 9,6: 9.5154
epoch 3: train 10.3400 | val 6,6: 11.0723 | 9,6: 9.5097
epoch 4: train 10.3151 | val 6,6: 11.0265 | 9,6: 9.4918
epoch 5: train 10.2835 | val 6,6: 10.9951 | 9,6: 9.4377
epoch 6: train 10.2581 | val 6,6: 10.9589 | 9,6: 9.4162
epoch 7: train 10.2321 | val 6,6: 10.9649 | 9,6: 9.4143
epoch 8: train 10.2067 | val 6,6: 10.9447 | 9,6: 9.4017
epoch 9: train 10.1975 | val 6,6: 10.9110 | 9,6: 9.3759
epoch 10: train 10.1801 | val 6,6: 10.9014 | 9,6: 9.3517
epoch 11: train 10.1718 | val 6,6: 10.8911 | 9,6: 9.3455
restored best-val weights from epoch 11 (val 10.1183)
saved /vol/bitbucket/osella/rl-qecc-data/supervisedLearning/sweep2/g5_mix_66-96_H6_s4000.pth

## /vol/bitbucket/osella/rl-qecc-data/supervisedLearning/sweep2/g5_mix_66-96_H6_s4000.pth on held-out test l=6, m=6 (89505 codes) — 2026-07-30

- data: `held-out 10% of /vol/bitbucket/osella/rl-qecc-data/supervisedLearning/codeEvaluationTrainingData (size 6,6)`
- Binomial NLL: **10.8144** (noise floor 10.0897)
- reward MAE: **0.03783**
- k MAE: **1.53** logical qubits
- Spearman: **0.806**, Kendall: 0.619
- top-k overlap (k=50): **0.14**


## /vol/bitbucket/osella/rl-qecc-data/supervisedLearning/sweep2/g5_mix_66-96_H6_s4000.pth on held-out test l=9, m=6 (274574 codes) — 2026-07-30

- data: `held-out 10% of /vol/bitbucket/osella/rl-qecc-data/supervisedLearning/codeEvaluationTrainingData (size 9,6)`
- Binomial NLL: **9.2704** (noise floor 8.6665)
- reward MAE: **0.03517**
- k MAE: **1.06** logical qubits
- Spearman: **0.811**, Kendall: 0.619
- top-k overlap (k=50): **0.14**

