device: cuda; sizes: [(6, 6), (9, 6), (12, 6)]; curve loss on: [(6, 6), (9, 6), (12, 6)]; lr: 0.001; H: 6
loadCodeEvaluations: kept 895050 codes on the requested grid; dropped 1948461 records whose grid does not contain all its points
  size 6,6: 895050 codes (716040 train) curveLoss=True
loadCodeEvaluations: kept 2745739 codes on the requested grid; dropped 2681591 records whose grid does not contain all its points
  size 9,6: 2745739 codes (2196591 train) curveLoss=True
loadCodeEvaluations: kept 1353227 codes on the requested grid; dropped 457979 records whose grid does not contain all its points
  size 12,6: 1353227 codes (1082582 train) curveLoss=True
epoch 0: train 10.2199 | val 6,6: 11.3789 | 9,6: 9.6445 | 12,6: 8.5163
epoch 1: train 9.7871 | val 6,6: 11.1377 | 9,6: 9.5273 | 12,6: 8.3888
epoch 2: train 9.6862 | val 6,6: 11.0962 | 9,6: 9.4682 | 12,6: 8.3235
epoch 3: train 9.6369 | val 6,6: 11.0250 | 9,6: 9.4518 | 12,6: 8.3119
restored best-val weights from epoch 3 (val 9.5962)
saved /vol/bitbucket/osella/rl-qecc-data/supervisedLearning/sweep2/g5_mix_66-96-126_H6_s3000.pth

## /vol/bitbucket/osella/rl-qecc-data/supervisedLearning/sweep2/g5_mix_66-96-126_H6_s3000.pth on held-out test l=6, m=6 (89505 codes) — 2026-07-28

- data: `held-out 10% of /vol/bitbucket/osella/rl-qecc-data/supervisedLearning/codeEvaluationTrainingData (size 6,6)`
- Binomial NLL: **10.8715** (noise floor 10.0926)
- reward MAE: **0.03856**
- k MAE: **1.75** logical qubits
- Spearman: **0.798**, Kendall: 0.612
- top-k overlap (k=50): **0.12**


## /vol/bitbucket/osella/rl-qecc-data/supervisedLearning/sweep2/g5_mix_66-96-126_H6_s3000.pth on held-out test l=9, m=6 (274574 codes) — 2026-07-28

- data: `held-out 10% of /vol/bitbucket/osella/rl-qecc-data/supervisedLearning/codeEvaluationTrainingData (size 9,6)`
- Binomial NLL: **9.3246** (noise floor 8.6751)
- reward MAE: **0.03747**
- k MAE: **1.60** logical qubits
- Spearman: **0.786**, Kendall: 0.592
- top-k overlap (k=50): **0.10**


## /vol/bitbucket/osella/rl-qecc-data/supervisedLearning/sweep2/g5_mix_66-96-126_H6_s3000.pth on held-out test l=12, m=6 (135322 codes) — 2026-07-28

- data: `held-out 10% of /vol/bitbucket/osella/rl-qecc-data/supervisedLearning/codeEvaluationTrainingData (size 12,6)`
- Binomial NLL: **8.0950** (noise floor 7.3667)
- reward MAE: **0.03183**
- k MAE: **2.40** logical qubits
- Spearman: **0.752**, Kendall: 0.563
- top-k overlap (k=50): **0.36**

