device: cuda; sizes: [(6, 6), (9, 6), (12, 6)]; curve loss on: [(6, 6), (9, 6), (12, 6)]; lr: 0.001; H: 3
loadCodeEvaluations: kept 895050 codes on the requested grid; dropped 1948461 records whose grid does not contain all its points
  size 6,6: 895050 codes (716040 train) curveLoss=True
loadCodeEvaluations: kept 2745739 codes on the requested grid; dropped 2681591 records whose grid does not contain all its points
  size 9,6: 2745739 codes (2196591 train) curveLoss=True
loadCodeEvaluations: kept 1353227 codes on the requested grid; dropped 457979 records whose grid does not contain all its points
  size 12,6: 1353227 codes (1082582 train) curveLoss=True
epoch 0: train 10.2966 | val 6,6: 11.3912 | 9,6: 9.6579 | 12,6: 8.5139
epoch 1: train 9.8058 | val 6,6: 11.1678 | 9,6: 9.5164 | 12,6: 8.4191
epoch 2: train 9.7144 | val 6,6: 11.1162 | 9,6: 9.4766 | 12,6: 8.3552
epoch 3: train 9.6559 | val 6,6: 11.0267 | 9,6: 9.4662 | 12,6: 8.3180
epoch 4: train 9.6211 | val 6,6: 10.9962 | 9,6: 9.4539 | 12,6: 8.3022
epoch 5: train 9.6050 | val 6,6: 10.9703 | 9,6: 9.4443 | 12,6: 8.2949
epoch 6: train 9.5947 | val 6,6: 10.9711 | 9,6: 9.4554 | 12,6: 8.3036
epoch 7: train 9.5836 | val 6,6: 10.9491 | 9,6: 9.4401 | 12,6: 8.3187
restored best-val weights from epoch 7 (val 9.5693)
saved /vol/bitbucket/osella/rl-qecc-data/supervisedLearning/sweep2/g5_mix_66-96-126_H3_s3000.pth

## /vol/bitbucket/osella/rl-qecc-data/supervisedLearning/sweep2/g5_mix_66-96-126_H3_s3000.pth on held-out test l=6, m=6 (89505 codes) — 2026-07-29

- data: `held-out 10% of /vol/bitbucket/osella/rl-qecc-data/supervisedLearning/codeEvaluationTrainingData (size 6,6)`
- Binomial NLL: **10.8059** (noise floor 10.0926)
- reward MAE: **0.03661**
- k MAE: **1.72** logical qubits
- Spearman: **0.812**, Kendall: 0.627
- top-k overlap (k=50): **0.16**


## /vol/bitbucket/osella/rl-qecc-data/supervisedLearning/sweep2/g5_mix_66-96-126_H3_s3000.pth on held-out test l=9, m=6 (274574 codes) — 2026-07-29

- data: `held-out 10% of /vol/bitbucket/osella/rl-qecc-data/supervisedLearning/codeEvaluationTrainingData (size 9,6)`
- Binomial NLL: **9.3143** (noise floor 8.6751)
- reward MAE: **0.03726**
- k MAE: **1.61** logical qubits
- Spearman: **0.792**, Kendall: 0.598
- top-k overlap (k=50): **0.16**


## /vol/bitbucket/osella/rl-qecc-data/supervisedLearning/sweep2/g5_mix_66-96-126_H3_s3000.pth on held-out test l=12, m=6 (135322 codes) — 2026-07-29

- data: `held-out 10% of /vol/bitbucket/osella/rl-qecc-data/supervisedLearning/codeEvaluationTrainingData (size 12,6)`
- Binomial NLL: **8.0947** (noise floor 7.3667)
- reward MAE: **0.03167**
- k MAE: **2.49** logical qubits
- Spearman: **0.756**, Kendall: 0.568
- top-k overlap (k=50): **0.38**

