device: cuda; sizes: [(6, 6), (9, 6), (12, 6), (15, 3)]; curve loss on: [(6, 6), (9, 6), (12, 6), (15, 3)]; lr: 0.001; H: 10
loadCodeEvaluations: kept 895050 codes on the requested grid; dropped 1948461 records whose grid does not contain all its points
  size 6,6: 895050 codes (716040 train) curveLoss=True
loadCodeEvaluations: kept 2745739 codes on the requested grid; dropped 2681591 records whose grid does not contain all its points
  size 9,6: 2745739 codes (2196591 train) curveLoss=True
loadCodeEvaluations: kept 1353227 codes on the requested grid; dropped 457979 records whose grid does not contain all its points
  size 12,6: 1353227 codes (1082582 train) curveLoss=True
loadCodeEvaluations: kept 4412297 codes on the requested grid; dropped 458644 records whose grid does not contain all its points
  size 15,3: 4412297 codes (3529838 train) curveLoss=True
epoch 0: train 10.7297 | val 6,6: 11.7211 | 9,6: 9.6657 | 12,6: 8.5076 | 15,3: 11.6512
epoch 1: train 10.3095 | val 6,6: 11.2442 | 9,6: 9.4919 | 12,6: 8.3694 | 15,3: 11.6094
epoch 2: train 10.1880 | val 6,6: 11.1767 | 9,6: 9.4915 | 12,6: 8.3714 | 15,3: 11.6039
epoch 3: train 10.1492 | val 6,6: 11.0482 | 9,6: 9.4596 | 12,6: 8.3445 | 15,3: 11.5977
epoch 4: train 10.1231 | val 6,6: 11.0163 | 9,6: 9.4571 | 12,6: 8.3235 | 15,3: 11.5912
epoch 5: train 10.1068 | val 6,6: 10.9607 | 9,6: 9.4494 | 12,6: 8.3070 | 15,3: 11.5845
restored best-val weights from epoch 5 (val 10.0754)
saved /vol/bitbucket/osella/rl-qecc-data/supervisedLearning/sweep2/g5_mix_66-96-126-153_H10_s3000.pth

## /vol/bitbucket/osella/rl-qecc-data/supervisedLearning/sweep2/g5_mix_66-96-126-153_H10_s3000.pth on held-out test l=6, m=6 (89505 codes) — 2026-07-29

- data: `held-out 10% of /vol/bitbucket/osella/rl-qecc-data/supervisedLearning/codeEvaluationTrainingData (size 6,6)`
- Binomial NLL: **10.8239** (noise floor 10.0926)
- reward MAE: **0.03670**
- k MAE: **1.69** logical qubits
- Spearman: **0.811**, Kendall: 0.625
- top-k overlap (k=50): **0.16**


## /vol/bitbucket/osella/rl-qecc-data/supervisedLearning/sweep2/g5_mix_66-96-126-153_H10_s3000.pth on held-out test l=9, m=6 (274574 codes) — 2026-07-29

- data: `held-out 10% of /vol/bitbucket/osella/rl-qecc-data/supervisedLearning/codeEvaluationTrainingData (size 9,6)`
- Binomial NLL: **9.3174** (noise floor 8.6751)
- reward MAE: **0.03724**
- k MAE: **1.63** logical qubits
- Spearman: **0.785**, Kendall: 0.591
- top-k overlap (k=50): **0.24**


## /vol/bitbucket/osella/rl-qecc-data/supervisedLearning/sweep2/g5_mix_66-96-126-153_H10_s3000.pth on held-out test l=12, m=6 (135322 codes) — 2026-07-29

- data: `held-out 10% of /vol/bitbucket/osella/rl-qecc-data/supervisedLearning/codeEvaluationTrainingData (size 12,6)`
- Binomial NLL: **8.0908** (noise floor 7.3667)
- reward MAE: **0.03193**
- k MAE: **2.38** logical qubits
- Spearman: **0.756**, Kendall: 0.568
- top-k overlap (k=50): **0.46**


## /vol/bitbucket/osella/rl-qecc-data/supervisedLearning/sweep2/g5_mix_66-96-126-153_H10_s3000.pth on held-out test l=15, m=3 (441229 codes) — 2026-07-29

- data: `held-out 10% of /vol/bitbucket/osella/rl-qecc-data/supervisedLearning/codeEvaluationTrainingData (size 15,3)`
- Binomial NLL: **11.4084** (noise floor 10.4334)
- reward MAE: **0.04442**
- k MAE: **1.82** logical qubits
- Spearman: **0.685**, Kendall: 0.499
- top-k overlap (k=50): **0.12**

