device: cuda; sizes: [(6, 6)]; curve loss on: [(6, 6)]; lr: 0.001; H: 6
loadCodeEvaluations: kept 895050 codes on the requested grid; dropped 1948461 records whose grid does not contain all its points
  size 6,6: 895050 codes (716040 train) curveLoss=True
epoch 0: train 12.6018 | val 6,6: 12.0799
epoch 1: train 11.7059 | val 6,6: 11.5215
epoch 2: train 11.4038 | val 6,6: 11.2577
epoch 3: train 11.2589 | val 6,6: 11.1876
epoch 4: train 11.1879 | val 6,6: 11.1218
epoch 5: train 11.1219 | val 6,6: 11.0631
epoch 6: train 11.0816 | val 6,6: 11.0310
epoch 7: train 11.0479 | val 6,6: 10.9820
epoch 8: train 11.0064 | val 6,6: 10.9471
epoch 9: train 10.9828 | val 6,6: 10.9307
epoch 10: train 10.9588 | val 6,6: 10.9041
epoch 11: train 10.9320 | val 6,6: 10.8846
epoch 12: train 10.9070 | val 6,6: 10.8321
epoch 13: train 10.8799 | val 6,6: 10.8090
epoch 14: train 10.8616 | val 6,6: 10.8062
epoch 15: train 10.8409 | val 6,6: 10.7882
epoch 16: train 10.8306 | val 6,6: 10.7760
epoch 17: train 10.8194 | val 6,6: 10.7701
epoch 18: train 10.8117 | val 6,6: 10.7694
epoch 19: train 10.8043 | val 6,6: 10.7577
epoch 20: train 10.8038 | val 6,6: 10.7709
epoch 21: train 10.8022 | val 6,6: 10.7412
epoch 22: train 10.7861 | val 6,6: 10.7410
epoch 23: train 10.7773 | val 6,6: 10.7335
restored best-val weights from epoch 23 (val 10.7335)
saved /vol/bitbucket/osella/rl-qecc-data/supervisedLearning/sweep2/g5_mix_66_H6_s5000.pth

## /vol/bitbucket/osella/rl-qecc-data/supervisedLearning/sweep2/g5_mix_66_H6_s5000.pth on held-out test l=6, m=6 (89505 codes) — 2026-07-30

- data: `held-out 10% of /vol/bitbucket/osella/rl-qecc-data/supervisedLearning/codeEvaluationTrainingData (size 6,6)`
- Binomial NLL: **10.6318** (noise floor 10.0927)
- reward MAE: **0.03180**
- k MAE: **1.31** logical qubits
- Spearman: **0.858**, Kendall: 0.677
- top-k overlap (k=50): **0.20**

