device: cuda; sizes: [(6, 6), (9, 6), (12, 6)]; curve loss on: [(6, 6), (9, 6), (12, 6)]; lr: 0.001; H: 7
loadCodeEvaluations: kept 895050 codes on the requested grid; dropped 1948461 records whose grid does not contain all its points
  size 6,6: 895050 codes (716040 train) curveLoss=True
loadCodeEvaluations: kept 2745739 codes on the requested grid; dropped 2681591 records whose grid does not contain all its points
  size 9,6: 2745739 codes (2196591 train) curveLoss=True
loadCodeEvaluations: kept 1353227 codes on the requested grid; dropped 457979 records whose grid does not contain all its points
  size 12,6: 1353227 codes (1082582 train) curveLoss=True
epoch 0: train 10.2960 | val 6,6: 11.5342 | 9,6: 9.6368 | 12,6: 8.4828
epoch 1: train 9.8460 | val 6,6: 11.2746 | 9,6: 9.5305 | 12,6: 8.4098
epoch 2: train 9.7431 | val 6,6: 11.1551 | 9,6: 9.5033 | 12,6: 8.3700
epoch 3: train 9.6930 | val 6,6: 11.0679 | 9,6: 9.5031 | 12,6: 8.3372
epoch 4: train 9.6527 | val 6,6: 11.0276 | 9,6: 9.4853 | 12,6: 8.2883
epoch 5: train 9.6248 | val 6,6: 11.0070 | 9,6: 9.4680 | 12,6: 8.2776
epoch 6: train 9.6011 | val 6,6: 10.9681 | 9,6: 9.4121 | 12,6: 8.2431
epoch 7: train 9.5567 | val 6,6: 10.9448 | 9,6: 9.3869 | 12,6: 8.1424
restored best-val weights from epoch 7 (val 9.4914)
saved /vol/bitbucket/osella/rl-qecc-data/supervisedLearning/sweep2/g5_mix_66-96-126_H7_s1000.pth

## /vol/bitbucket/osella/rl-qecc-data/supervisedLearning/sweep2/g5_mix_66-96-126_H7_s1000.pth on held-out test l=6, m=6 (89505 codes) — 2026-07-29

- data: `held-out 10% of /vol/bitbucket/osella/rl-qecc-data/supervisedLearning/codeEvaluationTrainingData (size 6,6)`
- Binomial NLL: **10.8374** (noise floor 10.1070)
- reward MAE: **0.03735**
- k MAE: **1.70** logical qubits
- Spearman: **0.811**, Kendall: 0.626
- top-k overlap (k=50): **0.16**


## /vol/bitbucket/osella/rl-qecc-data/supervisedLearning/sweep2/g5_mix_66-96-126_H7_s1000.pth on held-out test l=9, m=6 (274574 codes) — 2026-07-29

- data: `held-out 10% of /vol/bitbucket/osella/rl-qecc-data/supervisedLearning/codeEvaluationTrainingData (size 9,6)`
- Binomial NLL: **9.2926** (noise floor 8.6699)
- reward MAE: **0.03633**
- k MAE: **1.30** logical qubits
- Spearman: **0.800**, Kendall: 0.607
- top-k overlap (k=50): **0.18**


## /vol/bitbucket/osella/rl-qecc-data/supervisedLearning/sweep2/g5_mix_66-96-126_H7_s1000.pth on held-out test l=12, m=6 (135322 codes) — 2026-07-29

- data: `held-out 10% of /vol/bitbucket/osella/rl-qecc-data/supervisedLearning/codeEvaluationTrainingData (size 12,6)`
- Binomial NLL: **8.0064** (noise floor 7.3791)
- reward MAE: **0.02888**
- k MAE: **2.20** logical qubits
- Spearman: **0.803**, Kendall: 0.614
- top-k overlap (k=50): **0.42**

