device: cuda; sizes: [(6, 6), (9, 6), (12, 6), (15, 3)]; curve loss on: [(6, 6), (9, 6), (12, 6), (15, 3)]; lr: 0.001; H: 6
loadCodeEvaluations: kept 895050 codes on the requested grid; dropped 1948461 records whose grid does not contain all its points
  size 6,6: 895050 codes (716040 train) curveLoss=True
loadCodeEvaluations: kept 2745739 codes on the requested grid; dropped 2681591 records whose grid does not contain all its points
  size 9,6: 2745739 codes (2196591 train) curveLoss=True
loadCodeEvaluations: kept 1353227 codes on the requested grid; dropped 457979 records whose grid does not contain all its points
  size 12,6: 1353227 codes (1082582 train) curveLoss=True
loadCodeEvaluations: kept 4412297 codes on the requested grid; dropped 458644 records whose grid does not contain all its points
  size 15,3: 4412297 codes (3529838 train) curveLoss=True
epoch 0: train 10.6639 | val 6,6: 11.6624 | 9,6: 9.6860 | 12,6: 8.5298 | 15,3: 11.6568
epoch 1: train 10.2764 | val 6,6: 11.2625 | 9,6: 9.5663 | 12,6: 8.4456 | 15,3: 11.6843
epoch 2: train 10.1939 | val 6,6: 11.1017 | 9,6: 9.4931 | 12,6: 8.3558 | 15,3: 11.6324
epoch 3: train 10.1490 | val 6,6: 11.0029 | 9,6: 9.4552 | 12,6: 8.3003 | 15,3: 11.6102
epoch 4: train 10.1141 | val 6,6: 10.9642 | 9,6: 9.3990 | 12,6: 8.2951 | 15,3: 11.5956
epoch 5: train 10.0931 | val 6,6: 10.9496 | 9,6: 9.3810 | 12,6: 8.2737 | 15,3: 11.5976
restored best-val weights from epoch 5 (val 10.0505)
saved /vol/bitbucket/osella/rl-qecc-data/supervisedLearning/sweep2/g5_mix_66-96-126-153_H6_s466555.pth

## /vol/bitbucket/osella/rl-qecc-data/supervisedLearning/sweep2/g5_mix_66-96-126-153_H6_s466555.pth on held-out test l=6, m=6 (89505 codes) — 2026-07-29

- data: `held-out 10% of /vol/bitbucket/osella/rl-qecc-data/supervisedLearning/codeEvaluationTrainingData (size 6,6)`
- Binomial NLL: **10.8244** (noise floor 10.1008)
- reward MAE: **0.03743**
- k MAE: **1.77** logical qubits
- Spearman: **0.812**, Kendall: 0.626
- top-k overlap (k=50): **0.06**


## /vol/bitbucket/osella/rl-qecc-data/supervisedLearning/sweep2/g5_mix_66-96-126-153_H6_s466555.pth on held-out test l=9, m=6 (274574 codes) — 2026-07-29

- data: `held-out 10% of /vol/bitbucket/osella/rl-qecc-data/supervisedLearning/codeEvaluationTrainingData (size 9,6)`
- Binomial NLL: **9.2984** (noise floor 8.6757)
- reward MAE: **0.03579**
- k MAE: **1.34** logical qubits
- Spearman: **0.806**, Kendall: 0.614
- top-k overlap (k=50): **0.22**


## /vol/bitbucket/osella/rl-qecc-data/supervisedLearning/sweep2/g5_mix_66-96-126-153_H6_s466555.pth on held-out test l=12, m=6 (135322 codes) — 2026-07-29

- data: `held-out 10% of /vol/bitbucket/osella/rl-qecc-data/supervisedLearning/codeEvaluationTrainingData (size 12,6)`
- Binomial NLL: **8.0874** (noise floor 7.3754)
- reward MAE: **0.03147**
- k MAE: **2.41** logical qubits
- Spearman: **0.760**, Kendall: 0.571
- top-k overlap (k=50): **0.48**


## /vol/bitbucket/osella/rl-qecc-data/supervisedLearning/sweep2/g5_mix_66-96-126-153_H6_s466555.pth on held-out test l=15, m=3 (441229 codes) — 2026-07-29

- data: `held-out 10% of /vol/bitbucket/osella/rl-qecc-data/supervisedLearning/codeEvaluationTrainingData (size 15,3)`
- Binomial NLL: **11.4318** (noise floor 10.4262)
- reward MAE: **0.04478**
- k MAE: **1.83** logical qubits
- Spearman: **0.680**, Kendall: 0.495
- top-k overlap (k=50): **0.20**

