device: cuda; sizes: [(6, 6), (9, 6)]; curve loss on: [(6, 6), (9, 6)]; lr: 0.001; H: 3
loadCodeEvaluations: kept 895050 codes on the requested grid; dropped 1948461 records whose grid does not contain all its points
  size 6,6: 895050 codes (716040 train) curveLoss=True
loadCodeEvaluations: kept 2745739 codes on the requested grid; dropped 2681591 records whose grid does not contain all its points
  size 9,6: 2745739 codes (2196591 train) curveLoss=True
epoch 0: train 11.1136 | val 6,6: 11.5140 | 9,6: 9.6973
epoch 1: train 10.4936 | val 6,6: 11.2159 | 9,6: 9.5708
epoch 2: train 10.3548 | val 6,6: 11.0904 | 9,6: 9.4943
epoch 3: train 10.2939 | val 6,6: 11.0740 | 9,6: 9.4771
epoch 4: train 10.2580 | val 6,6: 11.0167 | 9,6: 9.4557
epoch 5: train 10.2409 | val 6,6: 10.9805 | 9,6: 9.4488
epoch 6: train 10.2205 | val 6,6: 10.9595 | 9,6: 9.4299
epoch 7: train 10.1933 | val 6,6: 10.9366 | 9,6: 9.3924
epoch 8: train 10.1752 | val 6,6: 10.9216 | 9,6: 9.3724
epoch 9: train 10.1573 | val 6,6: 10.9053 | 9,6: 9.3651
epoch 10: train 10.1445 | val 6,6: 10.8753 | 9,6: 9.3646
epoch 11: train 10.1292 | val 6,6: 10.8470 | 9,6: 9.3404
restored best-val weights from epoch 11 (val 10.0937)
saved /vol/bitbucket/osella/rl-qecc-data/supervisedLearning/sweep2/g5_mix_66-96_H3_s3000.pth

## /vol/bitbucket/osella/rl-qecc-data/supervisedLearning/sweep2/g5_mix_66-96_H3_s3000.pth on held-out test l=6, m=6 (89505 codes) — 2026-07-30

- data: `held-out 10% of /vol/bitbucket/osella/rl-qecc-data/supervisedLearning/codeEvaluationTrainingData (size 6,6)`
- Binomial NLL: **10.7285** (noise floor 10.0926)
- reward MAE: **0.03452**
- k MAE: **1.49** logical qubits
- Spearman: **0.832**, Kendall: 0.648
- top-k overlap (k=50): **0.14**


## /vol/bitbucket/osella/rl-qecc-data/supervisedLearning/sweep2/g5_mix_66-96_H3_s3000.pth on held-out test l=9, m=6 (274574 codes) — 2026-07-30

- data: `held-out 10% of /vol/bitbucket/osella/rl-qecc-data/supervisedLearning/codeEvaluationTrainingData (size 9,6)`
- Binomial NLL: **9.2586** (noise floor 8.6751)
- reward MAE: **0.03452**
- k MAE: **1.13** logical qubits
- Spearman: **0.817**, Kendall: 0.625
- top-k overlap (k=50): **0.26**

