device: cuda; sizes: [(6, 6), (9, 6), (12, 6), (15, 3)]; curve loss on: [(6, 6), (9, 6), (12, 6), (15, 3)]; lr: 0.001; H: 4
loadCodeEvaluations: kept 895050 codes on the requested grid; dropped 1948461 records whose grid does not contain all its points
  size 6,6: 895050 codes (716040 train) curveLoss=True
loadCodeEvaluations: kept 2745739 codes on the requested grid; dropped 2681591 records whose grid does not contain all its points
  size 9,6: 2745739 codes (2196591 train) curveLoss=True
loadCodeEvaluations: kept 1353227 codes on the requested grid; dropped 457979 records whose grid does not contain all its points
  size 12,6: 1353227 codes (1082582 train) curveLoss=True
loadCodeEvaluations: kept 4412297 codes on the requested grid; dropped 458644 records whose grid does not contain all its points
  size 15,3: 4412297 codes (3529838 train) curveLoss=True
epoch 0: train 10.6536 | val 6,6: 11.2270 | 9,6: 9.5466 | 12,6: 8.4184 | 15,3: 11.6298
epoch 1: train 10.1885 | val 6,6: 11.0471 | 9,6: 9.5121 | 12,6: 8.3042 | 15,3: 11.6029
epoch 2: train 10.1239 | val 6,6: 10.9533 | 9,6: 9.4798 | 12,6: 8.3025 | 15,3: 11.5878
epoch 3: train 10.0877 | val 6,6: 10.9197 | 9,6: 9.4635 | 12,6: 8.2655 | 15,3: 11.5887
epoch 4: train 10.0745 | val 6,6: 10.8744 | 9,6: 9.4428 | 12,6: 8.2675 | 15,3: 11.5836
epoch 5: train 10.0608 | val 6,6: 10.8785 | 9,6: 9.4799 | 12,6: 8.3028 | 15,3: 11.5768
restored best-val weights from epoch 4 (val 10.0421)
saved /vol/bitbucket/osella/rl-qecc-data/supervisedLearning/sweep2/g5_mix_66-96-126-153_H4_s12345.pth

## /vol/bitbucket/osella/rl-qecc-data/supervisedLearning/sweep2/g5_mix_66-96-126-153_H4_s12345.pth on held-out test l=6, m=6 (89505 codes) — 2026-07-29

- data: `held-out 10% of /vol/bitbucket/osella/rl-qecc-data/supervisedLearning/codeEvaluationTrainingData (size 6,6)`
- Binomial NLL: **10.8030** (noise floor 10.1232)
- reward MAE: **0.03497**
- k MAE: **1.62** logical qubits
- Spearman: **0.827**, Kendall: 0.643
- top-k overlap (k=50): **0.20**


## /vol/bitbucket/osella/rl-qecc-data/supervisedLearning/sweep2/g5_mix_66-96-126-153_H4_s12345.pth on held-out test l=9, m=6 (274574 codes) — 2026-07-29

- data: `held-out 10% of /vol/bitbucket/osella/rl-qecc-data/supervisedLearning/codeEvaluationTrainingData (size 9,6)`
- Binomial NLL: **9.3017** (noise floor 8.6691)
- reward MAE: **0.03714**
- k MAE: **1.60** logical qubits
- Spearman: **0.790**, Kendall: 0.595
- top-k overlap (k=50): **0.20**


## /vol/bitbucket/osella/rl-qecc-data/supervisedLearning/sweep2/g5_mix_66-96-126-153_H4_s12345.pth on held-out test l=12, m=6 (135322 codes) — 2026-07-29

- data: `held-out 10% of /vol/bitbucket/osella/rl-qecc-data/supervisedLearning/codeEvaluationTrainingData (size 12,6)`
- Binomial NLL: **8.0866** (noise floor 7.3824)
- reward MAE: **0.03115**
- k MAE: **2.41** logical qubits
- Spearman: **0.766**, Kendall: 0.576
- top-k overlap (k=50): **0.42**


## /vol/bitbucket/osella/rl-qecc-data/supervisedLearning/sweep2/g5_mix_66-96-126-153_H4_s12345.pth on held-out test l=15, m=3 (441229 codes) — 2026-07-29

- data: `held-out 10% of /vol/bitbucket/osella/rl-qecc-data/supervisedLearning/codeEvaluationTrainingData (size 15,3)`
- Binomial NLL: **11.4195** (noise floor 10.4338)
- reward MAE: **0.04438**
- k MAE: **1.82** logical qubits
- Spearman: **0.689**, Kendall: 0.503
- top-k overlap (k=50): **0.14**

