device: cuda; sizes: [(6, 6), (9, 6), (12, 6)]; curve loss on: [(6, 6), (9, 6), (12, 6)]; lr: 0.001; H: 7
loadCodeEvaluations: kept 895050 codes on the requested grid; dropped 1948461 records whose grid does not contain all its points
  size 6,6: 895050 codes (716040 train) curveLoss=True
loadCodeEvaluations: kept 2745739 codes on the requested grid; dropped 2681591 records whose grid does not contain all its points
  size 9,6: 2745739 codes (2196591 train) curveLoss=True
loadCodeEvaluations: kept 1353227 codes on the requested grid; dropped 457979 records whose grid does not contain all its points
  size 12,6: 1353227 codes (1082582 train) curveLoss=True
epoch 0: train 10.2960 | val 6,6: 11.5342 | 9,6: 9.6368 | 12,6: 8.4828
epoch 1: train 9.8460 | val 6,6: 11.2746 | 9,6: 9.5305 | 12,6: 8.4098
epoch 2: train 9.7431 | val 6,6: 11.1551 | 9,6: 9.5033 | 12,6: 8.3700
epoch 3: train 9.6930 | val 6,6: 11.0679 | 9,6: 9.5031 | 12,6: 8.3372
restored best-val weights from epoch 3 (val 9.6361)
saved /vol/bitbucket/osella/rl-qecc-data/supervisedLearning/sweep2/g5_mix_66-96-126_H7_s1000.pth

## /vol/bitbucket/osella/rl-qecc-data/supervisedLearning/sweep2/g5_mix_66-96-126_H7_s1000.pth on held-out test l=6, m=6 (89505 codes) — 2026-07-28

- data: `held-out 10% of /vol/bitbucket/osella/rl-qecc-data/supervisedLearning/codeEvaluationTrainingData (size 6,6)`
- Binomial NLL: **10.9432** (noise floor 10.1070)
- reward MAE: **0.04160**
- k MAE: **1.82** logical qubits
- Spearman: **0.783**, Kendall: 0.596
- top-k overlap (k=50): **0.12**


## /vol/bitbucket/osella/rl-qecc-data/supervisedLearning/sweep2/g5_mix_66-96-126_H7_s1000.pth on held-out test l=9, m=6 (274574 codes) — 2026-07-28

- data: `held-out 10% of /vol/bitbucket/osella/rl-qecc-data/supervisedLearning/codeEvaluationTrainingData (size 9,6)`
- Binomial NLL: **9.3728** (noise floor 8.6699)
- reward MAE: **0.03993**
- k MAE: **1.62** logical qubits
- Spearman: **0.765**, Kendall: 0.571
- top-k overlap (k=50): **0.22**


## /vol/bitbucket/osella/rl-qecc-data/supervisedLearning/sweep2/g5_mix_66-96-126_H7_s1000.pth on held-out test l=12, m=6 (135322 codes) — 2026-07-28

- data: `held-out 10% of /vol/bitbucket/osella/rl-qecc-data/supervisedLearning/codeEvaluationTrainingData (size 12,6)`
- Binomial NLL: **8.1563** (noise floor 7.3791)
- reward MAE: **0.03310**
- k MAE: **2.41** logical qubits
- Spearman: **0.740**, Kendall: 0.551
- top-k overlap (k=50): **0.44**

