device: cuda; sizes: [(6, 6), (9, 6), (12, 6), (15, 3)]; curve loss on: [(6, 6), (9, 6), (12, 6), (15, 3)]; lr: 0.001; H: 3
loadCodeEvaluations: kept 895050 codes on the requested grid; dropped 1948461 records whose grid does not contain all its points
  size 6,6: 895050 codes (716040 train) curveLoss=True
loadCodeEvaluations: kept 2745739 codes on the requested grid; dropped 2681591 records whose grid does not contain all its points
  size 9,6: 2745739 codes (2196591 train) curveLoss=True
loadCodeEvaluations: kept 1353227 codes on the requested grid; dropped 457979 records whose grid does not contain all its points
  size 12,6: 1353227 codes (1082582 train) curveLoss=True
loadCodeEvaluations: kept 4412297 codes on the requested grid; dropped 458644 records whose grid does not contain all its points
  size 15,3: 4412297 codes (3529838 train) curveLoss=True
epoch 0: train 10.6757 | val 6,6: 11.5497 | 9,6: 9.7443 | 12,6: 8.7657 | 15,3: 11.9239
epoch 1: train 10.2869 | val 6,6: 11.2377 | 9,6: 9.5129 | 12,6: 8.4233 | 15,3: 11.7219
epoch 2: train 10.2131 | val 6,6: 11.0881 | 9,6: 9.4910 | 12,6: 8.4103 | 15,3: 11.6879
epoch 3: train 10.1841 | val 6,6: 11.0749 | 9,6: 9.5099 | 12,6: 8.4245 | 15,3: 11.6343
epoch 4: train 10.1557 | val 6,6: 11.0125 | 9,6: 9.4692 | 12,6: 8.3868 | 15,3: 11.6262
epoch 5: train 10.1446 | val 6,6: 11.0023 | 9,6: 9.4645 | 12,6: 8.3712 | 15,3: 11.6289
epoch 6: train 10.1321 | val 6,6: 10.9648 | 9,6: 9.4369 | 12,6: 8.3201 | 15,3: 11.6267
epoch 7: train 10.0971 | val 6,6: 10.9513 | 9,6: 9.4228 | 12,6: 8.2507 | 15,3: 11.6350
epoch 8: train 10.0978 | val 6,6: 10.9245 | 9,6: 9.3743 | 12,6: 8.2299 | 15,3: 11.6197
epoch 9: train 10.0665 | val 6,6: 10.9121 | 9,6: 9.3709 | 12,6: 8.2164 | 15,3: 11.6164
epoch 10: train 10.0487 | val 6,6: 10.8957 | 9,6: 9.3434 | 12,6: 8.2098 | 15,3: 11.6183
epoch 11: train 10.0430 | val 6,6: 10.9169 | 9,6: 9.3473 | 12,6: 8.2237 | 15,3: 11.6132
epoch 12: train 10.0315 | val 6,6: 10.8757 | 9,6: 9.3290 | 12,6: 8.1894 | 15,3: 11.6163
epoch 13: train 10.0231 | val 6,6: 10.8730 | 9,6: 9.3228 | 12,6: 8.1768 | 15,3: 11.6134
epoch 14: train 10.0175 | val 6,6: 10.8711 | 9,6: 9.3153 | 12,6: 8.1699 | 15,3: 11.6355
epoch 15: train 10.0122 | val 6,6: 10.8698 | 9,6: 9.3207 | 12,6: 8.1697 | 15,3: 11.6118
epoch 16: train 10.0131 | val 6,6: 10.8560 | 9,6: 9.3201 | 12,6: 8.2236 | 15,3: 11.6130
epoch 17: train 10.0094 | val 6,6: 10.8569 | 9,6: 9.3024 | 12,6: 8.1566 | 15,3: 11.6062
epoch 18: train 10.0059 | val 6,6: 10.8605 | 9,6: 9.3018 | 12,6: 8.1500 | 15,3: 11.6025
epoch 19: train 10.0003 | val 6,6: 10.8666 | 9,6: 9.3035 | 12,6: 8.2470 | 15,3: 11.6084
epoch 20: train 10.0009 | val 6,6: 10.8601 | 9,6: 9.3010 | 12,6: 8.1693 | 15,3: 11.6074
epoch 21: train 9.9946 | val 6,6: 10.8536 | 9,6: 9.3019 | 12,6: 8.1574 | 15,3: 11.6071
epoch 22: train 9.9984 | val 6,6: 10.8438 | 9,6: 9.2971 | 12,6: 8.1518 | 15,3: 11.6024
epoch 23: train 9.9895 | val 6,6: 10.8510 | 9,6: 9.2961 | 12,6: 8.1584 | 15,3: 11.6039
epoch 24: train 9.9906 | val 6,6: 10.8463 | 9,6: 9.3139 | 12,6: 8.1535 | 15,3: 11.6066
epoch 25: train 9.9853 | val 6,6: 10.8467 | 9,6: 9.2985 | 12,6: 8.1537 | 15,3: 11.6052
epoch 26: train 9.9848 | val 6,6: 10.8342 | 9,6: 9.2922 | 12,6: 8.1541 | 15,3: 11.6008
epoch 27: train 9.9851 | val 6,6: 10.8370 | 9,6: 9.2924 | 12,6: 8.1617 | 15,3: 11.6147
epoch 28: train 9.9830 | val 6,6: 10.8430 | 9,6: 9.2934 | 12,6: 8.1481 | 15,3: 11.6044
epoch 29: train 9.9845 | val 6,6: 10.8375 | 9,6: 9.2962 | 12,6: 8.1524 | 15,3: 11.6040
epoch 30: train 9.9806 | val 6,6: 10.8359 | 9,6: 9.2926 | 12,6: 8.1506 | 15,3: 11.6017
epoch 31: train 9.9792 | val 6,6: 10.8340 | 9,6: 9.2922 | 12,6: 8.1468 | 15,3: 11.6091
epoch 32: train 9.9797 | val 6,6: 10.8366 | 9,6: 9.2884 | 12,6: 8.1612 | 15,3: 11.5960
epoch 33: train 9.9840 | val 6,6: 10.8273 | 9,6: 9.2868 | 12,6: 8.1457 | 15,3: 11.6030
epoch 34: train 9.9771 | val 6,6: 10.8274 | 9,6: 9.2868 | 12,6: 8.1481 | 15,3: 11.6010
epoch 35: train 9.9772 | val 6,6: 10.8303 | 9,6: 9.2816 | 12,6: 8.1398 | 15,3: 11.6073
epoch 36: train 9.9775 | val 6,6: 10.8306 | 9,6: 9.2885 | 12,6: 8.1531 | 15,3: 11.6006
epoch 37: train 9.9753 | val 6,6: 10.8363 | 9,6: 9.2902 | 12,6: 8.1621 | 15,3: 11.5986
epoch 38: train 9.9765 | val 6,6: 10.8404 | 9,6: 9.2960 | 12,6: 8.1459 | 15,3: 11.5972
epoch 39: train 9.9714 | val 6,6: 10.8328 | 9,6: 9.2887 | 12,6: 8.1433 | 15,3: 11.5990
epoch 40: train 9.9750 | val 6,6: 10.8289 | 9,6: 9.2917 | 12,6: 8.1551 | 15,3: 11.5982
epoch 41: train 9.9741 | val 6,6: 10.8189 | 9,6: 9.2906 | 12,6: 8.1426 | 15,3: 11.6008
epoch 42: train 9.9719 | val 6,6: 10.8294 | 9,6: 9.2897 | 12,6: 8.1376 | 15,3: 11.6016
epoch 43: train 9.9680 | val 6,6: 10.8178 | 9,6: 9.2812 | 12,6: 8.1335 | 15,3: 11.6016
epoch 44: train 9.9710 | val 6,6: 10.8320 | 9,6: 9.2916 | 12,6: 8.1422 | 15,3: 11.5994
epoch 45: train 9.9674 | val 6,6: 10.8133 | 9,6: 9.2824 | 12,6: 8.1365 | 15,3: 11.5976
epoch 46: train 9.9704 | val 6,6: 10.8196 | 9,6: 9.2820 | 12,6: 8.1354 | 15,3: 11.6173
epoch 47: train 9.9655 | val 6,6: 10.8173 | 9,6: 9.2837 | 12,6: 8.1421 | 15,3: 11.5964
epoch 48: train 9.9702 | val 6,6: 10.8148 | 9,6: 9.2877 | 12,6: 8.1439 | 15,3: 11.6006
epoch 49: train 9.9690 | val 6,6: 10.8262 | 9,6: 9.2834 | 12,6: 8.1403 | 15,3: 11.5995
epoch 50: train 9.9696 | val 6,6: 10.8464 | 9,6: 9.2900 | 12,6: 8.1431 | 15,3: 11.6011
epoch 51: train 9.9674 | val 6,6: 10.8170 | 9,6: 9.2885 | 12,6: 8.1725 | 15,3: 11.5978
epoch 52: train 9.9662 | val 6,6: 10.8188 | 9,6: 9.2862 | 12,6: 8.1452 | 15,3: 11.5971
epoch 53: train 9.9664 | val 6,6: 10.8249 | 9,6: 9.2846 | 12,6: 8.1309 | 15,3: 11.5957
epoch 54: train 9.9640 | val 6,6: 10.8446 | 9,6: 9.2922 | 12,6: 8.1506 | 15,3: 11.5993
epoch 55: train 9.9648 | val 6,6: 10.8166 | 9,6: 9.2822 | 12,6: 8.1378 | 15,3: 11.5945
epoch 56: train 9.9590 | val 6,6: 10.8192 | 9,6: 9.2850 | 12,6: 8.1411 | 15,3: 11.5935
epoch 57: train 9.9641 | val 6,6: 10.8314 | 9,6: 9.2879 | 12,6: 8.1321 | 15,3: 11.5950
epoch 58: train 9.9629 | val 6,6: 10.8154 | 9,6: 9.2831 | 12,6: 8.1333 | 15,3: 11.5975
epoch 59: train 9.9614 | val 6,6: 10.8387 | 9,6: 9.2871 | 12,6: 8.1657 | 15,3: 11.5967
epoch 60: train 9.9644 | val 6,6: 10.8360 | 9,6: 9.2905 | 12,6: 8.1428 | 15,3: 11.5996
epoch 61: train 9.9622 | val 6,6: 10.8574 | 9,6: 9.2911 | 12,6: 8.1323 | 15,3: 11.6020
epoch 62: train 9.9599 | val 6,6: 10.8383 | 9,6: 9.2847 | 12,6: 8.1401 | 15,3: 11.6032
epoch 63: train 9.9595 | val 6,6: 10.8075 | 9,6: 9.2804 | 12,6: 8.1289 | 15,3: 11.6004
epoch 64: train 9.9637 | val 6,6: 10.8196 | 9,6: 9.2890 | 12,6: 8.1449 | 15,3: 11.5951
epoch 65: train 9.9570 | val 6,6: 10.8168 | 9,6: 9.2873 | 12,6: 8.1349 | 15,3: 11.6031
epoch 66: train 9.9587 | val 6,6: 10.8084 | 9,6: 9.2789 | 12,6: 8.1295 | 15,3: 11.5955
epoch 67: train 9.9585 | val 6,6: 10.8129 | 9,6: 9.2784 | 12,6: 8.1232 | 15,3: 11.5929
epoch 68: train 9.9587 | val 6,6: 10.8123 | 9,6: 9.2849 | 12,6: 8.1309 | 15,3: 11.5992
epoch 69: train 9.9569 | val 6,6: 10.8148 | 9,6: 9.2861 | 12,6: 8.1279 | 15,3: 11.5922
epoch 70: train 9.9594 | val 6,6: 10.8115 | 9,6: 9.2838 | 12,6: 8.1318 | 15,3: 11.5947
epoch 71: train 9.9573 | val 6,6: 10.8228 | 9,6: 9.2825 | 12,6: 8.1356 | 15,3: 11.5927
epoch 72: train 9.9591 | val 6,6: 10.8297 | 9,6: 9.2921 | 12,6: 8.1426 | 15,3: 11.5987
epoch 73: train 9.9564 | val 6,6: 10.8053 | 9,6: 9.2819 | 12,6: 8.1185 | 15,3: 11.5966
epoch 74: train 9.9568 | val 6,6: 10.8099 | 9,6: 9.2810 | 12,6: 8.1271 | 15,3: 11.5929
epoch 75: train 9.9553 | val 6,6: 10.8353 | 9,6: 9.2950 | 12,6: 8.1452 | 15,3: 11.6002
epoch 76: train 9.9592 | val 6,6: 10.8094 | 9,6: 9.2858 | 12,6: 8.1359 | 15,3: 11.5933
epoch 77: train 9.9592 | val 6,6: 10.8335 | 9,6: 9.2850 | 12,6: 8.1466 | 15,3: 11.5928
epoch 78: train 9.9566 | val 6,6: 10.8065 | 9,6: 9.2833 | 12,6: 8.1261 | 15,3: 11.5930
epoch 79: train 9.9553 | val 6,6: 10.8056 | 9,6: 9.2791 | 12,6: 8.1204 | 15,3: 11.5945
epoch 80: train 9.9547 | val 6,6: 10.8019 | 9,6: 9.2811 | 12,6: 8.1365 | 15,3: 11.5933
epoch 81: train 9.9565 | val 6,6: 10.8030 | 9,6: 9.2767 | 12,6: 8.1234 | 15,3: 11.5915
epoch 82: train 9.9572 | val 6,6: 10.8008 | 9,6: 9.2840 | 12,6: 8.1289 | 15,3: 11.6044
epoch 83: train 9.9580 | val 6,6: 10.8039 | 9,6: 9.2810 | 12,6: 8.1178 | 15,3: 11.5946
epoch 84: train 9.9553 | val 6,6: 10.8108 | 9,6: 9.2853 | 12,6: 8.1284 | 15,3: 11.5918
epoch 85: train 9.9517 | val 6,6: 10.8057 | 9,6: 9.2849 | 12,6: 8.1248 | 15,3: 11.6021
epoch 86: train 9.9561 | val 6,6: 10.8116 | 9,6: 9.2865 | 12,6: 8.1268 | 15,3: 11.5954
epoch 87: train 9.9505 | val 6,6: 10.8018 | 9,6: 9.2796 | 12,6: 8.1185 | 15,3: 11.5962
epoch 88: train 9.9529 | val 6,6: 10.7969 | 9,6: 9.2817 | 12,6: 8.1293 | 15,3: 11.5958
epoch 89: train 9.9584 | val 6,6: 10.8199 | 9,6: 9.2785 | 12,6: 8.1344 | 15,3: 11.5932
epoch 90: train 9.9502 | val 6,6: 10.7993 | 9,6: 9.2755 | 12,6: 8.1157 | 15,3: 11.5909
epoch 91: train 9.9535 | val 6,6: 10.8120 | 9,6: 9.2833 | 12,6: 8.1276 | 15,3: 11.5973
epoch 92: train 9.9529 | val 6,6: 10.8033 | 9,6: 9.2865 | 12,6: 8.1269 | 15,3: 11.5958
epoch 93: train 9.9540 | val 6,6: 10.8034 | 9,6: 9.2758 | 12,6: 8.1212 | 15,3: 11.5919
epoch 94: train 9.9547 | val 6,6: 10.8092 | 9,6: 9.2839 | 12,6: 8.1274 | 15,3: 11.5963
epoch 95: train 9.9523 | val 6,6: 10.8033 | 9,6: 9.2831 | 12,6: 8.1345 | 15,3: 11.6048
epoch 96: train 9.9484 | val 6,6: 10.8058 | 9,6: 9.2796 | 12,6: 8.1197 | 15,3: 11.5897
epoch 97: train 9.9515 | val 6,6: 10.7995 | 9,6: 9.2834 | 12,6: 8.1326 | 15,3: 11.5914
epoch 98: train 9.9526 | val 6,6: 10.8064 | 9,6: 9.2824 | 12,6: 8.1190 | 15,3: 11.5906
epoch 99: train 9.9530 | val 6,6: 10.8132 | 9,6: 9.2827 | 12,6: 8.1187 | 15,3: 11.5941
epoch 100: train 9.9517 | val 6,6: 10.8004 | 9,6: 9.2821 | 12,6: 8.1201 | 15,3: 11.5918
epoch 101: train 9.9506 | val 6,6: 10.8109 | 9,6: 9.2799 | 12,6: 8.1164 | 15,3: 11.5929
epoch 102: train 9.9492 | val 6,6: 10.8069 | 9,6: 9.2858 | 12,6: 8.1338 | 15,3: 11.5947
epoch 103: train 9.9538 | val 6,6: 10.8163 | 9,6: 9.2856 | 12,6: 8.1283 | 15,3: 11.5909
epoch 104: train 9.9502 | val 6,6: 10.8199 | 9,6: 9.2797 | 12,6: 8.1183 | 15,3: 11.5907
epoch 105: train 9.9488 | val 6,6: 10.8208 | 9,6: 9.2837 | 12,6: 8.1356 | 15,3: 11.5834
epoch 106: train 9.9428 | val 6,6: 10.7953 | 9,6: 9.2776 | 12,6: 8.1264 | 15,3: 11.5644
epoch 107: train 9.9396 | val 6,6: 10.7984 | 9,6: 9.2761 | 12,6: 8.1189 | 15,3: 11.5599
epoch 108: train 9.9448 | val 6,6: 10.7953 | 9,6: 9.2801 | 12,6: 8.1216 | 15,3: 11.5463
epoch 109: train 9.9416 | val 6,6: 10.8006 | 9,6: 9.2830 | 12,6: 8.1310 | 15,3: 11.5371
epoch 110: train 9.9363 | val 6,6: 10.8170 | 9,6: 9.2812 | 12,6: 8.1251 | 15,3: 11.5410
epoch 111: train 9.9362 | val 6,6: 10.8051 | 9,6: 9.2800 | 12,6: 8.1145 | 15,3: 11.5302
epoch 112: train 9.9369 | val 6,6: 10.8114 | 9,6: 9.2853 | 12,6: 8.1437 | 15,3: 11.5383
epoch 113: train 9.9334 | val 6,6: 10.8092 | 9,6: 9.2747 | 12,6: 8.1193 | 15,3: 11.5273
epoch 114: train 9.9360 | val 6,6: 10.7918 | 9,6: 9.2750 | 12,6: 8.1177 | 15,3: 11.5392
epoch 115: train 9.9344 | val 6,6: 10.8047 | 9,6: 9.2594 | 12,6: 8.1108 | 15,3: 11.5418
epoch 116: train 9.9276 | val 6,6: 10.7998 | 9,6: 9.2540 | 12,6: 8.0966 | 15,3: 11.5209
epoch 117: train 9.9227 | val 6,6: 10.7899 | 9,6: 9.2554 | 12,6: 8.1056 | 15,3: 11.5362
epoch 118: train 9.9216 | val 6,6: 10.7901 | 9,6: 9.2564 | 12,6: 8.1053 | 15,3: 11.5177
epoch 119: train 9.9121 | val 6,6: 10.7739 | 9,6: 9.2532 | 12,6: 8.1031 | 15,3: 11.4823
epoch 120: train 9.9101 | val 6,6: 10.7777 | 9,6: 9.2576 | 12,6: 8.0964 | 15,3: 11.4565
epoch 121: train 9.9109 | val 6,6: 10.7647 | 9,6: 9.2470 | 12,6: 8.0990 | 15,3: 11.5018
epoch 122: train 9.9114 | val 6,6: 10.7579 | 9,6: 9.2477 | 12,6: 8.1063 | 15,3: 11.5460
epoch 123: train 9.9165 | val 6,6: 10.7706 | 9,6: 9.2486 | 12,6: 8.0865 | 15,3: 11.5268
epoch 124: train 9.9123 | val 6,6: 10.7660 | 9,6: 9.2522 | 12,6: 8.0906 | 15,3: 11.5227
epoch 125: train 9.9108 | val 6,6: 10.7504 | 9,6: 9.2448 | 12,6: 8.1089 | 15,3: 11.5318
epoch 126: train 9.9094 | val 6,6: 10.7674 | 9,6: 9.2444 | 12,6: 8.0875 | 15,3: 11.5255
epoch 127: train 9.9064 | val 6,6: 10.7487 | 9,6: 9.2413 | 12,6: 8.0811 | 15,3: 11.5302
epoch 128: train 9.9048 | val 6,6: 10.7492 | 9,6: 9.2335 | 12,6: 8.1094 | 15,3: 11.5104
epoch 129: train 9.9008 | val 6,6: 10.7506 | 9,6: 9.2350 | 12,6: 8.1099 | 15,3: 11.4840
epoch 130: train 9.8901 | val 6,6: 10.7286 | 9,6: 9.2307 | 12,6: 8.0981 | 15,3: 11.5387
epoch 131: train 9.8991 | val 6,6: 10.7224 | 9,6: 9.2220 | 12,6: 8.0977 | 15,3: 11.5229
epoch 132: train 9.8987 | val 6,6: 10.7173 | 9,6: 9.2073 | 12,6: 8.0778 | 15,3: 11.5211
epoch 133: train 9.8902 | val 6,6: 10.7083 | 9,6: 9.2085 | 12,6: 8.0878 | 15,3: 11.4766
epoch 134: train 9.8819 | val 6,6: 10.7049 | 9,6: 9.1944 | 12,6: 8.0692 | 15,3: 11.4517
epoch 135: train 9.8759 | val 6,6: 10.7051 | 9,6: 9.2101 | 12,6: 8.0894 | 15,3: 11.4610
epoch 136: train 9.8829 | val 6,6: 10.6951 | 9,6: 9.1980 | 12,6: 8.0757 | 15,3: 11.4636
epoch 137: train 9.8736 | val 6,6: 10.7024 | 9,6: 9.2020 | 12,6: 8.1003 | 15,3: 11.4503
epoch 138: train 9.8689 | val 6,6: 10.7090 | 9,6: 9.1959 | 12,6: 8.0845 | 15,3: 11.4553
epoch 139: train 9.8721 | val 6,6: 10.6947 | 9,6: 9.1940 | 12,6: 8.0842 | 15,3: 11.4756
epoch 140: train 9.8676 | val 6,6: 10.7112 | 9,6: 9.2117 | 12,6: 8.0914 | 15,3: 11.4414
epoch 141: train 9.8629 | val 6,6: 10.6882 | 9,6: 9.1917 | 12,6: 8.0796 | 15,3: 11.4124
epoch 142: train 9.8577 | val 6,6: 10.6995 | 9,6: 9.1969 | 12,6: 8.0906 | 15,3: 11.4426
epoch 143: train 9.8630 | val 6,6: 10.7037 | 9,6: 9.1962 | 12,6: 8.0811 | 15,3: 11.4918
epoch 144: train 9.8683 | val 6,6: 10.6852 | 9,6: 9.1854 | 12,6: 8.0730 | 15,3: 11.4766
epoch 145: train 9.8652 | val 6,6: 10.6901 | 9,6: 9.1878 | 12,6: 8.0756 | 15,3: 11.4657
epoch 146: train 9.8676 | val 6,6: 10.6960 | 9,6: 9.1902 | 12,6: 8.0651 | 15,3: 11.4924
epoch 147: train 9.8614 | val 6,6: 10.7031 | 9,6: 9.1864 | 12,6: 8.0800 | 15,3: 11.4911
epoch 148: train 9.8593 | val 6,6: 10.6923 | 9,6: 9.1726 | 12,6: 8.0785 | 15,3: 11.4853
epoch 149: train 9.8542 | val 6,6: 10.6870 | 9,6: 9.1640 | 12,6: 8.0679 | 15,3: 11.4444
epoch 150: train 9.8526 | val 6,6: 10.6864 | 9,6: 9.1763 | 12,6: 8.0666 | 15,3: 11.4610
epoch 151: train 9.8472 | val 6,6: 10.6829 | 9,6: 9.1637 | 12,6: 8.0639 | 15,3: 11.4533
epoch 152: train 9.8489 | val 6,6: 10.7001 | 9,6: 9.1758 | 12,6: 8.0586 | 15,3: 11.4359
epoch 153: train 9.8401 | val 6,6: 10.6805 | 9,6: 9.1605 | 12,6: 8.0563 | 15,3: 11.4301
epoch 154: train 9.8379 | val 6,6: 10.6710 | 9,6: 9.1541 | 12,6: 8.0539 | 15,3: 11.4207
epoch 155: train 9.8369 | val 6,6: 10.6950 | 9,6: 9.1657 | 12,6: 8.0756 | 15,3: 11.4172
epoch 156: train 9.8319 | val 6,6: 10.6676 | 9,6: 9.1557 | 12,6: 8.0572 | 15,3: 11.4102
epoch 157: train 9.8319 | val 6,6: 10.6845 | 9,6: 9.1550 | 12,6: 8.0511 | 15,3: 11.4049
epoch 158: train 9.8289 | val 6,6: 10.6950 | 9,6: 9.1631 | 12,6: 8.0480 | 15,3: 11.3868
epoch 159: train 9.8279 | val 6,6: 10.6897 | 9,6: 9.1584 | 12,6: 8.0561 | 15,3: 11.3860
epoch 160: train 9.8231 | val 6,6: 10.6798 | 9,6: 9.1540 | 12,6: 8.0406 | 15,3: 11.3967
epoch 161: train 9.8274 | val 6,6: 10.7138 | 9,6: 9.1651 | 12,6: 8.0597 | 15,3: 11.5519
epoch 162: train 9.8246 | val 6,6: 10.6597 | 9,6: 9.1413 | 12,6: 8.0423 | 15,3: 11.3859
epoch 163: train 9.8207 | val 6,6: 10.6676 | 9,6: 9.1469 | 12,6: 8.0583 | 15,3: 11.3865
epoch 164: train 9.8201 | val 6,6: 10.6739 | 9,6: 9.1541 | 12,6: 8.0530 | 15,3: 11.3803
epoch 165: train 9.8160 | val 6,6: 10.6877 | 9,6: 9.1563 | 12,6: 8.0433 | 15,3: 11.3890
epoch 166: train 9.8182 | val 6,6: 10.6796 | 9,6: 9.1537 | 12,6: 8.0563 | 15,3: 11.3811
epoch 167: train 9.8171 | val 6,6: 10.6886 | 9,6: 9.1417 | 12,6: 8.0252 | 15,3: 11.3729
epoch 168: train 9.8128 | val 6,6: 10.6875 | 9,6: 9.1624 | 12,6: 8.0320 | 15,3: 11.3906
epoch 169: train 9.8156 | val 6,6: 10.7070 | 9,6: 9.1471 | 12,6: 8.0443 | 15,3: 11.3802
epoch 170: train 9.8105 | val 6,6: 10.6750 | 9,6: 9.1435 | 12,6: 8.0334 | 15,3: 11.3771
epoch 171: train 9.8121 | val 6,6: 10.6841 | 9,6: 9.1548 | 12,6: 8.0432 | 15,3: 11.4034
epoch 172: train 9.8130 | val 6,6: 10.6619 | 9,6: 9.1402 | 12,6: 8.0172 | 15,3: 11.3793
epoch 173: train 9.8078 | val 6,6: 10.6787 | 9,6: 9.1437 | 12,6: 8.0307 | 15,3: 11.3865
epoch 174: train 9.8092 | val 6,6: 10.6576 | 9,6: 9.1411 | 12,6: 8.0226 | 15,3: 11.3652
epoch 175: train 9.8055 | val 6,6: 10.6646 | 9,6: 9.1406 | 12,6: 8.0237 | 15,3: 11.3681
epoch 176: train 9.8083 | val 6,6: 10.6655 | 9,6: 9.1411 | 12,6: 8.0198 | 15,3: 11.3625
epoch 177: train 9.8070 | val 6,6: 10.7104 | 9,6: 9.1550 | 12,6: 8.0464 | 15,3: 11.3701
epoch 178: train 9.8063 | val 6,6: 10.6720 | 9,6: 9.1382 | 12,6: 8.0355 | 15,3: 11.3826
epoch 179: train 9.8023 | val 6,6: 10.6554 | 9,6: 9.1406 | 12,6: 8.0099 | 15,3: 11.3707
epoch 180: train 9.8052 | val 6,6: 10.6650 | 9,6: 9.1353 | 12,6: 8.0113 | 15,3: 11.3633
epoch 181: train 9.8022 | val 6,6: 10.6852 | 9,6: 9.1479 | 12,6: 8.0207 | 15,3: 11.3719
epoch 182: train 9.8013 | val 6,6: 10.6852 | 9,6: 9.1413 | 12,6: 8.0140 | 15,3: 11.3654
epoch 183: train 9.8043 | val 6,6: 10.6930 | 9,6: 9.1433 | 12,6: 8.0991 | 15,3: 11.3739
epoch 184: train 9.7993 | val 6,6: 10.6568 | 9,6: 9.1382 | 12,6: 8.0263 | 15,3: 11.3615
epoch 185: train 9.8026 | val 6,6: 10.6842 | 9,6: 9.1363 | 12,6: 8.0312 | 15,3: 11.3667
epoch 186: train 9.7995 | val 6,6: 10.6811 | 9,6: 9.1409 | 12,6: 8.0111 | 15,3: 11.3687
epoch 187: train 9.8000 | val 6,6: 10.6779 | 9,6: 9.1336 | 12,6: 8.0086 | 15,3: 11.3661
epoch 188: train 9.7954 | val 6,6: 10.6780 | 9,6: 9.1372 | 12,6: 7.9985 | 15,3: 11.3546
epoch 189: train 9.7959 | val 6,6: 10.6885 | 9,6: 9.1415 | 12,6: 8.0038 | 15,3: 11.3575
epoch 190: train 9.7988 | val 6,6: 10.6566 | 9,6: 9.1358 | 12,6: 8.0112 | 15,3: 11.3547
epoch 191: train 9.7980 | val 6,6: 10.6822 | 9,6: 9.1450 | 12,6: 8.0277 | 15,3: 11.3617
epoch 192: train 9.7970 | val 6,6: 10.6748 | 9,6: 9.1547 | 12,6: 8.0177 | 15,3: 11.4427
epoch 193: train 9.7930 | val 6,6: 10.6765 | 9,6: 9.1549 | 12,6: 7.9995 | 15,3: 11.3543
epoch 194: train 9.7954 | val 6,6: 10.6575 | 9,6: 9.1300 | 12,6: 7.9995 | 15,3: 11.3517
epoch 195: train 9.7904 | val 6,6: 10.6565 | 9,6: 9.1326 | 12,6: 7.9916 | 15,3: 11.3553
epoch 196: train 9.7911 | val 6,6: 10.6569 | 9,6: 9.1338 | 12,6: 7.9922 | 15,3: 11.3573
epoch 197: train 9.7947 | val 6,6: 10.6759 | 9,6: 9.1393 | 12,6: 7.9994 | 15,3: 11.3535
epoch 198: train 9.7921 | val 6,6: 10.6639 | 9,6: 9.1313 | 12,6: 7.9885 | 15,3: 11.3600
epoch 199: train 9.7945 | val 6,6: 10.6749 | 9,6: 9.1447 | 12,6: 7.9979 | 15,3: 11.3649
epoch 200: train 9.7929 | val 6,6: 10.6633 | 9,6: 9.1309 | 12,6: 7.9979 | 15,3: 11.3534
epoch 201: train 9.7940 | val 6,6: 10.6552 | 9,6: 9.1256 | 12,6: 7.9805 | 15,3: 11.3509
epoch 202: train 9.7895 | val 6,6: 10.6442 | 9,6: 9.1238 | 12,6: 7.9880 | 15,3: 11.3434
epoch 203: train 9.7890 | val 6,6: 10.7037 | 9,6: 9.1951 | 12,6: 8.0822 | 15,3: 11.3792
epoch 204: train 9.7876 | val 6,6: 10.6750 | 9,6: 9.1338 | 12,6: 7.9990 | 15,3: 11.3585
epoch 205: train 9.7913 | val 6,6: 10.6810 | 9,6: 9.1405 | 12,6: 7.9990 | 15,3: 11.3612
epoch 206: train 9.7898 | val 6,6: 10.6860 | 9,6: 9.1364 | 12,6: 8.0009 | 15,3: 11.3562
epoch 207: train 9.7862 | val 6,6: 10.6931 | 9,6: 9.1323 | 12,6: 8.0446 | 15,3: 11.3503
epoch 208: train 9.7927 | val 6,6: 10.6679 | 9,6: 9.1306 | 12,6: 7.9809 | 15,3: 11.3470
epoch 209: train 9.7851 | val 6,6: 10.6607 | 9,6: 9.1332 | 12,6: 7.9850 | 15,3: 11.3416
epoch 210: train 9.7889 | val 6,6: 10.6674 | 9,6: 9.1359 | 12,6: 8.0037 | 15,3: 11.3524
epoch 211: train 9.7841 | val 6,6: 10.6671 | 9,6: 9.1296 | 12,6: 7.9897 | 15,3: 11.3536
epoch 212: train 9.7862 | val 6,6: 10.6841 | 9,6: 9.1416 | 12,6: 7.9887 | 15,3: 11.3479
epoch 213: train 9.7869 | val 6,6: 10.6688 | 9,6: 9.1296 | 12,6: 7.9899 | 15,3: 11.3648
epoch 214: train 9.7853 | val 6,6: 10.6538 | 9,6: 9.1436 | 12,6: 8.0212 | 15,3: 11.4281
epoch 215: train 9.7878 | val 6,6: 10.6691 | 9,6: 9.1297 | 12,6: 8.0160 | 15,3: 11.3411
epoch 216: train 9.7872 | val 6,6: 10.6810 | 9,6: 9.1284 | 12,6: 7.9882 | 15,3: 11.3546
epoch 217: train 9.7849 | val 6,6: 10.6463 | 9,6: 9.1244 | 12,6: 7.9814 | 15,3: 11.3562
epoch 218: train 9.7846 | val 6,6: 10.6590 | 9,6: 9.1337 | 12,6: 7.9863 | 15,3: 11.3488
epoch 219: train 9.7856 | val 6,6: 10.6712 | 9,6: 9.1246 | 12,6: 8.0307 | 15,3: 11.3508
epoch 220: train 9.7812 | val 6,6: 10.6511 | 9,6: 9.1194 | 12,6: 7.9806 | 15,3: 11.3391
epoch 221: train 9.7832 | val 6,6: 10.6644 | 9,6: 9.1249 | 12,6: 7.9897 | 15,3: 11.3495
epoch 222: train 9.7838 | val 6,6: 10.6674 | 9,6: 9.1293 | 12,6: 7.9706 | 15,3: 11.3457
epoch 223: train 9.7849 | val 6,6: 10.6885 | 9,6: 9.1433 | 12,6: 7.9941 | 15,3: 11.3417
epoch 224: train 9.7806 | val 6,6: 10.6736 | 9,6: 9.1308 | 12,6: 8.0119 | 15,3: 11.3532
epoch 225: train 9.7823 | val 6,6: 10.6650 | 9,6: 9.1284 | 12,6: 8.0163 | 15,3: 11.3433
epoch 226: train 9.7803 | val 6,6: 10.6765 | 9,6: 9.1268 | 12,6: 7.9897 | 15,3: 11.3518
epoch 227: train 9.7830 | val 6,6: 10.6953 | 9,6: 9.1465 | 12,6: 8.0129 | 15,3: 11.5359
epoch 228: train 9.7819 | val 6,6: 10.6644 | 9,6: 9.1235 | 12,6: 7.9876 | 15,3: 11.3433
epoch 229: train 9.7782 | val 6,6: 10.6575 | 9,6: 9.1266 | 12,6: 7.9898 | 15,3: 11.3525
epoch 230: train 9.7831 | val 6,6: 10.6590 | 9,6: 9.1253 | 12,6: 7.9820 | 15,3: 11.3544
epoch 231: train 9.7862 | val 6,6: 10.6610 | 9,6: 9.1231 | 12,6: 7.9809 | 15,3: 11.3496
epoch 232: train 9.7824 | val 6,6: 10.6347 | 9,6: 9.1223 | 12,6: 7.9742 | 15,3: 11.3475
epoch 233: train 9.7814 | val 6,6: 10.6597 | 9,6: 9.1241 | 12,6: 7.9845 | 15,3: 11.3368
epoch 234: train 9.7792 | val 6,6: 10.6704 | 9,6: 9.1350 | 12,6: 7.9791 | 15,3: 11.3479
epoch 235: train 9.7811 | val 6,6: 10.6732 | 9,6: 9.1396 | 12,6: 7.9755 | 15,3: 11.3453
epoch 236: train 9.7830 | val 6,6: 10.6577 | 9,6: 9.1309 | 12,6: 7.9843 | 15,3: 11.3421
epoch 237: train 9.7783 | val 6,6: 10.6464 | 9,6: 9.1245 | 12,6: 7.9896 | 15,3: 11.3405
epoch 238: train 9.7777 | val 6,6: 10.6522 | 9,6: 9.1294 | 12,6: 7.9779 | 15,3: 11.3391
epoch 239: train 9.7778 | val 6,6: 10.7154 | 9,6: 9.1466 | 12,6: 8.0183 | 15,3: 11.3460
epoch 240: train 9.7788 | val 6,6: 10.6725 | 9,6: 9.1330 | 12,6: 7.9961 | 15,3: 11.3608
epoch 241: train 9.7788 | val 6,6: 10.6841 | 9,6: 9.1333 | 12,6: 8.0072 | 15,3: 11.3436
epoch 242: train 9.7810 | val 6,6: 10.6655 | 9,6: 9.1352 | 12,6: 7.9746 | 15,3: 11.3489
epoch 243: train 9.7792 | val 6,6: 10.6452 | 9,6: 9.1243 | 12,6: 7.9838 | 15,3: 11.3378
epoch 244: train 9.7780 | val 6,6: 10.6399 | 9,6: 9.1199 | 12,6: 7.9724 | 15,3: 11.3405
epoch 245: train 9.7798 | val 6,6: 10.6556 | 9,6: 9.1251 | 12,6: 7.9811 | 15,3: 11.3331
epoch 246: train 9.7804 | val 6,6: 10.6539 | 9,6: 9.1220 | 12,6: 7.9692 | 15,3: 11.3396
epoch 247: train 9.7780 | val 6,6: 10.6547 | 9,6: 9.1229 | 12,6: 7.9775 | 15,3: 11.3429
epoch 248: train 9.7766 | val 6,6: 10.6684 | 9,6: 9.1387 | 12,6: 7.9946 | 15,3: 11.3387
epoch 249: train 9.7781 | val 6,6: 10.6748 | 9,6: 9.1370 | 12,6: 8.3170 | 15,3: 11.3730
restored best-val weights from epoch 244 (val 9.7682)
saved /vol/bitbucket/osella/rl-qecc-data/supervisedLearning/sweep2/g5_mix_66-96-126-153_H3_s54321.pth

## /vol/bitbucket/osella/rl-qecc-data/supervisedLearning/sweep2/g5_mix_66-96-126-153_H3_s54321.pth on held-out test l=6, m=6 (89505 codes) — 2026-07-28

- data: `held-out 10% of /vol/bitbucket/osella/rl-qecc-data/supervisedLearning/codeEvaluationTrainingData (size 6,6)`
- Binomial NLL: **10.6366** (noise floor 10.1239)
- reward MAE: **0.02985**
- k MAE: **0.73** logical qubits
- Spearman: **0.885**, Kendall: 0.711
- top-k overlap (k=50): **0.18**


## /vol/bitbucket/osella/rl-qecc-data/supervisedLearning/sweep2/g5_mix_66-96-126-153_H3_s54321.pth on held-out test l=9, m=6 (274574 codes) — 2026-07-28

- data: `held-out 10% of /vol/bitbucket/osella/rl-qecc-data/supervisedLearning/codeEvaluationTrainingData (size 9,6)`
- Binomial NLL: **9.1062** (noise floor 8.6718)
- reward MAE: **0.02688**
- k MAE: **0.42** logical qubits
- Spearman: **0.894**, Kendall: 0.719
- top-k overlap (k=50): **0.08**


## /vol/bitbucket/osella/rl-qecc-data/supervisedLearning/sweep2/g5_mix_66-96-126-153_H3_s54321.pth on held-out test l=12, m=6 (135322 codes) — 2026-07-28

- data: `held-out 10% of /vol/bitbucket/osella/rl-qecc-data/supervisedLearning/codeEvaluationTrainingData (size 12,6)`
- Binomial NLL: **7.8983** (noise floor 7.3821)
- reward MAE: **0.02405**
- k MAE: **1.53** logical qubits
- Spearman: **0.866**, Kendall: 0.687
- top-k overlap (k=50): **0.42**


## /vol/bitbucket/osella/rl-qecc-data/supervisedLearning/sweep2/g5_mix_66-96-126-153_H3_s54321.pth on held-out test l=15, m=3 (441229 codes) — 2026-07-28

- data: `held-out 10% of /vol/bitbucket/osella/rl-qecc-data/supervisedLearning/codeEvaluationTrainingData (size 15,3)`
- Binomial NLL: **11.2239** (noise floor 10.4332)
- reward MAE: **0.03428**
- k MAE: **1.46** logical qubits
- Spearman: **0.803**, Kendall: 0.619
- top-k overlap (k=50): **0.12**

