device: cuda; sizes: [(6, 6), (9, 6)]; curve loss on: [(6, 6), (9, 6)]; lr: 0.001; H: 4
loadCodeEvaluations: kept 895050 codes on the requested grid; dropped 1948461 records whose grid does not contain all its points
  size 6,6: 895050 codes (716040 train) curveLoss=True
loadCodeEvaluations: kept 2745739 codes on the requested grid; dropped 2681591 records whose grid does not contain all its points
  size 9,6: 2745739 codes (2196591 train) curveLoss=True
epoch 0: train 11.0992 | val 6,6: 11.5909 | 9,6: 9.6919
epoch 1: train 10.5063 | val 6,6: 11.2141 | 9,6: 9.5274
epoch 2: train 10.3359 | val 6,6: 11.0308 | 9,6: 9.4953
epoch 3: train 10.2842 | val 6,6: 11.0007 | 9,6: 9.4765
epoch 4: train 10.2544 | val 6,6: 10.9732 | 9,6: 9.4581
epoch 5: train 10.2235 | val 6,6: 10.9816 | 9,6: 9.4302
epoch 6: train 10.1951 | val 6,6: 10.9449 | 9,6: 9.3770
epoch 7: train 10.1590 | val 6,6: 10.9123 | 9,6: 9.3476
epoch 8: train 10.1404 | val 6,6: 10.8871 | 9,6: 9.3586
epoch 9: train 10.1217 | val 6,6: 10.8792 | 9,6: 9.3606
epoch 10: train 10.1073 | val 6,6: 10.8556 | 9,6: 9.3079
epoch 11: train 10.0994 | val 6,6: 10.8757 | 9,6: 9.2959
restored best-val weights from epoch 10 (val 10.0818)
saved /vol/bitbucket/osella/rl-qecc-data/supervisedLearning/sweep2/g5_mix_66-96_H4_s54321.pth

## /vol/bitbucket/osella/rl-qecc-data/supervisedLearning/sweep2/g5_mix_66-96_H4_s54321.pth on held-out test l=6, m=6 (89505 codes) — 2026-07-30

- data: `held-out 10% of /vol/bitbucket/osella/rl-qecc-data/supervisedLearning/codeEvaluationTrainingData (size 6,6)`
- Binomial NLL: **10.8054** (noise floor 10.1239)
- reward MAE: **0.03582**
- k MAE: **1.28** logical qubits
- Spearman: **0.828**, Kendall: 0.644
- top-k overlap (k=50): **0.14**


## /vol/bitbucket/osella/rl-qecc-data/supervisedLearning/sweep2/g5_mix_66-96_H4_s54321.pth on held-out test l=9, m=6 (274574 codes) — 2026-07-30

- data: `held-out 10% of /vol/bitbucket/osella/rl-qecc-data/supervisedLearning/codeEvaluationTrainingData (size 9,6)`
- Binomial NLL: **9.2535** (noise floor 8.6718)
- reward MAE: **0.03363**
- k MAE: **0.94** logical qubits
- Spearman: **0.829**, Kendall: 0.640
- top-k overlap (k=50): **0.24**

