device: cuda; sizes: [(6, 6), (9, 6), (12, 6)]; curve loss on: [(6, 6), (9, 6), (12, 6)]; lr: 0.001; H: 10
loadCodeEvaluations: kept 895050 codes on the requested grid; dropped 1948461 records whose grid does not contain all its points
  size 6,6: 895050 codes (716040 train) curveLoss=True
loadCodeEvaluations: kept 2745739 codes on the requested grid; dropped 2681591 records whose grid does not contain all its points
  size 9,6: 2745739 codes (2196591 train) curveLoss=True
loadCodeEvaluations: kept 1353227 codes on the requested grid; dropped 457979 records whose grid does not contain all its points
  size 12,6: 1353227 codes (1082582 train) curveLoss=True
epoch 0: train 10.2914 | val 6,6: 11.4770 | 9,6: 9.6909 | 12,6: 8.5535
epoch 1: train 9.8208 | val 6,6: 11.1605 | 9,6: 9.5182 | 12,6: 8.3987
epoch 2: train 9.6999 | val 6,6: 11.0795 | 9,6: 9.4926 | 12,6: 8.3217
epoch 3: train 9.6571 | val 6,6: 11.1030 | 9,6: 9.4966 | 12,6: 8.3577
epoch 4: train 9.6387 | val 6,6: 11.0429 | 9,6: 9.4365 | 12,6: 8.2890
epoch 5: train 9.6126 | val 6,6: 11.0113 | 9,6: 9.4123 | 12,6: 8.2492
epoch 6: train 9.5807 | val 6,6: 11.0110 | 9,6: 9.4023 | 12,6: 8.2030
epoch 7: train 9.5531 | val 6,6: 10.9433 | 9,6: 9.3575 | 12,6: 8.1501
restored best-val weights from epoch 7 (val 9.4836)
saved /vol/bitbucket/osella/rl-qecc-data/supervisedLearning/sweep2/g5_mix_66-96-126_H10_s54321.pth

## /vol/bitbucket/osella/rl-qecc-data/supervisedLearning/sweep2/g5_mix_66-96-126_H10_s54321.pth on held-out test l=6, m=6 (89505 codes) — 2026-07-29

- data: `held-out 10% of /vol/bitbucket/osella/rl-qecc-data/supervisedLearning/codeEvaluationTrainingData (size 6,6)`
- Binomial NLL: **10.8756** (noise floor 10.1239)
- reward MAE: **0.03666**
- k MAE: **1.76** logical qubits
- Spearman: **0.816**, Kendall: 0.631
- top-k overlap (k=50): **0.18**


## /vol/bitbucket/osella/rl-qecc-data/supervisedLearning/sweep2/g5_mix_66-96-126_H10_s54321.pth on held-out test l=9, m=6 (274574 codes) — 2026-07-29

- data: `held-out 10% of /vol/bitbucket/osella/rl-qecc-data/supervisedLearning/codeEvaluationTrainingData (size 9,6)`
- Binomial NLL: **9.2742** (noise floor 8.6718)
- reward MAE: **0.03474**
- k MAE: **1.27** logical qubits
- Spearman: **0.819**, Kendall: 0.628
- top-k overlap (k=50): **0.32**


## /vol/bitbucket/osella/rl-qecc-data/supervisedLearning/sweep2/g5_mix_66-96-126_H10_s54321.pth on held-out test l=12, m=6 (135322 codes) — 2026-07-29

- data: `held-out 10% of /vol/bitbucket/osella/rl-qecc-data/supervisedLearning/codeEvaluationTrainingData (size 12,6)`
- Binomial NLL: **8.0221** (noise floor 7.3821)
- reward MAE: **0.02891**
- k MAE: **2.25** logical qubits
- Spearman: **0.805**, Kendall: 0.617
- top-k overlap (k=50): **0.58**

