device: cuda; sizes: [(6, 6), (9, 6), (12, 6), (15, 3)]; curve loss on: [(6, 6), (9, 6), (12, 6), (15, 3)]; lr: 0.001; H: 4
loadCodeEvaluations: kept 895050 codes on the requested grid; dropped 1948461 records whose grid does not contain all its points
  size 6,6: 895050 codes (716040 train) curveLoss=True
loadCodeEvaluations: kept 2745739 codes on the requested grid; dropped 2681591 records whose grid does not contain all its points
  size 9,6: 2745739 codes (2196591 train) curveLoss=True
loadCodeEvaluations: kept 1353227 codes on the requested grid; dropped 457979 records whose grid does not contain all its points
  size 12,6: 1353227 codes (1082582 train) curveLoss=True
loadCodeEvaluations: kept 4412297 codes on the requested grid; dropped 458644 records whose grid does not contain all its points
  size 15,3: 4412297 codes (3529838 train) curveLoss=True
epoch 0: train 10.6347 | val 6,6: 11.5573 | 9,6: 9.7049 | 12,6: 8.5820 | 15,3: 11.6608
epoch 1: train 10.3213 | val 6,6: 11.2423 | 9,6: 9.5536 | 12,6: 8.4183 | 15,3: 11.6408
epoch 2: train 10.2108 | val 6,6: 11.1101 | 9,6: 9.5040 | 12,6: 8.3435 | 15,3: 11.6281
epoch 3: train 10.1501 | val 6,6: 11.0446 | 9,6: 9.4796 | 12,6: 8.3042 | 15,3: 11.6461
epoch 4: train 10.1304 | val 6,6: 11.0349 | 9,6: 9.4904 | 12,6: 8.3195 | 15,3: 11.6027
epoch 5: train 10.1064 | val 6,6: 10.9505 | 9,6: 9.4647 | 12,6: 8.2794 | 15,3: 11.5871
epoch 6: train 10.0936 | val 6,6: 10.9298 | 9,6: 9.4572 | 12,6: 8.2706 | 15,3: 11.5876
epoch 7: train 10.0818 | val 6,6: 10.8926 | 9,6: 9.4515 | 12,6: 8.2661 | 15,3: 11.6006
epoch 8: train 10.0780 | val 6,6: 10.8959 | 9,6: 9.4559 | 12,6: 8.2656 | 15,3: 11.5861
epoch 9: train 10.0693 | val 6,6: 10.8758 | 9,6: 9.4479 | 12,6: 8.2579 | 15,3: 11.5736
epoch 10: train 10.0679 | val 6,6: 10.8783 | 9,6: 9.4526 | 12,6: 8.2965 | 15,3: 11.5764
epoch 11: train 10.0592 | val 6,6: 10.8628 | 9,6: 9.4504 | 12,6: 8.2571 | 15,3: 11.5812
epoch 12: train 10.0549 | val 6,6: 10.8863 | 9,6: 9.4509 | 12,6: 8.2666 | 15,3: 11.5805
epoch 13: train 10.0527 | val 6,6: 10.8410 | 9,6: 9.4383 | 12,6: 8.2543 | 15,3: 11.5703
epoch 14: train 10.0504 | val 6,6: 10.8357 | 9,6: 9.4362 | 12,6: 8.2440 | 15,3: 11.5794
epoch 15: train 10.0498 | val 6,6: 10.8552 | 9,6: 9.4453 | 12,6: 8.2484 | 15,3: 11.5935
epoch 16: train 10.0422 | val 6,6: 10.8277 | 9,6: 9.4326 | 12,6: 8.2200 | 15,3: 11.5815
epoch 17: train 10.0332 | val 6,6: 10.8286 | 9,6: 9.4280 | 12,6: 8.1451 | 15,3: 11.5786
epoch 18: train 10.0156 | val 6,6: 10.8258 | 9,6: 9.4085 | 12,6: 8.1284 | 15,3: 11.5752
epoch 19: train 10.0100 | val 6,6: 10.8149 | 9,6: 9.4043 | 12,6: 8.1240 | 15,3: 11.5747
epoch 20: train 10.0027 | val 6,6: 10.8062 | 9,6: 9.3968 | 12,6: 8.1169 | 15,3: 11.5709
epoch 21: train 9.9964 | val 6,6: 10.7950 | 9,6: 9.3844 | 12,6: 8.1174 | 15,3: 11.5713
epoch 22: train 9.9959 | val 6,6: 10.8234 | 9,6: 9.3906 | 12,6: 8.1330 | 15,3: 11.5736
epoch 23: train 9.9900 | val 6,6: 10.7856 | 9,6: 9.3729 | 12,6: 8.1173 | 15,3: 11.5800
epoch 24: train 9.9859 | val 6,6: 10.7996 | 9,6: 9.3681 | 12,6: 8.1244 | 15,3: 11.5676
epoch 25: train 9.9851 | val 6,6: 10.7809 | 9,6: 9.3653 | 12,6: 8.1181 | 15,3: 11.5696
epoch 26: train 9.9792 | val 6,6: 10.7824 | 9,6: 9.3509 | 12,6: 8.1182 | 15,3: 11.5728
epoch 27: train 9.9756 | val 6,6: 10.7807 | 9,6: 9.3448 | 12,6: 8.1133 | 15,3: 11.5700
epoch 28: train 9.9669 | val 6,6: 10.7850 | 9,6: 9.3451 | 12,6: 8.1175 | 15,3: 11.5746
epoch 29: train 9.9708 | val 6,6: 10.7684 | 9,6: 9.3344 | 12,6: 8.1053 | 15,3: 11.5668
epoch 30: train 9.9690 | val 6,6: 10.7682 | 9,6: 9.3627 | 12,6: 8.1106 | 15,3: 11.5708
epoch 31: train 9.9672 | val 6,6: 10.7631 | 9,6: 9.3312 | 12,6: 8.1069 | 15,3: 11.5647
epoch 32: train 9.9640 | val 6,6: 10.7683 | 9,6: 9.3306 | 12,6: 8.1096 | 15,3: 11.5559
epoch 33: train 9.9646 | val 6,6: 10.7668 | 9,6: 9.3224 | 12,6: 8.1052 | 15,3: 11.5637
epoch 34: train 9.9637 | val 6,6: 10.7729 | 9,6: 9.3238 | 12,6: 8.1122 | 15,3: 11.5616
epoch 35: train 9.9610 | val 6,6: 10.7564 | 9,6: 9.3148 | 12,6: 8.1017 | 15,3: 11.5713
epoch 36: train 9.9558 | val 6,6: 10.7569 | 9,6: 9.3131 | 12,6: 8.1114 | 15,3: 11.5594
epoch 37: train 9.9574 | val 6,6: 10.7586 | 9,6: 9.3216 | 12,6: 8.0967 | 15,3: 11.5575
epoch 38: train 9.9503 | val 6,6: 10.7553 | 9,6: 9.3163 | 12,6: 8.0989 | 15,3: 11.5579
epoch 39: train 9.9514 | val 6,6: 10.8371 | 9,6: 9.3326 | 12,6: 8.1292 | 15,3: 11.5574
epoch 40: train 9.9478 | val 6,6: 10.7603 | 9,6: 9.3092 | 12,6: 8.1058 | 15,3: 11.5409
epoch 41: train 9.9446 | val 6,6: 10.7729 | 9,6: 9.3297 | 12,6: 8.1142 | 15,3: 11.5494
epoch 42: train 9.9423 | val 6,6: 10.7661 | 9,6: 9.3125 | 12,6: 8.0994 | 15,3: 11.5388
epoch 43: train 9.9436 | val 6,6: 10.7652 | 9,6: 9.3025 | 12,6: 8.0920 | 15,3: 11.5238
epoch 44: train 9.9413 | val 6,6: 10.7579 | 9,6: 9.3055 | 12,6: 8.0971 | 15,3: 11.5940
epoch 45: train 9.9376 | val 6,6: 10.7632 | 9,6: 9.2974 | 12,6: 8.0929 | 15,3: 11.5135
epoch 46: train 9.9380 | val 6,6: 10.7621 | 9,6: 9.3110 | 12,6: 8.1060 | 15,3: 11.5301
epoch 47: train 9.9298 | val 6,6: 10.7553 | 9,6: 9.3140 | 12,6: 8.0947 | 15,3: 11.4961
epoch 48: train 9.9293 | val 6,6: 10.7513 | 9,6: 9.2981 | 12,6: 8.0931 | 15,3: 11.5039
epoch 49: train 9.9247 | val 6,6: 10.7497 | 9,6: 9.2919 | 12,6: 8.0908 | 15,3: 11.4847
epoch 50: train 9.9245 | val 6,6: 10.7578 | 9,6: 9.2910 | 12,6: 8.0861 | 15,3: 11.4700
epoch 51: train 9.9214 | val 6,6: 10.7552 | 9,6: 9.2948 | 12,6: 8.0972 | 15,3: 11.4977
epoch 52: train 9.9200 | val 6,6: 10.7593 | 9,6: 9.2957 | 12,6: 8.0970 | 15,3: 11.4732
epoch 53: train 9.9252 | val 6,6: 10.7517 | 9,6: 9.2918 | 12,6: 8.0908 | 15,3: 11.5117
epoch 54: train 9.9278 | val 6,6: 10.7465 | 9,6: 9.2909 | 12,6: 8.0887 | 15,3: 11.5452
epoch 55: train 9.9279 | val 6,6: 10.7538 | 9,6: 9.3015 | 12,6: 8.0894 | 15,3: 11.5138
epoch 56: train 9.9258 | val 6,6: 10.7412 | 9,6: 9.2921 | 12,6: 8.0862 | 15,3: 11.4890
epoch 57: train 9.9187 | val 6,6: 10.7404 | 9,6: 9.2892 | 12,6: 8.0873 | 15,3: 11.5006
epoch 58: train 9.9210 | val 6,6: 10.7415 | 9,6: 9.2907 | 12,6: 8.0795 | 15,3: 11.4643
epoch 59: train 9.9140 | val 6,6: 10.7447 | 9,6: 9.3011 | 12,6: 8.0938 | 15,3: 11.4741
epoch 60: train 9.9148 | val 6,6: 10.7496 | 9,6: 9.2972 | 12,6: 8.0931 | 15,3: 11.4915
epoch 61: train 9.9109 | val 6,6: 10.7324 | 9,6: 9.2831 | 12,6: 8.0708 | 15,3: 11.4589
epoch 62: train 9.9104 | val 6,6: 10.7352 | 9,6: 9.2828 | 12,6: 8.0799 | 15,3: 11.4457
epoch 63: train 9.9092 | val 6,6: 10.7378 | 9,6: 9.2881 | 12,6: 8.0739 | 15,3: 11.4356
epoch 64: train 9.9010 | val 6,6: 10.7418 | 9,6: 9.2870 | 12,6: 8.0745 | 15,3: 11.4622
epoch 65: train 9.9209 | val 6,6: 10.7419 | 9,6: 9.2959 | 12,6: 8.0903 | 15,3: 11.5077
epoch 66: train 9.9216 | val 6,6: 10.7405 | 9,6: 9.2846 | 12,6: 8.0663 | 15,3: 11.4806
epoch 67: train 9.9176 | val 6,6: 10.7407 | 9,6: 9.2800 | 12,6: 8.0564 | 15,3: 11.4732
epoch 68: train 9.9097 | val 6,6: 10.7511 | 9,6: 9.2974 | 12,6: 8.0644 | 15,3: 11.6872
epoch 69: train 9.9052 | val 6,6: 10.7477 | 9,6: 9.2959 | 12,6: 8.0867 | 15,3: 11.4775
epoch 70: train 9.9059 | val 6,6: 10.7368 | 9,6: 9.2837 | 12,6: 8.0523 | 15,3: 11.4817
epoch 71: train 9.9069 | val 6,6: 10.7416 | 9,6: 9.2919 | 12,6: 8.0617 | 15,3: 11.4814
epoch 72: train 9.8977 | val 6,6: 10.7383 | 9,6: 9.2817 | 12,6: 8.0617 | 15,3: 11.4809
epoch 73: train 9.9113 | val 6,6: 10.7444 | 9,6: 9.2829 | 12,6: 8.0514 | 15,3: 11.4804
epoch 74: train 9.9186 | val 6,6: 10.7370 | 9,6: 9.2952 | 12,6: 8.0733 | 15,3: 11.5584
epoch 75: train 9.9236 | val 6,6: 10.7530 | 9,6: 9.2874 | 12,6: 8.0562 | 15,3: 11.5444
epoch 76: train 9.9154 | val 6,6: 10.7281 | 9,6: 9.2847 | 12,6: 8.0635 | 15,3: 11.5642
epoch 77: train 9.9080 | val 6,6: 10.7375 | 9,6: 9.2841 | 12,6: 8.0519 | 15,3: 11.5041
epoch 78: train 9.9059 | val 6,6: 10.7429 | 9,6: 9.2919 | 12,6: 8.0578 | 15,3: 11.4968
epoch 79: train 9.9181 | val 6,6: 10.7337 | 9,6: 9.2792 | 12,6: 8.0370 | 15,3: 11.5264
epoch 80: train 9.9175 | val 6,6: 10.7287 | 9,6: 9.2826 | 12,6: 8.0426 | 15,3: 11.4986
epoch 81: train 9.9085 | val 6,6: 10.7305 | 9,6: 9.2765 | 12,6: 8.0377 | 15,3: 11.4755
/vol/bitbucket/osella/rl-qecc-data/supervisedLearning/sweep2/claimed/p0_g5_mix_66-96-126-153_H4_s2000.gpu35: line 8: 2933959 Killed                  /vol/bitbucket/osella/pyenv/versions/qecc1/bin/python /vol/bitbucket/osella/qecc/surrogate/trainMultiSize.py --sizes 6,6 9,6 12,6 15,3 --error-range geometric5 --data-root /vol/bitbucket/osella/rl-qecc-data/supervisedLearning/codeEvaluationTrainingData --epochs 250 --device cuda --seed 2000 --number-of-harmonics 4 --checkpoint "/vol/bitbucket/osella/rl-qecc-data/supervisedLearning/sweep2/g5_mix_66-96-126-153_H4_s2000.pth" --report "/vol/bitbucket/osella/rl-qecc-data/supervisedLearning/sweep2/g5_mix_66-96-126-153_H4_s2000-report.md"
