device: cuda; sizes: [(6, 6), (9, 6)]; curve loss on: [(6, 6), (9, 6)]; lr: 0.001; H: 4
loadCodeEvaluations: kept 895050 codes on the requested grid; dropped 1948461 records whose grid does not contain all its points
  size 6,6: 895050 codes (716040 train) curveLoss=True
loadCodeEvaluations: kept 2745739 codes on the requested grid; dropped 2681591 records whose grid does not contain all its points
  size 9,6: 2745739 codes (2196591 train) curveLoss=True
epoch 0: train 11.1437 | val 6,6: 11.6730 | 9,6: 9.6762
epoch 1: train 10.5428 | val 6,6: 11.2272 | 9,6: 9.5223
epoch 2: train 10.3779 | val 6,6: 11.1604 | 9,6: 9.5277
epoch 3: train 10.3066 | val 6,6: 11.0304 | 9,6: 9.4944
epoch 4: train 10.2668 | val 6,6: 10.9900 | 9,6: 9.4721
epoch 5: train 10.2441 | val 6,6: 10.9765 | 9,6: 9.4342
epoch 6: train 10.2078 | val 6,6: 10.9575 | 9,6: 9.4107
epoch 7: train 10.1937 | val 6,6: 10.9497 | 9,6: 9.3788
epoch 8: train 10.1845 | val 6,6: 11.1648 | 9,6: 9.6242
epoch 9: train 10.1740 | val 6,6: 10.9220 | 9,6: 9.3615
epoch 10: train 10.1600 | val 6,6: 10.9388 | 9,6: 9.3703
epoch 11: train 10.1528 | val 6,6: 10.9017 | 9,6: 9.3350
restored best-val weights from epoch 11 (val 10.1184)
saved /vol/bitbucket/osella/rl-qecc-data/supervisedLearning/sweep2/g5_mix_66-96_H4_s5000.pth

## /vol/bitbucket/osella/rl-qecc-data/supervisedLearning/sweep2/g5_mix_66-96_H4_s5000.pth on held-out test l=6, m=6 (89505 codes) — 2026-07-30

- data: `held-out 10% of /vol/bitbucket/osella/rl-qecc-data/supervisedLearning/codeEvaluationTrainingData (size 6,6)`
- Binomial NLL: **10.7868** (noise floor 10.0927)
- reward MAE: **0.03685**
- k MAE: **1.46** logical qubits
- Spearman: **0.812**, Kendall: 0.627
- top-k overlap (k=50): **0.22**


## /vol/bitbucket/osella/rl-qecc-data/supervisedLearning/sweep2/g5_mix_66-96_H4_s5000.pth on held-out test l=9, m=6 (274574 codes) — 2026-07-30

- data: `held-out 10% of /vol/bitbucket/osella/rl-qecc-data/supervisedLearning/codeEvaluationTrainingData (size 9,6)`
- Binomial NLL: **9.2798** (noise floor 8.6781)
- reward MAE: **0.03473**
- k MAE: **1.07** logical qubits
- Spearman: **0.815**, Kendall: 0.624
- top-k overlap (k=50): **0.24**

