device: cuda; sizes: [(6, 6), (9, 6), (12, 6), (15, 3)]; curve loss on: [(6, 6), (9, 6), (12, 6), (15, 3)]; lr: 0.001; H: 4
loadCodeEvaluations: kept 895050 codes on the requested grid; dropped 1948461 records whose grid does not contain all its points
  size 6,6: 895050 codes (716040 train) curveLoss=True
loadCodeEvaluations: kept 2745739 codes on the requested grid; dropped 2681591 records whose grid does not contain all its points
  size 9,6: 2745739 codes (2196591 train) curveLoss=True
loadCodeEvaluations: kept 1353227 codes on the requested grid; dropped 457979 records whose grid does not contain all its points
  size 12,6: 1353227 codes (1082582 train) curveLoss=True
loadCodeEvaluations: kept 4412297 codes on the requested grid; dropped 458644 records whose grid does not contain all its points
  size 15,3: 4412297 codes (3529838 train) curveLoss=True
epoch 0: train 10.6702 | val 6,6: 11.4256 | 9,6: 9.6734 | 12,6: 8.4997 | 15,3: 11.6889
epoch 1: train 10.2988 | val 6,6: 11.2346 | 9,6: 9.5478 | 12,6: 8.3810 | 15,3: 11.6409
epoch 2: train 10.2059 | val 6,6: 11.0997 | 9,6: 9.5051 | 12,6: 8.3572 | 15,3: 11.6449
epoch 3: train 10.1670 | val 6,6: 11.0460 | 9,6: 9.4631 | 12,6: 8.2845 | 15,3: 11.5964
epoch 4: train 10.1276 | val 6,6: 10.9780 | 9,6: 9.4454 | 12,6: 8.2696 | 15,3: 11.5922
epoch 5: train 10.0965 | val 6,6: 10.9171 | 9,6: 9.4428 | 12,6: 8.2701 | 15,3: 11.5850
restored best-val weights from epoch 5 (val 10.0538)
saved /vol/bitbucket/osella/rl-qecc-data/supervisedLearning/sweep2/g5_mix_66-96-126-153_H4_s1000.pth

## /vol/bitbucket/osella/rl-qecc-data/supervisedLearning/sweep2/g5_mix_66-96-126-153_H4_s1000.pth on held-out test l=6, m=6 (89505 codes) — 2026-07-29

- data: `held-out 10% of /vol/bitbucket/osella/rl-qecc-data/supervisedLearning/codeEvaluationTrainingData (size 6,6)`
- Binomial NLL: **10.8128** (noise floor 10.1070)
- reward MAE: **0.03607**
- k MAE: **1.67** logical qubits
- Spearman: **0.821**, Kendall: 0.635
- top-k overlap (k=50): **0.12**


## /vol/bitbucket/osella/rl-qecc-data/supervisedLearning/sweep2/g5_mix_66-96-126-153_H4_s1000.pth on held-out test l=9, m=6 (274574 codes) — 2026-07-29

- data: `held-out 10% of /vol/bitbucket/osella/rl-qecc-data/supervisedLearning/codeEvaluationTrainingData (size 9,6)`
- Binomial NLL: **9.3138** (noise floor 8.6699)
- reward MAE: **0.03741**
- k MAE: **1.58** logical qubits
- Spearman: **0.785**, Kendall: 0.591
- top-k overlap (k=50): **0.30**


## /vol/bitbucket/osella/rl-qecc-data/supervisedLearning/sweep2/g5_mix_66-96-126-153_H4_s1000.pth on held-out test l=12, m=6 (135322 codes) — 2026-07-29

- data: `held-out 10% of /vol/bitbucket/osella/rl-qecc-data/supervisedLearning/codeEvaluationTrainingData (size 12,6)`
- Binomial NLL: **8.0935** (noise floor 7.3791)
- reward MAE: **0.03163**
- k MAE: **2.38** logical qubits
- Spearman: **0.760**, Kendall: 0.571
- top-k overlap (k=50): **0.36**


## /vol/bitbucket/osella/rl-qecc-data/supervisedLearning/sweep2/g5_mix_66-96-126-153_H4_s1000.pth on held-out test l=15, m=3 (441229 codes) — 2026-07-29

- data: `held-out 10% of /vol/bitbucket/osella/rl-qecc-data/supervisedLearning/codeEvaluationTrainingData (size 15,3)`
- Binomial NLL: **11.4067** (noise floor 10.4257)
- reward MAE: **0.04437**
- k MAE: **1.82** logical qubits
- Spearman: **0.689**, Kendall: 0.504
- top-k overlap (k=50): **0.14**

