device: cuda; sizes: [(6, 6)]; curve loss on: [(6, 6)]; lr: 0.001; H: 3
loadCodeEvaluations: kept 895050 codes on the requested grid; dropped 1948461 records whose grid does not contain all its points
  size 6,6: 895050 codes (716040 train) curveLoss=True
epoch 0: train 12.4265 | val 6,6: 11.6990
epoch 1: train 11.5725 | val 6,6: 11.3723
epoch 2: train 11.3421 | val 6,6: 11.2525
epoch 3: train 11.2521 | val 6,6: 11.1647
epoch 4: train 11.1733 | val 6,6: 11.0876
epoch 5: train 11.1060 | val 6,6: 10.9979
epoch 6: train 11.0391 | val 6,6: 10.9402
epoch 7: train 10.9946 | val 6,6: 10.9198
epoch 8: train 10.9654 | val 6,6: 10.9027
epoch 9: train 10.9458 | val 6,6: 10.8813
epoch 10: train 10.9328 | val 6,6: 10.8818
epoch 11: train 10.9184 | val 6,6: 10.8576
epoch 12: train 10.9044 | val 6,6: 10.8447
epoch 13: train 10.8960 | val 6,6: 10.8301
epoch 14: train 10.8813 | val 6,6: 10.8253
epoch 15: train 10.8732 | val 6,6: 10.8193
epoch 16: train 10.8522 | val 6,6: 10.7837
epoch 17: train 10.8375 | val 6,6: 10.7795
epoch 18: train 10.8280 | val 6,6: 10.7777
epoch 19: train 10.8188 | val 6,6: 10.7752
epoch 20: train 10.8092 | val 6,6: 10.7789
epoch 21: train 10.8018 | val 6,6: 10.7531
epoch 22: train 10.7976 | val 6,6: 10.7739
epoch 23: train 10.7913 | val 6,6: 10.7555
restored best-val weights from epoch 21 (val 10.7531)
saved /vol/bitbucket/osella/rl-qecc-data/supervisedLearning/sweep2/g5_mix_66_H3_s5000.pth

## /vol/bitbucket/osella/rl-qecc-data/supervisedLearning/sweep2/g5_mix_66_H3_s5000.pth on held-out test l=6, m=6 (89505 codes) — 2026-07-30

- data: `held-out 10% of /vol/bitbucket/osella/rl-qecc-data/supervisedLearning/codeEvaluationTrainingData (size 6,6)`
- Binomial NLL: **10.6548** (noise floor 10.0927)
- reward MAE: **0.03221**
- k MAE: **1.28** logical qubits
- Spearman: **0.857**, Kendall: 0.675
- top-k overlap (k=50): **0.16**

