device: cuda; sizes: [(6, 6), (9, 6), (12, 6)]; curve loss on: [(6, 6), (9, 6), (12, 6)]; lr: 0.001; H: 7
loadCodeEvaluations: kept 895050 codes on the requested grid; dropped 1948461 records whose grid does not contain all its points
  size 6,6: 895050 codes (716040 train) curveLoss=True
loadCodeEvaluations: kept 2745739 codes on the requested grid; dropped 2681591 records whose grid does not contain all its points
  size 9,6: 2745739 codes (2196591 train) curveLoss=True
loadCodeEvaluations: kept 1353227 codes on the requested grid; dropped 457979 records whose grid does not contain all its points
  size 12,6: 1353227 codes (1082582 train) curveLoss=True
epoch 0: train 10.3339 | val 6,6: 11.4687 | 9,6: 9.6875 | 12,6: 8.5490
epoch 1: train 9.8538 | val 6,6: 11.2030 | 9,6: 9.5645 | 12,6: 8.4248
epoch 2: train 9.7124 | val 6,6: 11.0487 | 9,6: 9.4650 | 12,6: 8.3454
epoch 3: train 9.6424 | val 6,6: 10.9535 | 9,6: 9.4466 | 12,6: 8.2963
epoch 4: train 9.5954 | val 6,6: 10.9052 | 9,6: 9.4086 | 12,6: 8.2288
epoch 5: train 9.5584 | val 6,6: 10.8966 | 9,6: 9.3822 | 12,6: 8.2093
epoch 6: train 9.5280 | val 6,6: 10.8543 | 9,6: 9.3669 | 12,6: 8.1495
epoch 7: train 9.5097 | val 6,6: 10.8423 | 9,6: 9.3718 | 12,6: 8.1517
restored best-val weights from epoch 7 (val 9.4552)
saved /vol/bitbucket/osella/rl-qecc-data/supervisedLearning/sweep2/g5_mix_66-96-126_H7_s4000.pth

## /vol/bitbucket/osella/rl-qecc-data/supervisedLearning/sweep2/g5_mix_66-96-126_H7_s4000.pth on held-out test l=6, m=6 (89505 codes) — 2026-07-29

- data: `held-out 10% of /vol/bitbucket/osella/rl-qecc-data/supervisedLearning/codeEvaluationTrainingData (size 6,6)`
- Binomial NLL: **10.7493** (noise floor 10.0897)
- reward MAE: **0.03510**
- k MAE: **1.59** logical qubits
- Spearman: **0.827**, Kendall: 0.642
- top-k overlap (k=50): **0.18**


## /vol/bitbucket/osella/rl-qecc-data/supervisedLearning/sweep2/g5_mix_66-96-126_H7_s4000.pth on held-out test l=9, m=6 (274574 codes) — 2026-07-29

- data: `held-out 10% of /vol/bitbucket/osella/rl-qecc-data/supervisedLearning/codeEvaluationTrainingData (size 9,6)`
- Binomial NLL: **9.2686** (noise floor 8.6665)
- reward MAE: **0.03566**
- k MAE: **1.28** logical qubits
- Spearman: **0.807**, Kendall: 0.614
- top-k overlap (k=50): **0.30**


## /vol/bitbucket/osella/rl-qecc-data/supervisedLearning/sweep2/g5_mix_66-96-126_H7_s4000.pth on held-out test l=12, m=6 (135322 codes) — 2026-07-29

- data: `held-out 10% of /vol/bitbucket/osella/rl-qecc-data/supervisedLearning/codeEvaluationTrainingData (size 12,6)`
- Binomial NLL: **7.9994** (noise floor 7.3808)
- reward MAE: **0.02846**
- k MAE: **2.22** logical qubits
- Spearman: **0.812**, Kendall: 0.625
- top-k overlap (k=50): **0.50**

