device: cuda; sizes: [(6, 6), (9, 6), (12, 6), (15, 3)]; curve loss on: [(6, 6), (9, 6), (12, 6), (15, 3)]; lr: 0.001; H: 4
loadCodeEvaluations: kept 895050 codes on the requested grid; dropped 1948461 records whose grid does not contain all its points
  size 6,6: 895050 codes (716040 train) curveLoss=True
loadCodeEvaluations: kept 2745739 codes on the requested grid; dropped 2681591 records whose grid does not contain all its points
  size 9,6: 2745739 codes (2196591 train) curveLoss=True
loadCodeEvaluations: kept 1353227 codes on the requested grid; dropped 457979 records whose grid does not contain all its points
  size 12,6: 1353227 codes (1082582 train) curveLoss=True
loadCodeEvaluations: kept 4412297 codes on the requested grid; dropped 458644 records whose grid does not contain all its points
  size 15,3: 4412297 codes (3529838 train) curveLoss=True
epoch 0: train 10.6259 | val 6,6: 11.2982 | 9,6: 9.6200 | 12,6: 8.4984 | 15,3: 11.6759
epoch 1: train 10.2430 | val 6,6: 11.1075 | 9,6: 9.5191 | 12,6: 8.3695 | 15,3: 11.6523
epoch 2: train 10.1655 | val 6,6: 11.0121 | 9,6: 9.4761 | 12,6: 8.3432 | 15,3: 11.6212
epoch 3: train 10.1311 | val 6,6: 10.9623 | 9,6: 9.4609 | 12,6: 8.3009 | 15,3: 11.6074
epoch 4: train 10.1095 | val 6,6: 10.9493 | 9,6: 9.4675 | 12,6: 8.3020 | 15,3: 11.6067
epoch 5: train 10.0932 | val 6,6: 10.9089 | 9,6: 9.4383 | 12,6: 8.2793 | 15,3: 11.5956
restored best-val weights from epoch 5 (val 10.0555)
saved /vol/bitbucket/osella/rl-qecc-data/supervisedLearning/sweep2/g5_mix_66-96-126-153_H4_s7134066.pth

## /vol/bitbucket/osella/rl-qecc-data/supervisedLearning/sweep2/g5_mix_66-96-126-153_H4_s7134066.pth on held-out test l=6, m=6 (89505 codes) — 2026-07-29

- data: `held-out 10% of /vol/bitbucket/osella/rl-qecc-data/supervisedLearning/codeEvaluationTrainingData (size 6,6)`
- Binomial NLL: **10.8385** (noise floor 10.1295)
- reward MAE: **0.03587**
- k MAE: **1.62** logical qubits
- Spearman: **0.822**, Kendall: 0.636
- top-k overlap (k=50): **0.14**


## /vol/bitbucket/osella/rl-qecc-data/supervisedLearning/sweep2/g5_mix_66-96-126-153_H4_s7134066.pth on held-out test l=9, m=6 (274574 codes) — 2026-07-29

- data: `held-out 10% of /vol/bitbucket/osella/rl-qecc-data/supervisedLearning/codeEvaluationTrainingData (size 9,6)`
- Binomial NLL: **9.3211** (noise floor 8.6775)
- reward MAE: **0.03728**
- k MAE: **1.58** logical qubits
- Spearman: **0.787**, Kendall: 0.593
- top-k overlap (k=50): **0.18**


## /vol/bitbucket/osella/rl-qecc-data/supervisedLearning/sweep2/g5_mix_66-96-126-153_H4_s7134066.pth on held-out test l=12, m=6 (135322 codes) — 2026-07-29

- data: `held-out 10% of /vol/bitbucket/osella/rl-qecc-data/supervisedLearning/codeEvaluationTrainingData (size 12,6)`
- Binomial NLL: **8.0986** (noise floor 7.3856)
- reward MAE: **0.03127**
- k MAE: **2.37** logical qubits
- Spearman: **0.762**, Kendall: 0.574
- top-k overlap (k=50): **0.40**


## /vol/bitbucket/osella/rl-qecc-data/supervisedLearning/sweep2/g5_mix_66-96-126-153_H4_s7134066.pth on held-out test l=15, m=3 (441229 codes) — 2026-07-29

- data: `held-out 10% of /vol/bitbucket/osella/rl-qecc-data/supervisedLearning/codeEvaluationTrainingData (size 15,3)`
- Binomial NLL: **11.4245** (noise floor 10.4230)
- reward MAE: **0.04455**
- k MAE: **1.81** logical qubits
- Spearman: **0.687**, Kendall: 0.501
- top-k overlap (k=50): **0.18**

