device: cuda; sizes: [(6, 6), (9, 6), (12, 6)]; curve loss on: [(6, 6), (9, 6), (12, 6)]; lr: 0.001; H: 3
loadCodeEvaluations: kept 895050 codes on the requested grid; dropped 1948461 records whose grid does not contain all its points
  size 6,6: 895050 codes (716040 train) curveLoss=True
loadCodeEvaluations: kept 2745739 codes on the requested grid; dropped 2681591 records whose grid does not contain all its points
  size 9,6: 2745739 codes (2196591 train) curveLoss=True
loadCodeEvaluations: kept 1353227 codes on the requested grid; dropped 457979 records whose grid does not contain all its points
  size 12,6: 1353227 codes (1082582 train) curveLoss=True
epoch 0: train 10.2792 | val 6,6: 11.5983 | 9,6: 9.7196 | 12,6: 8.5756
epoch 1: train 9.8613 | val 6,6: 11.2225 | 9,6: 9.5426 | 12,6: 8.4265
epoch 2: train 9.7319 | val 6,6: 11.1067 | 9,6: 9.4700 | 12,6: 8.3917
epoch 3: train 9.6765 | val 6,6: 11.0811 | 9,6: 9.4570 | 12,6: 8.3847
epoch 4: train 9.6499 | val 6,6: 11.0165 | 9,6: 9.4478 | 12,6: 8.3231
epoch 5: train 9.6300 | val 6,6: 10.9818 | 9,6: 9.4524 | 12,6: 8.2993
epoch 6: train 9.6142 | val 6,6: 10.9535 | 9,6: 9.4483 | 12,6: 8.2702
epoch 7: train 9.5910 | val 6,6: 10.9194 | 9,6: 9.4354 | 12,6: 8.2691
restored best-val weights from epoch 7 (val 9.5413)
saved /vol/bitbucket/osella/rl-qecc-data/supervisedLearning/sweep2/g5_mix_66-96-126_H3_s54321.pth

## /vol/bitbucket/osella/rl-qecc-data/supervisedLearning/sweep2/g5_mix_66-96-126_H3_s54321.pth on held-out test l=6, m=6 (89505 codes) — 2026-07-29

- data: `held-out 10% of /vol/bitbucket/osella/rl-qecc-data/supervisedLearning/codeEvaluationTrainingData (size 6,6)`
- Binomial NLL: **10.8458** (noise floor 10.1239)
- reward MAE: **0.03678**
- k MAE: **1.83** logical qubits
- Spearman: **0.813**, Kendall: 0.627
- top-k overlap (k=50): **0.24**


## /vol/bitbucket/osella/rl-qecc-data/supervisedLearning/sweep2/g5_mix_66-96-126_H3_s54321.pth on held-out test l=9, m=6 (274574 codes) — 2026-07-29

- data: `held-out 10% of /vol/bitbucket/osella/rl-qecc-data/supervisedLearning/codeEvaluationTrainingData (size 9,6)`
- Binomial NLL: **9.3125** (noise floor 8.6718)
- reward MAE: **0.03743**
- k MAE: **1.61** logical qubits
- Spearman: **0.785**, Kendall: 0.591
- top-k overlap (k=50): **0.22**


## /vol/bitbucket/osella/rl-qecc-data/supervisedLearning/sweep2/g5_mix_66-96-126_H3_s54321.pth on held-out test l=12, m=6 (135322 codes) — 2026-07-29

- data: `held-out 10% of /vol/bitbucket/osella/rl-qecc-data/supervisedLearning/codeEvaluationTrainingData (size 12,6)`
- Binomial NLL: **8.0968** (noise floor 7.3821)
- reward MAE: **0.03168**
- k MAE: **2.44** logical qubits
- Spearman: **0.760**, Kendall: 0.572
- top-k overlap (k=50): **0.30**

