device: cuda; sizes: [(6, 6), (9, 6), (12, 6), (15, 3)]; curve loss on: [(6, 6), (9, 6), (12, 6), (15, 3)]; lr: 0.001; H: 7
loadCodeEvaluations: kept 895050 codes on the requested grid; dropped 1948461 records whose grid does not contain all its points
  size 6,6: 895050 codes (716040 train) curveLoss=True
loadCodeEvaluations: kept 2745739 codes on the requested grid; dropped 2681591 records whose grid does not contain all its points
  size 9,6: 2745739 codes (2196591 train) curveLoss=True
loadCodeEvaluations: kept 1353227 codes on the requested grid; dropped 457979 records whose grid does not contain all its points
  size 12,6: 1353227 codes (1082582 train) curveLoss=True
loadCodeEvaluations: kept 4412297 codes on the requested grid; dropped 458644 records whose grid does not contain all its points
  size 15,3: 4412297 codes (3529838 train) curveLoss=True
epoch 0: train 10.6626 | val 6,6: 11.3565 | 9,6: 9.6492 | 12,6: 8.4750 | 15,3: 11.6890
epoch 1: train 10.2709 | val 6,6: 11.1963 | 9,6: 9.5181 | 12,6: 8.3757 | 15,3: 11.6362
restored best-val weights from epoch 1 (val 10.1816)
saved /vol/bitbucket/osella/rl-qecc-data/supervisedLearning/sweep2/g5_mix_66-96-126-153_H7_s1000.pth

## /vol/bitbucket/osella/rl-qecc-data/supervisedLearning/sweep2/g5_mix_66-96-126-153_H7_s1000.pth on held-out test l=6, m=6 (89505 codes) — 2026-07-28

- data: `held-out 10% of /vol/bitbucket/osella/rl-qecc-data/supervisedLearning/codeEvaluationTrainingData (size 6,6)`
- Binomial NLL: **11.0542** (noise floor 10.1070)
- reward MAE: **0.04391**
- k MAE: **1.88** logical qubits
- Spearman: **0.744**, Kendall: 0.557
- top-k overlap (k=50): **0.10**


## /vol/bitbucket/osella/rl-qecc-data/supervisedLearning/sweep2/g5_mix_66-96-126-153_H7_s1000.pth on held-out test l=9, m=6 (274574 codes) — 2026-07-28

- data: `held-out 10% of /vol/bitbucket/osella/rl-qecc-data/supervisedLearning/codeEvaluationTrainingData (size 9,6)`
- Binomial NLL: **9.3840** (noise floor 8.6699)
- reward MAE: **0.03999**
- k MAE: **1.67** logical qubits
- Spearman: **0.758**, Kendall: 0.565
- top-k overlap (k=50): **0.28**


## /vol/bitbucket/osella/rl-qecc-data/supervisedLearning/sweep2/g5_mix_66-96-126-153_H7_s1000.pth on held-out test l=12, m=6 (135322 codes) — 2026-07-28

- data: `held-out 10% of /vol/bitbucket/osella/rl-qecc-data/supervisedLearning/codeEvaluationTrainingData (size 12,6)`
- Binomial NLL: **8.1878** (noise floor 7.3791)
- reward MAE: **0.03374**
- k MAE: **2.45** logical qubits
- Spearman: **0.727**, Kendall: 0.540
- top-k overlap (k=50): **0.26**


## /vol/bitbucket/osella/rl-qecc-data/supervisedLearning/sweep2/g5_mix_66-96-126-153_H7_s1000.pth on held-out test l=15, m=3 (441229 codes) — 2026-07-28

- data: `held-out 10% of /vol/bitbucket/osella/rl-qecc-data/supervisedLearning/codeEvaluationTrainingData (size 15,3)`
- Binomial NLL: **11.4576** (noise floor 10.4257)
- reward MAE: **0.04533**
- k MAE: **1.81** logical qubits
- Spearman: **0.668**, Kendall: 0.486
- top-k overlap (k=50): **0.10**

