device: cuda; sizes: [(6, 6), (9, 6)]; curve loss on: [(6, 6), (9, 6)]; lr: 0.001; H: 7
loadCodeEvaluations: kept 895050 codes on the requested grid; dropped 1948461 records whose grid does not contain all its points
  size 6,6: 895050 codes (716040 train) curveLoss=True
loadCodeEvaluations: kept 2745739 codes on the requested grid; dropped 2681591 records whose grid does not contain all its points
  size 9,6: 2745739 codes (2196591 train) curveLoss=True
epoch 0: train 11.1272 | val 6,6: 11.6553 | 9,6: 9.7385
epoch 1: train 10.5997 | val 6,6: 11.3395 | 9,6: 9.6891
epoch 2: train 10.4325 | val 6,6: 11.1464 | 9,6: 9.5328
epoch 3: train 10.3538 | val 6,6: 11.0998 | 9,6: 9.5179
epoch 4: train 10.3262 | val 6,6: 11.0825 | 9,6: 9.5269
epoch 5: train 10.2981 | val 6,6: 10.9957 | 9,6: 9.5093
epoch 6: train 10.2677 | val 6,6: 10.9734 | 9,6: 9.4952
epoch 7: train 10.2470 | val 6,6: 10.9642 | 9,6: 9.4313
epoch 8: train 10.2181 | val 6,6: 10.9415 | 9,6: 9.4118
epoch 9: train 10.2046 | val 6,6: 10.9299 | 9,6: 9.3896
epoch 10: train 10.1795 | val 6,6: 10.8965 | 9,6: 9.3551
epoch 11: train 10.1643 | val 6,6: 10.8846 | 9,6: 9.3551
restored best-val weights from epoch 11 (val 10.1198)
saved /vol/bitbucket/osella/rl-qecc-data/supervisedLearning/sweep2/g5_mix_66-96_H7_s12345.pth

## /vol/bitbucket/osella/rl-qecc-data/supervisedLearning/sweep2/g5_mix_66-96_H7_s12345.pth on held-out test l=6, m=6 (89505 codes) — 2026-07-30

- data: `held-out 10% of /vol/bitbucket/osella/rl-qecc-data/supervisedLearning/codeEvaluationTrainingData (size 6,6)`
- Binomial NLL: **10.8404** (noise floor 10.1232)
- reward MAE: **0.03702**
- k MAE: **1.37** logical qubits
- Spearman: **0.814**, Kendall: 0.628
- top-k overlap (k=50): **0.24**


## /vol/bitbucket/osella/rl-qecc-data/supervisedLearning/sweep2/g5_mix_66-96_H7_s12345.pth on held-out test l=9, m=6 (274574 codes) — 2026-07-30

- data: `held-out 10% of /vol/bitbucket/osella/rl-qecc-data/supervisedLearning/codeEvaluationTrainingData (size 9,6)`
- Binomial NLL: **9.2777** (noise floor 8.6691)
- reward MAE: **0.03455**
- k MAE: **0.99** logical qubits
- Spearman: **0.820**, Kendall: 0.629
- top-k overlap (k=50): **0.28**

