device: cuda; sizes: [(6, 6), (9, 6), (12, 6)]; curve loss on: [(6, 6), (9, 6), (12, 6)]; lr: 0.001; H: 6
loadCodeEvaluations: kept 895050 codes on the requested grid; dropped 1948461 records whose grid does not contain all its points
  size 6,6: 895050 codes (716040 train) curveLoss=True
loadCodeEvaluations: kept 2745739 codes on the requested grid; dropped 2681591 records whose grid does not contain all its points
  size 9,6: 2745739 codes (2196591 train) curveLoss=True
loadCodeEvaluations: kept 1353227 codes on the requested grid; dropped 457979 records whose grid does not contain all its points
  size 12,6: 1353227 codes (1082582 train) curveLoss=True
epoch 0: train 10.2518 | val 6,6: 11.5432 | 9,6: 9.6818 | 12,6: 8.5098
epoch 1: train 9.8498 | val 6,6: 11.2339 | 9,6: 9.5502 | 12,6: 8.4136
epoch 2: train 9.7345 | val 6,6: 11.1421 | 9,6: 9.5014 | 12,6: 8.3374
epoch 3: train 9.6711 | val 6,6: 11.0644 | 9,6: 9.4639 | 12,6: 8.2891
restored best-val weights from epoch 3 (val 9.6058)
saved /vol/bitbucket/osella/rl-qecc-data/supervisedLearning/sweep2/g5_mix_66-96-126_H6_s1000.pth

## /vol/bitbucket/osella/rl-qecc-data/supervisedLearning/sweep2/g5_mix_66-96-126_H6_s1000.pth on held-out test l=6, m=6 (89505 codes) — 2026-07-28

- data: `held-out 10% of /vol/bitbucket/osella/rl-qecc-data/supervisedLearning/codeEvaluationTrainingData (size 6,6)`
- Binomial NLL: **10.9380** (noise floor 10.1070)
- reward MAE: **0.03967**
- k MAE: **1.75** logical qubits
- Spearman: **0.795**, Kendall: 0.608
- top-k overlap (k=50): **0.08**


## /vol/bitbucket/osella/rl-qecc-data/supervisedLearning/sweep2/g5_mix_66-96-126_H6_s1000.pth on held-out test l=9, m=6 (274574 codes) — 2026-07-28

- data: `held-out 10% of /vol/bitbucket/osella/rl-qecc-data/supervisedLearning/codeEvaluationTrainingData (size 9,6)`
- Binomial NLL: **9.3350** (noise floor 8.6699)
- reward MAE: **0.03784**
- k MAE: **1.62** logical qubits
- Spearman: **0.781**, Kendall: 0.587
- top-k overlap (k=50): **0.32**


## /vol/bitbucket/osella/rl-qecc-data/supervisedLearning/sweep2/g5_mix_66-96-126_H6_s1000.pth on held-out test l=12, m=6 (135322 codes) — 2026-07-28

- data: `held-out 10% of /vol/bitbucket/osella/rl-qecc-data/supervisedLearning/codeEvaluationTrainingData (size 12,6)`
- Binomial NLL: **8.1099** (noise floor 7.3791)
- reward MAE: **0.03199**
- k MAE: **2.40** logical qubits
- Spearman: **0.756**, Kendall: 0.567
- top-k overlap (k=50): **0.32**

