device: cuda; sizes: [(6, 6), (9, 6), (12, 6)]; curve loss on: [(6, 6), (9, 6), (12, 6)]; lr: 0.001; H: 10
loadCodeEvaluations: kept 895050 codes on the requested grid; dropped 1948461 records whose grid does not contain all its points
  size 6,6: 895050 codes (716040 train) curveLoss=True
loadCodeEvaluations: kept 2745739 codes on the requested grid; dropped 2681591 records whose grid does not contain all its points
  size 9,6: 2745739 codes (2196591 train) curveLoss=True
loadCodeEvaluations: kept 1353227 codes on the requested grid; dropped 457979 records whose grid does not contain all its points
  size 12,6: 1353227 codes (1082582 train) curveLoss=True
epoch 0: train 10.2897 | val 6,6: 11.5300 | 9,6: 9.6774 | 12,6: 8.5488
epoch 1: train 9.8185 | val 6,6: 11.1633 | 9,6: 9.5177 | 12,6: 8.3839
epoch 2: train 9.6807 | val 6,6: 11.0516 | 9,6: 9.4683 | 12,6: 8.3399
epoch 3: train 9.6313 | val 6,6: 11.0057 | 9,6: 9.4449 | 12,6: 8.3003
epoch 4: train 9.5947 | val 6,6: 10.9542 | 9,6: 9.4161 | 12,6: 8.2530
epoch 5: train 9.5480 | val 6,6: 10.9058 | 9,6: 9.3756 | 12,6: 8.1633
epoch 6: train 9.5203 | val 6,6: 10.9145 | 9,6: 9.3843 | 12,6: 8.1607
epoch 7: train 9.4936 | val 6,6: 10.8551 | 9,6: 9.3466 | 12,6: 8.1425
restored best-val weights from epoch 7 (val 9.4481)
saved /vol/bitbucket/osella/rl-qecc-data/supervisedLearning/sweep2/g5_mix_66-96-126_H10_s7134066.pth

## /vol/bitbucket/osella/rl-qecc-data/supervisedLearning/sweep2/g5_mix_66-96-126_H10_s7134066.pth on held-out test l=6, m=6 (89505 codes) — 2026-07-29

- data: `held-out 10% of /vol/bitbucket/osella/rl-qecc-data/supervisedLearning/codeEvaluationTrainingData (size 6,6)`
- Binomial NLL: **10.7918** (noise floor 10.1295)
- reward MAE: **0.03569**
- k MAE: **1.68** logical qubits
- Spearman: **0.832**, Kendall: 0.648
- top-k overlap (k=50): **0.12**


## /vol/bitbucket/osella/rl-qecc-data/supervisedLearning/sweep2/g5_mix_66-96-126_H10_s7134066.pth on held-out test l=9, m=6 (274574 codes) — 2026-07-29

- data: `held-out 10% of /vol/bitbucket/osella/rl-qecc-data/supervisedLearning/codeEvaluationTrainingData (size 9,6)`
- Binomial NLL: **9.2658** (noise floor 8.6775)
- reward MAE: **0.03467**
- k MAE: **1.28** logical qubits
- Spearman: **0.818**, Kendall: 0.627
- top-k overlap (k=50): **0.30**


## /vol/bitbucket/osella/rl-qecc-data/supervisedLearning/sweep2/g5_mix_66-96-126_H10_s7134066.pth on held-out test l=12, m=6 (135322 codes) — 2026-07-29

- data: `held-out 10% of /vol/bitbucket/osella/rl-qecc-data/supervisedLearning/codeEvaluationTrainingData (size 12,6)`
- Binomial NLL: **8.0080** (noise floor 7.3856)
- reward MAE: **0.02864**
- k MAE: **2.19** logical qubits
- Spearman: **0.814**, Kendall: 0.627
- top-k overlap (k=50): **0.54**

