device: cuda; sizes: [(6, 6), (9, 6)]; curve loss on: [(6, 6), (9, 6)]; lr: 0.001; H: 3
loadCodeEvaluations: kept 895050 codes on the requested grid; dropped 1948461 records whose grid does not contain all its points
  size 6,6: 895050 codes (716040 train) curveLoss=True
loadCodeEvaluations: kept 2745739 codes on the requested grid; dropped 2681591 records whose grid does not contain all its points
  size 9,6: 2745739 codes (2196591 train) curveLoss=True
epoch 0: train 11.0618 | val 6,6: 11.4324 | 9,6: 9.7283
epoch 1: train 10.4815 | val 6,6: 11.1361 | 9,6: 9.5432
epoch 2: train 10.3389 | val 6,6: 11.0333 | 9,6: 9.4871
epoch 3: train 10.2860 | val 6,6: 10.9794 | 9,6: 9.4677
epoch 4: train 10.2529 | val 6,6: 11.0041 | 9,6: 9.4917
epoch 5: train 10.2206 | val 6,6: 10.8990 | 9,6: 9.4195
epoch 6: train 10.1830 | val 6,6: 10.8654 | 9,6: 9.3733
epoch 7: train 10.1511 | val 6,6: 10.8277 | 9,6: 9.3426
epoch 8: train 10.1225 | val 6,6: 10.8129 | 9,6: 9.3568
epoch 9: train 10.1092 | val 6,6: 10.8021 | 9,6: 9.3332
epoch 10: train 10.0959 | val 6,6: 10.8046 | 9,6: 9.3251
epoch 11: train 10.0836 | val 6,6: 10.7742 | 9,6: 9.3185
restored best-val weights from epoch 11 (val 10.0464)
saved /vol/bitbucket/osella/rl-qecc-data/supervisedLearning/sweep2/g5_mix_66-96_H3_s12345.pth

## /vol/bitbucket/osella/rl-qecc-data/supervisedLearning/sweep2/g5_mix_66-96_H3_s12345.pth on held-out test l=6, m=6 (89505 codes) — 2026-07-30

- data: `held-out 10% of /vol/bitbucket/osella/rl-qecc-data/supervisedLearning/codeEvaluationTrainingData (size 6,6)`
- Binomial NLL: **10.7221** (noise floor 10.1232)
- reward MAE: **0.03329**
- k MAE: **1.45** logical qubits
- Spearman: **0.845**, Kendall: 0.663
- top-k overlap (k=50): **0.26**


## /vol/bitbucket/osella/rl-qecc-data/supervisedLearning/sweep2/g5_mix_66-96_H3_s12345.pth on held-out test l=9, m=6 (274574 codes) — 2026-07-30

- data: `held-out 10% of /vol/bitbucket/osella/rl-qecc-data/supervisedLearning/codeEvaluationTrainingData (size 9,6)`
- Binomial NLL: **9.2336** (noise floor 8.6691)
- reward MAE: **0.03310**
- k MAE: **1.03** logical qubits
- Spearman: **0.834**, Kendall: 0.645
- top-k overlap (k=50): **0.26**

