device: cuda; sizes: [(6, 6), (9, 6), (12, 6)]; curve loss on: [(6, 6), (9, 6), (12, 6)]; lr: 0.001; H: 10
loadCodeEvaluations: kept 895050 codes on the requested grid; dropped 1948461 records whose grid does not contain all its points
  size 6,6: 895050 codes (716040 train) curveLoss=True
loadCodeEvaluations: kept 2745739 codes on the requested grid; dropped 2681591 records whose grid does not contain all its points
  size 9,6: 2745739 codes (2196591 train) curveLoss=True
loadCodeEvaluations: kept 1353227 codes on the requested grid; dropped 457979 records whose grid does not contain all its points
  size 12,6: 1353227 codes (1082582 train) curveLoss=True
epoch 0: train 10.2847 | val 6,6: 11.4868 | 9,6: 9.7126 | 12,6: 8.5670
epoch 1: train 9.8253 | val 6,6: 11.2115 | 9,6: 9.5329 | 12,6: 8.4227
epoch 2: train 9.7066 | val 6,6: 11.1010 | 9,6: 9.4961 | 12,6: 8.3487
epoch 3: train 9.6601 | val 6,6: 11.0686 | 9,6: 9.4702 | 12,6: 8.3189
epoch 4: train 9.6253 | val 6,6: 11.0220 | 9,6: 9.4306 | 12,6: 8.2913
epoch 5: train 9.5792 | val 6,6: 11.0122 | 9,6: 9.4239 | 12,6: 8.1987
epoch 6: train 9.5521 | val 6,6: 11.0076 | 9,6: 9.3969 | 12,6: 8.1910
epoch 7: train 9.5341 | val 6,6: 10.9950 | 9,6: 9.3634 | 12,6: 8.1678
restored best-val weights from epoch 7 (val 9.5087)
saved /vol/bitbucket/osella/rl-qecc-data/supervisedLearning/sweep2/g5_mix_66-96-126_H10_s6000.pth

## /vol/bitbucket/osella/rl-qecc-data/supervisedLearning/sweep2/g5_mix_66-96-126_H10_s6000.pth on held-out test l=6, m=6 (89505 codes) — 2026-07-29

- data: `held-out 10% of /vol/bitbucket/osella/rl-qecc-data/supervisedLearning/codeEvaluationTrainingData (size 6,6)`
- Binomial NLL: **10.8602** (noise floor 10.0949)
- reward MAE: **0.03884**
- k MAE: **1.61** logical qubits
- Spearman: **0.798**, Kendall: 0.612
- top-k overlap (k=50): **0.20**


## /vol/bitbucket/osella/rl-qecc-data/supervisedLearning/sweep2/g5_mix_66-96-126_H10_s6000.pth on held-out test l=9, m=6 (274574 codes) — 2026-07-29

- data: `held-out 10% of /vol/bitbucket/osella/rl-qecc-data/supervisedLearning/codeEvaluationTrainingData (size 9,6)`
- Binomial NLL: **9.2914** (noise floor 8.6710)
- reward MAE: **0.03564**
- k MAE: **1.14** logical qubits
- Spearman: **0.804**, Kendall: 0.612
- top-k overlap (k=50): **0.22**


## /vol/bitbucket/osella/rl-qecc-data/supervisedLearning/sweep2/g5_mix_66-96-126_H10_s6000.pth on held-out test l=12, m=6 (135322 codes) — 2026-07-29

- data: `held-out 10% of /vol/bitbucket/osella/rl-qecc-data/supervisedLearning/codeEvaluationTrainingData (size 12,6)`
- Binomial NLL: **8.0431** (noise floor 7.3902)
- reward MAE: **0.02935**
- k MAE: **2.17** logical qubits
- Spearman: **0.798**, Kendall: 0.610
- top-k overlap (k=50): **0.50**

