device: cuda; sizes: [(6, 6), (9, 6), (12, 6)]; curve loss on: [(6, 6), (9, 6), (12, 6)]; lr: 0.001; H: 10
loadCodeEvaluations: kept 895050 codes on the requested grid; dropped 1948461 records whose grid does not contain all its points
  size 6,6: 895050 codes (716040 train) curveLoss=True
loadCodeEvaluations: kept 2745739 codes on the requested grid; dropped 2681591 records whose grid does not contain all its points
  size 9,6: 2745739 codes (2196591 train) curveLoss=True
loadCodeEvaluations: kept 1353227 codes on the requested grid; dropped 457979 records whose grid does not contain all its points
  size 12,6: 1353227 codes (1082582 train) curveLoss=True
epoch 0: train 10.2234 | val 6,6: 11.5331 | 9,6: 9.6831 | 12,6: 8.5306
epoch 1: train 9.7949 | val 6,6: 11.2094 | 9,6: 9.5576 | 12,6: 8.4856
epoch 2: train 9.6859 | val 6,6: 11.0442 | 9,6: 9.4866 | 12,6: 8.3389
epoch 3: train 9.6346 | val 6,6: 11.0365 | 9,6: 9.4816 | 12,6: 8.3222
epoch 4: train 9.6180 | val 6,6: 11.0162 | 9,6: 9.4694 | 12,6: 8.3218
epoch 5: train 9.6011 | val 6,6: 10.9764 | 9,6: 9.4453 | 12,6: 8.3031
epoch 6: train 9.5725 | val 6,6: 10.9639 | 9,6: 9.3858 | 12,6: 8.3402
epoch 7: train 9.5355 | val 6,6: 10.9372 | 9,6: 9.3451 | 12,6: 8.2106
restored best-val weights from epoch 7 (val 9.4977)
saved /vol/bitbucket/osella/rl-qecc-data/supervisedLearning/sweep2/g5_mix_66-96-126_H10_s5000.pth

## /vol/bitbucket/osella/rl-qecc-data/supervisedLearning/sweep2/g5_mix_66-96-126_H10_s5000.pth on held-out test l=6, m=6 (89505 codes) — 2026-07-29

- data: `held-out 10% of /vol/bitbucket/osella/rl-qecc-data/supervisedLearning/codeEvaluationTrainingData (size 6,6)`
- Binomial NLL: **10.8225** (noise floor 10.0927)
- reward MAE: **0.03696**
- k MAE: **1.41** logical qubits
- Spearman: **0.814**, Kendall: 0.628
- top-k overlap (k=50): **0.18**


## /vol/bitbucket/osella/rl-qecc-data/supervisedLearning/sweep2/g5_mix_66-96-126_H10_s5000.pth on held-out test l=9, m=6 (274574 codes) — 2026-07-29

- data: `held-out 10% of /vol/bitbucket/osella/rl-qecc-data/supervisedLearning/codeEvaluationTrainingData (size 9,6)`
- Binomial NLL: **9.2886** (noise floor 8.6781)
- reward MAE: **0.03428**
- k MAE: **1.02** logical qubits
- Spearman: **0.820**, Kendall: 0.630
- top-k overlap (k=50): **0.22**


## /vol/bitbucket/osella/rl-qecc-data/supervisedLearning/sweep2/g5_mix_66-96-126_H10_s5000.pth on held-out test l=12, m=6 (135322 codes) — 2026-07-29

- data: `held-out 10% of /vol/bitbucket/osella/rl-qecc-data/supervisedLearning/codeEvaluationTrainingData (size 12,6)`
- Binomial NLL: **8.0699** (noise floor 7.3910)
- reward MAE: **0.02994**
- k MAE: **2.12** logical qubits
- Spearman: **0.790**, Kendall: 0.601
- top-k overlap (k=50): **0.40**

