device: cuda; sizes: [(6, 6), (9, 6), (12, 6), (15, 3)]; curve loss on: [(6, 6), (9, 6), (12, 6), (15, 3)]; lr: 0.001; H: 7
loadCodeEvaluations: kept 895050 codes on the requested grid; dropped 1948461 records whose grid does not contain all its points
  size 6,6: 895050 codes (716040 train) curveLoss=True
loadCodeEvaluations: kept 2745739 codes on the requested grid; dropped 2681591 records whose grid does not contain all its points
  size 9,6: 2745739 codes (2196591 train) curveLoss=True
loadCodeEvaluations: kept 1353227 codes on the requested grid; dropped 457979 records whose grid does not contain all its points
  size 12,6: 1353227 codes (1082582 train) curveLoss=True
loadCodeEvaluations: kept 4412297 codes on the requested grid; dropped 458644 records whose grid does not contain all its points
  size 15,3: 4412297 codes (3529838 train) curveLoss=True
epoch 0: train 10.6276 | val 6,6: 11.3049 | 9,6: 9.6261 | 12,6: 8.5124 | 15,3: 11.6794
epoch 1: train 10.2535 | val 6,6: 11.1504 | 9,6: 9.5160 | 12,6: 8.4225 | 15,3: 11.6509
epoch 2: train 10.1882 | val 6,6: 11.0770 | 9,6: 9.5009 | 12,6: 8.3608 | 15,3: 11.6459
epoch 3: train 10.1598 | val 6,6: 11.0563 | 9,6: 9.4821 | 12,6: 8.3174 | 15,3: 11.6288
epoch 4: train 10.1438 | val 6,6: 11.0195 | 9,6: 9.4838 | 12,6: 8.3374 | 15,3: 11.6342
epoch 5: train 10.1301 | val 6,6: 11.0482 | 9,6: 9.4754 | 12,6: 8.2889 | 15,3: 11.6204
epoch 6: train 10.1185 | val 6,6: 10.9833 | 9,6: 9.4681 | 12,6: 8.2410 | 15,3: 11.6277
epoch 7: train 10.0851 | val 6,6: 10.9805 | 9,6: 9.4497 | 12,6: 8.1825 | 15,3: 11.6304
epoch 8: train 10.0689 | val 6,6: 10.9423 | 9,6: 9.4108 | 12,6: 8.1501 | 15,3: 11.5996
epoch 9: train 10.0456 | val 6,6: 10.9382 | 9,6: 9.3628 | 12,6: 8.1491 | 15,3: 11.5931
epoch 10: train 10.0317 | val 6,6: 10.9234 | 9,6: 9.3469 | 12,6: 8.1292 | 15,3: 11.5720
epoch 11: train 10.0160 | val 6,6: 10.9093 | 9,6: 9.3088 | 12,6: 8.1274 | 15,3: 11.5891
epoch 12: train 10.0051 | val 6,6: 10.9196 | 9,6: 9.3032 | 12,6: 8.1275 | 15,3: 11.5693
epoch 13: train 9.9993 | val 6,6: 10.9067 | 9,6: 9.2988 | 12,6: 8.1176 | 15,3: 11.5775
epoch 14: train 9.9993 | val 6,6: 10.8913 | 9,6: 9.2942 | 12,6: 8.1093 | 15,3: 11.5771
epoch 15: train 9.9917 | val 6,6: 10.8822 | 9,6: 9.2791 | 12,6: 8.1046 | 15,3: 11.5614
epoch 16: train 9.9846 | val 6,6: 10.8899 | 9,6: 9.2730 | 12,6: 8.0966 | 15,3: 11.5681
epoch 17: train 9.9798 | val 6,6: 10.9093 | 9,6: 9.2969 | 12,6: 8.1151 | 15,3: 11.5778
epoch 18: train 9.9766 | val 6,6: 10.8698 | 9,6: 9.2669 | 12,6: 8.0906 | 15,3: 11.5250
epoch 19: train 9.9713 | val 6,6: 10.8949 | 9,6: 9.2804 | 12,6: 8.1186 | 15,3: 11.5358
epoch 20: train 9.9671 | val 6,6: 10.8627 | 9,6: 9.2645 | 12,6: 8.0917 | 15,3: 11.4923
epoch 21: train 9.9591 | val 6,6: 10.8662 | 9,6: 9.2655 | 12,6: 8.0935 | 15,3: 11.4669
epoch 22: train 9.9636 | val 6,6: 10.8754 | 9,6: 9.2692 | 12,6: 8.0836 | 15,3: 11.5387
epoch 23: train 9.9679 | val 6,6: 10.8651 | 9,6: 9.2600 | 12,6: 8.0887 | 15,3: 11.5613
epoch 24: train 9.9625 | val 6,6: 10.8639 | 9,6: 9.2880 | 12,6: 8.0879 | 15,3: 11.5165
epoch 25: train 9.9597 | val 6,6: 10.8592 | 9,6: 9.2620 | 12,6: 8.0754 | 15,3: 11.6170
epoch 26: train 9.9641 | val 6,6: 10.8610 | 9,6: 9.2695 | 12,6: 8.0746 | 15,3: 11.5738
epoch 27: train 9.9644 | val 6,6: 10.8511 | 9,6: 9.2587 | 12,6: 8.0591 | 15,3: 11.5727
epoch 28: train 9.9584 | val 6,6: 10.8320 | 9,6: 9.2585 | 12,6: 8.0578 | 15,3: 11.5064
epoch 29: train 9.9408 | val 6,6: 10.8224 | 9,6: 9.2545 | 12,6: 8.0619 | 15,3: 11.4351
epoch 30: train 9.9276 | val 6,6: 10.8096 | 9,6: 9.2629 | 12,6: 8.0646 | 15,3: 11.4594
epoch 31: train 9.9247 | val 6,6: 10.8111 | 9,6: 9.2580 | 12,6: 8.0517 | 15,3: 11.5011
epoch 32: train 9.9387 | val 6,6: 10.8049 | 9,6: 9.2582 | 12,6: 8.0498 | 15,3: 11.4752
epoch 33: train 9.9422 | val 6,6: 10.8237 | 9,6: 9.2684 | 12,6: 8.0566 | 15,3: 11.5303
epoch 34: train 9.9375 | val 6,6: 10.8135 | 9,6: 9.2580 | 12,6: 8.0549 | 15,3: 11.6143
epoch 35: train 9.9364 | val 6,6: 10.8112 | 9,6: 9.2629 | 12,6: 8.0476 | 15,3: 11.4499
epoch 36: train 9.9264 | val 6,6: 10.8045 | 9,6: 9.2644 | 12,6: 8.0495 | 15,3: 11.4285
epoch 37: train 9.9206 | val 6,6: 10.8048 | 9,6: 9.2565 | 12,6: 8.0565 | 15,3: 11.4903
epoch 38: train 9.9237 | val 6,6: 10.8066 | 9,6: 9.2561 | 12,6: 8.0523 | 15,3: 11.4423
epoch 39: train 9.9147 | val 6,6: 10.7969 | 9,6: 9.2561 | 12,6: 8.0431 | 15,3: 11.4235
epoch 40: train 9.9162 | val 6,6: 10.8147 | 9,6: 9.2602 | 12,6: 8.0504 | 15,3: 11.4155
epoch 41: train 9.9256 | val 6,6: 10.8257 | 9,6: 9.2636 | 12,6: 8.0537 | 15,3: 11.5382
epoch 42: train 9.9248 | val 6,6: 10.8028 | 9,6: 9.2608 | 12,6: 8.0422 | 15,3: 11.4759
epoch 43: train 9.9185 | val 6,6: 10.8079 | 9,6: 9.2567 | 12,6: 8.0281 | 15,3: 11.5004
epoch 44: train 9.9189 | val 6,6: 10.7985 | 9,6: 9.2670 | 12,6: 8.0422 | 15,3: 11.5618
epoch 45: train 9.9253 | val 6,6: 10.8019 | 9,6: 9.2523 | 12,6: 8.0358 | 15,3: 11.5101
epoch 46: train 9.9216 | val 6,6: 10.8188 | 9,6: 9.2549 | 12,6: 8.0402 | 15,3: 11.4765
epoch 47: train 9.9140 | val 6,6: 10.8010 | 9,6: 9.2555 | 12,6: 8.0385 | 15,3: 11.5025
epoch 48: train 9.9100 | val 6,6: 10.8001 | 9,6: 9.2517 | 12,6: 8.0460 | 15,3: 11.4281
epoch 49: train 9.9111 | val 6,6: 10.8230 | 9,6: 9.2614 | 12,6: 8.0640 | 15,3: 11.4585
epoch 50: train 9.9026 | val 6,6: 10.7965 | 9,6: 9.2685 | 12,6: 8.0421 | 15,3: 11.4338
epoch 51: train 9.9005 | val 6,6: 10.7920 | 9,6: 9.2546 | 12,6: 8.0548 | 15,3: 11.4179
epoch 52: train 9.8986 | val 6,6: 10.7891 | 9,6: 9.2469 | 12,6: 8.0287 | 15,3: 11.4064
epoch 53: train 9.8960 | val 6,6: 10.7915 | 9,6: 9.2445 | 12,6: 8.0315 | 15,3: 11.4104
epoch 54: train 9.8966 | val 6,6: 10.7911 | 9,6: 9.2495 | 12,6: 8.0544 | 15,3: 11.3977
epoch 55: train 9.9003 | val 6,6: 10.7769 | 9,6: 9.2500 | 12,6: 8.0331 | 15,3: 11.3943
epoch 56: train 9.9125 | val 6,6: 10.7899 | 9,6: 9.2589 | 12,6: 8.0455 | 15,3: 11.4837
epoch 57: train 9.9188 | val 6,6: 10.7799 | 9,6: 9.2533 | 12,6: 8.0297 | 15,3: 11.4764
epoch 58: train 9.9110 | val 6,6: 10.7914 | 9,6: 9.2646 | 12,6: 8.0332 | 15,3: 11.4604
epoch 59: train 9.9113 | val 6,6: 10.7797 | 9,6: 9.2491 | 12,6: 8.0406 | 15,3: 11.4748
epoch 60: train 9.9088 | val 6,6: 10.7725 | 9,6: 9.2520 | 12,6: 8.0361 | 15,3: 11.4730
epoch 61: train 9.9069 | val 6,6: 10.7786 | 9,6: 9.2606 | 12,6: 8.0365 | 15,3: 11.5246
epoch 62: train 9.9022 | val 6,6: 10.7686 | 9,6: 9.2435 | 12,6: 8.0336 | 15,3: 11.4529
epoch 63: train 9.8995 | val 6,6: 10.7639 | 9,6: 9.2476 | 12,6: 8.0264 | 15,3: 11.4465
epoch 64: train 9.8995 | val 6,6: 10.7686 | 9,6: 9.2486 | 12,6: 8.0514 | 15,3: 11.4684
epoch 65: train 9.9098 | val 6,6: 10.7574 | 9,6: 9.2476 | 12,6: 8.0315 | 15,3: 11.5175
epoch 66: train 9.8984 | val 6,6: 10.7664 | 9,6: 9.2709 | 12,6: 8.0421 | 15,3: 11.4471
epoch 67: train 9.8923 | val 6,6: 10.7245 | 9,6: 9.2437 | 12,6: 8.0300 | 15,3: 11.4071
epoch 68: train 9.8872 | val 6,6: 10.7239 | 9,6: 9.2381 | 12,6: 8.0262 | 15,3: 11.3965
epoch 69: train 9.8836 | val 6,6: 10.7210 | 9,6: 9.2482 | 12,6: 8.0284 | 15,3: 11.4830
epoch 70: train 9.8871 | val 6,6: 10.7225 | 9,6: 9.2418 | 12,6: 8.0308 | 15,3: 11.4442
epoch 71: train 9.8858 | val 6,6: 10.7193 | 9,6: 9.2441 | 12,6: 8.0302 | 15,3: 11.4167
epoch 72: train 9.8771 | val 6,6: 10.7204 | 9,6: 9.2471 | 12,6: 8.0338 | 15,3: 11.3951
epoch 73: train 9.8727 | val 6,6: 10.7155 | 9,6: 9.2519 | 12,6: 8.0280 | 15,3: 11.3912
epoch 74: train 9.8705 | val 6,6: 10.7052 | 9,6: 9.2416 | 12,6: 8.0374 | 15,3: 11.3791
epoch 75: train 9.8694 | val 6,6: 10.7172 | 9,6: 9.2340 | 12,6: 8.0270 | 15,3: 11.4101
epoch 76: train 9.8720 | val 6,6: 10.7087 | 9,6: 9.2308 | 12,6: 8.0342 | 15,3: 11.4004
epoch 77: train 9.8698 | val 6,6: 10.6981 | 9,6: 9.2205 | 12,6: 8.0310 | 15,3: 11.4027
epoch 78: train 9.8717 | val 6,6: 10.6943 | 9,6: 9.2310 | 12,6: 8.0341 | 15,3: 11.4130
epoch 79: train 9.8675 | val 6,6: 10.6962 | 9,6: 9.2245 | 12,6: 8.0266 | 15,3: 11.4063
epoch 80: train 9.8658 | val 6,6: 10.6742 | 9,6: 9.2151 | 12,6: 8.0197 | 15,3: 11.4040
epoch 81: train 9.8760 | val 6,6: 10.6904 | 9,6: 9.2250 | 12,6: 8.0342 | 15,3: 11.4451
epoch 82: train 9.8715 | val 6,6: 10.7030 | 9,6: 9.2147 | 12,6: 8.0215 | 15,3: 11.4448
epoch 83: train 9.8704 | val 6,6: 10.6802 | 9,6: 9.2142 | 12,6: 8.0350 | 15,3: 11.4432
epoch 84: train 9.8735 | val 6,6: 10.6822 | 9,6: 9.2101 | 12,6: 8.0342 | 15,3: 11.4953
epoch 85: train 9.8749 | val 6,6: 10.6936 | 9,6: 9.2118 | 12,6: 8.0333 | 15,3: 11.4630
epoch 86: train 9.8718 | val 6,6: 10.6702 | 9,6: 9.1995 | 12,6: 8.0202 | 15,3: 11.4567
epoch 87: train 9.8686 | val 6,6: 10.6755 | 9,6: 9.1963 | 12,6: 8.0300 | 15,3: 11.4567
epoch 88: train 9.8671 | val 6,6: 10.6611 | 9,6: 9.2016 | 12,6: 8.0622 | 15,3: 11.4840
epoch 89: train 9.8752 | val 6,6: 10.6692 | 9,6: 9.1951 | 12,6: 8.0312 | 15,3: 11.4708
epoch 90: train 9.8657 | val 6,6: 10.6698 | 9,6: 9.2079 | 12,6: 8.0257 | 15,3: 11.4244
epoch 91: train 9.8597 | val 6,6: 10.6572 | 9,6: 9.1899 | 12,6: 8.0256 | 15,3: 11.4142
epoch 92: train 9.8583 | val 6,6: 10.6626 | 9,6: 9.1936 | 12,6: 8.0236 | 15,3: 11.4592
epoch 93: train 9.8580 | val 6,6: 10.6635 | 9,6: 9.1901 | 12,6: 8.0222 | 15,3: 11.4735
epoch 94: train 9.8598 | val 6,6: 10.6534 | 9,6: 9.1890 | 12,6: 8.0299 | 15,3: 11.4445
epoch 95: train 9.8624 | val 6,6: 10.6497 | 9,6: 9.1783 | 12,6: 8.0201 | 15,3: 11.4647
epoch 96: train 9.8567 | val 6,6: 10.6478 | 9,6: 9.1802 | 12,6: 8.0273 | 15,3: 11.4609
epoch 97: train 9.8526 | val 6,6: 10.6503 | 9,6: 9.1734 | 12,6: 8.0182 | 15,3: 11.4650
epoch 98: train 9.8533 | val 6,6: 10.6425 | 9,6: 9.1794 | 12,6: 8.0253 | 15,3: 11.4402
epoch 99: train 9.8471 | val 6,6: 10.6742 | 9,6: 9.1939 | 12,6: 8.0246 | 15,3: 11.4456
epoch 100: train 9.8477 | val 6,6: 10.6360 | 9,6: 9.1739 | 12,6: 8.0202 | 15,3: 11.4316
epoch 101: train 9.8458 | val 6,6: 10.6558 | 9,6: 9.1725 | 12,6: 8.0150 | 15,3: 11.4439
epoch 102: train 9.8436 | val 6,6: 10.6337 | 9,6: 9.1704 | 12,6: 8.0129 | 15,3: 11.5688
epoch 103: train 9.8387 | val 6,6: 10.6391 | 9,6: 9.1690 | 12,6: 8.0140 | 15,3: 11.4191
epoch 104: train 9.8380 | val 6,6: 10.6427 | 9,6: 9.1799 | 12,6: 8.0191 | 15,3: 11.4352
epoch 105: train 9.8408 | val 6,6: 10.6441 | 9,6: 9.1658 | 12,6: 8.0140 | 15,3: 11.4163
epoch 106: train 9.8368 | val 6,6: 10.6363 | 9,6: 9.1666 | 12,6: 8.0419 | 15,3: 11.4137
epoch 107: train 9.8340 | val 6,6: 10.6302 | 9,6: 9.1703 | 12,6: 8.0270 | 15,3: 11.4020
epoch 108: train 9.8340 | val 6,6: 10.6386 | 9,6: 9.1651 | 12,6: 8.0204 | 15,3: 11.4097
epoch 109: train 9.8348 | val 6,6: 10.6367 | 9,6: 9.1662 | 12,6: 8.0108 | 15,3: 11.4012
epoch 110: train 9.8302 | val 6,6: 10.6537 | 9,6: 9.1853 | 12,6: 8.0256 | 15,3: 11.4004
epoch 111: train 9.8298 | val 6,6: 10.6393 | 9,6: 9.1667 | 12,6: 8.0128 | 15,3: 11.3980
epoch 112: train 9.8314 | val 6,6: 10.6390 | 9,6: 9.1618 | 12,6: 8.0258 | 15,3: 11.4302
epoch 113: train 9.8329 | val 6,6: 10.6352 | 9,6: 9.1632 | 12,6: 8.0146 | 15,3: 11.3930
epoch 114: train 9.8318 | val 6,6: 10.6530 | 9,6: 9.1867 | 12,6: 8.0409 | 15,3: 11.4031
epoch 115: train 9.8315 | val 6,6: 10.8078 | 9,6: 9.1856 | 12,6: 8.0282 | 15,3: 11.4268
epoch 116: train 9.8271 | val 6,6: 10.7362 | 9,6: 9.1623 | 12,6: 8.0070 | 15,3: 11.4042
epoch 117: train 9.8285 | val 6,6: 10.6411 | 9,6: 9.1708 | 12,6: 8.0304 | 15,3: 11.4003
epoch 118: train 9.8282 | val 6,6: 10.6549 | 9,6: 9.1589 | 12,6: 8.0085 | 15,3: 11.3913
epoch 119: train 9.8266 | val 6,6: 10.6443 | 9,6: 9.1645 | 12,6: 8.0221 | 15,3: 11.3971
epoch 120: train 9.8320 | val 6,6: 10.6355 | 9,6: 9.1623 | 12,6: 8.0130 | 15,3: 11.4106
epoch 121: train 9.8262 | val 6,6: 10.6932 | 9,6: 9.1686 | 12,6: 8.0149 | 15,3: 11.4122
epoch 122: train 9.8274 | val 6,6: 10.6451 | 9,6: 9.1640 | 12,6: 8.0138 | 15,3: 11.4283
epoch 123: train 9.8266 | val 6,6: 10.6537 | 9,6: 9.1640 | 12,6: 8.0207 | 15,3: 11.4082
epoch 124: train 9.8237 | val 6,6: 10.6623 | 9,6: 9.2040 | 12,6: 8.0347 | 15,3: 11.3936
epoch 125: train 9.8223 | val 6,6: 10.6289 | 9,6: 9.1551 | 12,6: 8.0082 | 15,3: 11.4025
epoch 126: train 9.8275 | val 6,6: 10.6619 | 9,6: 9.1580 | 12,6: 8.0083 | 15,3: 11.4162
epoch 127: train 9.8248 | val 6,6: 10.6358 | 9,6: 9.1591 | 12,6: 8.0255 | 15,3: 11.4084
epoch 128: train 9.8285 | val 6,6: 10.6514 | 9,6: 9.1558 | 12,6: 8.0190 | 15,3: 11.7244
epoch 129: train 9.8302 | val 6,6: 10.6400 | 9,6: 9.1552 | 12,6: 8.0159 | 15,3: 11.4382
epoch 130: train 9.8269 | val 6,6: 10.6244 | 9,6: 9.1516 | 12,6: 8.0323 | 15,3: 11.4395
epoch 131: train 9.8263 | val 6,6: 10.6640 | 9,6: 9.1643 | 12,6: 8.0230 | 15,3: 11.4281
epoch 132: train 9.8292 | val 6,6: 10.6490 | 9,6: 9.1587 | 12,6: 8.0389 | 15,3: 11.4389
epoch 133: train 9.8251 | val 6,6: 10.6365 | 9,6: 9.1519 | 12,6: 8.0094 | 15,3: 11.4100
epoch 134: train 9.8232 | val 6,6: 10.6611 | 9,6: 9.1574 | 12,6: 8.0225 | 15,3: 11.6268
epoch 135: train 9.8258 | val 6,6: 10.6382 | 9,6: 9.1565 | 12,6: 8.0292 | 15,3: 11.4174
epoch 136: train 9.8233 | val 6,6: 10.6263 | 9,6: 9.1367 | 12,6: 8.0094 | 15,3: 11.4255
epoch 137: train 9.8221 | val 6,6: 10.6295 | 9,6: 9.1491 | 12,6: 8.0161 | 15,3: 11.5391
epoch 138: train 9.8242 | val 6,6: 10.6368 | 9,6: 9.1431 | 12,6: 8.0332 | 15,3: 11.4263
epoch 139: train 9.8187 | val 6,6: 10.6397 | 9,6: 9.1438 | 12,6: 8.0172 | 15,3: 11.4021
epoch 140: train 9.8188 | val 6,6: 10.6424 | 9,6: 9.1541 | 12,6: 8.0259 | 15,3: 11.4369
epoch 141: train 9.8197 | val 6,6: 10.6521 | 9,6: 9.1465 | 12,6: 8.0205 | 15,3: 11.4140
epoch 142: train 9.8251 | val 6,6: 10.6746 | 9,6: 9.2078 | 12,6: 8.0797 | 15,3: 11.4385
epoch 143: train 9.8312 | val 6,6: 10.6599 | 9,6: 9.1469 | 12,6: 8.0091 | 15,3: 11.4465
epoch 144: train 9.8314 | val 6,6: 10.6318 | 9,6: 9.1405 | 12,6: 8.0106 | 15,3: 11.4114
epoch 145: train 9.8305 | val 6,6: 10.6346 | 9,6: 9.1472 | 12,6: 8.0213 | 15,3: 11.4410
epoch 146: train 9.8297 | val 6,6: 10.6430 | 9,6: 9.1468 | 12,6: 8.0192 | 15,3: 11.4092
epoch 147: train 9.8271 | val 6,6: 10.6263 | 9,6: 9.1391 | 12,6: 8.0174 | 15,3: 11.4004
epoch 148: train 9.8266 | val 6,6: 10.6256 | 9,6: 9.1354 | 12,6: 8.0016 | 15,3: 11.4101
epoch 149: train 9.8216 | val 6,6: 10.6574 | 9,6: 9.1602 | 12,6: 8.0309 | 15,3: 11.3969
epoch 150: train 9.8225 | val 6,6: 10.6295 | 9,6: 9.1394 | 12,6: 8.0162 | 15,3: 11.3894
epoch 151: train 9.8219 | val 6,6: 10.6269 | 9,6: 9.1492 | 12,6: 8.0213 | 15,3: 11.4183
epoch 152: train 9.8228 | val 6,6: 10.6256 | 9,6: 9.1432 | 12,6: 8.0193 | 15,3: 11.5000
epoch 153: train 9.8254 | val 6,6: 10.6473 | 9,6: 9.1700 | 12,6: 8.0293 | 15,3: 11.4652
epoch 154: train 9.8212 | val 6,6: 10.6244 | 9,6: 9.1457 | 12,6: 8.0078 | 15,3: 11.4427
epoch 155: train 9.8221 | val 6,6: 10.6533 | 9,6: 9.1466 | 12,6: 8.0254 | 15,3: 11.4107
epoch 156: train 9.8185 | val 6,6: 10.6318 | 9,6: 9.1454 | 12,6: 8.0176 | 15,3: 11.3960
epoch 157: train 9.8215 | val 6,6: 10.6259 | 9,6: 9.1442 | 12,6: 8.0158 | 15,3: 11.4033
epoch 158: train 9.8210 | val 6,6: 10.6475 | 9,6: 9.1362 | 12,6: 8.0139 | 15,3: 11.4005
epoch 159: train 9.8170 | val 6,6: 10.6855 | 9,6: 9.1418 | 12,6: 8.0341 | 15,3: 11.4024
epoch 160: train 9.8202 | val 6,6: 10.6374 | 9,6: 9.1505 | 12,6: 8.0254 | 15,3: 11.3963
epoch 161: train 9.8181 | val 6,6: 10.6508 | 9,6: 9.1414 | 12,6: 8.0067 | 15,3: 11.3987
epoch 162: train 9.8174 | val 6,6: 10.6375 | 9,6: 9.1436 | 12,6: 8.0093 | 15,3: 11.4652
epoch 163: train 9.8216 | val 6,6: 10.6539 | 9,6: 9.1523 | 12,6: 8.0097 | 15,3: 11.3950
epoch 164: train 9.8147 | val 6,6: 10.6265 | 9,6: 9.1373 | 12,6: 8.0095 | 15,3: 11.7388
epoch 165: train 9.8136 | val 6,6: 10.6267 | 9,6: 9.1337 | 12,6: 8.0055 | 15,3: 11.4026
epoch 166: train 9.8161 | val 6,6: 10.6260 | 9,6: 9.1403 | 12,6: 8.0249 | 15,3: 11.4226
epoch 167: train 9.8132 | val 6,6: 10.6585 | 9,6: 9.1476 | 12,6: 8.0119 | 15,3: 11.4095
epoch 168: train 9.8168 | val 6,6: 10.6307 | 9,6: 9.1345 | 12,6: 8.0082 | 15,3: 11.3975
epoch 169: train 9.8127 | val 6,6: 10.6160 | 9,6: 9.1348 | 12,6: 8.0103 | 15,3: 11.4124
epoch 170: train 9.8132 | val 6,6: 10.6206 | 9,6: 9.1409 | 12,6: 8.0079 | 15,3: 11.4102
epoch 171: train 9.8088 | val 6,6: 10.6311 | 9,6: 9.1414 | 12,6: 8.0128 | 15,3: 11.4233
epoch 172: train 9.8178 | val 6,6: 10.6708 | 9,6: 9.1491 | 12,6: 8.0072 | 15,3: 11.7014
epoch 173: train 9.8110 | val 6,6: 10.6204 | 9,6: 9.1313 | 12,6: 8.0110 | 15,3: 11.3965
epoch 174: train 9.8095 | val 6,6: 10.6391 | 9,6: 9.1421 | 12,6: 8.0052 | 15,3: 11.5020
epoch 175: train 9.8105 | val 6,6: 10.6222 | 9,6: 9.1419 | 12,6: 8.0146 | 15,3: 11.5996
epoch 176: train 9.8115 | val 6,6: 10.6253 | 9,6: 9.1374 | 12,6: 8.0025 | 15,3: 11.4498
epoch 177: train 9.8127 | val 6,6: 10.6238 | 9,6: 9.1369 | 12,6: 8.0148 | 15,3: 11.4622
epoch 178: train 9.8116 | val 6,6: 10.6523 | 9,6: 9.1407 | 12,6: 8.0038 | 15,3: 11.3935
epoch 179: train 9.8090 | val 6,6: 10.6418 | 9,6: 9.1348 | 12,6: 8.0082 | 15,3: 11.4275
epoch 180: train 9.8096 | val 6,6: 10.7066 | 9,6: 9.1465 | 12,6: 8.0103 | 15,3: 11.3820
epoch 181: train 9.8088 | val 6,6: 10.6492 | 9,6: 9.1420 | 12,6: 8.0348 | 15,3: 11.4071
epoch 182: train 9.8101 | val 6,6: 10.7077 | 9,6: 9.1677 | 12,6: 8.0177 | 15,3: 11.3865
epoch 183: train 9.8101 | val 6,6: 10.6758 | 9,6: 9.1595 | 12,6: 8.0225 | 15,3: 11.3771
epoch 184: train 9.8126 | val 6,6: 10.7878 | 9,6: 9.1941 | 12,6: 8.0413 | 15,3: 11.3789
epoch 185: train 9.8053 | val 6,6: 10.6883 | 9,6: 9.1610 | 12,6: 8.0244 | 15,3: 11.4297
epoch 186: train 9.8081 | val 6,6: 10.6348 | 9,6: 9.1403 | 12,6: 8.0086 | 15,3: 11.3715
epoch 187: train 9.8122 | val 6,6: 10.6263 | 9,6: 9.1351 | 12,6: 8.0131 | 15,3: 11.4100
epoch 188: train 9.8073 | val 6,6: 10.7965 | 9,6: 9.1897 | 12,6: 8.0368 | 15,3: 11.3968
epoch 189: train 9.8087 | val 6,6: 10.7191 | 9,6: 9.2019 | 12,6: 8.0318 | 15,3: 11.4121
epoch 190: train 9.8074 | val 6,6: 10.6230 | 9,6: 9.1412 | 12,6: 8.0062 | 15,3: 11.5421
epoch 191: train 9.8067 | val 6,6: 10.6145 | 9,6: 9.1265 | 12,6: 8.0034 | 15,3: 11.3842
epoch 192: train 9.8071 | val 6,6: 11.0224 | 9,6: 9.3611 | 12,6: 8.0827 | 15,3: 11.4282
epoch 193: train 9.8028 | val 6,6: 10.6347 | 9,6: 9.1312 | 12,6: 8.0125 | 15,3: 11.4015
epoch 194: train 9.8035 | val 6,6: 10.6088 | 9,6: 9.1285 | 12,6: 8.0025 | 15,3: 11.4274
epoch 195: train 9.8060 | val 6,6: 10.6738 | 9,6: 9.1573 | 12,6: 8.0296 | 15,3: 11.4065
epoch 196: train 9.8048 | val 6,6: 10.6070 | 9,6: 9.1403 | 12,6: 8.0165 | 15,3: 11.3750
epoch 197: train 9.8028 | val 6,6: 10.6444 | 9,6: 9.1380 | 12,6: 8.0168 | 15,3: 11.3760
epoch 198: train 9.8004 | val 6,6: 10.6257 | 9,6: 9.1440 | 12,6: 8.0136 | 15,3: 11.3893
epoch 199: train 9.8032 | val 6,6: 10.6557 | 9,6: 9.1502 | 12,6: 7.9983 | 15,3: 11.3842
epoch 200: train 9.7987 | val 6,6: 10.6214 | 9,6: 9.1538 | 12,6: 7.9938 | 15,3: 11.3741
epoch 201: train 9.7982 | val 6,6: 10.6588 | 9,6: 9.1294 | 12,6: 8.0026 | 15,3: 11.3812
epoch 202: train 9.7993 | val 6,6: 10.6852 | 9,6: 9.1574 | 12,6: 8.0063 | 15,3: 11.3825
epoch 203: train 9.7967 | val 6,6: 10.7504 | 9,6: 9.1691 | 12,6: 8.0123 | 15,3: 11.3787
epoch 204: train 9.8092 | val 6,6: 10.7276 | 9,6: 9.1716 | 12,6: 8.0153 | 15,3: 11.3908
epoch 205: train 9.8078 | val 6,6: 10.7190 | 9,6: 9.1627 | 12,6: 8.0122 | 15,3: 11.4068
epoch 206: train 9.8049 | val 6,6: 10.6154 | 9,6: 9.1343 | 12,6: 7.9920 | 15,3: 11.4027
epoch 207: train 9.8041 | val 6,6: 10.6436 | 9,6: 9.1411 | 12,6: 8.0064 | 15,3: 11.5068
epoch 208: train 9.8147 | val 6,6: 10.6418 | 9,6: 9.1302 | 12,6: 8.0007 | 15,3: 11.4259
epoch 209: train 9.8066 | val 6,6: 10.6413 | 9,6: 9.1418 | 12,6: 8.0049 | 15,3: 11.4052
epoch 210: train 9.8022 | val 6,6: 10.6256 | 9,6: 9.1356 | 12,6: 8.0159 | 15,3: 11.4325
epoch 211: train 9.8089 | val 6,6: 10.6200 | 9,6: 9.1394 | 12,6: 8.0129 | 15,3: 11.4299
epoch 212: train 9.8093 | val 6,6: 10.9106 | 9,6: 9.2511 | 12,6: 8.0298 | 15,3: 11.5019
epoch 213: train 9.8019 | val 6,6: 10.6115 | 9,6: 9.1286 | 12,6: 7.9902 | 15,3: 11.3819
epoch 214: train 9.8017 | val 6,6: 10.8029 | 9,6: 9.1704 | 12,6: 7.9943 | 15,3: 11.4284
epoch 215: train 9.8038 | val 6,6: 10.7609 | 9,6: 9.1924 | 12,6: 7.9999 | 15,3: 11.4401
epoch 216: train 9.8031 | val 6,6: 10.9316 | 9,6: 9.2129 | 12,6: 8.0071 | 15,3: 11.4069
epoch 217: train 9.8092 | val 6,6: 10.6178 | 9,6: 9.1238 | 12,6: 7.9896 | 15,3: 11.4384
epoch 218: train 9.8112 | val 6,6: 10.6383 | 9,6: 9.1387 | 12,6: 8.0070 | 15,3: 11.4247
epoch 219: train 9.8038 | val 6,6: 10.6295 | 9,6: 9.1365 | 12,6: 8.0163 | 15,3: 11.4150
epoch 220: train 9.8042 | val 6,6: 10.7924 | 9,6: 9.2175 | 12,6: 8.0009 | 15,3: 11.3916
epoch 221: train 9.7998 | val 6,6: 10.8016 | 9,6: 9.1587 | 12,6: 8.0026 | 15,3: 11.4208
epoch 222: train 9.7995 | val 6,6: 10.7137 | 9,6: 9.1341 | 12,6: 7.9980 | 15,3: 11.3830
epoch 223: train 9.7979 | val 6,6: 10.6787 | 9,6: 9.1355 | 12,6: 7.9877 | 15,3: 11.3807
epoch 224: train 9.7978 | val 6,6: 10.6442 | 9,6: 9.1376 | 12,6: 8.0080 | 15,3: 11.3794
epoch 225: train 9.7988 | val 6,6: 10.6258 | 9,6: 9.1251 | 12,6: 7.9884 | 15,3: 11.4083
epoch 226: train 9.7975 | val 6,6: 10.8832 | 9,6: 9.2181 | 12,6: 7.9966 | 15,3: 11.3808
epoch 227: train 9.7974 | val 6,6: 10.6397 | 9,6: 9.1274 | 12,6: 7.9830 | 15,3: 11.3836
epoch 228: train 9.7966 | val 6,6: 10.7766 | 9,6: 9.1926 | 12,6: 7.9975 | 15,3: 11.3791
epoch 229: train 9.7960 | val 6,6: 10.6441 | 9,6: 9.1456 | 12,6: 7.9928 | 15,3: 11.3781
epoch 230: train 9.7919 | val 6,6: 10.6228 | 9,6: 9.1447 | 12,6: 7.9937 | 15,3: 11.3766
epoch 231: train 9.7985 | val 6,6: 10.6472 | 9,6: 9.1299 | 12,6: 7.9911 | 15,3: 11.3728
epoch 232: train 9.7947 | val 6,6: 10.6153 | 9,6: 9.1319 | 12,6: 7.9933 | 15,3: 11.3817
epoch 233: train 9.7948 | val 6,6: 10.6867 | 9,6: 9.1568 | 12,6: 7.9805 | 15,3: 11.3745
epoch 234: train 9.8004 | val 6,6: 10.6092 | 9,6: 9.1297 | 12,6: 7.9964 | 15,3: 11.3913
epoch 235: train 9.7929 | val 6,6: 10.6617 | 9,6: 9.1644 | 12,6: 8.0086 | 15,3: 11.3796
epoch 236: train 9.7925 | val 6,6: 10.6127 | 9,6: 9.1327 | 12,6: 7.9972 | 15,3: 11.3780
epoch 237: train 9.7925 | val 6,6: 10.8237 | 9,6: 9.1992 | 12,6: 7.9791 | 15,3: 11.3702
epoch 238: train 9.7962 | val 6,6: 10.6149 | 9,6: 9.1218 | 12,6: 7.9768 | 15,3: 11.4109
epoch 239: train 9.7927 | val 6,6: 10.6052 | 9,6: 9.1311 | 12,6: 7.9819 | 15,3: 11.4662
epoch 240: train 9.7909 | val 6,6: 10.6624 | 9,6: 9.1491 | 12,6: 7.9938 | 15,3: 11.3807
epoch 241: train 9.7935 | val 6,6: 10.6101 | 9,6: 9.1269 | 12,6: 7.9952 | 15,3: 11.3619
epoch 242: train 9.7915 | val 6,6: 10.6317 | 9,6: 9.1195 | 12,6: 7.9794 | 15,3: 11.3694
epoch 243: train 9.8009 | val 6,6: 10.7089 | 9,6: 9.1347 | 12,6: 7.9873 | 15,3: 11.4700
epoch 244: train 9.8119 | val 6,6: 10.6914 | 9,6: 9.1549 | 12,6: 8.0077 | 15,3: 11.4817
epoch 245: train 9.8044 | val 6,6: 10.6163 | 9,6: 9.1279 | 12,6: 7.9906 | 15,3: 11.3827
epoch 246: train 9.7986 | val 6,6: 10.6550 | 9,6: 9.1531 | 12,6: 7.9865 | 15,3: 11.3791
epoch 247: train 9.7947 | val 6,6: 10.6184 | 9,6: 9.1337 | 12,6: 7.9801 | 15,3: 11.3691
epoch 248: train 9.7939 | val 6,6: 10.5986 | 9,6: 9.1150 | 12,6: 7.9761 | 15,3: 11.3821
epoch 249: train 9.8242 | val 6,6: 10.6065 | 9,6: 9.1224 | 12,6: 7.9801 | 15,3: 11.5358
restored best-val weights from epoch 248 (val 9.7680)
saved /vol/bitbucket/osella/rl-qecc-data/supervisedLearning/sweep2/g5_mix_66-96-126-153_H7_s54321.pth

## /vol/bitbucket/osella/rl-qecc-data/supervisedLearning/sweep2/g5_mix_66-96-126-153_H7_s54321.pth on held-out test l=6, m=6 (89505 codes) — 2026-07-28

- data: `held-out 10% of /vol/bitbucket/osella/rl-qecc-data/supervisedLearning/codeEvaluationTrainingData (size 6,6)`
- Binomial NLL: **10.5956** (noise floor 10.1239)
- reward MAE: **0.02863**
- k MAE: **0.78** logical qubits
- Spearman: **0.890**, Kendall: 0.717
- top-k overlap (k=50): **0.22**


## /vol/bitbucket/osella/rl-qecc-data/supervisedLearning/sweep2/g5_mix_66-96-126-153_H7_s54321.pth on held-out test l=9, m=6 (274574 codes) — 2026-07-28

- data: `held-out 10% of /vol/bitbucket/osella/rl-qecc-data/supervisedLearning/codeEvaluationTrainingData (size 9,6)`
- Binomial NLL: **9.1038** (noise floor 8.6718)
- reward MAE: **0.02678**
- k MAE: **0.39** logical qubits
- Spearman: **0.896**, Kendall: 0.721
- top-k overlap (k=50): **0.26**


## /vol/bitbucket/osella/rl-qecc-data/supervisedLearning/sweep2/g5_mix_66-96-126-153_H7_s54321.pth on held-out test l=12, m=6 (135322 codes) — 2026-07-28

- data: `held-out 10% of /vol/bitbucket/osella/rl-qecc-data/supervisedLearning/codeEvaluationTrainingData (size 12,6)`
- Binomial NLL: **7.9073** (noise floor 7.3821)
- reward MAE: **0.02415**
- k MAE: **1.57** logical qubits
- Spearman: **0.865**, Kendall: 0.685
- top-k overlap (k=50): **0.50**


## /vol/bitbucket/osella/rl-qecc-data/supervisedLearning/sweep2/g5_mix_66-96-126-153_H7_s54321.pth on held-out test l=15, m=3 (441229 codes) — 2026-07-28

- data: `held-out 10% of /vol/bitbucket/osella/rl-qecc-data/supervisedLearning/codeEvaluationTrainingData (size 15,3)`
- Binomial NLL: **11.2555** (noise floor 10.4332)
- reward MAE: **0.03500**
- k MAE: **1.44** logical qubits
- Spearman: **0.797**, Kendall: 0.612
- top-k overlap (k=50): **0.06**

/vol/bitbucket/osella/rl-qecc-data/supervisedLearning/sweep2/claimed/p0_g5_mix_66-96-126-153_H7_s54321.slurm267004: error reading input file: Stale file handle
