device: cuda; sizes: [(6, 6), (9, 6), (12, 6), (15, 3)]; curve loss on: [(6, 6), (9, 6), (12, 6), (15, 3)]; lr: 0.001; H: 4
loadCodeEvaluations: kept 895050 codes on the requested grid; dropped 1948461 records whose grid does not contain all its points
  size 6,6: 895050 codes (716040 train) curveLoss=True
loadCodeEvaluations: kept 2745739 codes on the requested grid; dropped 2681591 records whose grid does not contain all its points
  size 9,6: 2745739 codes (2196591 train) curveLoss=True
loadCodeEvaluations: kept 1353227 codes on the requested grid; dropped 457979 records whose grid does not contain all its points
  size 12,6: 1353227 codes (1082582 train) curveLoss=True
loadCodeEvaluations: kept 4412297 codes on the requested grid; dropped 458644 records whose grid does not contain all its points
  size 15,3: 4412297 codes (3529838 train) curveLoss=True
epoch 0: train 10.6780 | val 6,6: 11.6345 | 9,6: 9.6981 | 12,6: 8.5269 | 15,3: 11.6605
epoch 1: train 10.3062 | val 6,6: 11.3132 | 9,6: 9.5618 | 12,6: 8.4421 | 15,3: 11.7953
epoch 2: train 10.1758 | val 6,6: 11.1091 | 9,6: 9.4619 | 12,6: 8.3013 | 15,3: 11.6918
epoch 3: train 10.1314 | val 6,6: 11.0326 | 9,6: 9.4462 | 12,6: 8.2825 | 15,3: 11.5816
epoch 4: train 10.1087 | val 6,6: 10.9685 | 9,6: 9.4476 | 12,6: 8.2980 | 15,3: 11.5771
epoch 5: train 10.0922 | val 6,6: 10.9374 | 9,6: 9.4269 | 12,6: 8.2779 | 15,3: 11.5733
restored best-val weights from epoch 5 (val 10.0539)
saved /vol/bitbucket/osella/rl-qecc-data/supervisedLearning/sweep2/g5_mix_66-96-126-153_H4_s466555.pth

## /vol/bitbucket/osella/rl-qecc-data/supervisedLearning/sweep2/g5_mix_66-96-126-153_H4_s466555.pth on held-out test l=6, m=6 (89505 codes) — 2026-07-29

- data: `held-out 10% of /vol/bitbucket/osella/rl-qecc-data/supervisedLearning/codeEvaluationTrainingData (size 6,6)`
- Binomial NLL: **10.8133** (noise floor 10.1008)
- reward MAE: **0.03652**
- k MAE: **1.76** logical qubits
- Spearman: **0.821**, Kendall: 0.636
- top-k overlap (k=50): **0.14**


## /vol/bitbucket/osella/rl-qecc-data/supervisedLearning/sweep2/g5_mix_66-96-126-153_H4_s466555.pth on held-out test l=9, m=6 (274574 codes) — 2026-07-29

- data: `held-out 10% of /vol/bitbucket/osella/rl-qecc-data/supervisedLearning/codeEvaluationTrainingData (size 9,6)`
- Binomial NLL: **9.3145** (noise floor 8.6757)
- reward MAE: **0.03705**
- k MAE: **1.61** logical qubits
- Spearman: **0.788**, Kendall: 0.594
- top-k overlap (k=50): **0.16**


## /vol/bitbucket/osella/rl-qecc-data/supervisedLearning/sweep2/g5_mix_66-96-126-153_H4_s466555.pth on held-out test l=12, m=6 (135322 codes) — 2026-07-29

- data: `held-out 10% of /vol/bitbucket/osella/rl-qecc-data/supervisedLearning/codeEvaluationTrainingData (size 12,6)`
- Binomial NLL: **8.0749** (noise floor 7.3754)
- reward MAE: **0.03130**
- k MAE: **2.42** logical qubits
- Spearman: **0.760**, Kendall: 0.572
- top-k overlap (k=50): **0.32**


## /vol/bitbucket/osella/rl-qecc-data/supervisedLearning/sweep2/g5_mix_66-96-126-153_H4_s466555.pth on held-out test l=15, m=3 (441229 codes) — 2026-07-29

- data: `held-out 10% of /vol/bitbucket/osella/rl-qecc-data/supervisedLearning/codeEvaluationTrainingData (size 15,3)`
- Binomial NLL: **11.4104** (noise floor 10.4262)
- reward MAE: **0.04443**
- k MAE: **1.82** logical qubits
- Spearman: **0.686**, Kendall: 0.501
- top-k overlap (k=50): **0.22**

