device: cuda; sizes: [(6, 6), (9, 6)]; curve loss on: [(6, 6), (9, 6)]; lr: 0.001; H: 4
loadCodeEvaluations: kept 895050 codes on the requested grid; dropped 1948461 records whose grid does not contain all its points
  size 6,6: 895050 codes (716040 train) curveLoss=True
loadCodeEvaluations: kept 2745739 codes on the requested grid; dropped 2681591 records whose grid does not contain all its points
  size 9,6: 2745739 codes (2196591 train) curveLoss=True
epoch 0: train 11.1065 | val 6,6: 11.7084 | 9,6: 9.7142
epoch 1: train 10.5535 | val 6,6: 11.2214 | 9,6: 9.5723
epoch 2: train 10.3792 | val 6,6: 11.1059 | 9,6: 9.5046
epoch 3: train 10.3292 | val 6,6: 11.0353 | 9,6: 9.4971
epoch 4: train 10.2999 | val 6,6: 11.0117 | 9,6: 9.4969
epoch 5: train 10.2788 | val 6,6: 11.0102 | 9,6: 9.4756
epoch 6: train 10.2606 | val 6,6: 10.9856 | 9,6: 9.4589
epoch 7: train 10.2378 | val 6,6: 10.9923 | 9,6: 9.4412
epoch 8: train 10.2255 | val 6,6: 10.9660 | 9,6: 9.4427
epoch 9: train 10.2136 | val 6,6: 10.9400 | 9,6: 9.4224
epoch 10: train 10.1972 | val 6,6: 10.9316 | 9,6: 9.3903
epoch 11: train 10.1788 | val 6,6: 10.9254 | 9,6: 9.3636
epoch 12: train 10.1648 | val 6,6: 10.8979 | 9,6: 9.3338
epoch 13: train 10.1494 | val 6,6: 10.8879 | 9,6: 9.3310
epoch 14: train 10.1353 | val 6,6: 10.8673 | 9,6: 9.3157
epoch 15: train 10.1205 | val 6,6: 10.8480 | 9,6: 9.2930
epoch 16: train 10.1009 | val 6,6: 10.8296 | 9,6: 9.2869
epoch 17: train 10.0902 | val 6,6: 10.8151 | 9,6: 9.3081
epoch 18: train 10.0811 | val 6,6: 10.8175 | 9,6: 9.2886
epoch 19: train 10.0737 | val 6,6: 10.7699 | 9,6: 9.2712
restored best-val weights from epoch 19 (val 10.0206)
saved /vol/bitbucket/osella/rl-qecc-data/supervisedLearning/sweep2/g5_mix_66-96_H4_s7134066.pth

## /vol/bitbucket/osella/rl-qecc-data/supervisedLearning/sweep2/g5_mix_66-96_H4_s7134066.pth on held-out test l=6, m=6 (89505 codes) — 2026-07-28

- data: `held-out 10% of /vol/bitbucket/osella/rl-qecc-data/supervisedLearning/codeEvaluationTrainingData (size 6,6)`
- Binomial NLL: **10.7322** (noise floor 10.1295)
- reward MAE: **0.03296**
- k MAE: **1.32** logical qubits
- Spearman: **0.849**, Kendall: 0.667
- top-k overlap (k=50): **0.16**


## /vol/bitbucket/osella/rl-qecc-data/supervisedLearning/sweep2/g5_mix_66-96_H4_s7134066.pth on held-out test l=9, m=6 (274574 codes) — 2026-07-28

- data: `held-out 10% of /vol/bitbucket/osella/rl-qecc-data/supervisedLearning/codeEvaluationTrainingData (size 9,6)`
- Binomial NLL: **9.2169** (noise floor 8.6775)
- reward MAE: **0.03168**
- k MAE: **0.93** logical qubits
- Spearman: **0.845**, Kendall: 0.658
- top-k overlap (k=50): **0.20**

