device: cuda; sizes: [(6, 6), (9, 6), (12, 6)]; curve loss on: [(6, 6), (9, 6), (12, 6)]; lr: 0.001; H: 4
loadCodeEvaluations: kept 895050 codes on the requested grid; dropped 1948461 records whose grid does not contain all its points
  size 6,6: 895050 codes (716040 train) curveLoss=True
loadCodeEvaluations: kept 2745739 codes on the requested grid; dropped 2681591 records whose grid does not contain all its points
  size 9,6: 2745739 codes (2196591 train) curveLoss=True
loadCodeEvaluations: kept 1353227 codes on the requested grid; dropped 457979 records whose grid does not contain all its points
  size 12,6: 1353227 codes (1082582 train) curveLoss=True
epoch 0: train 10.2822 | val 6,6: 11.5445 | 9,6: 9.7469 | 12,6: 8.5958
epoch 1: train 9.8733 | val 6,6: 11.2520 | 9,6: 9.5559 | 12,6: 8.4458
epoch 2: train 9.7581 | val 6,6: 11.1527 | 9,6: 9.5063 | 12,6: 8.3956
epoch 3: train 9.7023 | val 6,6: 11.1060 | 9,6: 9.4872 | 12,6: 8.3489
restored best-val weights from epoch 3 (val 9.6474)
saved /vol/bitbucket/osella/rl-qecc-data/supervisedLearning/sweep2/g5_mix_66-96-126_H4_s466555.pth

## /vol/bitbucket/osella/rl-qecc-data/supervisedLearning/sweep2/g5_mix_66-96-126_H4_s466555.pth on held-out test l=6, m=6 (89505 codes) — 2026-07-28

- data: `held-out 10% of /vol/bitbucket/osella/rl-qecc-data/supervisedLearning/codeEvaluationTrainingData (size 6,6)`
- Binomial NLL: **10.9681** (noise floor 10.1008)
- reward MAE: **0.04028**
- k MAE: **1.74** logical qubits
- Spearman: **0.778**, Kendall: 0.592
- top-k overlap (k=50): **0.10**


## /vol/bitbucket/osella/rl-qecc-data/supervisedLearning/sweep2/g5_mix_66-96-126_H4_s466555.pth on held-out test l=9, m=6 (274574 codes) — 2026-07-28

- data: `held-out 10% of /vol/bitbucket/osella/rl-qecc-data/supervisedLearning/codeEvaluationTrainingData (size 9,6)`
- Binomial NLL: **9.3725** (noise floor 8.6757)
- reward MAE: **0.03850**
- k MAE: **1.60** logical qubits
- Spearman: **0.776**, Kendall: 0.582
- top-k overlap (k=50): **0.16**


## /vol/bitbucket/osella/rl-qecc-data/supervisedLearning/sweep2/g5_mix_66-96-126_H4_s466555.pth on held-out test l=12, m=6 (135322 codes) — 2026-07-28

- data: `held-out 10% of /vol/bitbucket/osella/rl-qecc-data/supervisedLearning/codeEvaluationTrainingData (size 12,6)`
- Binomial NLL: **8.1447** (noise floor 7.3754)
- reward MAE: **0.03382**
- k MAE: **2.43** logical qubits
- Spearman: **0.743**, Kendall: 0.555
- top-k overlap (k=50): **0.32**

