device: cuda; sizes: [(6, 6), (9, 6)]; curve loss on: [(6, 6), (9, 6)]; lr: 0.001; H: 3
loadCodeEvaluations: kept 895050 codes on the requested grid; dropped 1948461 records whose grid does not contain all its points
  size 6,6: 895050 codes (716040 train) curveLoss=True
loadCodeEvaluations: kept 2745739 codes on the requested grid; dropped 2681591 records whose grid does not contain all its points
  size 9,6: 2745739 codes (2196591 train) curveLoss=True
epoch 0: train 11.0667 | val 6,6: 11.5243 | 9,6: 9.6574
epoch 1: train 10.4624 | val 6,6: 11.1268 | 9,6: 9.5206
epoch 2: train 10.3374 | val 6,6: 11.0708 | 9,6: 9.5040
epoch 3: train 10.2990 | val 6,6: 11.0138 | 9,6: 9.4704
epoch 4: train 10.2457 | val 6,6: 10.9246 | 9,6: 9.4063
epoch 5: train 10.1870 | val 6,6: 10.8694 | 9,6: 9.3836
epoch 6: train 10.1539 | val 6,6: 10.8470 | 9,6: 9.3586
epoch 7: train 10.1346 | val 6,6: 10.8211 | 9,6: 9.3483
epoch 8: train 10.1194 | val 6,6: 10.8099 | 9,6: 9.3623
epoch 9: train 10.0891 | val 6,6: 10.7701 | 9,6: 9.3343
epoch 10: train 10.0714 | val 6,6: 10.8105 | 9,6: 9.3237
epoch 11: train 10.0538 | val 6,6: 10.7498 | 9,6: 9.2784
restored best-val weights from epoch 11 (val 10.0141)
saved /vol/bitbucket/osella/rl-qecc-data/supervisedLearning/sweep2/g5_mix_66-96_H3_s7134066.pth

## /vol/bitbucket/osella/rl-qecc-data/supervisedLearning/sweep2/g5_mix_66-96_H3_s7134066.pth on held-out test l=6, m=6 (89505 codes) — 2026-07-30

- data: `held-out 10% of /vol/bitbucket/osella/rl-qecc-data/supervisedLearning/codeEvaluationTrainingData (size 6,6)`
- Binomial NLL: **10.7083** (noise floor 10.1295)
- reward MAE: **0.03233**
- k MAE: **1.33** logical qubits
- Spearman: **0.855**, Kendall: 0.674
- top-k overlap (k=50): **0.24**


## /vol/bitbucket/osella/rl-qecc-data/supervisedLearning/sweep2/g5_mix_66-96_H3_s7134066.pth on held-out test l=9, m=6 (274574 codes) — 2026-07-30

- data: `held-out 10% of /vol/bitbucket/osella/rl-qecc-data/supervisedLearning/codeEvaluationTrainingData (size 9,6)`
- Binomial NLL: **9.2187** (noise floor 8.6775)
- reward MAE: **0.03199**
- k MAE: **0.98** logical qubits
- Spearman: **0.840**, Kendall: 0.653
- top-k overlap (k=50): **0.28**

