device: cuda; sizes: [(6, 6), (9, 6), (12, 6)]; curve loss on: [(6, 6), (9, 6), (12, 6)]; lr: 0.001; H: 3
loadCodeEvaluations: kept 895050 codes on the requested grid; dropped 1948461 records whose grid does not contain all its points
  size 6,6: 895050 codes (716040 train) curveLoss=True
loadCodeEvaluations: kept 2745739 codes on the requested grid; dropped 2681591 records whose grid does not contain all its points
  size 9,6: 2745739 codes (2196591 train) curveLoss=True
loadCodeEvaluations: kept 1353227 codes on the requested grid; dropped 457979 records whose grid does not contain all its points
  size 12,6: 1353227 codes (1082582 train) curveLoss=True
epoch 0: train 10.2668 | val 6,6: 11.5627 | 9,6: 9.7281 | 12,6: 8.6164
epoch 1: train 9.8345 | val 6,6: 11.2497 | 9,6: 9.5600 | 12,6: 8.4441
epoch 2: train 9.7283 | val 6,6: 11.1210 | 9,6: 9.4978 | 12,6: 8.3687
epoch 3: train 9.6838 | val 6,6: 11.0938 | 9,6: 9.4714 | 12,6: 8.3298
epoch 4: train 9.6335 | val 6,6: 10.9598 | 9,6: 9.4160 | 12,6: 8.2923
epoch 5: train 9.5814 | val 6,6: 10.9166 | 9,6: 9.3830 | 12,6: 8.2563
epoch 6: train 9.5539 | val 6,6: 10.9294 | 9,6: 9.3904 | 12,6: 8.2335
epoch 7: train 9.5389 | val 6,6: 10.8857 | 9,6: 9.3635 | 12,6: 8.1937
epoch 8: train 9.5175 | val 6,6: 10.8751 | 9,6: 9.3675 | 12,6: 8.1928
epoch 9: train 9.5010 | val 6,6: 10.8547 | 9,6: 9.3339 | 12,6: 8.1540
epoch 10: train 9.4929 | val 6,6: 10.8601 | 9,6: 9.3258 | 12,6: 8.1483
epoch 11: train 9.4816 | val 6,6: 10.8510 | 9,6: 9.3180 | 12,6: 8.1487
epoch 12: train 9.4676 | val 6,6: 10.8646 | 9,6: 9.3160 | 12,6: 8.1409
epoch 13: train 9.4609 | val 6,6: 10.8206 | 9,6: 9.3023 | 12,6: 8.1375
epoch 14: train 9.4516 | val 6,6: 10.8187 | 9,6: 9.2945 | 12,6: 8.1228
restored best-val weights from epoch 14 (val 9.4120)
saved /vol/bitbucket/osella/rl-qecc-data/supervisedLearning/sweep2/g5_mix_66-96-126_H3_s5000.pth

## /vol/bitbucket/osella/rl-qecc-data/supervisedLearning/sweep2/g5_mix_66-96-126_H3_s5000.pth on held-out test l=6, m=6 (89505 codes) — 2026-07-28

- data: `held-out 10% of /vol/bitbucket/osella/rl-qecc-data/supervisedLearning/codeEvaluationTrainingData (size 6,6)`
- Binomial NLL: **10.7021** (noise floor 10.0927)
- reward MAE: **0.03404**
- k MAE: **1.42** logical qubits
- Spearman: **0.842**, Kendall: 0.658
- top-k overlap (k=50): **0.16**


## /vol/bitbucket/osella/rl-qecc-data/supervisedLearning/sweep2/g5_mix_66-96-126_H3_s5000.pth on held-out test l=9, m=6 (274574 codes) — 2026-07-28

- data: `held-out 10% of /vol/bitbucket/osella/rl-qecc-data/supervisedLearning/codeEvaluationTrainingData (size 9,6)`
- Binomial NLL: **9.2383** (noise floor 8.6781)
- reward MAE: **0.03298**
- k MAE: **1.01** logical qubits
- Spearman: **0.834**, Kendall: 0.645
- top-k overlap (k=50): **0.24**


## /vol/bitbucket/osella/rl-qecc-data/supervisedLearning/sweep2/g5_mix_66-96-126_H3_s5000.pth on held-out test l=12, m=6 (135322 codes) — 2026-07-28

- data: `held-out 10% of /vol/bitbucket/osella/rl-qecc-data/supervisedLearning/codeEvaluationTrainingData (size 12,6)`
- Binomial NLL: **7.9893** (noise floor 7.3910)
- reward MAE: **0.02809**
- k MAE: **2.10** logical qubits
- Spearman: **0.813**, Kendall: 0.626
- top-k overlap (k=50): **0.48**

