device: cuda; sizes: [(6, 6), (9, 6), (12, 6)]; curve loss on: [(6, 6), (9, 6), (12, 6)]; lr: 0.001; H: 4
loadCodeEvaluations: kept 895050 codes on the requested grid; dropped 1948461 records whose grid does not contain all its points
  size 6,6: 895050 codes (716040 train) curveLoss=True
loadCodeEvaluations: kept 2745739 codes on the requested grid; dropped 2681591 records whose grid does not contain all its points
  size 9,6: 2745739 codes (2196591 train) curveLoss=True
loadCodeEvaluations: kept 1353227 codes on the requested grid; dropped 457979 records whose grid does not contain all its points
  size 12,6: 1353227 codes (1082582 train) curveLoss=True
epoch 0: train 10.2715 | val 6,6: 11.5276 | 9,6: 9.6751 | 12,6: 8.5487
epoch 1: train 9.8312 | val 6,6: 11.1712 | 9,6: 9.5584 | 12,6: 8.4085
epoch 2: train 9.7020 | val 6,6: 11.0879 | 9,6: 9.4965 | 12,6: 8.3549
epoch 3: train 9.6422 | val 6,6: 11.0292 | 9,6: 9.4592 | 12,6: 8.3067
epoch 4: train 9.6140 | val 6,6: 10.9484 | 9,6: 9.4671 | 12,6: 8.3079
epoch 5: train 9.5892 | val 6,6: 10.9093 | 9,6: 9.4328 | 12,6: 8.2779
epoch 6: train 9.5749 | val 6,6: 10.8956 | 9,6: 9.4601 | 12,6: 8.2847
epoch 7: train 9.5604 | val 6,6: 10.9093 | 9,6: 9.4446 | 12,6: 8.2823
restored best-val weights from epoch 5 (val 9.5400)
saved /vol/bitbucket/osella/rl-qecc-data/supervisedLearning/sweep2/g5_mix_66-96-126_H4_s7134066.pth

## /vol/bitbucket/osella/rl-qecc-data/supervisedLearning/sweep2/g5_mix_66-96-126_H4_s7134066.pth on held-out test l=6, m=6 (89505 codes) — 2026-07-29

- data: `held-out 10% of /vol/bitbucket/osella/rl-qecc-data/supervisedLearning/codeEvaluationTrainingData (size 6,6)`
- Binomial NLL: **10.8399** (noise floor 10.1295)
- reward MAE: **0.03637**
- k MAE: **1.69** logical qubits
- Spearman: **0.817**, Kendall: 0.631
- top-k overlap (k=50): **0.18**


## /vol/bitbucket/osella/rl-qecc-data/supervisedLearning/sweep2/g5_mix_66-96-126_H4_s7134066.pth on held-out test l=9, m=6 (274574 codes) — 2026-07-29

- data: `held-out 10% of /vol/bitbucket/osella/rl-qecc-data/supervisedLearning/codeEvaluationTrainingData (size 9,6)`
- Binomial NLL: **9.3139** (noise floor 8.6775)
- reward MAE: **0.03723**
- k MAE: **1.62** logical qubits
- Spearman: **0.787**, Kendall: 0.593
- top-k overlap (k=50): **0.20**


## /vol/bitbucket/osella/rl-qecc-data/supervisedLearning/sweep2/g5_mix_66-96-126_H4_s7134066.pth on held-out test l=12, m=6 (135322 codes) — 2026-07-29

- data: `held-out 10% of /vol/bitbucket/osella/rl-qecc-data/supervisedLearning/codeEvaluationTrainingData (size 12,6)`
- Binomial NLL: **8.0917** (noise floor 7.3856)
- reward MAE: **0.03121**
- k MAE: **2.40** logical qubits
- Spearman: **0.763**, Kendall: 0.575
- top-k overlap (k=50): **0.24**

