device: cuda; sizes: [(6, 6), (9, 6), (12, 6)]; curve loss on: [(6, 6), (9, 6), (12, 6)]; lr: 0.001; H: 10
loadCodeEvaluations: kept 895050 codes on the requested grid; dropped 1948461 records whose grid does not contain all its points
  size 6,6: 895050 codes (716040 train) curveLoss=True
loadCodeEvaluations: kept 2745739 codes on the requested grid; dropped 2681591 records whose grid does not contain all its points
  size 9,6: 2745739 codes (2196591 train) curveLoss=True
loadCodeEvaluations: kept 1353227 codes on the requested grid; dropped 457979 records whose grid does not contain all its points
  size 12,6: 1353227 codes (1082582 train) curveLoss=True
epoch 0: train 10.2951 | val 6,6: 11.4948 | 9,6: 9.6878 | 12,6: 8.5500
epoch 1: train 9.8098 | val 6,6: 11.1713 | 9,6: 9.5194 | 12,6: 8.4075
epoch 2: train 9.6993 | val 6,6: 11.0904 | 9,6: 9.4919 | 12,6: 8.3429
epoch 3: train 9.6489 | val 6,6: 11.0441 | 9,6: 9.4844 | 12,6: 8.3123
restored best-val weights from epoch 3 (val 9.6136)
saved /vol/bitbucket/osella/rl-qecc-data/supervisedLearning/sweep2/g5_mix_66-96-126_H10_s3000.pth

## /vol/bitbucket/osella/rl-qecc-data/supervisedLearning/sweep2/g5_mix_66-96-126_H10_s3000.pth on held-out test l=6, m=6 (89505 codes) — 2026-07-28

- data: `held-out 10% of /vol/bitbucket/osella/rl-qecc-data/supervisedLearning/codeEvaluationTrainingData (size 6,6)`
- Binomial NLL: **10.8995** (noise floor 10.0926)
- reward MAE: **0.03928**
- k MAE: **1.76** logical qubits
- Spearman: **0.796**, Kendall: 0.609
- top-k overlap (k=50): **0.08**


## /vol/bitbucket/osella/rl-qecc-data/supervisedLearning/sweep2/g5_mix_66-96-126_H10_s3000.pth on held-out test l=9, m=6 (274574 codes) — 2026-07-28

- data: `held-out 10% of /vol/bitbucket/osella/rl-qecc-data/supervisedLearning/codeEvaluationTrainingData (size 9,6)`
- Binomial NLL: **9.3476** (noise floor 8.6751)
- reward MAE: **0.03861**
- k MAE: **1.64** logical qubits
- Spearman: **0.778**, Kendall: 0.583
- top-k overlap (k=50): **0.12**


## /vol/bitbucket/osella/rl-qecc-data/supervisedLearning/sweep2/g5_mix_66-96-126_H10_s3000.pth on held-out test l=12, m=6 (135322 codes) — 2026-07-28

- data: `held-out 10% of /vol/bitbucket/osella/rl-qecc-data/supervisedLearning/codeEvaluationTrainingData (size 12,6)`
- Binomial NLL: **8.0981** (noise floor 7.3667)
- reward MAE: **0.03192**
- k MAE: **2.38** logical qubits
- Spearman: **0.754**, Kendall: 0.564
- top-k overlap (k=50): **0.46**

