device: cuda; sizes: [(6, 6), (9, 6), (12, 6)]; curve loss on: [(6, 6), (9, 6), (12, 6)]; lr: 0.001; H: 7
loadCodeEvaluations: kept 895050 codes on the requested grid; dropped 1948461 records whose grid does not contain all its points
  size 6,6: 895050 codes (716040 train) curveLoss=True
loadCodeEvaluations: kept 2745739 codes on the requested grid; dropped 2681591 records whose grid does not contain all its points
  size 9,6: 2745739 codes (2196591 train) curveLoss=True
loadCodeEvaluations: kept 1353227 codes on the requested grid; dropped 457979 records whose grid does not contain all its points
  size 12,6: 1353227 codes (1082582 train) curveLoss=True
epoch 0: train 10.2808 | val 6,6: 11.4075 | 9,6: 9.6740 | 12,6: 8.5291
epoch 1: train 9.8170 | val 6,6: 11.2070 | 9,6: 9.5370 | 12,6: 8.4288
epoch 2: train 9.7008 | val 6,6: 11.1746 | 9,6: 9.4767 | 12,6: 8.3565
epoch 3: train 9.6430 | val 6,6: 11.0421 | 9,6: 9.4428 | 12,6: 8.3125
epoch 4: train 9.6086 | val 6,6: 10.9971 | 9,6: 9.4053 | 12,6: 8.2986
epoch 5: train 9.5824 | val 6,6: 10.9642 | 9,6: 9.3911 | 12,6: 8.2934
epoch 6: train 9.5741 | val 6,6: 10.9504 | 9,6: 9.3991 | 12,6: 8.2993
epoch 7: train 9.5609 | val 6,6: 10.9428 | 9,6: 9.3863 | 12,6: 8.3188
restored best-val weights from epoch 7 (val 9.5493)
saved /vol/bitbucket/osella/rl-qecc-data/supervisedLearning/sweep2/g5_mix_66-96-126_H7_s3000.pth

## /vol/bitbucket/osella/rl-qecc-data/supervisedLearning/sweep2/g5_mix_66-96-126_H7_s3000.pth on held-out test l=6, m=6 (89505 codes) — 2026-07-29

- data: `held-out 10% of /vol/bitbucket/osella/rl-qecc-data/supervisedLearning/codeEvaluationTrainingData (size 6,6)`
- Binomial NLL: **10.7962** (noise floor 10.0926)
- reward MAE: **0.03668**
- k MAE: **1.81** logical qubits
- Spearman: **0.815**, Kendall: 0.629
- top-k overlap (k=50): **0.14**


## /vol/bitbucket/osella/rl-qecc-data/supervisedLearning/sweep2/g5_mix_66-96-126_H7_s3000.pth on held-out test l=9, m=6 (274574 codes) — 2026-07-29

- data: `held-out 10% of /vol/bitbucket/osella/rl-qecc-data/supervisedLearning/codeEvaluationTrainingData (size 9,6)`
- Binomial NLL: **9.2820** (noise floor 8.6751)
- reward MAE: **0.03575**
- k MAE: **1.39** logical qubits
- Spearman: **0.808**, Kendall: 0.615
- top-k overlap (k=50): **0.26**


## /vol/bitbucket/osella/rl-qecc-data/supervisedLearning/sweep2/g5_mix_66-96-126_H7_s3000.pth on held-out test l=12, m=6 (135322 codes) — 2026-07-29

- data: `held-out 10% of /vol/bitbucket/osella/rl-qecc-data/supervisedLearning/codeEvaluationTrainingData (size 12,6)`
- Binomial NLL: **8.0988** (noise floor 7.3667)
- reward MAE: **0.03169**
- k MAE: **2.48** logical qubits
- Spearman: **0.756**, Kendall: 0.569
- top-k overlap (k=50): **0.26**

