device: cuda; sizes: [(6, 6), (9, 6), (12, 6), (15, 3)]; curve loss on: [(6, 6), (9, 6), (12, 6), (15, 3)]; lr: 0.001; H: 6
loadCodeEvaluations: kept 895050 codes on the requested grid; dropped 1948461 records whose grid does not contain all its points
  size 6,6: 895050 codes (716040 train) curveLoss=True
loadCodeEvaluations: kept 2745739 codes on the requested grid; dropped 2681591 records whose grid does not contain all its points
  size 9,6: 2745739 codes (2196591 train) curveLoss=True
loadCodeEvaluations: kept 1353227 codes on the requested grid; dropped 457979 records whose grid does not contain all its points
  size 12,6: 1353227 codes (1082582 train) curveLoss=True
loadCodeEvaluations: kept 4412297 codes on the requested grid; dropped 458644 records whose grid does not contain all its points
  size 15,3: 4412297 codes (3529838 train) curveLoss=True
epoch 0: train 10.6609 | val 6,6: 11.3486 | 9,6: 9.6349 | 12,6: 8.5234 | 15,3: 11.7225
epoch 1: train 10.2322 | val 6,6: 11.0888 | 9,6: 9.4786 | 12,6: 8.3508 | 15,3: 11.6195
epoch 2: train 10.1473 | val 6,6: 11.0098 | 9,6: 9.4525 | 12,6: 8.2988 | 15,3: 11.5956
epoch 3: train 10.1159 | val 6,6: 10.9643 | 9,6: 9.4388 | 12,6: 8.2802 | 15,3: 11.5884
epoch 4: train 10.0934 | val 6,6: 10.9409 | 9,6: 9.4002 | 12,6: 8.2775 | 15,3: 11.5908
epoch 5: train 10.0724 | val 6,6: 10.9593 | 9,6: 9.3771 | 12,6: 8.2850 | 15,3: 11.5784
restored best-val weights from epoch 5 (val 10.0500)
saved /vol/bitbucket/osella/rl-qecc-data/supervisedLearning/sweep2/g5_mix_66-96-126-153_H6_s54321.pth

## /vol/bitbucket/osella/rl-qecc-data/supervisedLearning/sweep2/g5_mix_66-96-126-153_H6_s54321.pth on held-out test l=6, m=6 (89505 codes) — 2026-07-29

- data: `held-out 10% of /vol/bitbucket/osella/rl-qecc-data/supervisedLearning/codeEvaluationTrainingData (size 6,6)`
- Binomial NLL: **10.8995** (noise floor 10.1239)
- reward MAE: **0.03750**
- k MAE: **1.62** logical qubits
- Spearman: **0.823**, Kendall: 0.637
- top-k overlap (k=50): **0.24**


## /vol/bitbucket/osella/rl-qecc-data/supervisedLearning/sweep2/g5_mix_66-96-126-153_H6_s54321.pth on held-out test l=9, m=6 (274574 codes) — 2026-07-29

- data: `held-out 10% of /vol/bitbucket/osella/rl-qecc-data/supervisedLearning/codeEvaluationTrainingData (size 9,6)`
- Binomial NLL: **9.2838** (noise floor 8.6718)
- reward MAE: **0.03535**
- k MAE: **1.32** logical qubits
- Spearman: **0.808**, Kendall: 0.615
- top-k overlap (k=50): **0.20**


## /vol/bitbucket/osella/rl-qecc-data/supervisedLearning/sweep2/g5_mix_66-96-126-153_H6_s54321.pth on held-out test l=12, m=6 (135322 codes) — 2026-07-29

- data: `held-out 10% of /vol/bitbucket/osella/rl-qecc-data/supervisedLearning/codeEvaluationTrainingData (size 12,6)`
- Binomial NLL: **8.1209** (noise floor 7.3821)
- reward MAE: **0.03330**
- k MAE: **2.39** logical qubits
- Spearman: **0.762**, Kendall: 0.574
- top-k overlap (k=50): **0.36**


## /vol/bitbucket/osella/rl-qecc-data/supervisedLearning/sweep2/g5_mix_66-96-126-153_H6_s54321.pth on held-out test l=15, m=3 (441229 codes) — 2026-07-29

- data: `held-out 10% of /vol/bitbucket/osella/rl-qecc-data/supervisedLearning/codeEvaluationTrainingData (size 15,3)`
- Binomial NLL: **11.4123** (noise floor 10.4332)
- reward MAE: **0.04431**
- k MAE: **1.84** logical qubits
- Spearman: **0.686**, Kendall: 0.501
- top-k overlap (k=50): **0.16**

