device: cuda; sizes: [(6, 6), (9, 6), (12, 6), (15, 3)]; curve loss on: NONE; lr: 0.0001; H: 10
loadCodeEvaluations: kept 895050 codes on the requested grid; dropped 1948461 records whose grid does not contain all its points
  size 6,6: 895050 codes (716040 train) curveLoss=False
loadCodeEvaluations: kept 2745739 codes on the requested grid; dropped 2681591 records whose grid does not contain all its points
  size 9,6: 2745739 codes (2196591 train) curveLoss=False
loadCodeEvaluations: kept 1353227 codes on the requested grid; dropped 457979 records whose grid does not contain all its points
  size 12,6: 1353227 codes (1082582 train) curveLoss=False
loadCodeEvaluations: kept 4412297 codes on the requested grid; dropped 458644 records whose grid does not contain all its points
  size 15,3: 4412297 codes (3529838 train) curveLoss=False
warm-started from /vol/bitbucket/osella/rl-qecc-data/supervisedLearning/sweep2/g5_mix_66_H10_s6000.pth
epoch 0: train 0.1523 | val 6,6: 0.0762 | 9,6: 0.1268 | 12,6: 0.2030 | 15,3: 0.1768
epoch 1: train 0.1466 | val 6,6: 0.0754 | 9,6: 0.1257 | 12,6: 0.2014 | 15,3: 0.1765
restored best-val weights from epoch 1 (val 0.1448)
saved /vol/bitbucket/osella/rl-qecc-data/supervisedLearning/sweep2/g5_ground_pure_H10_s6000.pth

## /vol/bitbucket/osella/rl-qecc-data/supervisedLearning/sweep2/g5_ground_pure_H10_s6000.pth on held-out test l=6, m=6 (89505 codes) — 2026-07-30

- data: `held-out 10% of /vol/bitbucket/osella/rl-qecc-data/supervisedLearning/codeEvaluationTrainingData (size 6,6)`
- Binomial NLL: **10.8699** (noise floor 10.0949)
- reward MAE: **0.03684**
- k MAE: **1.38** logical qubits
- Spearman: **0.825**, Kendall: 0.639
- top-k overlap (k=50): **0.16**


## /vol/bitbucket/osella/rl-qecc-data/supervisedLearning/sweep2/g5_ground_pure_H10_s6000.pth on held-out test l=9, m=6 (274574 codes) — 2026-07-30

- data: `held-out 10% of /vol/bitbucket/osella/rl-qecc-data/supervisedLearning/codeEvaluationTrainingData (size 9,6)`
- Binomial NLL: **9.9361** (noise floor 8.6710)
- reward MAE: **0.05797**
- k MAE: **1.62** logical qubits
- Spearman: **0.614**, Kendall: 0.437
- top-k overlap (k=50): **0.02**


## /vol/bitbucket/osella/rl-qecc-data/supervisedLearning/sweep2/g5_ground_pure_H10_s6000.pth on held-out test l=12, m=6 (135322 codes) — 2026-07-30

- data: `held-out 10% of /vol/bitbucket/osella/rl-qecc-data/supervisedLearning/codeEvaluationTrainingData (size 12,6)`
- Binomial NLL: **9.5005** (noise floor 7.3902)
- reward MAE: **0.09088**
- k MAE: **2.46** logical qubits
- Spearman: **0.560**, Kendall: 0.395
- top-k overlap (k=50): **0.28**


## /vol/bitbucket/osella/rl-qecc-data/supervisedLearning/sweep2/g5_ground_pure_H10_s6000.pth on held-out test l=15, m=3 (441229 codes) — 2026-07-30

- data: `held-out 10% of /vol/bitbucket/osella/rl-qecc-data/supervisedLearning/codeEvaluationTrainingData (size 15,3)`
- Binomial NLL: **12.3381** (noise floor 10.4276)
- reward MAE: **0.06938**
- k MAE: **1.80** logical qubits
- Spearman: **0.369**, Kendall: 0.254
- top-k overlap (k=50): **0.04**

