device: cuda; sizes: [(6, 6), (9, 6), (12, 6), (15, 3)]; curve loss on: NONE; lr: 0.0001; H: 4
loadCodeEvaluations: kept 895050 codes on the requested grid; dropped 1948461 records whose grid does not contain all its points
  size 6,6: 895050 codes (716040 train) curveLoss=False
loadCodeEvaluations: kept 2745739 codes on the requested grid; dropped 2681591 records whose grid does not contain all its points
  size 9,6: 2745739 codes (2196591 train) curveLoss=False
loadCodeEvaluations: kept 1353227 codes on the requested grid; dropped 457979 records whose grid does not contain all its points
  size 12,6: 1353227 codes (1082582 train) curveLoss=False
loadCodeEvaluations: kept 4412297 codes on the requested grid; dropped 458644 records whose grid does not contain all its points
  size 15,3: 4412297 codes (3529838 train) curveLoss=False
warm-started from /vol/bitbucket/osella/rl-qecc-data/supervisedLearning/sweep2/g5_mix_66_H4_s6000.pth
epoch 0: train 0.1485 | val 6,6: 0.0716 | 9,6: 0.1250 | 12,6: 0.2016 | 15,3: 0.1766
epoch 1: train 0.1441 | val 6,6: 0.0706 | 9,6: 0.1244 | 12,6: 0.2009 | 15,3: 0.1763
restored best-val weights from epoch 1 (val 0.1431)
saved /vol/bitbucket/osella/rl-qecc-data/supervisedLearning/sweep2/g5_ground_pure_H4_s6000.pth

## /vol/bitbucket/osella/rl-qecc-data/supervisedLearning/sweep2/g5_ground_pure_H4_s6000.pth on held-out test l=6, m=6 (89505 codes) — 2026-07-30

- data: `held-out 10% of /vol/bitbucket/osella/rl-qecc-data/supervisedLearning/codeEvaluationTrainingData (size 6,6)`
- Binomial NLL: **10.7284** (noise floor 10.0949)
- reward MAE: **0.03488**
- k MAE: **1.31** logical qubits
- Spearman: **0.829**, Kendall: 0.644
- top-k overlap (k=50): **0.14**


## /vol/bitbucket/osella/rl-qecc-data/supervisedLearning/sweep2/g5_ground_pure_H4_s6000.pth on held-out test l=9, m=6 (274574 codes) — 2026-07-30

- data: `held-out 10% of /vol/bitbucket/osella/rl-qecc-data/supervisedLearning/codeEvaluationTrainingData (size 9,6)`
- Binomial NLL: **10.6107** (noise floor 8.6710)
- reward MAE: **0.09351**
- k MAE: **1.60** logical qubits
- Spearman: **0.679**, Kendall: 0.493
- top-k overlap (k=50): **0.04**


## /vol/bitbucket/osella/rl-qecc-data/supervisedLearning/sweep2/g5_ground_pure_H4_s6000.pth on held-out test l=12, m=6 (135322 codes) — 2026-07-30

- data: `held-out 10% of /vol/bitbucket/osella/rl-qecc-data/supervisedLearning/codeEvaluationTrainingData (size 12,6)`
- Binomial NLL: **11.6780** (noise floor 7.3902)
- reward MAE: **0.15278**
- k MAE: **2.45** logical qubits
- Spearman: **0.584**, Kendall: 0.415
- top-k overlap (k=50): **0.26**


## /vol/bitbucket/osella/rl-qecc-data/supervisedLearning/sweep2/g5_ground_pure_H4_s6000.pth on held-out test l=15, m=3 (441229 codes) — 2026-07-30

- data: `held-out 10% of /vol/bitbucket/osella/rl-qecc-data/supervisedLearning/codeEvaluationTrainingData (size 15,3)`
- Binomial NLL: **13.0381** (noise floor 10.4276)
- reward MAE: **0.07286**
- k MAE: **1.80** logical qubits
- Spearman: **0.451**, Kendall: 0.317
- top-k overlap (k=50): **0.10**

