device: cuda; sizes: [(6, 6), (9, 6), (12, 6), (15, 3)]; curve loss on: NONE; lr: 0.0001; H: 7
loadCodeEvaluations: kept 895050 codes on the requested grid; dropped 1948461 records whose grid does not contain all its points
  size 6,6: 895050 codes (716040 train) curveLoss=False
loadCodeEvaluations: kept 2745739 codes on the requested grid; dropped 2681591 records whose grid does not contain all its points
  size 9,6: 2745739 codes (2196591 train) curveLoss=False
loadCodeEvaluations: kept 1353227 codes on the requested grid; dropped 457979 records whose grid does not contain all its points
  size 12,6: 1353227 codes (1082582 train) curveLoss=False
loadCodeEvaluations: kept 4412297 codes on the requested grid; dropped 458644 records whose grid does not contain all its points
  size 15,3: 4412297 codes (3529838 train) curveLoss=False
warm-started from /vol/bitbucket/osella/rl-qecc-data/supervisedLearning/sweep2/g5_mix_66_H7_s4000.pth
epoch 0: train 0.1464 | val 6,6: 0.0671 | 9,6: 0.1242 | 12,6: 0.2003 | 15,3: 0.1753
epoch 1: train 0.1422 | val 6,6: 0.0646 | 9,6: 0.1213 | 12,6: 0.1995 | 15,3: 0.1756
restored best-val weights from epoch 1 (val 0.1402)
saved /vol/bitbucket/osella/rl-qecc-data/supervisedLearning/sweep2/g5_ground_pure_H7_s4000.pth

## /vol/bitbucket/osella/rl-qecc-data/supervisedLearning/sweep2/g5_ground_pure_H7_s4000.pth on held-out test l=6, m=6 (89505 codes) — 2026-07-30

- data: `held-out 10% of /vol/bitbucket/osella/rl-qecc-data/supervisedLearning/codeEvaluationTrainingData (size 6,6)`
- Binomial NLL: **10.7605** (noise floor 10.0897)
- reward MAE: **0.03458**
- k MAE: **1.21** logical qubits
- Spearman: **0.839**, Kendall: 0.654
- top-k overlap (k=50): **0.14**


## /vol/bitbucket/osella/rl-qecc-data/supervisedLearning/sweep2/g5_ground_pure_H7_s4000.pth on held-out test l=9, m=6 (274574 codes) — 2026-07-30

- data: `held-out 10% of /vol/bitbucket/osella/rl-qecc-data/supervisedLearning/codeEvaluationTrainingData (size 9,6)`
- Binomial NLL: **9.7774** (noise floor 8.6665)
- reward MAE: **0.05414**
- k MAE: **1.53** logical qubits
- Spearman: **0.702**, Kendall: 0.512
- top-k overlap (k=50): **0.06**


## /vol/bitbucket/osella/rl-qecc-data/supervisedLearning/sweep2/g5_ground_pure_H7_s4000.pth on held-out test l=12, m=6 (135322 codes) — 2026-07-30

- data: `held-out 10% of /vol/bitbucket/osella/rl-qecc-data/supervisedLearning/codeEvaluationTrainingData (size 12,6)`
- Binomial NLL: **9.6280** (noise floor 7.3808)
- reward MAE: **0.08090**
- k MAE: **2.44** logical qubits
- Spearman: **0.651**, Kendall: 0.471
- top-k overlap (k=50): **0.20**


## /vol/bitbucket/osella/rl-qecc-data/supervisedLearning/sweep2/g5_ground_pure_H7_s4000.pth on held-out test l=15, m=3 (441229 codes) — 2026-07-30

- data: `held-out 10% of /vol/bitbucket/osella/rl-qecc-data/supervisedLearning/codeEvaluationTrainingData (size 15,3)`
- Binomial NLL: **12.1191** (noise floor 10.4275)
- reward MAE: **0.05598**
- k MAE: **1.82** logical qubits
- Spearman: **0.531**, Kendall: 0.372
- top-k overlap (k=50): **0.14**

