device: cuda; sizes: [(6, 6), (9, 6), (12, 6), (15, 3)]; curve loss on: NONE; lr: 0.0001; H: 7
loadCodeEvaluations: kept 895050 codes on the requested grid; dropped 1948461 records whose grid does not contain all its points
  size 6,6: 895050 codes (716040 train) curveLoss=False
loadCodeEvaluations: kept 2745739 codes on the requested grid; dropped 2681591 records whose grid does not contain all its points
  size 9,6: 2745739 codes (2196591 train) curveLoss=False
loadCodeEvaluations: kept 1353227 codes on the requested grid; dropped 457979 records whose grid does not contain all its points
  size 12,6: 1353227 codes (1082582 train) curveLoss=False
loadCodeEvaluations: kept 4412297 codes on the requested grid; dropped 458644 records whose grid does not contain all its points
  size 15,3: 4412297 codes (3529838 train) curveLoss=False
warm-started from /vol/bitbucket/osella/rl-qecc-data/supervisedLearning/sweep2/g5_mix_66_H7_s12345.pth
epoch 0: train 0.1494 | val 6,6: 0.0730 | 9,6: 0.1235 | 12,6: 0.1999 | 15,3: 0.1755
epoch 1: train 0.1445 | val 6,6: 0.0724 | 9,6: 0.1210 | 12,6: 0.1979 | 15,3: 0.1754
restored best-val weights from epoch 1 (val 0.1417)
saved /vol/bitbucket/osella/rl-qecc-data/supervisedLearning/sweep2/g5_ground_pure_H7_s12345.pth

## /vol/bitbucket/osella/rl-qecc-data/supervisedLearning/sweep2/g5_ground_pure_H7_s12345.pth on held-out test l=6, m=6 (89505 codes) — 2026-07-30

- data: `held-out 10% of /vol/bitbucket/osella/rl-qecc-data/supervisedLearning/codeEvaluationTrainingData (size 6,6)`
- Binomial NLL: **10.9197** (noise floor 10.1232)
- reward MAE: **0.03765**
- k MAE: **1.29** logical qubits
- Spearman: **0.812**, Kendall: 0.625
- top-k overlap (k=50): **0.32**


## /vol/bitbucket/osella/rl-qecc-data/supervisedLearning/sweep2/g5_ground_pure_H7_s12345.pth on held-out test l=9, m=6 (274574 codes) — 2026-07-30

- data: `held-out 10% of /vol/bitbucket/osella/rl-qecc-data/supervisedLearning/codeEvaluationTrainingData (size 9,6)`
- Binomial NLL: **10.0520** (noise floor 8.6691)
- reward MAE: **0.07304**
- k MAE: **1.57** logical qubits
- Spearman: **0.705**, Kendall: 0.517
- top-k overlap (k=50): **0.16**


## /vol/bitbucket/osella/rl-qecc-data/supervisedLearning/sweep2/g5_ground_pure_H7_s12345.pth on held-out test l=12, m=6 (135322 codes) — 2026-07-30

- data: `held-out 10% of /vol/bitbucket/osella/rl-qecc-data/supervisedLearning/codeEvaluationTrainingData (size 12,6)`
- Binomial NLL: **9.9933** (noise floor 7.3824)
- reward MAE: **0.10509**
- k MAE: **2.43** logical qubits
- Spearman: **0.686**, Kendall: 0.501
- top-k overlap (k=50): **0.16**


## /vol/bitbucket/osella/rl-qecc-data/supervisedLearning/sweep2/g5_ground_pure_H7_s12345.pth on held-out test l=15, m=3 (441229 codes) — 2026-07-30

- data: `held-out 10% of /vol/bitbucket/osella/rl-qecc-data/supervisedLearning/codeEvaluationTrainingData (size 15,3)`
- Binomial NLL: **13.5803** (noise floor 10.4338)
- reward MAE: **0.11058**
- k MAE: **1.80** logical qubits
- Spearman: **0.584**, Kendall: 0.412
- top-k overlap (k=50): **0.12**

