device: cuda; sizes: [(6, 6), (9, 6), (12, 6), (15, 3)]; curve loss on: [(6, 6)]; lr: 0.0001; H: 10
loadCodeEvaluations: kept 895050 codes on the requested grid; dropped 1948461 records whose grid does not contain all its points
  size 6,6: 895050 codes (716040 train) curveLoss=True
loadCodeEvaluations: kept 2745739 codes on the requested grid; dropped 2681591 records whose grid does not contain all its points
  size 9,6: 2745739 codes (2196591 train) curveLoss=False
loadCodeEvaluations: kept 1353227 codes on the requested grid; dropped 457979 records whose grid does not contain all its points
  size 12,6: 1353227 codes (1082582 train) curveLoss=False
loadCodeEvaluations: kept 4412297 codes on the requested grid; dropped 458644 records whose grid does not contain all its points
  size 15,3: 4412297 codes (3529838 train) curveLoss=False
warm-started from /vol/bitbucket/osella/rl-qecc-data/supervisedLearning/sweep2/g5_mix_66_H10_s12345.pth
epoch 0: train 2.8268 | val 6,6: 10.7152 | 9,6: 0.1264 | 12,6: 0.2022 | 15,3: 0.1769
epoch 1: train 2.8202 | val 6,6: 10.7163 | 9,6: 0.1254 | 12,6: 0.2002 | 15,3: 0.1761
restored best-val weights from epoch 1 (val 2.8045)
saved /vol/bitbucket/osella/rl-qecc-data/supervisedLearning/sweep2/g5_ground_anch_H10_s12345.pth

## /vol/bitbucket/osella/rl-qecc-data/supervisedLearning/sweep2/g5_ground_anch_H10_s12345.pth on held-out test l=6, m=6 (89505 codes) — 2026-07-30

- data: `held-out 10% of /vol/bitbucket/osella/rl-qecc-data/supervisedLearning/codeEvaluationTrainingData (size 6,6)`
- Binomial NLL: **10.6735** (noise floor 10.1232)
- reward MAE: **0.03247**
- k MAE: **1.33** logical qubits
- Spearman: **0.857**, Kendall: 0.676
- top-k overlap (k=50): **0.24**


## /vol/bitbucket/osella/rl-qecc-data/supervisedLearning/sweep2/g5_ground_anch_H10_s12345.pth on held-out test l=9, m=6 (274574 codes) — 2026-07-30

- data: `held-out 10% of /vol/bitbucket/osella/rl-qecc-data/supervisedLearning/codeEvaluationTrainingData (size 9,6)`
- Binomial NLL: **10.1731** (noise floor 8.6691)
- reward MAE: **0.06386**
- k MAE: **1.61** logical qubits
- Spearman: **0.586**, Kendall: 0.417
- top-k overlap (k=50): **0.02**


## /vol/bitbucket/osella/rl-qecc-data/supervisedLearning/sweep2/g5_ground_anch_H10_s12345.pth on held-out test l=12, m=6 (135322 codes) — 2026-07-30

- data: `held-out 10% of /vol/bitbucket/osella/rl-qecc-data/supervisedLearning/codeEvaluationTrainingData (size 12,6)`
- Binomial NLL: **11.2075** (noise floor 7.3824)
- reward MAE: **0.15384**
- k MAE: **2.47** logical qubits
- Spearman: **0.536**, Kendall: 0.377
- top-k overlap (k=50): **0.14**


## /vol/bitbucket/osella/rl-qecc-data/supervisedLearning/sweep2/g5_ground_anch_H10_s12345.pth on held-out test l=15, m=3 (441229 codes) — 2026-07-30

- data: `held-out 10% of /vol/bitbucket/osella/rl-qecc-data/supervisedLearning/codeEvaluationTrainingData (size 15,3)`
- Binomial NLL: **13.7800** (noise floor 10.4338)
- reward MAE: **0.06439**
- k MAE: **1.81** logical qubits
- Spearman: **0.417**, Kendall: 0.287
- top-k overlap (k=50): **0.06**

