device: cuda; sizes: [(6, 6), (9, 6), (12, 6), (15, 3)]; curve loss on: [(6, 6)]; lr: 0.0001; H: 7
loadCodeEvaluations: kept 895050 codes on the requested grid; dropped 1948461 records whose grid does not contain all its points
  size 6,6: 895050 codes (716040 train) curveLoss=True
loadCodeEvaluations: kept 2745739 codes on the requested grid; dropped 2681591 records whose grid does not contain all its points
  size 9,6: 2745739 codes (2196591 train) curveLoss=False
loadCodeEvaluations: kept 1353227 codes on the requested grid; dropped 457979 records whose grid does not contain all its points
  size 12,6: 1353227 codes (1082582 train) curveLoss=False
loadCodeEvaluations: kept 4412297 codes on the requested grid; dropped 458644 records whose grid does not contain all its points
  size 15,3: 4412297 codes (3529838 train) curveLoss=False
warm-started from /vol/bitbucket/osella/rl-qecc-data/supervisedLearning/sweep2/g5_mix_66_H7_s4000.pth
epoch 0: train 2.8200 | val 6,6: 10.7052 | 9,6: 0.1272 | 12,6: 0.2020 | 15,3: 0.1758
epoch 1: train 2.8146 | val 6,6: 10.6977 | 9,6: 0.1266 | 12,6: 0.2006 | 15,3: 0.1758
restored best-val weights from epoch 1 (val 2.8002)
saved /vol/bitbucket/osella/rl-qecc-data/supervisedLearning/sweep2/g5_ground_anch_H7_s4000.pth

## /vol/bitbucket/osella/rl-qecc-data/supervisedLearning/sweep2/g5_ground_anch_H7_s4000.pth on held-out test l=6, m=6 (89505 codes) — 2026-07-30

- data: `held-out 10% of /vol/bitbucket/osella/rl-qecc-data/supervisedLearning/codeEvaluationTrainingData (size 6,6)`
- Binomial NLL: **10.6338** (noise floor 10.0897)
- reward MAE: **0.03185**
- k MAE: **1.24** logical qubits
- Spearman: **0.857**, Kendall: 0.676
- top-k overlap (k=50): **0.18**


## /vol/bitbucket/osella/rl-qecc-data/supervisedLearning/sweep2/g5_ground_anch_H7_s4000.pth on held-out test l=9, m=6 (274574 codes) — 2026-07-30

- data: `held-out 10% of /vol/bitbucket/osella/rl-qecc-data/supervisedLearning/codeEvaluationTrainingData (size 9,6)`
- Binomial NLL: **9.8378** (noise floor 8.6665)
- reward MAE: **0.06498**
- k MAE: **1.57** logical qubits
- Spearman: **0.716**, Kendall: 0.525
- top-k overlap (k=50): **0.06**


## /vol/bitbucket/osella/rl-qecc-data/supervisedLearning/sweep2/g5_ground_anch_H7_s4000.pth on held-out test l=12, m=6 (135322 codes) — 2026-07-30

- data: `held-out 10% of /vol/bitbucket/osella/rl-qecc-data/supervisedLearning/codeEvaluationTrainingData (size 12,6)`
- Binomial NLL: **9.6676** (noise floor 7.3808)
- reward MAE: **0.08908**
- k MAE: **2.44** logical qubits
- Spearman: **0.675**, Kendall: 0.492
- top-k overlap (k=50): **0.16**


## /vol/bitbucket/osella/rl-qecc-data/supervisedLearning/sweep2/g5_ground_anch_H7_s4000.pth on held-out test l=15, m=3 (441229 codes) — 2026-07-30

- data: `held-out 10% of /vol/bitbucket/osella/rl-qecc-data/supervisedLearning/codeEvaluationTrainingData (size 15,3)`
- Binomial NLL: **12.3703** (noise floor 10.4275)
- reward MAE: **0.06196**
- k MAE: **1.83** logical qubits
- Spearman: **0.493**, Kendall: 0.345
- top-k overlap (k=50): **0.02**

