device: cuda; sizes: [(6, 6), (9, 6), (12, 6), (15, 3)]; curve loss on: [(6, 6)]; lr: 0.0001; H: 3
loadCodeEvaluations: kept 895050 codes on the requested grid; dropped 1948461 records whose grid does not contain all its points
  size 6,6: 895050 codes (716040 train) curveLoss=True
loadCodeEvaluations: kept 2745739 codes on the requested grid; dropped 2681591 records whose grid does not contain all its points
  size 9,6: 2745739 codes (2196591 train) curveLoss=False
loadCodeEvaluations: kept 1353227 codes on the requested grid; dropped 457979 records whose grid does not contain all its points
  size 12,6: 1353227 codes (1082582 train) curveLoss=False
loadCodeEvaluations: kept 4412297 codes on the requested grid; dropped 458644 records whose grid does not contain all its points
  size 15,3: 4412297 codes (3529838 train) curveLoss=False
warm-started from /vol/bitbucket/osella/rl-qecc-data/supervisedLearning/sweep2/g5_mix_66_H3_s466555.pth
epoch 0: train 2.8291 | val 6,6: 10.7591 | 9,6: 0.1309 | 12,6: 0.2016 | 15,3: 0.1773
epoch 1: train 2.8201 | val 6,6: 10.7556 | 9,6: 0.1286 | 12,6: 0.2011 | 15,3: 0.1767
restored best-val weights from epoch 1 (val 2.8155)
saved /vol/bitbucket/osella/rl-qecc-data/supervisedLearning/sweep2/g5_ground_anch_H3_s466555.pth

## /vol/bitbucket/osella/rl-qecc-data/supervisedLearning/sweep2/g5_ground_anch_H3_s466555.pth on held-out test l=6, m=6 (89505 codes) — 2026-07-29

- data: `held-out 10% of /vol/bitbucket/osella/rl-qecc-data/supervisedLearning/codeEvaluationTrainingData (size 6,6)`
- Binomial NLL: **10.6595** (noise floor 10.1008)
- reward MAE: **0.03214**
- k MAE: **1.32** logical qubits
- Spearman: **0.855**, Kendall: 0.674
- top-k overlap (k=50): **0.24**


## /vol/bitbucket/osella/rl-qecc-data/supervisedLearning/sweep2/g5_ground_anch_H3_s466555.pth on held-out test l=9, m=6 (274574 codes) — 2026-07-29

- data: `held-out 10% of /vol/bitbucket/osella/rl-qecc-data/supervisedLearning/codeEvaluationTrainingData (size 9,6)`
- Binomial NLL: **10.0005** (noise floor 8.6757)
- reward MAE: **0.07190**
- k MAE: **1.64** logical qubits
- Spearman: **0.728**, Kendall: 0.539
- top-k overlap (k=50): **0.16**


## /vol/bitbucket/osella/rl-qecc-data/supervisedLearning/sweep2/g5_ground_anch_H3_s466555.pth on held-out test l=12, m=6 (135322 codes) — 2026-07-29

- data: `held-out 10% of /vol/bitbucket/osella/rl-qecc-data/supervisedLearning/codeEvaluationTrainingData (size 12,6)`
- Binomial NLL: **10.2867** (noise floor 7.3754)
- reward MAE: **0.12954**
- k MAE: **2.45** logical qubits
- Spearman: **0.660**, Kendall: 0.477
- top-k overlap (k=50): **0.14**


## /vol/bitbucket/osella/rl-qecc-data/supervisedLearning/sweep2/g5_ground_anch_H3_s466555.pth on held-out test l=15, m=3 (441229 codes) — 2026-07-29

- data: `held-out 10% of /vol/bitbucket/osella/rl-qecc-data/supervisedLearning/codeEvaluationTrainingData (size 15,3)`
- Binomial NLL: **13.4697** (noise floor 10.4262)
- reward MAE: **0.11149**
- k MAE: **1.82** logical qubits
- Spearman: **0.470**, Kendall: 0.329
- top-k overlap (k=50): **0.14**

