device: cuda; sizes: [(6, 6), (9, 6), (12, 6), (15, 3)]; curve loss on: [(6, 6)]; lr: 0.0001; H: 7
loadCodeEvaluations: kept 895050 codes on the requested grid; dropped 1948461 records whose grid does not contain all its points
  size 6,6: 895050 codes (716040 train) curveLoss=True
loadCodeEvaluations: kept 2745739 codes on the requested grid; dropped 2681591 records whose grid does not contain all its points
  size 9,6: 2745739 codes (2196591 train) curveLoss=False
loadCodeEvaluations: kept 1353227 codes on the requested grid; dropped 457979 records whose grid does not contain all its points
  size 12,6: 1353227 codes (1082582 train) curveLoss=False
loadCodeEvaluations: kept 4412297 codes on the requested grid; dropped 458644 records whose grid does not contain all its points
  size 15,3: 4412297 codes (3529838 train) curveLoss=False
warm-started from /vol/bitbucket/osella/rl-qecc-data/supervisedLearning/sweep2/g5_mix_66_H7_s3000.pth
epoch 0: train 2.8128 | val 6,6: 10.7295 | 9,6: 0.1259 | 12,6: 0.2036 | 15,3: 0.1762
epoch 1: train 2.8066 | val 6,6: 10.7243 | 9,6: 0.1246 | 12,6: 0.2025 | 15,3: 0.1757
restored best-val weights from epoch 1 (val 2.8068)
saved /vol/bitbucket/osella/rl-qecc-data/supervisedLearning/sweep2/g5_ground_anch_H7_s3000.pth

## /vol/bitbucket/osella/rl-qecc-data/supervisedLearning/sweep2/g5_ground_anch_H7_s3000.pth on held-out test l=6, m=6 (89505 codes) — 2026-07-29

- data: `held-out 10% of /vol/bitbucket/osella/rl-qecc-data/supervisedLearning/codeEvaluationTrainingData (size 6,6)`
- Binomial NLL: **10.6241** (noise floor 10.0926)
- reward MAE: **0.03156**
- k MAE: **1.24** logical qubits
- Spearman: **0.860**, Kendall: 0.680
- top-k overlap (k=50): **0.12**


## /vol/bitbucket/osella/rl-qecc-data/supervisedLearning/sweep2/g5_ground_anch_H7_s3000.pth on held-out test l=9, m=6 (274574 codes) — 2026-07-29

- data: `held-out 10% of /vol/bitbucket/osella/rl-qecc-data/supervisedLearning/codeEvaluationTrainingData (size 9,6)`
- Binomial NLL: **9.7049** (noise floor 8.6751)
- reward MAE: **0.04822**
- k MAE: **1.61** logical qubits
- Spearman: **0.640**, Kendall: 0.459
- top-k overlap (k=50): **0.00**


## /vol/bitbucket/osella/rl-qecc-data/supervisedLearning/sweep2/g5_ground_anch_H7_s3000.pth on held-out test l=12, m=6 (135322 codes) — 2026-07-29

- data: `held-out 10% of /vol/bitbucket/osella/rl-qecc-data/supervisedLearning/codeEvaluationTrainingData (size 12,6)`
- Binomial NLL: **9.3479** (noise floor 7.3667)
- reward MAE: **0.08281**
- k MAE: **2.44** logical qubits
- Spearman: **0.581**, Kendall: 0.413
- top-k overlap (k=50): **0.34**


## /vol/bitbucket/osella/rl-qecc-data/supervisedLearning/sweep2/g5_ground_anch_H7_s3000.pth on held-out test l=15, m=3 (441229 codes) — 2026-07-29

- data: `held-out 10% of /vol/bitbucket/osella/rl-qecc-data/supervisedLearning/codeEvaluationTrainingData (size 15,3)`
- Binomial NLL: **12.4345** (noise floor 10.4334)
- reward MAE: **0.06049**
- k MAE: **1.83** logical qubits
- Spearman: **0.406**, Kendall: 0.287
- top-k overlap (k=50): **0.02**

