sweep2 worker gpu36 started Tue 28 Jul 00:17:37 BST 2026
worker gpu36: running p0_g5_mix_66-96-126-153_H4_s4000 Tue 28 Jul 00:17:37 BST 2026
worker gpu36: FAILED p0_g5_mix_66-96-126-153_H4_s4000 Tue 28 Jul 00:28:24 BST 2026
worker gpu36: running p0_g5_mix_66-96-126-153_H6_s4000 Tue 28 Jul 00:28:24 BST 2026
worker gpu36: FAILED p0_g5_mix_66-96-126-153_H6_s4000 Tue 28 Jul 00:38:26 BST 2026
worker gpu36: running p0_g5_mix_66-96-126_H10_s12345 Tue 28 Jul 00:38:26 BST 2026
worker gpu36: DONE p0_g5_mix_66-96-126_H10_s12345 Tue 28 Jul 00:57:33 BST 2026
worker gpu36: running p0_g5_mix_66-96-126_H6_s7134066 Tue 28 Jul 00:57:33 BST 2026
worker gpu36: DONE p0_g5_mix_66-96-126_H6_s7134066 Tue 28 Jul 01:15:58 BST 2026
worker gpu36: running p0_g5_mix_66-96_H4_s7134066 Tue 28 Jul 01:15:58 BST 2026
worker gpu36: DONE p0_g5_mix_66-96_H4_s7134066 Tue 28 Jul 01:30:17 BST 2026
worker gpu36: running p0_g5_mix_66_H4_s12345 Tue 28 Jul 01:30:17 BST 2026
worker gpu36: DONE p0_g5_mix_66_H4_s12345 Tue 28 Jul 01:36:16 BST 2026
worker gpu36: running p0_g5_mix_66-96-126-153_H3_s7134066 Tue 28 Jul 09:09:06 BST 2026
worker gpu36: FAILED p0_g5_mix_66-96-126-153_H3_s7134066 Tue 28 Jul 09:19:19 BST 2026
worker gpu36: running p0_g5_mix_66-96-126-153_H6_s5000 Tue 28 Jul 09:19:20 BST 2026
sweep2 worker gpu36 started Tue 28 Jul 09:47:33 BST 2026
worker gpu36: running p0_g5_mix_66-96-126-153_H3_s12345 Tue 28 Jul 09:47:33 BST 2026
worker gpu36: DONE p0_g5_mix_66-96-126-153_H3_s12345 Tue 28 Jul 10:04:26 BST 2026
worker gpu36: running p0_g5_mix_66-96-126-153_H3_s5000 Tue 28 Jul 10:04:26 BST 2026
