sweep2 worker gpu31 started Tue 28 Jul 00:15:57 BST 2026
worker gpu31: running p0_g5_mix_66-96-126-153_H3_s7134066 Tue 28 Jul 00:15:57 BST 2026
worker gpu31: FAILED p0_g5_mix_66-96-126-153_H3_s7134066 Tue 28 Jul 00:17:40 BST 2026
worker gpu31: running p0_g5_mix_66-96-126-153_H4_s466555 Tue 28 Jul 00:17:40 BST 2026
worker gpu31: FAILED p0_g5_mix_66-96-126-153_H4_s466555 Tue 28 Jul 00:19:11 BST 2026
worker gpu31: running p0_g5_mix_66-96-126-153_H4_s5000 Tue 28 Jul 00:19:11 BST 2026
worker gpu31: FAILED p0_g5_mix_66-96-126-153_H4_s5000 Tue 28 Jul 00:20:42 BST 2026
worker gpu31: running p0_g5_mix_66-96-126-153_H4_s54321 Tue 28 Jul 00:20:42 BST 2026
worker gpu31: FAILED p0_g5_mix_66-96-126-153_H4_s54321 Tue 28 Jul 00:22:15 BST 2026
worker gpu31: running p0_g5_mix_66-96-126-153_H4_s7134066 Tue 28 Jul 00:22:15 BST 2026
worker gpu31: FAILED p0_g5_mix_66-96-126-153_H4_s7134066 Tue 28 Jul 00:23:48 BST 2026
worker gpu31: running p0_g5_mix_66-96-126-153_H3_s7134066 Tue 28 Jul 00:23:48 BST 2026
sweep2 worker gpu31 started Tue 28 Jul 00:23:58 BST 2026
worker gpu31: only 265MB free on GPU, waiting Tue 28 Jul 00:23:58 BST 2026
worker gpu31: FAILED p0_g5_mix_66-96-126-153_H3_s7134066 Tue 28 Jul 00:25:15 BST 2026
worker gpu31: running p0_g5_mix_66-96-126-153_H4_s1000 Tue 28 Jul 00:25:15 BST 2026
worker gpu31: FAILED p0_g5_mix_66-96-126-153_H4_s1000 Tue 28 Jul 00:26:47 BST 2026
worker gpu31: running p0_g5_mix_66-96-126-153_H4_s54321 Tue 28 Jul 00:26:47 BST 2026
worker gpu31: FAILED p0_g5_mix_66-96-126-153_H4_s54321 Tue 28 Jul 00:28:14 BST 2026
worker gpu31: running p0_g5_mix_66-96-126-153_H6_s2000 Tue 28 Jul 00:28:14 BST 2026
worker gpu31: only 265MB free on GPU, waiting Tue 28 Jul 00:28:59 BST 2026
worker gpu31: FAILED p0_g5_mix_66-96-126-153_H6_s2000 Tue 28 Jul 00:29:46 BST 2026
worker gpu31: running p0_g5_mix_66-96-126-153_H6_s5000 Tue 28 Jul 00:29:46 BST 2026
worker gpu31: FAILED p0_g5_mix_66-96-126-153_H6_s5000 Tue 28 Jul 00:31:14 BST 2026
worker gpu31: running p0_g5_mix_66-96-126-153_H7_s1000 Tue 28 Jul 00:31:14 BST 2026
worker gpu31: FAILED p0_g5_mix_66-96-126-153_H7_s1000 Tue 28 Jul 00:32:42 BST 2026
worker gpu31: running p0_g5_mix_66-96-126-153_H7_s4000 Tue 28 Jul 00:32:42 BST 2026
worker gpu31: only 265MB free on GPU, waiting Tue 28 Jul 00:33:59 BST 2026
worker gpu31: FAILED p0_g5_mix_66-96-126-153_H7_s4000 Tue 28 Jul 00:34:10 BST 2026
worker gpu31: running p0_g5_mix_66-96-126-153_H7_s466555 Tue 28 Jul 00:34:10 BST 2026
worker gpu31: FAILED p0_g5_mix_66-96-126-153_H7_s466555 Tue 28 Jul 00:35:38 BST 2026
worker gpu31: running p0_g5_mix_66-96-126-153_H7_s6000 Tue 28 Jul 00:35:38 BST 2026
worker gpu31: FAILED p0_g5_mix_66-96-126-153_H7_s6000 Tue 28 Jul 00:37:06 BST 2026
worker gpu31: running p0_g5_mix_66-96-126_H10_s1000 Tue 28 Jul 00:37:06 BST 2026
worker gpu31: FAILED p0_g5_mix_66-96-126_H10_s1000 Tue 28 Jul 00:38:34 BST 2026
worker gpu31: running p0_g5_mix_66-96-126_H10_s2000 Tue 28 Jul 00:38:34 BST 2026
worker gpu31: only 265MB free on GPU, waiting Tue 28 Jul 00:38:59 BST 2026
worker gpu31: FAILED p0_g5_mix_66-96-126_H10_s2000 Tue 28 Jul 00:40:04 BST 2026
worker gpu31: running p0_g5_mix_66-96-126_H10_s4000 Tue 28 Jul 00:40:04 BST 2026
worker gpu31: FAILED p0_g5_mix_66-96-126_H10_s4000 Tue 28 Jul 00:41:37 BST 2026
worker gpu31: running p0_g5_mix_66-96-126_H10_s54321 Tue 28 Jul 00:41:37 BST 2026
worker gpu31: FAILED p0_g5_mix_66-96-126_H10_s54321 Tue 28 Jul 00:43:04 BST 2026
worker gpu31: running p0_g5_mix_66-96-126_H10_s6000 Tue 28 Jul 00:43:04 BST 2026
worker gpu31: only 265MB free on GPU, waiting Tue 28 Jul 00:43:59 BST 2026
worker gpu31: FAILED p0_g5_mix_66-96-126_H10_s6000 Tue 28 Jul 00:44:31 BST 2026
worker gpu31: running p0_g5_mix_66-96-126_H3_s12345 Tue 28 Jul 00:44:31 BST 2026
worker gpu31: FAILED p0_g5_mix_66-96-126_H3_s12345 Tue 28 Jul 00:46:02 BST 2026
worker gpu31: running p0_g5_mix_66-96-126_H3_s4000 Tue 28 Jul 00:46:02 BST 2026
worker gpu31: FAILED p0_g5_mix_66-96-126_H3_s4000 Tue 28 Jul 00:47:30 BST 2026
worker gpu31: running p0_g5_mix_66-96-126_H3_s54321 Tue 28 Jul 00:47:30 BST 2026
worker gpu31: only 265MB free on GPU, waiting Tue 28 Jul 00:48:59 BST 2026
worker gpu31: FAILED p0_g5_mix_66-96-126_H3_s54321 Tue 28 Jul 00:49:03 BST 2026
worker gpu31: running p0_g5_mix_66-96-126_H4_s12345 Tue 28 Jul 00:49:03 BST 2026
worker gpu31: FAILED p0_g5_mix_66-96-126_H4_s12345 Tue 28 Jul 00:50:29 BST 2026
worker gpu31: running p0_g5_mix_66-96-126_H4_s4000 Tue 28 Jul 00:50:29 BST 2026
worker gpu31: FAILED p0_g5_mix_66-96-126_H4_s4000 Tue 28 Jul 00:51:55 BST 2026
worker gpu31: running p0_g5_mix_66-96-126_H4_s5000 Tue 28 Jul 00:51:55 BST 2026
worker gpu31: FAILED p0_g5_mix_66-96-126_H4_s5000 Tue 28 Jul 00:53:26 BST 2026
worker gpu31: running p0_g5_mix_66-96-126_H4_s7134066 Tue 28 Jul 00:53:26 BST 2026
worker gpu31: only 265MB free on GPU, waiting Tue 28 Jul 00:53:59 BST 2026
worker gpu31: FAILED p0_g5_mix_66-96-126_H4_s7134066 Tue 28 Jul 00:54:54 BST 2026
worker gpu31: running p0_g5_mix_66-96-126_H6_s3000 Tue 28 Jul 00:54:54 BST 2026
worker gpu31: FAILED p0_g5_mix_66-96-126_H6_s3000 Tue 28 Jul 00:56:27 BST 2026
worker gpu31: running p0_g5_mix_66-96-126_H6_s466555 Tue 28 Jul 00:56:27 BST 2026
worker gpu31: FAILED p0_g5_mix_66-96-126_H6_s466555 Tue 28 Jul 00:57:57 BST 2026
worker gpu31: running p0_g5_mix_66-96-126_H7_s1000 Tue 28 Jul 00:57:57 BST 2026
worker gpu31: only 263MB free on GPU, waiting Tue 28 Jul 00:58:59 BST 2026
worker gpu31: FAILED p0_g5_mix_66-96-126_H7_s1000 Tue 28 Jul 00:59:27 BST 2026
worker gpu31: running p0_g5_mix_66-96-126_H7_s12345 Tue 28 Jul 00:59:27 BST 2026
worker gpu31: FAILED p0_g5_mix_66-96-126_H7_s12345 Tue 28 Jul 01:00:52 BST 2026
worker gpu31: running p0_g5_mix_66-96-126_H7_s4000 Tue 28 Jul 01:00:52 BST 2026
worker gpu31: FAILED p0_g5_mix_66-96-126_H7_s4000 Tue 28 Jul 01:02:21 BST 2026
worker gpu31: running p0_g5_mix_66-96-126_H7_s54321 Tue 28 Jul 01:02:21 BST 2026
worker gpu31: FAILED p0_g5_mix_66-96-126_H7_s54321 Tue 28 Jul 01:03:50 BST 2026
worker gpu31: running p0_g5_mix_66-96_H10_s3000 Tue 28 Jul 01:03:50 BST 2026
worker gpu31: only 265MB free on GPU, waiting Tue 28 Jul 01:03:59 BST 2026
worker gpu31: FAILED p0_g5_mix_66-96_H10_s3000 Tue 28 Jul 01:05:20 BST 2026
worker gpu31: running p0_g5_mix_66-96_H10_s5000 Tue 28 Jul 01:05:20 BST 2026
worker gpu31: FAILED p0_g5_mix_66-96_H10_s5000 Tue 28 Jul 01:06:49 BST 2026
worker gpu31: running p0_g5_mix_66-96_H10_s6000 Tue 28 Jul 01:06:49 BST 2026
worker gpu31: FAILED p0_g5_mix_66-96_H10_s6000 Tue 28 Jul 01:08:21 BST 2026
worker gpu31: running p0_g5_mix_66-96_H3_s1000 Tue 28 Jul 01:08:21 BST 2026
worker gpu31: only 265MB free on GPU, waiting Tue 28 Jul 01:08:59 BST 2026
worker gpu31: FAILED p0_g5_mix_66-96_H3_s1000 Tue 28 Jul 01:09:47 BST 2026
worker gpu31: running p0_g5_mix_66-96_H3_s4000 Tue 28 Jul 01:09:47 BST 2026
worker gpu31: FAILED p0_g5_mix_66-96_H3_s4000 Tue 28 Jul 01:11:15 BST 2026
worker gpu31: running p0_g5_mix_66-96_H4_s1000 Tue 28 Jul 01:11:15 BST 2026
worker gpu31: FAILED p0_g5_mix_66-96_H4_s1000 Tue 28 Jul 01:12:47 BST 2026
worker gpu31: running p0_g5_mix_66-96_H4_s2000 Tue 28 Jul 01:12:47 BST 2026
worker gpu31: only 265MB free on GPU, waiting Tue 28 Jul 01:13:59 BST 2026
worker gpu31: FAILED p0_g5_mix_66-96_H4_s2000 Tue 28 Jul 01:14:20 BST 2026
worker gpu31: running p0_g5_mix_66-96_H4_s4000 Tue 28 Jul 01:14:20 BST 2026
worker gpu31: FAILED p0_g5_mix_66-96_H4_s4000 Tue 28 Jul 01:15:47 BST 2026
worker gpu31: running p0_g5_mix_66-96_H4_s6000 Tue 28 Jul 01:15:47 BST 2026
worker gpu31: FAILED p0_g5_mix_66-96_H4_s6000 Tue 28 Jul 01:17:14 BST 2026
worker gpu31: running p0_g5_mix_66-96_H6_s2000 Tue 28 Jul 01:17:14 BST 2026
worker gpu31: FAILED p0_g5_mix_66-96_H6_s2000 Tue 28 Jul 01:18:42 BST 2026
worker gpu31: running p0_g5_mix_66-96_H6_s54321 Tue 28 Jul 01:18:42 BST 2026
worker gpu31: only 265MB free on GPU, waiting Tue 28 Jul 01:18:59 BST 2026
worker gpu31: FAILED p0_g5_mix_66-96_H6_s54321 Tue 28 Jul 01:20:09 BST 2026
worker gpu31: running p0_g5_mix_66-96_H7_s12345 Tue 28 Jul 01:20:10 BST 2026
worker gpu31: FAILED p0_g5_mix_66-96_H7_s12345 Tue 28 Jul 01:21:40 BST 2026
worker gpu31: running p0_g5_mix_66-96_H7_s3000 Tue 28 Jul 01:21:40 BST 2026
worker gpu31: FAILED p0_g5_mix_66-96_H7_s3000 Tue 28 Jul 01:23:09 BST 2026
worker gpu31: running p0_g5_mix_66-96_H7_s6000 Tue 28 Jul 01:23:09 BST 2026
worker gpu31: only 265MB free on GPU, waiting Tue 28 Jul 01:23:59 BST 2026
worker gpu31: FAILED p0_g5_mix_66-96_H7_s6000 Tue 28 Jul 01:24:40 BST 2026
worker gpu31: running p0_g5_mix_66_H10_s1000 Tue 28 Jul 01:24:40 BST 2026
worker gpu31: FAILED p0_g5_mix_66_H10_s1000 Tue 28 Jul 01:26:11 BST 2026
worker gpu31: running p0_g5_mix_66_H10_s466555 Tue 28 Jul 01:26:11 BST 2026
worker gpu31: FAILED p0_g5_mix_66_H10_s466555 Tue 28 Jul 01:27:38 BST 2026
worker gpu31: running p0_g5_mix_66_H10_s6000 Tue 28 Jul 01:27:38 BST 2026
worker gpu31: only 264MB free on GPU, waiting Tue 28 Jul 01:28:59 BST 2026
worker gpu31: FAILED p0_g5_mix_66_H10_s6000 Tue 28 Jul 01:29:06 BST 2026
worker gpu31: running p0_g5_mix_66_H3_s6000 Tue 28 Jul 01:29:06 BST 2026
worker gpu31: FAILED p0_g5_mix_66_H3_s6000 Tue 28 Jul 01:30:37 BST 2026
worker gpu31: running p0_g5_mix_66_H4_s4000 Tue 28 Jul 01:30:37 BST 2026
worker gpu31: FAILED p0_g5_mix_66_H4_s4000 Tue 28 Jul 01:32:07 BST 2026
worker gpu31: running p0_g5_mix_66_H6_s3000 Tue 28 Jul 01:32:07 BST 2026
worker gpu31: FAILED p0_g5_mix_66_H6_s3000 Tue 28 Jul 01:33:37 BST 2026
worker gpu31: running p0_g5_mix_66_H7_s3000 Tue 28 Jul 01:33:37 BST 2026
worker gpu31: only 265MB free on GPU, waiting Tue 28 Jul 01:33:59 BST 2026
worker gpu31: FAILED p0_g5_mix_66_H7_s3000 Tue 28 Jul 01:35:05 BST 2026
worker gpu31: only 265MB free on GPU, waiting Tue 28 Jul 01:38:59 BST 2026
worker gpu31: only 264MB free on GPU, waiting Tue 28 Jul 01:43:59 BST 2026
worker gpu31: only 265MB free on GPU, waiting Tue 28 Jul 01:48:59 BST 2026
worker gpu31: only 265MB free on GPU, waiting Tue 28 Jul 01:53:59 BST 2026
worker gpu31: only 265MB free on GPU, waiting Tue 28 Jul 01:58:59 BST 2026
worker gpu31: only 265MB free on GPU, waiting Tue 28 Jul 02:03:59 BST 2026
worker gpu31: only 265MB free on GPU, waiting Tue 28 Jul 02:08:59 BST 2026
worker gpu31: only 265MB free on GPU, waiting Tue 28 Jul 02:13:59 BST 2026
worker gpu31: only 265MB free on GPU, waiting Tue 28 Jul 02:18:59 BST 2026
worker gpu31: only 265MB free on GPU, waiting Tue 28 Jul 02:23:59 BST 2026
worker gpu31: only 265MB free on GPU, waiting Tue 28 Jul 02:28:59 BST 2026
worker gpu31: only 265MB free on GPU, waiting Tue 28 Jul 02:33:59 BST 2026
worker gpu31: only 265MB free on GPU, waiting Tue 28 Jul 02:38:59 BST 2026
worker gpu31: only 264MB free on GPU, waiting Tue 28 Jul 02:43:59 BST 2026
worker gpu31: only 265MB free on GPU, waiting Tue 28 Jul 02:48:59 BST 2026
worker gpu31: only 265MB free on GPU, waiting Tue 28 Jul 02:53:59 BST 2026
worker gpu31: only 265MB free on GPU, waiting Tue 28 Jul 02:58:59 BST 2026
worker gpu31: only 265MB free on GPU, waiting Tue 28 Jul 03:04:00 BST 2026
worker gpu31: only 265MB free on GPU, waiting Tue 28 Jul 03:09:00 BST 2026
worker gpu31: only 265MB free on GPU, waiting Tue 28 Jul 03:14:00 BST 2026
worker gpu31: only 265MB free on GPU, waiting Tue 28 Jul 03:19:00 BST 2026
worker gpu31: only 265MB free on GPU, waiting Tue 28 Jul 03:24:00 BST 2026
worker gpu31: only 265MB free on GPU, waiting Tue 28 Jul 03:29:00 BST 2026
worker gpu31: only 265MB free on GPU, waiting Tue 28 Jul 03:34:00 BST 2026
worker gpu31: only 265MB free on GPU, waiting Tue 28 Jul 03:39:00 BST 2026
worker gpu31: only 265MB free on GPU, waiting Tue 28 Jul 03:44:00 BST 2026
worker gpu31: only 265MB free on GPU, waiting Tue 28 Jul 03:49:00 BST 2026
worker gpu31: only 265MB free on GPU, waiting Tue 28 Jul 03:54:00 BST 2026
worker gpu31: only 265MB free on GPU, waiting Tue 28 Jul 03:59:00 BST 2026
worker gpu31: only 265MB free on GPU, waiting Tue 28 Jul 04:04:00 BST 2026
worker gpu31: only 265MB free on GPU, waiting Tue 28 Jul 04:09:00 BST 2026
worker gpu31: only 265MB free on GPU, waiting Tue 28 Jul 04:14:00 BST 2026
worker gpu31: only 265MB free on GPU, waiting Tue 28 Jul 04:19:00 BST 2026
worker gpu31: only 265MB free on GPU, waiting Tue 28 Jul 04:24:00 BST 2026
worker gpu31: only 265MB free on GPU, waiting Tue 28 Jul 04:29:00 BST 2026
worker gpu31: only 265MB free on GPU, waiting Tue 28 Jul 04:34:00 BST 2026
worker gpu31: only 265MB free on GPU, waiting Tue 28 Jul 04:39:00 BST 2026
worker gpu31: only 265MB free on GPU, waiting Tue 28 Jul 04:44:00 BST 2026
worker gpu31: only 265MB free on GPU, waiting Tue 28 Jul 04:49:00 BST 2026
worker gpu31: only 265MB free on GPU, waiting Tue 28 Jul 04:54:00 BST 2026
worker gpu31: only 265MB free on GPU, waiting Tue 28 Jul 04:59:00 BST 2026
worker gpu31: only 265MB free on GPU, waiting Tue 28 Jul 05:04:00 BST 2026
worker gpu31: only 264MB free on GPU, waiting Tue 28 Jul 05:09:00 BST 2026
worker gpu31: only 265MB free on GPU, waiting Tue 28 Jul 05:14:00 BST 2026
worker gpu31: only 265MB free on GPU, waiting Tue 28 Jul 05:19:00 BST 2026
worker gpu31: only 265MB free on GPU, waiting Tue 28 Jul 05:24:00 BST 2026
worker gpu31: only 265MB free on GPU, waiting Tue 28 Jul 05:29:01 BST 2026
worker gpu31: only 265MB free on GPU, waiting Tue 28 Jul 05:34:01 BST 2026
worker gpu31: only 265MB free on GPU, waiting Tue 28 Jul 05:39:01 BST 2026
worker gpu31: only 265MB free on GPU, waiting Tue 28 Jul 05:44:01 BST 2026
worker gpu31: only 265MB free on GPU, waiting Tue 28 Jul 05:49:01 BST 2026
worker gpu31: only 265MB free on GPU, waiting Tue 28 Jul 05:54:01 BST 2026
worker gpu31: only 265MB free on GPU, waiting Tue 28 Jul 05:59:01 BST 2026
worker gpu31: only 265MB free on GPU, waiting Tue 28 Jul 06:04:01 BST 2026
worker gpu31: only 265MB free on GPU, waiting Tue 28 Jul 06:09:01 BST 2026
worker gpu31: only 265MB free on GPU, waiting Tue 28 Jul 06:14:01 BST 2026
worker gpu31: only 265MB free on GPU, waiting Tue 28 Jul 06:19:01 BST 2026
worker gpu31: only 265MB free on GPU, waiting Tue 28 Jul 06:24:01 BST 2026
worker gpu31: only 265MB free on GPU, waiting Tue 28 Jul 06:29:01 BST 2026
worker gpu31: only 265MB free on GPU, waiting Tue 28 Jul 06:34:01 BST 2026
worker gpu31: only 265MB free on GPU, waiting Tue 28 Jul 06:39:01 BST 2026
worker gpu31: only 265MB free on GPU, waiting Tue 28 Jul 06:44:01 BST 2026
worker gpu31: only 265MB free on GPU, waiting Tue 28 Jul 06:49:01 BST 2026
worker gpu31: only 265MB free on GPU, waiting Tue 28 Jul 06:54:01 BST 2026
worker gpu31: only 265MB free on GPU, waiting Tue 28 Jul 06:59:01 BST 2026
worker gpu31: only 265MB free on GPU, waiting Tue 28 Jul 07:04:01 BST 2026
worker gpu31: only 265MB free on GPU, waiting Tue 28 Jul 07:09:01 BST 2026
worker gpu31: only 265MB free on GPU, waiting Tue 28 Jul 07:14:01 BST 2026
worker gpu31: only 265MB free on GPU, waiting Tue 28 Jul 07:19:01 BST 2026
worker gpu31: only 265MB free on GPU, waiting Tue 28 Jul 07:24:01 BST 2026
worker gpu31: only 265MB free on GPU, waiting Tue 28 Jul 07:29:01 BST 2026
worker gpu31: only 265MB free on GPU, waiting Tue 28 Jul 07:34:01 BST 2026
worker gpu31: only 265MB free on GPU, waiting Tue 28 Jul 07:39:01 BST 2026
worker gpu31: only 265MB free on GPU, waiting Tue 28 Jul 07:44:01 BST 2026
worker gpu31: only 265MB free on GPU, waiting Tue 28 Jul 07:49:01 BST 2026
worker gpu31: only 265MB free on GPU, waiting Tue 28 Jul 07:54:02 BST 2026
worker gpu31: only 265MB free on GPU, waiting Tue 28 Jul 07:59:02 BST 2026
worker gpu31: only 265MB free on GPU, waiting Tue 28 Jul 08:04:02 BST 2026
worker gpu31: only 265MB free on GPU, waiting Tue 28 Jul 08:09:02 BST 2026
worker gpu31: only 265MB free on GPU, waiting Tue 28 Jul 08:14:02 BST 2026
worker gpu31: only 265MB free on GPU, waiting Tue 28 Jul 08:19:02 BST 2026
worker gpu31: only 265MB free on GPU, waiting Tue 28 Jul 08:24:02 BST 2026
worker gpu31: only 265MB free on GPU, waiting Tue 28 Jul 08:29:02 BST 2026
worker gpu31: only 265MB free on GPU, waiting Tue 28 Jul 08:34:02 BST 2026
worker gpu31: only 265MB free on GPU, waiting Tue 28 Jul 08:39:02 BST 2026
worker gpu31: only 265MB free on GPU, waiting Tue 28 Jul 08:44:02 BST 2026
worker gpu31: only 265MB free on GPU, waiting Tue 28 Jul 08:49:02 BST 2026
worker gpu31: only 265MB free on GPU, waiting Tue 28 Jul 08:54:02 BST 2026
worker gpu31: only 265MB free on GPU, waiting Tue 28 Jul 08:59:02 BST 2026
worker gpu31: only 265MB free on GPU, waiting Tue 28 Jul 09:04:02 BST 2026
worker gpu31: only 265MB free on GPU, waiting Tue 28 Jul 09:09:02 BST 2026
worker gpu31: running p0_g5_mix_66-96-126-153_H4_s12345 Tue 28 Jul 09:09:35 BST 2026
worker gpu31: FAILED p0_g5_mix_66-96-126-153_H4_s12345 Tue 28 Jul 09:11:03 BST 2026
worker gpu31: running p0_g5_mix_66-96-126-153_H4_s54321 Tue 28 Jul 09:11:03 BST 2026
worker gpu31: FAILED p0_g5_mix_66-96-126-153_H4_s54321 Tue 28 Jul 09:12:32 BST 2026
worker gpu31: running p0_g5_mix_66-96-126-153_H4_s6000 Tue 28 Jul 09:12:32 BST 2026
worker gpu31: FAILED p0_g5_mix_66-96-126-153_H4_s6000 Tue 28 Jul 09:14:00 BST 2026
worker gpu31: running p0_g5_mix_66-96-126-153_H6_s1000 Tue 28 Jul 09:14:00 BST 2026
worker gpu31: only 265MB free on GPU, waiting Tue 28 Jul 09:14:02 BST 2026
worker gpu31: FAILED p0_g5_mix_66-96-126-153_H6_s1000 Tue 28 Jul 09:15:30 BST 2026
worker gpu31: running p0_g5_mix_66-96-126-153_H6_s12345 Tue 28 Jul 09:15:30 BST 2026
worker gpu31: FAILED p0_g5_mix_66-96-126-153_H6_s12345 Tue 28 Jul 09:16:57 BST 2026
worker gpu31: running p0_g5_mix_66-96-126-153_H6_s2000 Tue 28 Jul 09:16:57 BST 2026
worker gpu31: FAILED p0_g5_mix_66-96-126-153_H6_s2000 Tue 28 Jul 09:18:26 BST 2026
worker gpu31: running p0_g5_mix_66-96-126-153_H6_s466555 Tue 28 Jul 09:18:26 BST 2026
worker gpu31: only 265MB free on GPU, waiting Tue 28 Jul 09:19:02 BST 2026
worker gpu31: FAILED p0_g5_mix_66-96-126-153_H6_s466555 Tue 28 Jul 09:19:55 BST 2026
worker gpu31: running p0_g5_mix_66-96-126-153_H6_s54321 Tue 28 Jul 09:19:55 BST 2026
worker gpu31: FAILED p0_g5_mix_66-96-126-153_H6_s54321 Tue 28 Jul 09:21:28 BST 2026
worker gpu31: running p0_g5_mix_66-96-126-153_H6_s6000 Tue 28 Jul 09:21:28 BST 2026
worker gpu31: FAILED p0_g5_mix_66-96-126-153_H6_s6000 Tue 28 Jul 09:22:58 BST 2026
worker gpu31: running p0_g5_mix_66-96-126-153_H7_s1000 Tue 28 Jul 09:22:58 BST 2026
worker gpu31: only 265MB free on GPU, waiting Tue 28 Jul 09:24:02 BST 2026
worker gpu31: FAILED p0_g5_mix_66-96-126-153_H7_s1000 Tue 28 Jul 09:24:26 BST 2026
worker gpu31: running p0_g5_mix_66-96-126-153_H7_s12345 Tue 28 Jul 09:24:26 BST 2026
worker gpu31: FAILED p0_g5_mix_66-96-126-153_H7_s12345 Tue 28 Jul 09:25:58 BST 2026
worker gpu31: running p0_g5_mix_66-96-126-153_H7_s2000 Tue 28 Jul 09:25:58 BST 2026
worker gpu31: FAILED p0_g5_mix_66-96-126-153_H7_s2000 Tue 28 Jul 09:27:25 BST 2026
worker gpu31: running p0_g5_mix_66-96-126-153_H7_s4000 Tue 28 Jul 09:27:25 BST 2026
worker gpu31: FAILED p0_g5_mix_66-96-126-153_H7_s4000 Tue 28 Jul 09:28:59 BST 2026
worker gpu31: running p0_g5_mix_66-96-126-153_H7_s6000 Tue 28 Jul 09:28:59 BST 2026
worker gpu31: only 265MB free on GPU, waiting Tue 28 Jul 09:29:02 BST 2026
worker gpu31: FAILED p0_g5_mix_66-96-126-153_H7_s6000 Tue 28 Jul 09:30:28 BST 2026
worker gpu31: running p0_g5_mix_66-96-126-153_H7_s7134066 Tue 28 Jul 09:30:28 BST 2026
worker gpu31: FAILED p0_g5_mix_66-96-126-153_H7_s7134066 Tue 28 Jul 09:31:59 BST 2026
worker gpu31: running p0_g5_mix_66-96-126_H10_s3000 Tue 28 Jul 09:31:59 BST 2026
worker gpu31: FAILED p0_g5_mix_66-96-126_H10_s3000 Tue 28 Jul 09:33:30 BST 2026
worker gpu31: running p0_g5_mix_66-96-126_H10_s4000 Tue 28 Jul 09:33:30 BST 2026
worker gpu31: only 265MB free on GPU, waiting Tue 28 Jul 09:34:02 BST 2026
worker gpu31: FAILED p0_g5_mix_66-96-126_H10_s4000 Tue 28 Jul 09:34:59 BST 2026
worker gpu31: running p0_g5_mix_66-96-126_H10_s466555 Tue 28 Jul 09:34:59 BST 2026
worker gpu31: FAILED p0_g5_mix_66-96-126_H10_s466555 Tue 28 Jul 09:36:26 BST 2026
worker gpu31: running p0_g5_mix_66-96-126_H10_s54321 Tue 28 Jul 09:36:26 BST 2026
worker gpu31: FAILED p0_g5_mix_66-96-126_H10_s54321 Tue 28 Jul 09:37:56 BST 2026
worker gpu31: running p0_g5_mix_66-96-126_H10_s7134066 Tue 28 Jul 09:37:56 BST 2026
worker gpu31: only 265MB free on GPU, waiting Tue 28 Jul 09:39:02 BST 2026
worker gpu31: FAILED p0_g5_mix_66-96-126_H10_s7134066 Tue 28 Jul 09:39:25 BST 2026
worker gpu31: running p0_g5_mix_66-96-126_H3_s1000 Tue 28 Jul 09:39:25 BST 2026
worker gpu31: FAILED p0_g5_mix_66-96-126_H3_s1000 Tue 28 Jul 09:40:52 BST 2026
worker gpu31: running p0_g5_mix_66-96-126_H3_s12345 Tue 28 Jul 09:40:52 BST 2026
worker gpu31: FAILED p0_g5_mix_66-96-126_H3_s12345 Tue 28 Jul 09:42:24 BST 2026
worker gpu31: running p0_g5_mix_66-96-126_H3_s3000 Tue 28 Jul 09:42:24 BST 2026
mv: cannot stat '/vol/bitbucket/osella/rl-qecc-data/supervisedLearning/sweep2/claimed/p0_g5_mix_66-96-126_H3_s3000.gpu31': No such file or directory
worker gpu31: FAILED p0_g5_mix_66-96-126_H3_s3000 Tue 28 Jul 09:43:52 BST 2026
worker gpu31: running p0_g5_mix_66-96-126-153_H10_s1000 Tue 28 Jul 09:43:52 BST 2026
worker gpu31: only 265MB free on GPU, waiting Tue 28 Jul 09:44:02 BST 2026
worker gpu31: FAILED p0_g5_mix_66-96-126-153_H10_s1000 Tue 28 Jul 09:45:21 BST 2026
worker gpu31: running p0_g5_mix_66-96-126-153_H10_s466555 Tue 28 Jul 09:45:21 BST 2026
worker gpu31: FAILED p0_g5_mix_66-96-126-153_H10_s466555 Tue 28 Jul 09:46:47 BST 2026
worker gpu31: running p0_g5_mix_66-96-126-153_H10_s7134066 Tue 28 Jul 09:46:47 BST 2026
worker gpu31: FAILED p0_g5_mix_66-96-126-153_H10_s7134066 Tue 28 Jul 09:48:15 BST 2026
worker gpu31: running p0_g5_mix_66-96-126-153_H3_s2000 Tue 28 Jul 09:48:15 BST 2026
worker gpu31: only 265MB free on GPU, waiting Tue 28 Jul 09:49:02 BST 2026
