device: cuda; sizes: [(6, 6), (9, 6), (12, 6), (15, 3)]; curve loss on: [(6, 6), (9, 6), (12, 6), (15, 3)]; lr: 0.001; H: 3
loadCodeEvaluations: dropped 102770 records with a non-canonical errorRange
  size 6,6: 1319823 codes (1055858 train) curveLoss=True
loadCodeEvaluations: dropped 98637 records with a non-canonical errorRange
  size 9,6: 451060 codes (360848 train) curveLoss=True
loadCodeEvaluations: dropped 70535 records with a non-canonical errorRange
  size 12,6: 413502 codes (330802 train) curveLoss=True
  size 15,3: 17373 codes (13898 train) curveLoss=True
epoch 0: train 98.2284 | val 6,6: 17.9480 | 9,6: 55.4715 | 12,6: 12.4673 | 15,3: 183.6943
epoch 1: train 58.1956 | val 6,6: 15.4829 | 9,6: 51.0011 | 12,6: 12.2141 | 15,3: 183.6066
epoch 2: train 56.7636 | val 6,6: 16.4242 | 9,6: 54.3196 | 12,6: 12.9062 | 15,3: 184.4463
epoch 3: train 56.8716 | val 6,6: 14.8727 | 9,6: 50.2392 | 12,6: 12.3293 | 15,3: 181.0894
epoch 4: train 54.2320 | val 6,6: 14.6443 | 9,6: 50.1990 | 12,6: 12.4720 | 15,3: 166.8501
epoch 5: train 54.5688 | val 6,6: 14.5079 | 9,6: 49.5035 | 12,6: 12.2800 | 15,3: 167.7845
epoch 6: train 53.0947 | val 6,6: 14.4543 | 9,6: 49.8537 | 12,6: 12.4354 | 15,3: 164.4780
epoch 7: train 53.7234 | val 6,6: 15.3005 | 9,6: 50.0176 | 12,6: 12.1386 | 15,3: 165.9159
epoch 8: train 56.8561 | val 6,6: 14.7898 | 9,6: 49.3901 | 12,6: 12.2337 | 15,3: 166.0692
epoch 9: train 54.8341 | val 6,6: 14.4558 | 9,6: 49.2711 | 12,6: 12.2474 | 15,3: 165.1741
epoch 10: train 52.4734 | val 6,6: 14.3852 | 9,6: 49.2456 | 12,6: 12.0929 | 15,3: 166.2060
epoch 11: train 53.0854 | val 6,6: 14.6399 | 9,6: 49.6158 | 12,6: 12.2092 | 15,3: 173.4441
epoch 12: train 56.6134 | val 6,6: 14.3623 | 9,6: 49.2072 | 12,6: 12.1342 | 15,3: 164.6804
epoch 13: train 54.4598 | val 6,6: 14.3375 | 9,6: 49.7107 | 12,6: 12.3504 | 15,3: 164.1748
epoch 14: train 51.8472 | val 6,6: 14.9109 | 9,6: 50.0118 | 12,6: 12.0944 | 15,3: 166.0733
epoch 15: train 53.5489 | val 6,6: 14.5616 | 9,6: 49.2100 | 12,6: 11.8842 | 15,3: 166.4171
epoch 16: train 53.5305 | val 6,6: 14.3711 | 9,6: 48.9276 | 12,6: 12.0924 | 15,3: 163.6603
epoch 17: train 52.2770 | val 6,6: 14.6053 | 9,6: 50.6066 | 12,6: 12.4886 | 15,3: 162.7763
epoch 18: train 51.9238 | val 6,6: 14.2587 | 9,6: 49.1251 | 12,6: 12.0690 | 15,3: 161.9590
epoch 19: train 51.6512 | val 6,6: 14.2123 | 9,6: 48.4681 | 12,6: 11.8036 | 15,3: 160.4792
epoch 20: train 51.7669 | val 6,6: 14.0959 | 9,6: 48.1227 | 12,6: 11.6299 | 15,3: 165.7363
epoch 21: train 53.4698 | val 6,6: 14.1775 | 9,6: 48.7795 | 12,6: 11.7941 | 15,3: 161.0161
epoch 22: train 52.3872 | val 6,6: 14.1120 | 9,6: 48.0795 | 12,6: 11.6020 | 15,3: 161.2921
epoch 23: train 51.2971 | val 6,6: 14.1700 | 9,6: 48.4741 | 12,6: 11.7047 | 15,3: 160.6214
epoch 24: train 52.7537 | val 6,6: 14.1564 | 9,6: 48.0728 | 12,6: 11.4109 | 15,3: 158.8951
epoch 25: train 52.4406 | val 6,6: 14.1870 | 9,6: 48.0267 | 12,6: 11.3381 | 15,3: 158.7863
epoch 26: train 50.3736 | val 6,6: 14.1873 | 9,6: 48.2186 | 12,6: 11.5055 | 15,3: 161.0819
epoch 27: train 52.0282 | val 6,6: 14.1203 | 9,6: 48.3131 | 12,6: 11.6040 | 15,3: 159.8328
epoch 28: train 53.3713 | val 6,6: 14.0720 | 9,6: 47.9519 | 12,6: 11.2470 | 15,3: 158.9434
epoch 29: train 52.3698 | val 6,6: 14.5477 | 9,6: 48.6372 | 12,6: 12.0857 | 15,3: 160.9549
epoch 30: train 54.2355 | val 6,6: 14.4570 | 9,6: 48.6731 | 12,6: 11.9476 | 15,3: 160.3545
epoch 31: train 51.4243 | val 6,6: 14.1745 | 9,6: 48.1538 | 12,6: 11.4293 | 15,3: 159.3020
epoch 32: train 53.3295 | val 6,6: 14.3224 | 9,6: 48.4868 | 12,6: 11.5067 | 15,3: 159.0746
epoch 33: train 50.5022 | val 6,6: 14.0941 | 9,6: 48.0549 | 12,6: 11.4240 | 15,3: 158.6409
epoch 34: train 51.6795 | val 6,6: 14.1275 | 9,6: 48.1484 | 12,6: 11.2855 | 15,3: 160.1186
epoch 35: train 52.6706 | val 6,6: 14.0705 | 9,6: 48.1751 | 12,6: 11.1989 | 15,3: 158.7461
epoch 36: train 52.0850 | val 6,6: 14.1694 | 9,6: 47.9813 | 12,6: 11.4233 | 15,3: 164.6100
epoch 37: train 50.7149 | val 6,6: 14.0479 | 9,6: 47.8864 | 12,6: 11.3787 | 15,3: 159.7213
epoch 38: train 51.3607 | val 6,6: 14.2219 | 9,6: 47.9047 | 12,6: 11.2551 | 15,3: 158.7854
epoch 39: train 51.7212 | val 6,6: 14.0135 | 9,6: 47.8306 | 12,6: 11.1636 | 15,3: 158.2382
epoch 40: train 50.2036 | val 6,6: 14.0692 | 9,6: 48.2674 | 12,6: 11.5067 | 15,3: 158.8362
epoch 41: train 49.6899 | val 6,6: 14.0476 | 9,6: 47.8415 | 12,6: 11.1907 | 15,3: 157.0288
epoch 42: train 53.9892 | val 6,6: 14.0716 | 9,6: 47.9770 | 12,6: 11.4148 | 15,3: 157.8474
epoch 43: train 53.7222 | val 6,6: 13.9809 | 9,6: 47.7283 | 12,6: 11.2263 | 15,3: 157.4783
epoch 44: train 49.3499 | val 6,6: 14.0176 | 9,6: 47.7081 | 12,6: 11.2782 | 15,3: 158.4809
epoch 45: train 49.9806 | val 6,6: 14.1504 | 9,6: 49.2919 | 12,6: 11.3029 | 15,3: 158.4367
epoch 46: train 53.3630 | val 6,6: 14.2227 | 9,6: 47.9750 | 12,6: 11.6950 | 15,3: 157.0352
epoch 47: train 51.9284 | val 6,6: 14.3379 | 9,6: 48.0248 | 12,6: 11.4006 | 15,3: 156.9560
epoch 48: train 55.0798 | val 6,6: 13.9621 | 9,6: 47.6989 | 12,6: 11.3014 | 15,3: 157.0245
epoch 49: train 51.7825 | val 6,6: 13.9755 | 9,6: 47.6079 | 12,6: 11.2601 | 15,3: 157.3388
epoch 50: train 52.4328 | val 6,6: 14.7639 | 9,6: 47.8060 | 12,6: 11.3266 | 15,3: 157.1396
epoch 51: train 51.1022 | val 6,6: 13.9632 | 9,6: 47.7380 | 12,6: 11.1822 | 15,3: 159.2480
epoch 52: train 49.8437 | val 6,6: 13.9632 | 9,6: 47.8024 | 12,6: 11.4504 | 15,3: 158.0440
epoch 53: train 51.3091 | val 6,6: 13.9515 | 9,6: 47.5731 | 12,6: 11.2693 | 15,3: 156.8435
epoch 54: train 50.5852 | val 6,6: 14.0004 | 9,6: 47.4551 | 12,6: 11.2849 | 15,3: 156.5013
epoch 55: train 50.5490 | val 6,6: 13.9385 | 9,6: 47.4764 | 12,6: 11.1908 | 15,3: 155.9624
epoch 56: train 50.0720 | val 6,6: 13.9465 | 9,6: 47.7138 | 12,6: 11.3269 | 15,3: 156.3098
epoch 57: train 50.6149 | val 6,6: 13.9162 | 9,6: 47.6473 | 12,6: 11.2639 | 15,3: 155.6928
epoch 58: train 50.0230 | val 6,6: 13.9538 | 9,6: 47.5393 | 12,6: 11.2915 | 15,3: 156.1527
epoch 59: train 50.3783 | val 6,6: 13.9514 | 9,6: 47.6315 | 12,6: 11.2985 | 15,3: 157.5190
epoch 60: train 50.4859 | val 6,6: 13.9360 | 9,6: 47.4769 | 12,6: 11.2371 | 15,3: 155.7722
epoch 61: train 51.8079 | val 6,6: 13.9047 | 9,6: 47.3953 | 12,6: 11.1834 | 15,3: 156.0097
epoch 62: train 49.6009 | val 6,6: 13.9425 | 9,6: 47.3375 | 12,6: 11.2191 | 15,3: 154.9855
epoch 63: train 51.7378 | val 6,6: 14.0791 | 9,6: 47.7401 | 12,6: 11.1634 | 15,3: 155.5231
epoch 64: train 51.3306 | val 6,6: 13.9500 | 9,6: 47.5861 | 12,6: 11.1025 | 15,3: 154.9903
epoch 65: train 52.2188 | val 6,6: 13.9199 | 9,6: 47.6965 | 12,6: 11.1855 | 15,3: 156.4829
epoch 66: train 50.4036 | val 6,6: 13.9706 | 9,6: 47.3786 | 12,6: 11.0964 | 15,3: 156.0543
epoch 67: train 52.8955 | val 6,6: 14.0249 | 9,6: 47.6475 | 12,6: 11.1037 | 15,3: 156.8743
epoch 68: train 50.5641 | val 6,6: 13.9033 | 9,6: 47.3941 | 12,6: 11.1721 | 15,3: 155.0377
epoch 69: train 52.2077 | val 6,6: 13.9080 | 9,6: 47.4807 | 12,6: 11.1307 | 15,3: 156.9343
epoch 70: train 51.7572 | val 6,6: 14.2837 | 9,6: 47.8263 | 12,6: 11.2682 | 15,3: 157.3179
epoch 71: train 52.9823 | val 6,6: 14.0376 | 9,6: 47.6564 | 12,6: 11.1374 | 15,3: 157.1560
epoch 72: train 51.6456 | val 6,6: 13.8997 | 9,6: 47.3830 | 12,6: 11.1371 | 15,3: 155.7461
epoch 73: train 49.4888 | val 6,6: 13.9264 | 9,6: 47.3763 | 12,6: 11.1928 | 15,3: 155.2206
epoch 74: train 50.9036 | val 6,6: 13.9000 | 9,6: 47.5379 | 12,6: 11.1455 | 15,3: 156.3653
epoch 75: train 51.5450 | val 6,6: 13.9328 | 9,6: 47.4578 | 12,6: 11.0894 | 15,3: 155.3159
epoch 76: train 51.4701 | val 6,6: 14.0901 | 9,6: 47.9311 | 12,6: 11.1689 | 15,3: 155.7175
epoch 77: train 51.1340 | val 6,6: 13.8937 | 9,6: 47.3398 | 12,6: 11.1481 | 15,3: 154.9478
epoch 78: train 54.2807 | val 6,6: 13.9789 | 9,6: 47.7087 | 12,6: 11.1669 | 15,3: 155.2621
epoch 79: train 51.6789 | val 6,6: 13.9714 | 9,6: 47.5044 | 12,6: 11.1238 | 15,3: 155.3347
epoch 80: train 50.1360 | val 6,6: 13.9945 | 9,6: 47.4911 | 12,6: 11.3254 | 15,3: 156.8056
epoch 81: train 49.2115 | val 6,6: 13.9270 | 9,6: 47.5170 | 12,6: 11.1250 | 15,3: 159.1696
epoch 82: train 50.9820 | val 6,6: 13.8932 | 9,6: 47.6657 | 12,6: 11.1227 | 15,3: 155.0416
epoch 83: train 51.7159 | val 6,6: 13.9192 | 9,6: 47.5012 | 12,6: 11.1125 | 15,3: 154.4526
epoch 84: train 52.5104 | val 6,6: 14.0162 | 9,6: 47.2842 | 12,6: 11.2073 | 15,3: 155.4431
epoch 85: train 49.1898 | val 6,6: 13.8794 | 9,6: 47.2867 | 12,6: 11.1439 | 15,3: 155.2938
epoch 86: train 50.7644 | val 6,6: 14.2047 | 9,6: 47.6881 | 12,6: 11.3699 | 15,3: 157.2817
epoch 87: train 50.4279 | val 6,6: 13.8622 | 9,6: 47.4051 | 12,6: 11.1473 | 15,3: 154.8296
epoch 88: train 51.7390 | val 6,6: 13.8677 | 9,6: 47.4009 | 12,6: 11.1019 | 15,3: 155.5302
epoch 89: train 51.1614 | val 6,6: 14.0214 | 9,6: 48.3664 | 12,6: 11.5263 | 15,3: 158.2236
epoch 90: train 51.3923 | val 6,6: 13.8562 | 9,6: 47.2419 | 12,6: 11.1831 | 15,3: 154.5344
epoch 91: train 49.4952 | val 6,6: 13.8671 | 9,6: 47.3929 | 12,6: 11.0879 | 15,3: 154.0451
epoch 92: train 50.4406 | val 6,6: 13.8617 | 9,6: 47.0936 | 12,6: 11.1131 | 15,3: 154.1453
epoch 93: train 51.8240 | val 6,6: 13.8654 | 9,6: 48.3220 | 12,6: 11.5619 | 15,3: 155.5323
epoch 94: train 51.3421 | val 6,6: 14.8915 | 9,6: 48.4704 | 12,6: 11.3819 | 15,3: 155.0728
epoch 95: train 49.3036 | val 6,6: 14.0874 | 9,6: 47.7841 | 12,6: 11.0899 | 15,3: 154.7357
epoch 96: train 51.3940 | val 6,6: 14.4049 | 9,6: 48.5915 | 12,6: 11.4194 | 15,3: 159.0652
epoch 97: train 50.7959 | val 6,6: 13.9300 | 9,6: 47.3099 | 12,6: 11.1811 | 15,3: 155.1329
epoch 98: train 51.1526 | val 6,6: 13.8971 | 9,6: 47.5292 | 12,6: 11.0833 | 15,3: 154.5741
epoch 99: train 50.1413 | val 6,6: 13.8481 | 9,6: 47.0504 | 12,6: 11.0684 | 15,3: 154.8166
epoch 100: train 51.4981 | val 6,6: 14.0143 | 9,6: 47.0939 | 12,6: 11.1290 | 15,3: 154.4198
epoch 101: train 51.9370 | val 6,6: 13.8932 | 9,6: 47.1233 | 12,6: 11.1309 | 15,3: 154.8209
epoch 102: train 52.4085 | val 6,6: 14.0747 | 9,6: 47.4430 | 12,6: 11.1667 | 15,3: 154.7978
epoch 103: train 50.0548 | val 6,6: 13.9189 | 9,6: 47.1685 | 12,6: 11.1043 | 15,3: 153.8001
epoch 104: train 50.2102 | val 6,6: 13.8902 | 9,6: 47.1360 | 12,6: 11.0632 | 15,3: 154.0911
epoch 105: train 50.2986 | val 6,6: 13.8438 | 9,6: 47.1227 | 12,6: 11.1107 | 15,3: 154.3800
epoch 106: train 48.6324 | val 6,6: 13.8417 | 9,6: 47.0156 | 12,6: 11.0890 | 15,3: 154.6746
epoch 107: train 50.1288 | val 6,6: 13.8359 | 9,6: 47.0056 | 12,6: 11.1133 | 15,3: 154.2595
epoch 108: train 49.2422 | val 6,6: 13.8279 | 9,6: 46.9689 | 12,6: 11.0869 | 15,3: 154.1591
epoch 109: train 52.1707 | val 6,6: 13.9174 | 9,6: 46.9324 | 12,6: 11.1522 | 15,3: 154.6132
epoch 110: train 51.6765 | val 6,6: 13.8946 | 9,6: 47.5817 | 12,6: 11.4702 | 15,3: 154.0647
epoch 111: train 49.2677 | val 6,6: 13.9374 | 9,6: 47.1060 | 12,6: 11.0639 | 15,3: 154.7918
epoch 112: train 50.0587 | val 6,6: 13.8633 | 9,6: 46.9367 | 12,6: 11.0869 | 15,3: 154.6012
epoch 113: train 49.1791 | val 6,6: 13.7893 | 9,6: 46.7717 | 12,6: 11.0464 | 15,3: 154.1555
epoch 114: train 50.0421 | val 6,6: 13.8433 | 9,6: 46.7467 | 12,6: 11.0460 | 15,3: 155.2259
epoch 115: train 50.3662 | val 6,6: 13.8057 | 9,6: 46.7523 | 12,6: 11.0548 | 15,3: 154.3097
epoch 116: train 51.2035 | val 6,6: 13.8429 | 9,6: 47.1356 | 12,6: 11.2301 | 15,3: 156.3806
epoch 117: train 50.9583 | val 6,6: 13.9025 | 9,6: 47.1582 | 12,6: 11.0845 | 15,3: 158.0639
epoch 118: train 51.6014 | val 6,6: 14.0664 | 9,6: 47.6227 | 12,6: 11.5190 | 15,3: 156.0626
epoch 119: train 49.5560 | val 6,6: 13.8999 | 9,6: 47.3798 | 12,6: 11.2086 | 15,3: 157.2754
epoch 120: train 49.1909 | val 6,6: 13.8289 | 9,6: 47.1461 | 12,6: 11.0704 | 15,3: 154.3053
epoch 121: train 51.2744 | val 6,6: 13.9599 | 9,6: 47.0968 | 12,6: 11.1234 | 15,3: 154.6098
epoch 122: train 51.2327 | val 6,6: 13.9596 | 9,6: 47.3823 | 12,6: 11.1089 | 15,3: 155.4586
epoch 123: train 50.9459 | val 6,6: 13.8292 | 9,6: 46.8055 | 12,6: 11.0615 | 15,3: 154.2515
epoch 124: train 50.4785 | val 6,6: 13.8057 | 9,6: 46.8345 | 12,6: 11.0771 | 15,3: 153.9409
epoch 125: train 49.4474 | val 6,6: 13.8077 | 9,6: 46.9047 | 12,6: 11.0879 | 15,3: 153.7063
epoch 126: train 50.5845 | val 6,6: 13.8820 | 9,6: 46.9308 | 12,6: 11.1199 | 15,3: 153.4927
epoch 127: train 51.7417 | val 6,6: 13.7849 | 9,6: 46.8392 | 12,6: 11.0646 | 15,3: 153.1239
epoch 128: train 51.9303 | val 6,6: 13.8366 | 9,6: 47.1454 | 12,6: 11.0604 | 15,3: 154.1905
epoch 129: train 50.2654 | val 6,6: 13.8307 | 9,6: 46.7243 | 12,6: 11.0767 | 15,3: 155.9830
epoch 130: train 54.0543 | val 6,6: 13.7883 | 9,6: 46.6941 | 12,6: 11.0718 | 15,3: 155.6460
epoch 131: train 50.3372 | val 6,6: 13.9360 | 9,6: 47.2226 | 12,6: 11.0801 | 15,3: 153.8455
epoch 132: train 49.3742 | val 6,6: 13.8215 | 9,6: 46.6220 | 12,6: 11.1192 | 15,3: 153.7246
epoch 133: train 49.0680 | val 6,6: 13.7948 | 9,6: 46.7675 | 12,6: 11.0532 | 15,3: 154.1629
epoch 134: train 50.8797 | val 6,6: 13.7890 | 9,6: 46.7560 | 12,6: 11.0722 | 15,3: 154.0298
epoch 135: train 51.2288 | val 6,6: 13.8233 | 9,6: 46.8547 | 12,6: 11.0613 | 15,3: 153.3291
epoch 136: train 54.0226 | val 6,6: 13.7704 | 9,6: 46.7520 | 12,6: 11.0871 | 15,3: 154.3415
epoch 137: train 51.3540 | val 6,6: 13.7784 | 9,6: 46.7264 | 12,6: 11.0631 | 15,3: 154.3764
epoch 138: train 54.1410 | val 6,6: 14.2556 | 9,6: 47.2993 | 12,6: 11.2806 | 15,3: 154.5884
epoch 139: train 51.0883 | val 6,6: 13.9112 | 9,6: 46.9007 | 12,6: 11.0506 | 15,3: 154.9218
epoch 140: train 51.4261 | val 6,6: 13.7877 | 9,6: 46.5678 | 12,6: 11.0394 | 15,3: 153.6497
epoch 141: train 48.6746 | val 6,6: 13.7561 | 9,6: 46.5154 | 12,6: 11.0393 | 15,3: 153.9486
epoch 142: train 53.8154 | val 6,6: 13.7867 | 9,6: 46.6535 | 12,6: 11.0301 | 15,3: 154.0613
epoch 143: train 51.0223 | val 6,6: 13.7859 | 9,6: 46.7560 | 12,6: 11.1005 | 15,3: 157.0168
epoch 144: train 50.6531 | val 6,6: 13.8897 | 9,6: 47.0102 | 12,6: 11.0833 | 15,3: 155.1264
epoch 145: train 49.7281 | val 6,6: 13.8046 | 9,6: 46.9752 | 12,6: 11.0304 | 15,3: 155.0389
epoch 146: train 49.9559 | val 6,6: 13.7681 | 9,6: 46.9808 | 12,6: 11.0975 | 15,3: 155.1787
epoch 147: train 49.7392 | val 6,6: 13.7882 | 9,6: 46.7318 | 12,6: 11.0323 | 15,3: 154.0078
epoch 148: train 50.7001 | val 6,6: 13.7732 | 9,6: 46.5881 | 12,6: 11.0568 | 15,3: 153.1769
epoch 149: train 50.4909 | val 6,6: 13.7214 | 9,6: 46.5340 | 12,6: 11.0745 | 15,3: 153.8265
epoch 150: train 50.1948 | val 6,6: 13.8257 | 9,6: 46.5987 | 12,6: 11.1254 | 15,3: 154.1775
epoch 151: train 51.5100 | val 6,6: 13.8702 | 9,6: 46.8386 | 12,6: 11.0521 | 15,3: 154.1795
epoch 152: train 52.1989 | val 6,6: 13.9849 | 9,6: 48.0145 | 12,6: 11.4987 | 15,3: 154.4148
epoch 153: train 52.5578 | val 6,6: 13.8388 | 9,6: 47.0727 | 12,6: 11.0377 | 15,3: 155.8972
epoch 154: train 49.8208 | val 6,6: 13.7830 | 9,6: 46.8905 | 12,6: 11.0717 | 15,3: 154.2993
epoch 155: train 51.1422 | val 6,6: 13.9916 | 9,6: 47.3182 | 12,6: 11.4346 | 15,3: 153.7614
epoch 156: train 50.8804 | val 6,6: 13.7696 | 9,6: 46.7778 | 12,6: 11.1005 | 15,3: 154.0651
epoch 157: train 51.8214 | val 6,6: 14.1295 | 9,6: 47.0427 | 12,6: 11.0990 | 15,3: 153.9878
epoch 158: train 48.7427 | val 6,6: 13.8127 | 9,6: 46.5440 | 12,6: 11.0521 | 15,3: 153.6824
epoch 159: train 49.9893 | val 6,6: 13.7351 | 9,6: 46.4408 | 12,6: 11.0998 | 15,3: 153.5785
epoch 160: train 49.7877 | val 6,6: 13.7416 | 9,6: 46.6474 | 12,6: 11.0393 | 15,3: 153.9292
epoch 161: train 50.3714 | val 6,6: 13.7391 | 9,6: 46.4382 | 12,6: 11.1216 | 15,3: 154.0188
epoch 162: train 48.7550 | val 6,6: 13.7267 | 9,6: 46.3060 | 12,6: 11.0695 | 15,3: 153.6421
epoch 163: train 51.9998 | val 6,6: 13.9771 | 9,6: 48.0297 | 12,6: 11.1926 | 15,3: 160.7400
epoch 164: train 52.6470 | val 6,6: 13.9706 | 9,6: 46.9255 | 12,6: 11.2479 | 15,3: 157.5980
epoch 165: train 51.3986 | val 6,6: 13.7691 | 9,6: 46.6758 | 12,6: 11.0590 | 15,3: 155.7544
epoch 166: train 50.2416 | val 6,6: 13.8117 | 9,6: 46.9336 | 12,6: 11.1200 | 15,3: 155.6508
epoch 167: train 51.6328 | val 6,6: 13.7341 | 9,6: 46.5513 | 12,6: 11.0900 | 15,3: 154.5269
epoch 168: train 51.8498 | val 6,6: 13.7931 | 9,6: 46.4864 | 12,6: 11.1647 | 15,3: 155.3045
epoch 169: train 53.1171 | val 6,6: 13.7945 | 9,6: 46.8176 | 12,6: 11.1666 | 15,3: 154.1106
epoch 170: train 51.2338 | val 6,6: 13.7960 | 9,6: 46.5030 | 12,6: 11.0923 | 15,3: 155.6007
epoch 171: train 51.7239 | val 6,6: 13.7957 | 9,6: 46.7985 | 12,6: 11.1455 | 15,3: 154.8322
epoch 172: train 49.7063 | val 6,6: 13.7698 | 9,6: 46.7268 | 12,6: 11.0279 | 15,3: 153.9377
epoch 173: train 51.7017 | val 6,6: 13.7559 | 9,6: 46.7326 | 12,6: 11.0169 | 15,3: 154.0336
epoch 174: train 50.2965 | val 6,6: 13.7625 | 9,6: 46.7753 | 12,6: 11.0184 | 15,3: 154.1703
epoch 175: train 49.1980 | val 6,6: 13.7934 | 9,6: 46.4895 | 12,6: 11.0231 | 15,3: 153.8717
epoch 176: train 48.2946 | val 6,6: 13.7655 | 9,6: 46.3631 | 12,6: 10.9859 | 15,3: 153.8579
epoch 177: train 51.4201 | val 6,6: 13.7665 | 9,6: 46.5398 | 12,6: 11.0917 | 15,3: 153.6726
epoch 178: train 49.5591 | val 6,6: 13.7669 | 9,6: 46.3690 | 12,6: 11.1052 | 15,3: 154.0064
epoch 179: train 49.6705 | val 6,6: 13.6980 | 9,6: 46.1359 | 12,6: 10.9954 | 15,3: 153.7258
epoch 180: train 49.3425 | val 6,6: 13.7572 | 9,6: 46.8110 | 12,6: 11.1753 | 15,3: 153.9054
epoch 181: train 50.7346 | val 6,6: 13.6824 | 9,6: 46.3640 | 12,6: 11.0565 | 15,3: 154.4459
epoch 182: train 49.9874 | val 6,6: 13.7334 | 9,6: 46.3892 | 12,6: 11.0526 | 15,3: 154.2032
epoch 183: train 48.3131 | val 6,6: 14.3021 | 9,6: 46.7999 | 12,6: 11.0713 | 15,3: 153.9337
epoch 184: train 50.1179 | val 6,6: 13.7012 | 9,6: 46.2630 | 12,6: 11.0179 | 15,3: 153.6777
epoch 185: train 50.9451 | val 6,6: 13.6851 | 9,6: 46.3759 | 12,6: 11.0356 | 15,3: 153.7771
epoch 186: train 51.1064 | val 6,6: 13.8305 | 9,6: 46.3940 | 12,6: 11.0252 | 15,3: 154.0342
epoch 187: train 49.8924 | val 6,6: 13.9779 | 9,6: 46.7690 | 12,6: 11.1675 | 15,3: 154.1790
epoch 188: train 50.6309 | val 6,6: 13.7447 | 9,6: 46.2822 | 12,6: 11.0708 | 15,3: 154.1945
epoch 189: train 49.9245 | val 6,6: 13.6987 | 9,6: 46.1876 | 12,6: 11.1180 | 15,3: 154.8202
epoch 190: train 52.1284 | val 6,6: 13.7765 | 9,6: 46.2367 | 12,6: 11.0644 | 15,3: 153.9100
epoch 191: train 52.0754 | val 6,6: 13.7391 | 9,6: 46.2900 | 12,6: 11.0158 | 15,3: 153.8553
epoch 192: train 53.0160 | val 6,6: 13.6524 | 9,6: 46.0835 | 12,6: 11.0289 | 15,3: 154.1435
epoch 193: train 50.4137 | val 6,6: 13.7443 | 9,6: 46.1109 | 12,6: 11.0006 | 15,3: 153.3451
epoch 194: train 51.4554 | val 6,6: 13.6804 | 9,6: 46.1661 | 12,6: 11.0578 | 15,3: 153.2948
epoch 195: train 51.5440 | val 6,6: 13.7912 | 9,6: 46.0925 | 12,6: 10.9781 | 15,3: 153.5034
epoch 196: train 49.2811 | val 6,6: 13.9003 | 9,6: 46.3341 | 12,6: 11.0344 | 15,3: 154.0866
epoch 197: train 49.2189 | val 6,6: 13.6591 | 9,6: 45.9979 | 12,6: 10.9921 | 15,3: 153.5998
epoch 198: train 49.8149 | val 6,6: 13.6902 | 9,6: 46.0849 | 12,6: 10.9942 | 15,3: 153.2532
epoch 199: train 49.3043 | val 6,6: 13.6541 | 9,6: 46.0634 | 12,6: 10.9570 | 15,3: 153.7318
epoch 200: train 49.9168 | val 6,6: 13.7591 | 9,6: 46.3709 | 12,6: 11.0477 | 15,3: 154.1678
epoch 201: train 49.9001 | val 6,6: 13.6715 | 9,6: 46.1106 | 12,6: 11.0490 | 15,3: 154.0970
epoch 202: train 51.3085 | val 6,6: 13.6443 | 9,6: 45.9681 | 12,6: 10.9439 | 15,3: 153.7038
epoch 203: train 50.0541 | val 6,6: 13.6300 | 9,6: 46.1996 | 12,6: 10.9765 | 15,3: 154.3785
epoch 204: train 49.8578 | val 6,6: 13.6639 | 9,6: 46.0629 | 12,6: 10.9950 | 15,3: 154.3536
epoch 205: train 52.8208 | val 6,6: 13.7344 | 9,6: 46.0476 | 12,6: 10.9860 | 15,3: 153.9927
epoch 206: train 49.5726 | val 6,6: 13.6453 | 9,6: 46.1148 | 12,6: 10.9496 | 15,3: 153.6097
epoch 207: train 53.3790 | val 6,6: 13.7303 | 9,6: 47.1918 | 12,6: 11.0065 | 15,3: 154.9017
epoch 208: train 52.6028 | val 6,6: 13.7106 | 9,6: 46.4570 | 12,6: 11.0006 | 15,3: 154.1259
epoch 209: train 49.1062 | val 6,6: 13.6832 | 9,6: 45.9985 | 12,6: 10.9773 | 15,3: 154.3889
epoch 210: train 50.8628 | val 6,6: 13.6679 | 9,6: 45.9437 | 12,6: 10.9858 | 15,3: 153.6436
epoch 211: train 52.8091 | val 6,6: 13.6977 | 9,6: 46.1593 | 12,6: 11.0759 | 15,3: 153.4235
epoch 212: train 50.6904 | val 6,6: 13.6667 | 9,6: 45.9837 | 12,6: 10.9541 | 15,3: 153.5992
epoch 213: train 50.3252 | val 6,6: 13.6796 | 9,6: 45.9218 | 12,6: 10.9707 | 15,3: 153.4362
epoch 214: train 49.5339 | val 6,6: 13.6670 | 9,6: 46.0895 | 12,6: 10.9728 | 15,3: 154.5541
epoch 215: train 50.1128 | val 6,6: 13.6836 | 9,6: 46.6287 | 12,6: 11.0562 | 15,3: 155.0032
epoch 216: train 51.0000 | val 6,6: 14.1291 | 9,6: 46.7131 | 12,6: 11.0488 | 15,3: 154.3252
epoch 217: train 51.1363 | val 6,6: 13.7282 | 9,6: 46.1983 | 12,6: 11.0245 | 15,3: 154.1936
epoch 218: train 49.6411 | val 6,6: 13.7347 | 9,6: 45.9037 | 12,6: 11.0435 | 15,3: 154.0456
epoch 219: train 49.8743 | val 6,6: 13.6413 | 9,6: 45.9233 | 12,6: 11.0198 | 15,3: 153.3769
epoch 220: train 51.5634 | val 6,6: 13.7463 | 9,6: 46.2025 | 12,6: 11.0254 | 15,3: 154.2079
epoch 221: train 51.9547 | val 6,6: 13.7394 | 9,6: 46.4540 | 12,6: 11.0307 | 15,3: 157.0100
epoch 222: train 50.1773 | val 6,6: 13.8876 | 9,6: 46.6316 | 12,6: 11.0459 | 15,3: 155.6673
epoch 223: train 49.9983 | val 6,6: 13.8024 | 9,6: 46.7462 | 12,6: 11.0592 | 15,3: 153.8691
epoch 224: train 49.9463 | val 6,6: 13.7798 | 9,6: 46.2077 | 12,6: 11.0050 | 15,3: 153.6425
epoch 225: train 50.2317 | val 6,6: 13.6857 | 9,6: 46.0470 | 12,6: 10.9945 | 15,3: 153.7683
epoch 226: train 50.9868 | val 6,6: 13.7238 | 9,6: 46.1718 | 12,6: 10.9741 | 15,3: 154.1344
epoch 227: train 49.8612 | val 6,6: 13.6579 | 9,6: 46.0076 | 12,6: 11.0193 | 15,3: 153.4580
epoch 228: train 49.5192 | val 6,6: 13.6536 | 9,6: 45.9263 | 12,6: 10.9603 | 15,3: 153.7448
epoch 229: train 48.9644 | val 6,6: 13.6588 | 9,6: 45.7865 | 12,6: 10.9695 | 15,3: 153.5751
epoch 230: train 48.3920 | val 6,6: 13.6286 | 9,6: 45.8370 | 12,6: 10.9472 | 15,3: 153.2000
epoch 231: train 49.0856 | val 6,6: 13.7198 | 9,6: 46.0509 | 12,6: 10.9746 | 15,3: 153.6766
epoch 232: train 51.7778 | val 6,6: 13.7221 | 9,6: 46.1811 | 12,6: 10.9574 | 15,3: 153.9590
epoch 233: train 50.2235 | val 6,6: 13.8709 | 9,6: 46.5444 | 12,6: 11.1093 | 15,3: 154.1376
epoch 234: train 51.9746 | val 6,6: 13.8570 | 9,6: 46.3723 | 12,6: 10.9495 | 15,3: 156.0768
epoch 235: train 49.2697 | val 6,6: 13.6704 | 9,6: 45.8717 | 12,6: 10.9759 | 15,3: 154.0649
epoch 236: train 48.5589 | val 6,6: 13.6743 | 9,6: 45.9161 | 12,6: 11.0666 | 15,3: 153.6167
epoch 237: train 49.8557 | val 6,6: 13.7656 | 9,6: 46.6863 | 12,6: 11.0337 | 15,3: 154.7455
epoch 238: train 51.6449 | val 6,6: 13.7515 | 9,6: 46.2869 | 12,6: 10.9956 | 15,3: 154.2901
epoch 239: train 51.6953 | val 6,6: 13.6934 | 9,6: 46.0655 | 12,6: 10.9756 | 15,3: 154.0215
epoch 240: train 51.1953 | val 6,6: 13.6820 | 9,6: 46.1774 | 12,6: 11.0154 | 15,3: 153.9901
epoch 241: train 50.3988 | val 6,6: 13.7104 | 9,6: 46.1022 | 12,6: 11.0375 | 15,3: 154.1786
epoch 242: train 50.2111 | val 6,6: 13.6598 | 9,6: 45.8445 | 12,6: 10.9374 | 15,3: 153.8846
epoch 243: train 50.6688 | val 6,6: 13.6314 | 9,6: 45.9469 | 12,6: 10.9721 | 15,3: 154.2627
epoch 244: train 50.8236 | val 6,6: 13.6363 | 9,6: 45.8132 | 12,6: 10.9483 | 15,3: 154.2133
epoch 245: train 49.7479 | val 6,6: 13.6424 | 9,6: 45.8556 | 12,6: 10.9378 | 15,3: 153.6920
epoch 246: train 50.9564 | val 6,6: 13.6144 | 9,6: 45.8078 | 12,6: 10.9752 | 15,3: 154.3365
epoch 247: train 49.8964 | val 6,6: 13.7803 | 9,6: 45.9462 | 12,6: 10.9689 | 15,3: 153.9208
epoch 248: train 50.8216 | val 6,6: 13.6017 | 9,6: 45.7308 | 12,6: 10.9567 | 15,3: 153.8198
epoch 249: train 49.7700 | val 6,6: 13.6113 | 9,6: 45.8309 | 12,6: 10.9893 | 15,3: 153.8043
restored best-val weights from epoch 230 (val 55.9032)
saved /vol/bitbucket/osella/rl-qecc-data/supervisedLearning/sweep/mix_66-96-126-153_H3_s0.pth

## /vol/bitbucket/osella/rl-qecc-data/supervisedLearning/sweep/mix_66-96-126-153_H3_s0.pth on held-out test l=6, m=6 (131983 codes) — 2026-07-25

- data: `held-out 10% of /vol/bitbucket/osella/rl-qecc-data/supervisedLearning/codeEvaluationTrainingData (size 6,6)`
- Binomial NLL: **13.6686** (noise floor 12.6705)
- reward MAE: **0.00312**
- k MAE: **2.05** logical qubits
- Spearman: **0.642**, Kendall: 0.475
- top-k overlap (k=50): **0.02**


## /vol/bitbucket/osella/rl-qecc-data/supervisedLearning/sweep/mix_66-96-126-153_H3_s0.pth on held-out test l=9, m=6 (45106 codes) — 2026-07-25

- data: `held-out 10% of /vol/bitbucket/osella/rl-qecc-data/supervisedLearning/codeEvaluationTrainingData (size 9,6)`
- Binomial NLL: **45.6872** (noise floor 43.1381)
- reward MAE: **0.00388**
- k MAE: **2.35** logical qubits
- Spearman: **0.707**, Kendall: 0.523
- top-k overlap (k=50): **0.42**


## /vol/bitbucket/osella/rl-qecc-data/supervisedLearning/sweep/mix_66-96-126-153_H3_s0.pth on held-out test l=12, m=6 (41350 codes) — 2026-07-25

- data: `held-out 10% of /vol/bitbucket/osella/rl-qecc-data/supervisedLearning/codeEvaluationTrainingData (size 12,6)`
- Binomial NLL: **10.0861** (noise floor 9.0456)
- reward MAE: **0.00323**
- k MAE: **2.59** logical qubits
- Spearman: **0.665**, Kendall: 0.485
- top-k overlap (k=50): **0.26**


## /vol/bitbucket/osella/rl-qecc-data/supervisedLearning/sweep/mix_66-96-126-153_H3_s0.pth on held-out test l=15, m=3 (1738 codes) — 2026-07-25

- data: `held-out 10% of /vol/bitbucket/osella/rl-qecc-data/supervisedLearning/codeEvaluationTrainingData (size 15,3)`
- Binomial NLL: **138.4488** (noise floor 136.0038)
- reward MAE: **0.00165**
- k MAE: **2.35** logical qubits
- Spearman: **0.868**, Kendall: 0.696
- top-k overlap (k=50): **0.54**

