device: cuda; sizes: [(6, 6), (9, 6), (12, 6), (15, 3)]; curve loss on: [(6, 6), (9, 6), (12, 6), (15, 3)]; lr: 0.001; H: 3
loadCodeEvaluations: dropped 103605 records with a non-canonical errorRange
  size 6,6: 1319823 codes (1055858 train) curveLoss=True
loadCodeEvaluations: dropped 98801 records with a non-canonical errorRange
  size 9,6: 451060 codes (360848 train) curveLoss=True
loadCodeEvaluations: dropped 70535 records with a non-canonical errorRange
  size 12,6: 413502 codes (330802 train) curveLoss=True
  size 15,3: 17373 codes (13898 train) curveLoss=True
epoch 0: train 95.8179 | val 6,6: 16.5007 | 9,6: 52.9075 | 12,6: 11.2140 | 15,3: 154.5442
epoch 1: train 58.9692 | val 6,6: 15.8258 | 9,6: 53.6974 | 12,6: 11.4927 | 15,3: 141.7884
epoch 2: train 57.4153 | val 6,6: 16.1358 | 9,6: 52.6116 | 12,6: 11.0712 | 15,3: 139.9371
epoch 3: train 58.5597 | val 6,6: 14.7338 | 9,6: 51.2521 | 12,6: 11.2449 | 15,3: 141.0977
epoch 4: train 57.9874 | val 6,6: 14.7194 | 9,6: 52.4399 | 12,6: 11.6342 | 15,3: 139.9567
epoch 5: train 60.7010 | val 6,6: 14.5977 | 9,6: 51.1929 | 12,6: 11.2572 | 15,3: 139.6435
epoch 6: train 62.7083 | val 6,6: 14.6694 | 9,6: 51.2115 | 12,6: 11.2215 | 15,3: 139.0814
epoch 7: train 57.9904 | val 6,6: 14.4391 | 9,6: 51.1944 | 12,6: 11.1993 | 15,3: 139.1984
epoch 8: train 59.8948 | val 6,6: 14.4983 | 9,6: 53.0766 | 12,6: 11.8257 | 15,3: 149.4222
epoch 9: train 59.1350 | val 6,6: 14.4679 | 9,6: 51.3607 | 12,6: 11.1848 | 15,3: 139.1712
epoch 10: train 57.0707 | val 6,6: 14.3696 | 9,6: 51.5900 | 12,6: 11.2233 | 15,3: 141.3767
epoch 11: train 57.0570 | val 6,6: 14.4094 | 9,6: 51.5354 | 12,6: 11.3805 | 15,3: 141.7543
epoch 12: train 56.7640 | val 6,6: 14.3070 | 9,6: 51.6558 | 12,6: 11.3195 | 15,3: 135.9762
epoch 13: train 58.9933 | val 6,6: 14.5727 | 9,6: 51.2334 | 12,6: 11.1103 | 15,3: 138.1146
epoch 14: train 60.2491 | val 6,6: 14.7602 | 9,6: 51.2365 | 12,6: 11.1486 | 15,3: 138.5323
epoch 15: train 59.4540 | val 6,6: 14.4930 | 9,6: 51.2987 | 12,6: 11.2389 | 15,3: 135.9682
epoch 16: train 56.8601 | val 6,6: 15.0680 | 9,6: 52.4602 | 12,6: 11.5432 | 15,3: 136.6694
epoch 17: train 57.2194 | val 6,6: 14.3594 | 9,6: 51.1550 | 12,6: 10.9738 | 15,3: 136.4777
epoch 18: train 55.0423 | val 6,6: 14.2498 | 9,6: 50.7311 | 12,6: 10.9651 | 15,3: 136.5932
epoch 19: train 58.5139 | val 6,6: 15.7145 | 9,6: 51.9368 | 12,6: 11.0314 | 15,3: 136.3002
epoch 20: train 59.1411 | val 6,6: 14.2862 | 9,6: 50.7080 | 12,6: 11.1447 | 15,3: 136.2612
epoch 21: train 55.7254 | val 6,6: 14.2314 | 9,6: 50.9682 | 12,6: 11.1661 | 15,3: 136.6655
epoch 22: train 57.8723 | val 6,6: 14.1768 | 9,6: 50.4762 | 12,6: 10.8514 | 15,3: 138.7867
epoch 23: train 57.8440 | val 6,6: 14.3762 | 9,6: 50.7979 | 12,6: 10.9448 | 15,3: 138.4502
epoch 24: train 57.2708 | val 6,6: 14.5644 | 9,6: 51.5973 | 12,6: 11.2863 | 15,3: 137.3353
epoch 25: train 57.8307 | val 6,6: 14.1895 | 9,6: 50.4778 | 12,6: 10.8468 | 15,3: 134.8020
epoch 26: train 56.0712 | val 6,6: 14.1462 | 9,6: 50.4436 | 12,6: 11.0488 | 15,3: 147.8031
epoch 27: train 54.8654 | val 6,6: 14.1292 | 9,6: 50.2009 | 12,6: 10.7540 | 15,3: 136.4200
epoch 28: train 56.8670 | val 6,6: 14.1424 | 9,6: 50.5436 | 12,6: 10.9380 | 15,3: 133.1019
epoch 29: train 56.2527 | val 6,6: 14.3751 | 9,6: 50.6577 | 12,6: 11.1174 | 15,3: 153.0154
epoch 30: train 55.5304 | val 6,6: 14.7536 | 9,6: 51.7022 | 12,6: 10.7861 | 15,3: 136.7848
epoch 31: train 56.4445 | val 6,6: 14.2694 | 9,6: 50.2494 | 12,6: 11.0233 | 15,3: 135.1848
epoch 32: train 57.3242 | val 6,6: 14.1838 | 9,6: 50.6839 | 12,6: 10.9779 | 15,3: 131.3857
epoch 33: train 54.0101 | val 6,6: 14.6103 | 9,6: 50.8567 | 12,6: 10.8409 | 15,3: 134.5926
epoch 34: train 55.5314 | val 6,6: 14.5718 | 9,6: 50.3281 | 12,6: 10.7643 | 15,3: 125.2482
epoch 35: train 55.2282 | val 6,6: 14.1033 | 9,6: 50.0667 | 12,6: 10.7928 | 15,3: 126.8463
epoch 36: train 54.0639 | val 6,6: 16.1570 | 9,6: 55.4004 | 12,6: 11.4091 | 15,3: 134.0132
epoch 37: train 54.4398 | val 6,6: 14.0577 | 9,6: 50.0875 | 12,6: 10.8297 | 15,3: 129.1667
epoch 38: train 53.4584 | val 6,6: 14.1732 | 9,6: 50.2209 | 12,6: 10.7441 | 15,3: 124.8764
epoch 39: train 53.7502 | val 6,6: 14.3699 | 9,6: 51.2860 | 12,6: 10.7798 | 15,3: 126.7861
epoch 40: train 52.7479 | val 6,6: 14.0529 | 9,6: 49.8960 | 12,6: 10.5753 | 15,3: 125.5711
epoch 41: train 53.4231 | val 6,6: 14.0939 | 9,6: 50.1011 | 12,6: 10.7180 | 15,3: 125.0728
epoch 42: train 54.2539 | val 6,6: 14.6444 | 9,6: 51.6974 | 12,6: 10.8144 | 15,3: 136.4638
epoch 43: train 53.2537 | val 6,6: 14.1025 | 9,6: 50.0698 | 12,6: 10.8417 | 15,3: 124.8602
epoch 44: train 53.8020 | val 6,6: 14.4207 | 9,6: 50.9722 | 12,6: 10.7406 | 15,3: 124.9976
epoch 45: train 56.1888 | val 6,6: 14.0996 | 9,6: 50.0870 | 12,6: 10.6501 | 15,3: 125.2326
epoch 46: train 53.4530 | val 6,6: 14.2644 | 9,6: 50.3053 | 12,6: 10.6203 | 15,3: 124.3439
epoch 47: train 53.0301 | val 6,6: 14.0843 | 9,6: 49.8909 | 12,6: 10.5518 | 15,3: 123.3410
epoch 48: train 53.5895 | val 6,6: 14.1582 | 9,6: 49.9210 | 12,6: 10.5569 | 15,3: 122.6179
epoch 49: train 56.1306 | val 6,6: 14.0538 | 9,6: 49.7580 | 12,6: 10.5263 | 15,3: 123.8381
epoch 50: train 51.3610 | val 6,6: 14.0703 | 9,6: 49.8148 | 12,6: 10.7898 | 15,3: 124.1096
epoch 51: train 56.0832 | val 6,6: 14.1330 | 9,6: 49.9953 | 12,6: 10.6587 | 15,3: 131.0515
epoch 52: train 52.4383 | val 6,6: 14.1446 | 9,6: 49.8083 | 12,6: 10.5941 | 15,3: 124.7339
epoch 53: train 52.3009 | val 6,6: 14.0825 | 9,6: 49.8626 | 12,6: 10.5509 | 15,3: 122.3923
epoch 54: train 54.6076 | val 6,6: 14.1863 | 9,6: 50.0423 | 12,6: 10.6833 | 15,3: 122.9777
epoch 55: train 54.6216 | val 6,6: 14.1110 | 9,6: 50.1044 | 12,6: 10.6205 | 15,3: 122.8111
epoch 56: train 54.2749 | val 6,6: 14.1346 | 9,6: 50.2825 | 12,6: 10.5460 | 15,3: 122.9399
epoch 57: train 52.6437 | val 6,6: 14.0852 | 9,6: 50.5099 | 12,6: 10.7066 | 15,3: 122.6407
epoch 58: train 52.4148 | val 6,6: 14.1112 | 9,6: 49.8019 | 12,6: 10.5421 | 15,3: 122.5631
epoch 59: train 52.6200 | val 6,6: 14.0402 | 9,6: 49.6291 | 12,6: 10.4745 | 15,3: 121.3720
epoch 60: train 52.9118 | val 6,6: 14.0598 | 9,6: 49.6595 | 12,6: 10.5179 | 15,3: 122.2903
epoch 61: train 53.9113 | val 6,6: 14.0179 | 9,6: 49.4103 | 12,6: 10.5010 | 15,3: 122.2882
epoch 62: train 54.5943 | val 6,6: 14.2122 | 9,6: 50.3107 | 12,6: 10.8289 | 15,3: 121.1982
epoch 63: train 53.4393 | val 6,6: 14.0230 | 9,6: 49.5985 | 12,6: 10.6426 | 15,3: 121.6341
epoch 64: train 53.2410 | val 6,6: 14.0030 | 9,6: 49.5884 | 12,6: 10.5532 | 15,3: 121.2310
epoch 65: train 56.2914 | val 6,6: 14.0324 | 9,6: 49.7601 | 12,6: 10.6050 | 15,3: 121.1509
epoch 66: train 52.7101 | val 6,6: 14.0226 | 9,6: 49.6065 | 12,6: 10.5667 | 15,3: 122.9893
epoch 67: train 52.2947 | val 6,6: 14.0874 | 9,6: 49.4233 | 12,6: 10.5295 | 15,3: 123.2277
epoch 68: train 52.7990 | val 6,6: 14.2989 | 9,6: 50.3678 | 12,6: 10.7223 | 15,3: 122.2926
epoch 69: train 54.8640 | val 6,6: 14.0168 | 9,6: 49.4848 | 12,6: 10.4729 | 15,3: 121.1328
epoch 70: train 53.8528 | val 6,6: 14.0680 | 9,6: 49.4798 | 12,6: 10.4927 | 15,3: 121.0642
epoch 71: train 52.9440 | val 6,6: 14.0524 | 9,6: 49.5016 | 12,6: 10.4531 | 15,3: 125.3517
epoch 72: train 53.6230 | val 6,6: 14.2642 | 9,6: 49.9320 | 12,6: 10.6556 | 15,3: 121.7084
epoch 73: train 53.3600 | val 6,6: 14.0882 | 9,6: 49.4526 | 12,6: 10.5070 | 15,3: 120.8781
epoch 74: train 54.7422 | val 6,6: 14.0686 | 9,6: 49.3983 | 12,6: 10.4970 | 15,3: 121.1650
epoch 75: train 52.5671 | val 6,6: 14.0040 | 9,6: 49.3457 | 12,6: 10.4541 | 15,3: 121.9401
epoch 76: train 52.2230 | val 6,6: 13.9884 | 9,6: 49.3762 | 12,6: 10.4624 | 15,3: 125.6530
epoch 77: train 53.2813 | val 6,6: 14.1074 | 9,6: 49.3136 | 12,6: 10.4582 | 15,3: 125.2967
epoch 78: train 53.1761 | val 6,6: 13.9741 | 9,6: 49.4291 | 12,6: 10.4776 | 15,3: 122.9482
epoch 79: train 53.1801 | val 6,6: 14.1024 | 9,6: 49.5949 | 12,6: 10.6013 | 15,3: 122.7660
epoch 80: train 53.2970 | val 6,6: 14.1785 | 9,6: 49.5713 | 12,6: 10.5245 | 15,3: 123.3255
epoch 81: train 53.9566 | val 6,6: 13.9910 | 9,6: 49.3950 | 12,6: 10.4501 | 15,3: 120.9336
epoch 82: train 52.9180 | val 6,6: 13.9670 | 9,6: 49.2997 | 12,6: 10.4574 | 15,3: 121.3110
epoch 83: train 51.8275 | val 6,6: 13.9501 | 9,6: 49.3046 | 12,6: 10.4585 | 15,3: 121.8556
epoch 84: train 53.8447 | val 6,6: 13.9838 | 9,6: 49.2737 | 12,6: 10.4303 | 15,3: 120.8974
epoch 85: train 52.6859 | val 6,6: 13.9887 | 9,6: 49.3733 | 12,6: 10.5589 | 15,3: 123.1155
epoch 86: train 52.5417 | val 6,6: 14.0199 | 9,6: 49.3704 | 12,6: 10.4827 | 15,3: 122.2704
epoch 87: train 55.0112 | val 6,6: 14.1812 | 9,6: 49.9752 | 12,6: 10.5799 | 15,3: 127.8718
epoch 88: train 55.0855 | val 6,6: 14.1897 | 9,6: 49.7889 | 12,6: 10.6392 | 15,3: 151.8696
epoch 89: train 53.5546 | val 6,6: 14.0606 | 9,6: 49.5055 | 12,6: 10.5650 | 15,3: 122.2138
epoch 90: train 53.1041 | val 6,6: 14.1022 | 9,6: 49.7356 | 12,6: 10.5833 | 15,3: 122.4698
epoch 91: train 54.7665 | val 6,6: 13.9816 | 9,6: 49.4595 | 12,6: 10.4849 | 15,3: 121.7293
epoch 92: train 51.9075 | val 6,6: 14.0027 | 9,6: 49.3146 | 12,6: 10.4594 | 15,3: 121.4273
epoch 93: train 53.1675 | val 6,6: 13.9596 | 9,6: 49.2554 | 12,6: 10.4602 | 15,3: 123.7130
epoch 94: train 51.8907 | val 6,6: 13.9858 | 9,6: 50.3488 | 12,6: 11.1537 | 15,3: 120.8333
epoch 95: train 51.8790 | val 6,6: 14.0123 | 9,6: 49.2670 | 12,6: 10.4621 | 15,3: 120.8193
epoch 96: train 53.3033 | val 6,6: 13.9763 | 9,6: 49.2438 | 12,6: 10.4790 | 15,3: 120.5906
epoch 97: train 54.5682 | val 6,6: 14.0760 | 9,6: 49.5344 | 12,6: 10.7143 | 15,3: 122.4393
epoch 98: train 51.2906 | val 6,6: 14.1008 | 9,6: 49.5276 | 12,6: 10.5849 | 15,3: 127.8773
epoch 99: train 53.7860 | val 6,6: 14.1083 | 9,6: 49.7543 | 12,6: 10.5797 | 15,3: 121.8066
epoch 100: train 53.5458 | val 6,6: 14.1000 | 9,6: 49.5561 | 12,6: 10.5117 | 15,3: 121.1229
epoch 101: train 51.5053 | val 6,6: 14.1299 | 9,6: 50.1078 | 12,6: 10.8061 | 15,3: 123.5608
epoch 102: train 53.8216 | val 6,6: 13.9564 | 9,6: 49.3253 | 12,6: 10.4588 | 15,3: 121.2438
epoch 103: train 51.1916 | val 6,6: 13.9506 | 9,6: 49.2251 | 12,6: 10.4456 | 15,3: 120.6494
epoch 104: train 53.4193 | val 6,6: 14.0488 | 9,6: 49.7351 | 12,6: 10.5967 | 15,3: 124.5344
epoch 105: train 52.7833 | val 6,6: 13.9972 | 9,6: 49.3228 | 12,6: 10.4809 | 15,3: 120.9992
epoch 106: train 51.8453 | val 6,6: 14.0396 | 9,6: 49.3616 | 12,6: 10.5312 | 15,3: 120.7063
epoch 107: train 53.2378 | val 6,6: 13.9557 | 9,6: 49.2194 | 12,6: 10.4298 | 15,3: 120.3373
epoch 108: train 56.1324 | val 6,6: 14.0549 | 9,6: 49.6536 | 12,6: 10.5466 | 15,3: 125.9501
epoch 109: train 51.2628 | val 6,6: 13.9780 | 9,6: 49.5318 | 12,6: 10.5381 | 15,3: 122.4470
epoch 110: train 52.3905 | val 6,6: 13.9460 | 9,6: 49.2959 | 12,6: 10.4886 | 15,3: 120.6853
epoch 111: train 53.1761 | val 6,6: 13.9556 | 9,6: 49.9141 | 12,6: 11.0288 | 15,3: 121.5305
epoch 112: train 52.7349 | val 6,6: 13.9389 | 9,6: 49.1703 | 12,6: 10.4408 | 15,3: 120.1852
epoch 113: train 53.5028 | val 6,6: 14.8846 | 9,6: 51.4318 | 12,6: 10.7667 | 15,3: 122.6054
epoch 114: train 51.3954 | val 6,6: 13.9583 | 9,6: 49.1990 | 12,6: 10.4591 | 15,3: 120.2297
epoch 115: train 52.8620 | val 6,6: 13.9268 | 9,6: 49.1398 | 12,6: 10.4405 | 15,3: 120.0799
epoch 116: train 53.1418 | val 6,6: 13.9676 | 9,6: 49.1595 | 12,6: 10.4446 | 15,3: 120.4076
epoch 117: train 52.1407 | val 6,6: 13.9373 | 9,6: 49.1026 | 12,6: 10.4255 | 15,3: 121.2714
epoch 118: train 51.7243 | val 6,6: 14.0972 | 9,6: 50.0977 | 12,6: 10.5728 | 15,3: 120.9197
epoch 119: train 50.0037 | val 6,6: 14.0103 | 9,6: 50.2647 | 12,6: 10.8508 | 15,3: 120.5727
epoch 120: train 53.4264 | val 6,6: 14.0481 | 9,6: 49.1239 | 12,6: 10.4834 | 15,3: 122.7499
epoch 121: train 53.9029 | val 6,6: 16.3817 | 9,6: 54.1488 | 12,6: 11.1868 | 15,3: 122.1676
epoch 122: train 52.6098 | val 6,6: 14.0597 | 9,6: 49.6650 | 12,6: 10.5670 | 15,3: 120.5834
epoch 123: train 53.6719 | val 6,6: 14.0620 | 9,6: 49.2719 | 12,6: 10.4424 | 15,3: 120.3260
epoch 124: train 54.2573 | val 6,6: 13.9546 | 9,6: 49.1852 | 12,6: 10.4668 | 15,3: 120.1660
epoch 125: train 54.5886 | val 6,6: 13.9720 | 9,6: 49.1239 | 12,6: 10.4071 | 15,3: 121.3859
epoch 126: train 52.9721 | val 6,6: 13.9846 | 9,6: 49.3291 | 12,6: 10.4534 | 15,3: 120.1911
epoch 127: train 51.6783 | val 6,6: 13.9673 | 9,6: 49.0357 | 12,6: 10.4251 | 15,3: 120.6245
epoch 128: train 54.4316 | val 6,6: 14.0467 | 9,6: 49.3717 | 12,6: 10.5061 | 15,3: 121.0839
epoch 129: train 52.9484 | val 6,6: 13.9859 | 9,6: 49.2526 | 12,6: 10.5595 | 15,3: 120.5428
epoch 130: train 50.7083 | val 6,6: 14.0950 | 9,6: 49.7569 | 12,6: 10.6886 | 15,3: 120.7642
epoch 131: train 52.2651 | val 6,6: 13.9792 | 9,6: 49.0341 | 12,6: 10.4314 | 15,3: 120.4687
epoch 132: train 51.4177 | val 6,6: 13.9530 | 9,6: 49.0912 | 12,6: 10.5539 | 15,3: 120.1339
epoch 133: train 52.4021 | val 6,6: 14.0050 | 9,6: 49.2496 | 12,6: 10.4303 | 15,3: 121.2456
epoch 134: train 53.4837 | val 6,6: 14.6102 | 9,6: 50.7309 | 12,6: 10.5412 | 15,3: 120.5023
epoch 135: train 51.9733 | val 6,6: 13.9894 | 9,6: 48.8464 | 12,6: 10.4851 | 15,3: 120.6319
epoch 136: train 51.7137 | val 6,6: 14.1631 | 9,6: 49.1042 | 12,6: 10.4350 | 15,3: 120.5786
epoch 137: train 52.9787 | val 6,6: 14.0195 | 9,6: 49.2820 | 12,6: 10.6747 | 15,3: 120.4688
epoch 138: train 51.0423 | val 6,6: 13.9643 | 9,6: 48.8738 | 12,6: 10.4057 | 15,3: 119.9651
epoch 139: train 52.4497 | val 6,6: 13.9421 | 9,6: 49.0764 | 12,6: 10.4541 | 15,3: 121.3711
epoch 140: train 53.2168 | val 6,6: 13.9443 | 9,6: 49.0283 | 12,6: 10.4767 | 15,3: 120.6687
epoch 141: train 52.7477 | val 6,6: 13.9862 | 9,6: 49.0249 | 12,6: 10.4259 | 15,3: 120.0757
epoch 142: train 51.4314 | val 6,6: 13.9478 | 9,6: 48.8795 | 12,6: 10.3940 | 15,3: 119.9985
epoch 143: train 52.9459 | val 6,6: 14.0851 | 9,6: 49.2519 | 12,6: 10.4478 | 15,3: 120.3605
epoch 144: train 51.7442 | val 6,6: 14.1803 | 9,6: 49.3061 | 12,6: 10.5738 | 15,3: 123.1121
epoch 145: train 55.0792 | val 6,6: 14.0084 | 9,6: 49.3682 | 12,6: 10.5290 | 15,3: 120.0722
epoch 146: train 52.9048 | val 6,6: 13.9808 | 9,6: 48.9915 | 12,6: 10.4043 | 15,3: 120.2449
epoch 147: train 51.5516 | val 6,6: 13.9653 | 9,6: 48.8702 | 12,6: 10.4092 | 15,3: 120.0407
epoch 148: train 52.6300 | val 6,6: 13.9700 | 9,6: 49.0366 | 12,6: 10.4047 | 15,3: 121.2983
epoch 149: train 51.9333 | val 6,6: 13.9498 | 9,6: 48.7196 | 12,6: 10.4067 | 15,3: 121.2930
epoch 150: train 50.7639 | val 6,6: 13.9707 | 9,6: 48.9996 | 12,6: 10.3947 | 15,3: 120.4183
epoch 151: train 55.8301 | val 6,6: 14.0756 | 9,6: 49.3774 | 12,6: 10.4349 | 15,3: 119.8713
epoch 152: train 52.7487 | val 6,6: 13.9932 | 9,6: 49.3151 | 12,6: 10.6022 | 15,3: 120.8003
epoch 153: train 51.4562 | val 6,6: 13.9373 | 9,6: 48.8102 | 12,6: 10.4058 | 15,3: 119.8082
epoch 154: train 52.4665 | val 6,6: 14.0637 | 9,6: 49.1622 | 12,6: 10.7174 | 15,3: 119.9144
epoch 155: train 51.0525 | val 6,6: 13.9285 | 9,6: 48.8819 | 12,6: 10.3909 | 15,3: 120.2524
epoch 156: train 52.3191 | val 6,6: 13.9948 | 9,6: 48.7547 | 12,6: 10.3712 | 15,3: 120.3341
epoch 157: train 51.0912 | val 6,6: 13.9777 | 9,6: 48.8601 | 12,6: 10.3604 | 15,3: 120.3566
epoch 158: train 52.5090 | val 6,6: 14.1140 | 9,6: 50.0941 | 12,6: 10.7980 | 15,3: 122.1479
epoch 159: train 53.0711 | val 6,6: 13.9572 | 9,6: 49.0586 | 12,6: 10.5773 | 15,3: 120.5367
epoch 160: train 52.5853 | val 6,6: 14.2397 | 9,6: 49.2666 | 12,6: 10.5079 | 15,3: 120.0676
epoch 161: train 54.4988 | val 6,6: 13.9139 | 9,6: 48.7002 | 12,6: 10.3873 | 15,3: 120.1870
epoch 162: train 54.3843 | val 6,6: 14.0277 | 9,6: 48.8365 | 12,6: 10.3840 | 15,3: 119.9502
epoch 163: train 54.1240 | val 6,6: 13.9090 | 9,6: 48.6845 | 12,6: 10.3835 | 15,3: 120.3120
epoch 164: train 56.0554 | val 6,6: 14.0307 | 9,6: 49.3143 | 12,6: 10.5819 | 15,3: 120.3498
epoch 165: train 54.1330 | val 6,6: 13.9814 | 9,6: 48.7701 | 12,6: 10.3804 | 15,3: 120.1627
epoch 166: train 53.5608 | val 6,6: 13.9736 | 9,6: 48.8561 | 12,6: 10.4070 | 15,3: 121.5525
epoch 167: train 53.8908 | val 6,6: 13.9947 | 9,6: 48.9897 | 12,6: 10.4024 | 15,3: 121.7973
epoch 168: train 53.4019 | val 6,6: 13.9092 | 9,6: 48.7220 | 12,6: 10.3792 | 15,3: 120.0660
epoch 169: train 52.4061 | val 6,6: 13.9523 | 9,6: 49.1015 | 12,6: 10.4408 | 15,3: 120.5911
epoch 170: train 52.3077 | val 6,6: 13.9558 | 9,6: 48.7244 | 12,6: 10.3832 | 15,3: 119.7301
epoch 171: train 51.0744 | val 6,6: 13.9371 | 9,6: 48.6148 | 12,6: 10.3496 | 15,3: 120.0698
epoch 172: train 51.6739 | val 6,6: 13.9547 | 9,6: 49.2057 | 12,6: 10.5065 | 15,3: 120.0876
epoch 173: train 53.1691 | val 6,6: 13.9438 | 9,6: 49.4555 | 12,6: 10.6173 | 15,3: 119.7493
epoch 174: train 51.3748 | val 6,6: 13.9119 | 9,6: 48.6305 | 12,6: 10.4401 | 15,3: 119.9169
epoch 175: train 51.4113 | val 6,6: 13.9045 | 9,6: 48.6650 | 12,6: 10.3907 | 15,3: 120.2670
epoch 176: train 53.3388 | val 6,6: 14.0601 | 9,6: 49.7629 | 12,6: 10.7691 | 15,3: 121.3104
epoch 177: train 52.3200 | val 6,6: 13.9490 | 9,6: 48.8871 | 12,6: 10.4288 | 15,3: 120.6007
epoch 178: train 53.0922 | val 6,6: 13.9386 | 9,6: 48.6531 | 12,6: 10.3942 | 15,3: 119.8832
epoch 179: train 54.0821 | val 6,6: 13.9365 | 9,6: 48.7261 | 12,6: 10.4361 | 15,3: 120.2600
epoch 180: train 51.2322 | val 6,6: 13.8904 | 9,6: 48.6781 | 12,6: 10.3596 | 15,3: 120.3307
epoch 181: train 52.6762 | val 6,6: 13.8901 | 9,6: 48.5077 | 12,6: 10.3462 | 15,3: 119.7611
epoch 182: train 51.6954 | val 6,6: 13.8912 | 9,6: 48.4821 | 12,6: 10.3619 | 15,3: 119.7694
epoch 183: train 52.8333 | val 6,6: 13.9047 | 9,6: 48.5798 | 12,6: 10.4304 | 15,3: 119.9990
epoch 184: train 56.0813 | val 6,6: 13.9550 | 9,6: 49.0145 | 12,6: 10.5271 | 15,3: 122.6978
epoch 185: train 52.0376 | val 6,6: 13.8997 | 9,6: 48.5191 | 12,6: 10.3643 | 15,3: 120.6504
epoch 186: train 51.5269 | val 6,6: 13.8935 | 9,6: 48.6138 | 12,6: 10.4661 | 15,3: 119.8528
epoch 187: train 51.3108 | val 6,6: 13.8966 | 9,6: 48.5628 | 12,6: 10.3509 | 15,3: 120.0230
epoch 188: train 51.5799 | val 6,6: 13.9139 | 9,6: 48.6583 | 12,6: 10.3503 | 15,3: 119.8149
epoch 189: train 52.7931 | val 6,6: 13.9039 | 9,6: 48.7225 | 12,6: 10.4274 | 15,3: 119.8052
epoch 190: train 52.3035 | val 6,6: 13.8821 | 9,6: 48.6457 | 12,6: 10.3595 | 15,3: 121.0002
epoch 191: train 52.1732 | val 6,6: 13.9887 | 9,6: 49.0513 | 12,6: 10.4351 | 15,3: 121.6516
epoch 192: train 55.5067 | val 6,6: 13.8878 | 9,6: 48.4155 | 12,6: 10.3862 | 15,3: 120.7796
epoch 193: train 52.6191 | val 6,6: 14.0029 | 9,6: 48.7749 | 12,6: 10.4214 | 15,3: 120.1975
epoch 194: train 51.7967 | val 6,6: 13.9365 | 9,6: 48.4675 | 12,6: 10.4157 | 15,3: 120.8320
epoch 195: train 51.4836 | val 6,6: 13.9005 | 9,6: 48.3935 | 12,6: 10.3265 | 15,3: 119.8161
epoch 196: train 51.5028 | val 6,6: 13.9278 | 9,6: 48.4900 | 12,6: 10.4042 | 15,3: 120.0555
epoch 197: train 50.7474 | val 6,6: 13.8902 | 9,6: 48.3120 | 12,6: 10.2883 | 15,3: 119.6456
epoch 198: train 52.8988 | val 6,6: 14.1683 | 9,6: 50.2426 | 12,6: 10.6433 | 15,3: 123.3073
epoch 199: train 53.5754 | val 6,6: 13.9465 | 9,6: 48.5375 | 12,6: 10.3452 | 15,3: 120.4235
epoch 200: train 53.0861 | val 6,6: 13.8968 | 9,6: 48.3800 | 12,6: 10.3198 | 15,3: 119.7811
epoch 201: train 52.0643 | val 6,6: 13.8711 | 9,6: 48.3676 | 12,6: 10.3706 | 15,3: 121.6488
epoch 202: train 52.4206 | val 6,6: 14.0292 | 9,6: 49.6473 | 12,6: 10.5294 | 15,3: 120.2917
epoch 203: train 51.8403 | val 6,6: 13.9371 | 9,6: 48.5459 | 12,6: 10.3463 | 15,3: 119.8312
epoch 204: train 50.6747 | val 6,6: 13.8405 | 9,6: 48.2772 | 12,6: 10.3109 | 15,3: 119.7561
epoch 205: train 49.3986 | val 6,6: 13.8833 | 9,6: 48.3588 | 12,6: 10.2924 | 15,3: 119.8529
epoch 206: train 51.3470 | val 6,6: 13.9156 | 9,6: 48.6117 | 12,6: 10.3958 | 15,3: 119.7646
epoch 207: train 49.7496 | val 6,6: 13.9067 | 9,6: 48.4368 | 12,6: 10.3068 | 15,3: 119.5271
epoch 208: train 50.7076 | val 6,6: 13.8466 | 9,6: 48.4145 | 12,6: 10.3470 | 15,3: 119.6525
epoch 209: train 50.3211 | val 6,6: 13.8932 | 9,6: 48.2090 | 12,6: 10.3156 | 15,3: 120.2650
epoch 210: train 50.7731 | val 6,6: 13.9300 | 9,6: 48.2138 | 12,6: 10.3546 | 15,3: 120.3731
epoch 211: train 51.9702 | val 6,6: 13.8940 | 9,6: 48.4236 | 12,6: 10.4287 | 15,3: 120.1458
epoch 212: train 51.3543 | val 6,6: 13.9896 | 9,6: 48.4742 | 12,6: 10.2914 | 15,3: 119.8155
epoch 213: train 51.0269 | val 6,6: 13.8547 | 9,6: 48.5205 | 12,6: 10.3796 | 15,3: 119.8380
epoch 214: train 51.7363 | val 6,6: 13.8855 | 9,6: 48.5638 | 12,6: 10.3767 | 15,3: 120.1316
epoch 215: train 50.0717 | val 6,6: 13.8546 | 9,6: 48.1526 | 12,6: 10.3120 | 15,3: 120.1972
epoch 216: train 51.2736 | val 6,6: 14.0938 | 9,6: 48.4037 | 12,6: 10.4097 | 15,3: 120.2637
epoch 217: train 51.7928 | val 6,6: 13.9223 | 9,6: 48.3361 | 12,6: 10.3250 | 15,3: 119.8868
epoch 218: train 51.6849 | val 6,6: 13.9189 | 9,6: 48.3972 | 12,6: 10.3502 | 15,3: 119.8092
epoch 219: train 52.9626 | val 6,6: 13.9612 | 9,6: 48.4939 | 12,6: 10.3503 | 15,3: 120.0954
epoch 220: train 52.8438 | val 6,6: 13.9237 | 9,6: 48.5335 | 12,6: 10.3298 | 15,3: 119.6466
epoch 221: train 51.0662 | val 6,6: 13.8847 | 9,6: 48.2886 | 12,6: 10.3088 | 15,3: 120.0608
epoch 222: train 53.3852 | val 6,6: 13.8573 | 9,6: 48.2880 | 12,6: 10.3420 | 15,3: 120.7685
epoch 223: train 53.1318 | val 6,6: 14.1008 | 9,6: 48.8071 | 12,6: 10.4271 | 15,3: 120.3857
epoch 224: train 52.8164 | val 6,6: 13.8887 | 9,6: 48.4651 | 12,6: 10.3322 | 15,3: 119.8631
epoch 225: train 52.1419 | val 6,6: 13.8906 | 9,6: 48.4068 | 12,6: 10.2862 | 15,3: 120.1997
epoch 226: train 55.3793 | val 6,6: 13.8605 | 9,6: 48.3168 | 12,6: 10.3056 | 15,3: 120.0146
epoch 227: train 52.4911 | val 6,6: 14.0117 | 9,6: 48.5081 | 12,6: 10.3962 | 15,3: 120.9590
epoch 228: train 53.4299 | val 6,6: 13.9395 | 9,6: 48.8486 | 12,6: 10.3554 | 15,3: 121.4340
epoch 229: train 51.8890 | val 6,6: 13.8743 | 9,6: 48.3301 | 12,6: 10.3070 | 15,3: 119.8147
epoch 230: train 51.3013 | val 6,6: 13.8587 | 9,6: 48.3807 | 12,6: 10.3685 | 15,3: 119.9649
epoch 231: train 52.8044 | val 6,6: 13.9316 | 9,6: 48.4848 | 12,6: 10.4035 | 15,3: 120.0861
epoch 232: train 54.2353 | val 6,6: 13.8536 | 9,6: 48.2198 | 12,6: 10.2830 | 15,3: 119.7416
epoch 233: train 52.5604 | val 6,6: 13.8887 | 9,6: 48.2904 | 12,6: 10.3183 | 15,3: 119.6885
epoch 234: train 51.3794 | val 6,6: 13.8825 | 9,6: 48.3486 | 12,6: 10.2934 | 15,3: 120.5911
epoch 235: train 52.8111 | val 6,6: 13.8608 | 9,6: 48.1060 | 12,6: 10.3068 | 15,3: 120.1598
epoch 236: train 52.4614 | val 6,6: 13.9234 | 9,6: 48.9298 | 12,6: 10.5983 | 15,3: 120.2118
epoch 237: train 50.7068 | val 6,6: 13.8428 | 9,6: 48.2006 | 12,6: 10.2984 | 15,3: 119.6838
epoch 238: train 51.3140 | val 6,6: 13.9599 | 9,6: 48.2810 | 12,6: 10.2904 | 15,3: 119.6162
epoch 239: train 51.5746 | val 6,6: 13.8623 | 9,6: 48.2873 | 12,6: 10.2681 | 15,3: 119.5468
epoch 240: train 53.5240 | val 6,6: 13.8933 | 9,6: 48.4216 | 12,6: 10.4047 | 15,3: 121.8198
epoch 241: train 52.2224 | val 6,6: 13.9037 | 9,6: 48.3860 | 12,6: 10.3662 | 15,3: 120.4346
epoch 242: train 52.0431 | val 6,6: 14.0848 | 9,6: 48.8295 | 12,6: 10.4038 | 15,3: 121.4686
epoch 243: train 52.4437 | val 6,6: 13.9472 | 9,6: 48.4657 | 12,6: 10.3273 | 15,3: 120.9905
epoch 244: train 52.5165 | val 6,6: 13.8908 | 9,6: 48.4827 | 12,6: 10.3691 | 15,3: 120.3824
epoch 245: train 51.7393 | val 6,6: 13.8931 | 9,6: 48.4077 | 12,6: 10.2926 | 15,3: 120.0008
epoch 246: train 54.2084 | val 6,6: 13.8548 | 9,6: 48.6308 | 12,6: 10.3808 | 15,3: 121.3365
epoch 247: train 51.3911 | val 6,6: 13.9167 | 9,6: 48.5575 | 12,6: 10.3238 | 15,3: 119.7526
epoch 248: train 51.5394 | val 6,6: 13.9420 | 9,6: 48.3051 | 12,6: 10.2802 | 15,3: 119.6995
epoch 249: train 53.3607 | val 6,6: 13.8273 | 9,6: 48.2162 | 12,6: 10.2572 | 15,3: 120.0900
restored best-val weights from epoch 239 (val 47.9911)
saved /vol/bitbucket/osella/rl-qecc-data/supervisedLearning/sweep/mix_66-96-126-153_H3_s1.pth

## /vol/bitbucket/osella/rl-qecc-data/supervisedLearning/sweep/mix_66-96-126-153_H3_s1.pth on held-out test l=6, m=6 (131983 codes) — 2026-07-25

- data: `held-out 10% of /vol/bitbucket/osella/rl-qecc-data/supervisedLearning/codeEvaluationTrainingData (size 6,6)`
- Binomial NLL: **13.7903** (noise floor 12.6361)
- reward MAE: **0.00333**
- k MAE: **2.34** logical qubits
- Spearman: **0.585**, Kendall: 0.422
- top-k overlap (k=50): **0.02**


## /vol/bitbucket/osella/rl-qecc-data/supervisedLearning/sweep/mix_66-96-126-153_H3_s1.pth on held-out test l=9, m=6 (45106 codes) — 2026-07-25

- data: `held-out 10% of /vol/bitbucket/osella/rl-qecc-data/supervisedLearning/codeEvaluationTrainingData (size 9,6)`
- Binomial NLL: **51.2540** (noise floor 48.2850)
- reward MAE: **0.00420**
- k MAE: **2.41** logical qubits
- Spearman: **0.694**, Kendall: 0.512
- top-k overlap (k=50): **0.14**


## /vol/bitbucket/osella/rl-qecc-data/supervisedLearning/sweep/mix_66-96-126-153_H3_s1.pth on held-out test l=12, m=6 (41350 codes) — 2026-07-25

- data: `held-out 10% of /vol/bitbucket/osella/rl-qecc-data/supervisedLearning/codeEvaluationTrainingData (size 12,6)`
- Binomial NLL: **9.3535** (noise floor 8.3484)
- reward MAE: **0.00319**
- k MAE: **2.57** logical qubits
- Spearman: **0.643**, Kendall: 0.468
- top-k overlap (k=50): **0.16**


## /vol/bitbucket/osella/rl-qecc-data/supervisedLearning/sweep/mix_66-96-126-153_H3_s1.pth on held-out test l=15, m=3 (1738 codes) — 2026-07-25

- data: `held-out 10% of /vol/bitbucket/osella/rl-qecc-data/supervisedLearning/codeEvaluationTrainingData (size 15,3)`
- Binomial NLL: **115.5422** (noise floor 111.6097)
- reward MAE: **0.00162**
- k MAE: **2.22** logical qubits
- Spearman: **0.856**, Kendall: 0.671
- top-k overlap (k=50): **0.54**

