device: cuda; sizes: [(6, 6), (9, 6)]; curve loss on: [(6, 6), (9, 6)]; lr: 0.001; H: 4
loadCodeEvaluations: dropped 152779 records with a non-canonical errorRange
  size 6,6: 1319823 codes (1055858 train) curveLoss=True
loadCodeEvaluations: dropped 140065 records with a non-canonical errorRange
  size 9,6: 451060 codes (360848 train) curveLoss=True
epoch 0: train 33.7744 | val 6,6: 14.0812 | 9,6: 50.3035
epoch 1: train 32.0617 | val 6,6: 14.0425 | 9,6: 49.6179
epoch 2: train 31.7533 | val 6,6: 14.0354 | 9,6: 49.7563
epoch 3: train 31.5436 | val 6,6: 14.2127 | 9,6: 49.4178
epoch 4: train 31.2852 | val 6,6: 13.8986 | 9,6: 48.6952
epoch 5: train 31.1485 | val 6,6: 13.9808 | 9,6: 48.7458
epoch 6: train 30.9395 | val 6,6: 13.7741 | 9,6: 48.0400
epoch 7: train 30.7929 | val 6,6: 13.7387 | 9,6: 48.3092
epoch 8: train 30.6690 | val 6,6: 13.7422 | 9,6: 47.6444
epoch 9: train 30.6254 | val 6,6: 13.7061 | 9,6: 47.9508
epoch 10: train 30.5084 | val 6,6: 13.6590 | 9,6: 47.7026
epoch 11: train 30.5588 | val 6,6: 13.7546 | 9,6: 47.8886
epoch 12: train 30.4785 | val 6,6: 13.6349 | 9,6: 47.3235
epoch 13: train 30.3615 | val 6,6: 13.6319 | 9,6: 47.5573
epoch 14: train 30.4572 | val 6,6: 13.6320 | 9,6: 47.4478
epoch 15: train 30.3167 | val 6,6: 13.6190 | 9,6: 47.3644
epoch 16: train 30.3705 | val 6,6: 13.6820 | 9,6: 47.8004
epoch 17: train 30.3334 | val 6,6: 13.6036 | 9,6: 47.3400
epoch 18: train 30.4971 | val 6,6: 13.7066 | 9,6: 47.4440
epoch 19: train 30.3658 | val 6,6: 13.5984 | 9,6: 47.3323
restored best-val weights from epoch 19 (val 30.4654)
saved /vol/bitbucket/osella/rl-qecc-data/supervisedLearning/sweep/mix_66-96_H4_s1.pth

## /vol/bitbucket/osella/rl-qecc-data/supervisedLearning/sweep/mix_66-96_H4_s1.pth on held-out test l=6, m=6 (131983 codes) — 2026-07-25

- data: `held-out 10% of /vol/bitbucket/osella/rl-qecc-data/supervisedLearning/codeEvaluationTrainingData (size 6,6)`
- Binomial NLL: **13.5446** (noise floor 12.6361)
- reward MAE: **0.00296**
- k MAE: **2.02** logical qubits
- Spearman: **0.689**, Kendall: 0.514
- top-k overlap (k=50): **0.00**


## /vol/bitbucket/osella/rl-qecc-data/supervisedLearning/sweep/mix_66-96_H4_s1.pth on held-out test l=9, m=6 (45106 codes) — 2026-07-25

- data: `held-out 10% of /vol/bitbucket/osella/rl-qecc-data/supervisedLearning/codeEvaluationTrainingData (size 9,6)`
- Binomial NLL: **50.4658** (noise floor 48.2850)
- reward MAE: **0.00363**
- k MAE: **2.20** logical qubits
- Spearman: **0.755**, Kendall: 0.571
- top-k overlap (k=50): **0.22**

