device: cuda; sizes: [(6, 6), (9, 6), (12, 6), (15, 3)]; curve loss on: [(6, 6)]; lr: 0.0001; H: checkpoint/default
loadCodeEvaluations: dropped 166368 records with a non-canonical errorRange
  size 6,6: 1319823 codes (1055858 train) curveLoss=True
loadCodeEvaluations: dropped 155570 records with a non-canonical errorRange
  size 9,6: 451060 codes (360848 train) curveLoss=False
loadCodeEvaluations: dropped 107494 records with a non-canonical errorRange
  size 12,6: 413502 codes (330802 train) curveLoss=False
loadCodeEvaluations: dropped 2793 records with a non-canonical errorRange
  size 15,3: 17373 codes (13898 train) curveLoss=False
warm-started from /vol/bitbucket/osella/rl-qecc-data/supervisedLearning/sweep/mix_66_H3_s1.pth
epoch 0: train 3.4615 | val 6,6: 13.1063 | 9,6: 0.3546 | 12,6: 0.2931 | 15,3: 0.0974
epoch 1: train 3.4395 | val 6,6: 13.1293 | 9,6: 0.2896 | 12,6: 0.2494 | 15,3: 0.0754
epoch 2: train 3.4190 | val 6,6: 13.1194 | 9,6: 0.2671 | 12,6: 0.2397 | 15,3: 0.0638
epoch 3: train 3.4150 | val 6,6: 13.1125 | 9,6: 0.2491 | 12,6: 0.2334 | 15,3: 0.0621
epoch 4: train 3.4137 | val 6,6: 13.1036 | 9,6: 0.2449 | 12,6: 0.2315 | 15,3: 0.0583
epoch 5: train 3.3919 | val 6,6: 13.0995 | 9,6: 0.2282 | 12,6: 0.2285 | 15,3: 0.0571
epoch 6: train 3.4107 | val 6,6: 13.0951 | 9,6: 0.2183 | 12,6: 0.2274 | 15,3: 0.0577
epoch 7: train 3.3876 | val 6,6: 13.0920 | 9,6: 0.2118 | 12,6: 0.2278 | 15,3: 0.0565
epoch 8: train 3.3950 | val 6,6: 13.0887 | 9,6: 0.2061 | 12,6: 0.2266 | 15,3: 0.0559
epoch 9: train 3.3961 | val 6,6: 13.0864 | 9,6: 0.2020 | 12,6: 0.2252 | 15,3: 0.0546
restored best-val weights from epoch 9 (val 3.3920)
saved /vol/bitbucket/osella/rl-qecc-data/supervisedLearning/sweep/ground_anch_H3_s1.pth

## /vol/bitbucket/osella/rl-qecc-data/supervisedLearning/sweep/ground_anch_H3_s1.pth on held-out test l=6, m=6 (131983 codes) — 2026-07-25

- data: `held-out 10% of /vol/bitbucket/osella/rl-qecc-data/supervisedLearning/codeEvaluationTrainingData (size 6,6)`
- Binomial NLL: **13.0321** (noise floor 12.6361)
- reward MAE: **0.00167**
- k MAE: **1.98** logical qubits
- Spearman: **0.891**, Kendall: 0.726
- top-k overlap (k=50): **0.12**


## /vol/bitbucket/osella/rl-qecc-data/supervisedLearning/sweep/ground_anch_H3_s1.pth on held-out test l=9, m=6 (45106 codes) — 2026-07-25

- data: `held-out 10% of /vol/bitbucket/osella/rl-qecc-data/supervisedLearning/codeEvaluationTrainingData (size 9,6)`
- Binomial NLL: **56.2196** (noise floor 48.2850)
- reward MAE: **0.00412**
- k MAE: **2.41** logical qubits
- Spearman: **0.620**, Kendall: 0.451
- top-k overlap (k=50): **0.06**


## /vol/bitbucket/osella/rl-qecc-data/supervisedLearning/sweep/ground_anch_H3_s1.pth on held-out test l=12, m=6 (41350 codes) — 2026-07-25

- data: `held-out 10% of /vol/bitbucket/osella/rl-qecc-data/supervisedLearning/codeEvaluationTrainingData (size 12,6)`
- Binomial NLL: **11.2435** (noise floor 8.3484)
- reward MAE: **0.00582**
- k MAE: **2.47** logical qubits
- Spearman: **0.588**, Kendall: 0.427
- top-k overlap (k=50): **0.04**


## /vol/bitbucket/osella/rl-qecc-data/supervisedLearning/sweep/ground_anch_H3_s1.pth on held-out test l=15, m=3 (1738 codes) — 2026-07-25

- data: `held-out 10% of /vol/bitbucket/osella/rl-qecc-data/supervisedLearning/codeEvaluationTrainingData (size 15,3)`
- Binomial NLL: **127.3130** (noise floor 111.6097)
- reward MAE: **0.00296**
- k MAE: **2.69** logical qubits
- Spearman: **0.643**, Kendall: 0.473
- top-k overlap (k=50): **0.34**

