device: cuda; sizes: [(6, 6), (9, 6), (12, 6), (15, 3)]; curve loss on: NONE; lr: 0.0001; H: checkpoint/default
loadCodeEvaluations: dropped 186452 records with a non-canonical errorRange
  size 6,6: 1319823 codes (1055858 train) curveLoss=False
loadCodeEvaluations: dropped 178041 records with a non-canonical errorRange
  size 9,6: 451060 codes (360848 train) curveLoss=False
loadCodeEvaluations: dropped 123960 records with a non-canonical errorRange
  size 12,6: 413502 codes (330802 train) curveLoss=False
loadCodeEvaluations: dropped 5303 records with a non-canonical errorRange
  size 15,3: 17373 codes (13898 train) curveLoss=False
warm-started from /vol/bitbucket/osella/rl-qecc-data/supervisedLearning/sweep/mix_66_H6_s2.pth
epoch 0: train 0.2384 | val 6,6: 0.0704 | 9,6: 0.2980 | 12,6: 0.2611 | 15,3: 0.0737
epoch 1: train 0.1701 | val 6,6: 0.0572 | 9,6: 0.2474 | 12,6: 0.2412 | 15,3: 0.0640
epoch 2: train 0.1528 | val 6,6: 0.0530 | 9,6: 0.2268 | 12,6: 0.2328 | 15,3: 0.0565
epoch 3: train 0.1480 | val 6,6: 0.0478 | 9,6: 0.2169 | 12,6: 0.2286 | 15,3: 0.0535
epoch 4: train 0.1412 | val 6,6: 0.0436 | 9,6: 0.2066 | 12,6: 0.2266 | 15,3: 0.0520
epoch 5: train 0.1367 | val 6,6: 0.0416 | 9,6: 0.2010 | 12,6: 0.2241 | 15,3: 0.0511
epoch 6: train 0.1363 | val 6,6: 0.0385 | 9,6: 0.2005 | 12,6: 0.2245 | 15,3: 0.0516
epoch 7: train 0.1348 | val 6,6: 0.0377 | 9,6: 0.1957 | 12,6: 0.2207 | 15,3: 0.0500
epoch 8: train 0.1333 | val 6,6: 0.0369 | 9,6: 0.1930 | 12,6: 0.2187 | 15,3: 0.0512
epoch 9: train 0.1293 | val 6,6: 0.0370 | 9,6: 0.1893 | 12,6: 0.2175 | 15,3: 0.0488
restored best-val weights from epoch 9 (val 0.1231)
saved /vol/bitbucket/osella/rl-qecc-data/supervisedLearning/sweep/ground_pure_H6_s2.pth

## /vol/bitbucket/osella/rl-qecc-data/supervisedLearning/sweep/ground_pure_H6_s2.pth on held-out test l=6, m=6 (131983 codes) — 2026-07-25

- data: `held-out 10% of /vol/bitbucket/osella/rl-qecc-data/supervisedLearning/codeEvaluationTrainingData (size 6,6)`
- Binomial NLL: **13.0408** (noise floor 12.5962)
- reward MAE: **0.00190**
- k MAE: **1.58** logical qubits
- Spearman: **0.886**, Kendall: 0.721
- top-k overlap (k=50): **0.10**


## /vol/bitbucket/osella/rl-qecc-data/supervisedLearning/sweep/ground_pure_H6_s2.pth on held-out test l=9, m=6 (45106 codes) — 2026-07-25

- data: `held-out 10% of /vol/bitbucket/osella/rl-qecc-data/supervisedLearning/codeEvaluationTrainingData (size 9,6)`
- Binomial NLL: **53.8804** (noise floor 47.9941)
- reward MAE: **0.00398**
- k MAE: **2.34** logical qubits
- Spearman: **0.635**, Kendall: 0.460
- top-k overlap (k=50): **0.14**


## /vol/bitbucket/osella/rl-qecc-data/supervisedLearning/sweep/ground_pure_H6_s2.pth on held-out test l=12, m=6 (41350 codes) — 2026-07-25

- data: `held-out 10% of /vol/bitbucket/osella/rl-qecc-data/supervisedLearning/codeEvaluationTrainingData (size 12,6)`
- Binomial NLL: **12.0686** (noise floor 9.0467)
- reward MAE: **0.00513**
- k MAE: **2.49** logical qubits
- Spearman: **0.631**, Kendall: 0.459
- top-k overlap (k=50): **0.14**


## /vol/bitbucket/osella/rl-qecc-data/supervisedLearning/sweep/ground_pure_H6_s2.pth on held-out test l=15, m=3 (1738 codes) — 2026-07-25

- data: `held-out 10% of /vol/bitbucket/osella/rl-qecc-data/supervisedLearning/codeEvaluationTrainingData (size 15,3)`
- Binomial NLL: **150.2594** (noise floor 129.6433)
- reward MAE: **0.00266**
- k MAE: **2.45** logical qubits
- Spearman: **0.650**, Kendall: 0.480
- top-k overlap (k=50): **0.36**

