device: cuda; sizes: [(6, 6), (9, 6), (12, 6), (15, 3)]; curve loss on: [(6, 6)]; lr: 0.0001; H: checkpoint/default
loadCodeEvaluations: dropped 174551 records with a non-canonical errorRange
  size 6,6: 1319823 codes (1055858 train) curveLoss=True
loadCodeEvaluations: dropped 164809 records with a non-canonical errorRange
  size 9,6: 451060 codes (360848 train) curveLoss=False
loadCodeEvaluations: dropped 114628 records with a non-canonical errorRange
  size 12,6: 413502 codes (330802 train) curveLoss=False
loadCodeEvaluations: dropped 3832 records with a non-canonical errorRange
  size 15,3: 17373 codes (13898 train) curveLoss=False
warm-started from /vol/bitbucket/osella/rl-qecc-data/supervisedLearning/sweep/mix_66_H7_s2.pth
epoch 0: train 3.4669 | val 6,6: 13.0250 | 9,6: 0.2993 | 12,6: 0.2603 | 15,3: 0.0888
epoch 1: train 3.4584 | val 6,6: 13.0089 | 9,6: 0.2349 | 12,6: 0.2424 | 15,3: 0.0707
epoch 2: train 3.3740 | val 6,6: 13.0022 | 9,6: 0.2101 | 12,6: 0.2338 | 15,3: 0.0574
epoch 3: train 3.3721 | val 6,6: 12.9984 | 9,6: 0.2032 | 12,6: 0.2292 | 15,3: 0.0571
epoch 4: train 3.3853 | val 6,6: 12.9862 | 9,6: 0.1978 | 12,6: 0.2293 | 15,3: 0.0534
epoch 5: train 3.3647 | val 6,6: 12.9875 | 9,6: 0.1944 | 12,6: 0.2221 | 15,3: 0.0520
epoch 6: train 3.3660 | val 6,6: 12.9840 | 9,6: 0.1910 | 12,6: 0.2213 | 15,3: 0.0504
epoch 7: train 3.3708 | val 6,6: 12.9864 | 9,6: 0.1892 | 12,6: 0.2185 | 15,3: 0.0497
epoch 8: train 3.3817 | val 6,6: 12.9849 | 9,6: 0.1867 | 12,6: 0.2182 | 15,3: 0.0500
epoch 9: train 3.3774 | val 6,6: 12.9821 | 9,6: 0.1856 | 12,6: 0.2197 | 15,3: 0.0487
restored best-val weights from epoch 9 (val 3.3590)
saved /vol/bitbucket/osella/rl-qecc-data/supervisedLearning/sweep/ground_anch_H7_s2.pth

## /vol/bitbucket/osella/rl-qecc-data/supervisedLearning/sweep/ground_anch_H7_s2.pth on held-out test l=6, m=6 (131983 codes) — 2026-07-25

- data: `held-out 10% of /vol/bitbucket/osella/rl-qecc-data/supervisedLearning/codeEvaluationTrainingData (size 6,6)`
- Binomial NLL: **12.9753** (noise floor 12.5962)
- reward MAE: **0.00161**
- k MAE: **1.41** logical qubits
- Spearman: **0.901**, Kendall: 0.741
- top-k overlap (k=50): **0.16**


## /vol/bitbucket/osella/rl-qecc-data/supervisedLearning/sweep/ground_anch_H7_s2.pth on held-out test l=9, m=6 (45106 codes) — 2026-07-25

- data: `held-out 10% of /vol/bitbucket/osella/rl-qecc-data/supervisedLearning/codeEvaluationTrainingData (size 9,6)`
- Binomial NLL: **53.5769** (noise floor 47.9941)
- reward MAE: **0.00373**
- k MAE: **2.26** logical qubits
- Spearman: **0.692**, Kendall: 0.508
- top-k overlap (k=50): **0.20**


## /vol/bitbucket/osella/rl-qecc-data/supervisedLearning/sweep/ground_anch_H7_s2.pth on held-out test l=12, m=6 (41350 codes) — 2026-07-25

- data: `held-out 10% of /vol/bitbucket/osella/rl-qecc-data/supervisedLearning/codeEvaluationTrainingData (size 12,6)`
- Binomial NLL: **12.2456** (noise floor 9.0467)
- reward MAE: **0.00527**
- k MAE: **2.50** logical qubits
- Spearman: **0.660**, Kendall: 0.483
- top-k overlap (k=50): **0.20**


## /vol/bitbucket/osella/rl-qecc-data/supervisedLearning/sweep/ground_anch_H7_s2.pth on held-out test l=15, m=3 (1738 codes) — 2026-07-25

- data: `held-out 10% of /vol/bitbucket/osella/rl-qecc-data/supervisedLearning/codeEvaluationTrainingData (size 15,3)`
- Binomial NLL: **144.7483** (noise floor 129.6433)
- reward MAE: **0.00231**
- k MAE: **2.41** logical qubits
- Spearman: **0.834**, Kendall: 0.647
- top-k overlap (k=50): **0.48**

