gpu10: killed
gpu11: killed
gpu12: killed
gpu13: killed
gpu14: killed
gpu15: killed
gpu16: killed
gpu18: killed
gpu19: killed
gpu20: killed
gpu21: killed
gpu22: killed
gpu23: killed
gpu24: killed
gpu26: killed
gpu27: killed
gpu28: killed
gpu29: killed
gpu30: killed
gpu31: killed
gpu32: killed
gpu33: killed
gpu34: killed
gpu35: killed
gpu36: killed
batch1: killed
batch2: killed
yew01: killed
yew02: killed
yew03: killed
yew04: killed
yew05: killed
yew06: killed
yew07: killed
yew08: killed
yew09: killed
yew10: killed
yew12: killed
yew14: killed
yew15: killed
yew16: killed
yew17: killed
yew18: killed
yew19: killed
yew20: killed
yew21: killed
yew22: killed
yew23: killed
yew24: killed
yew25: killed
yew26: killed
yew27: killed
yew28: killed
yew29: killed
yew30: killed
yew31: killed
yew32: killed
yew33: killed
yew34: killed
yew35: killed
yew36: killed
yew37: killed
yew38: killed
yew39: killed
yew40: killed
yew41: killed
yew42: killed
yew43: killed
yew44: killed
rowan01: killed
rowan03: killed
rowan04: killed
rowan05: killed
rowan06: killed
rowan07: killed
rowan08: killed
rowan09: killed
rowan10: killed
rowan11: killed
rowan12: killed
rowan13: killed
rowan14: killed
rowan15: killed
rowan16: killed
rowan17: killed
rowan18: killed
rowan19: killed
rowan20: killed
rowan21: killed
rowan22: killed
rowan23: killed
rowan24: killed
rowan25: killed
rowan26: killed
poplar01: killed
poplar02: killed
poplar03: killed
poplar04: killed
poplar05: killed
poplar06: killed
poplar07: killed
poplar08: killed
poplar09: killed
poplar10: killed
poplar11: killed
poplar12: killed
poplar13: killed
poplar14: killed
poplar15: killed
poplar16: killed
poplar17: killed
poplar18: killed
poplar19: killed
poplar20: killed
poplar21: killed
poplar22: killed
poplar23: killed
poplar24: killed
poplar25: killed
poplar26: killed
poplar27: killed
poplar28: killed
poplar29: killed
poplar30: killed
poplar31: killed
poplar32: killed
poplar33: killed
poplar34: killed
poplar35: killed
poplar36: killed
poplar37: killed
poplar38: killed
poplar39: killed
poplar40: killed
ash01: killed
ash03: killed
ash07: killed
ash08: killed
ash09: killed
ash10: killed
ash11: killed
ash14: killed
ash15: killed
ash16: killed
ash17: killed
ash19: killed
ash20: killed
ash21: killed
ash22: killed
ash23: killed
ash24: killed
ash25: killed
ash26: killed
ash28: killed
ash29: killed
ash30: killed
ash31: killed
ash32: killed
ash33: killed
ash34: killed
ash35: killed
ash36: killed
ash37: killed
ash38: killed
ash39: killed
ash40: killed
ash41: killed
beech01: killed
beech02: killed
vertex06: killed
vertex07: killed
vertex08: killed
vertex09: killed
vertex11: killed
vertex13: killed
vertex14: killed
vertex15: killed
vertex16: killed
vertex17: killed
vertex18: killed
vertex20: killed
vertex22: killed
curve01: killed
curve02: killed
curve03: killed
curve04: killed
curve06: killed
cedar02: killed
cedar03: killed
cedar04: killed
cedar05: killed
cedar06: killed
cedar07: killed
kill phase done Sun 26 Jul 18:42:03 BST 2026; waiting for exit traps
gpu10: LAUNCHED-3 27
gpu11: LAUNCHED-5 15
gpu12: LAUNCHED-3 27
gpu13: LAUNCHED-5 15
gpu14: LAUNCHED-3 27
gpu15: LAUNCHED-5 15
gpu16: LAUNCHED-3 27
gpu18: LAUNCHED-5 15
gpu19: LAUNCHED-3 27
gpu20: LAUNCHED-5 15
gpu21: LAUNCHED-3 27
gpu22: LAUNCHED-5 15
gpu23: LAUNCHED-3 27
gpu24: LAUNCHED-5 15
gpu26: LAUNCHED-3 27
gpu27: LAUNCHED-5 15
gpu28: LAUNCHED-3 27
gpu29: LAUNCHED-5 15
gpu30: LAUNCHED-3 27
gpu31: LAUNCHED-5 15
gpu32: LAUNCHED-3 27
gpu33: LAUNCHED-5 15
gpu34: LAUNCHED-3 27
gpu35: LAUNCHED-5 15
gpu36: LAUNCHED-3 27
batch1: LAUNCHED-5 15
batch2: LAUNCHED-3 27
maple1: UNREACHABLE
maple2: UNREACHABLE
maple3: UNREACHABLE
maple4: UNREACHABLE
maple5: UNREACHABLE
maple6: UNREACHABLE
maple7: UNREACHABLE
maple8: UNREACHABLE
maple9: UNREACHABLE
maple10: OCCUPIED
yew01: LAUNCHED-5 15
yew02: LAUNCHED-3 27
yew03: LAUNCHED-5 15
yew04: LAUNCHED-3 27
yew05: LAUNCHED-5 15
yew06: LAUNCHED-3 27
yew07: LAUNCHED-5 15
yew08: LAUNCHED-3 27
yew09: LAUNCHED-5 15
yew10: LAUNCHED-3 27
yew11: OCCUPIED
yew12: LAUNCHED-3 27
yew13: OCCUPIED
yew14: LAUNCHED-3 27
yew15: LAUNCHED-5 15
yew16: LAUNCHED-3 27
yew17: LAUNCHED-5 15
yew18: LAUNCHED-3 27
yew19: LAUNCHED-5 15
yew20: LAUNCHED-3 27
yew21: LAUNCHED-5 15
yew22: LAUNCHED-3 27
yew23: LAUNCHED-5 15
yew24: LAUNCHED-3 27
yew25: LAUNCHED-5 15
yew26: LAUNCHED-3 27
yew27: LAUNCHED-5 15
yew28: LAUNCHED-3 27
yew29: LAUNCHED-5 15
yew30: LAUNCHED-3 27
yew31: LAUNCHED-5 15
yew32: LAUNCHED-3 27
yew33: LAUNCHED-5 15
yew34: LAUNCHED-3 27
yew35: LAUNCHED-5 15
yew36: LAUNCHED-3 27
yew37: LAUNCHED-5 15
yew38: LAUNCHED-3 27
yew39: LAUNCHED-5 15
yew40: LAUNCHED-3 27
yew41: LAUNCHED-5 15
yew42: LAUNCHED-3 27
yew43: LAUNCHED-5 15
yew44: LAUNCHED-3 27
rowan01: LAUNCHED-5 15
rowan02: UNREACHABLE
rowan03: LAUNCHED-5 15
rowan04: LAUNCHED-3 27
rowan05: LAUNCHED-5 15
rowan06: LAUNCHED-3 27
rowan07: LAUNCHED-5 15
rowan08: LAUNCHED-3 27
rowan09: LAUNCHED-5 15
rowan10: LAUNCHED-3 27
rowan11: LAUNCHED-5 15
rowan12: LAUNCHED-3 27
rowan13: LAUNCHED-5 15
rowan14: LAUNCHED-3 27
rowan15: LAUNCHED-5 15
rowan16: LAUNCHED-3 27
rowan17: LAUNCHED-5 15
rowan18: LAUNCHED-3 27
rowan19: LAUNCHED-5 15
rowan20: LAUNCHED-3 27
rowan21: LAUNCHED-5 15
rowan22: LAUNCHED-3 27
rowan23: LAUNCHED-5 15
rowan24: LAUNCHED-3 27
rowan25: LAUNCHED-5 15
rowan26: LAUNCHED-3 27
poplar01: LAUNCHED-5 15
poplar02: LAUNCHED-3 27
poplar03: LAUNCHED-5 15
poplar04: LAUNCHED-3 27
poplar05: LAUNCHED-5 15
poplar06: LAUNCHED-3 27
poplar07: LAUNCHED-5 15
poplar08: LAUNCHED-3 27
poplar09: LAUNCHED-5 15
poplar10: LAUNCHED-3 27
poplar11: LAUNCHED-5 15
poplar12: LAUNCHED-3 27
poplar13: LAUNCHED-5 15
poplar14: LAUNCHED-3 27
poplar15: LAUNCHED-5 15
poplar16: LAUNCHED-3 27
poplar17: LAUNCHED-5 15
poplar18: LAUNCHED-3 27
poplar19: LAUNCHED-5 15
poplar20: LAUNCHED-3 27
poplar21: LAUNCHED-5 15
poplar22: LAUNCHED-3 27
poplar23: LAUNCHED-5 15
poplar24: LAUNCHED-3 27
poplar25: LAUNCHED-5 15
poplar26: LAUNCHED-3 27
poplar27: LAUNCHED-5 15
poplar28: LAUNCHED-3 27
poplar29: LAUNCHED-5 15
poplar30: LAUNCHED-3 27
poplar31: LAUNCHED-5 15
poplar32: LAUNCHED-3 27
poplar33: LAUNCHED-5 15
poplar34: LAUNCHED-3 27
poplar35: LAUNCHED-5 15
poplar36: LAUNCHED-3 27
poplar37: LAUNCHED-5 15
poplar38: LAUNCHED-3 27
poplar39: LAUNCHED-5 15
poplar40: LAUNCHED-3 27
ash01: LAUNCHED-5 15
ash02: OCCUPIED
ash03: LAUNCHED-5 15
ash04: OCCUPIED
ash05: OCCUPIED
ash06: OCCUPIED
ash07: LAUNCHED-5 15
ash08: LAUNCHED-3 27
ash09: LAUNCHED-5 15
ash10: LAUNCHED-3 27
ash11: LAUNCHED-5 15
ash12: OCCUPIED
ash13: UNREACHABLE
ash14: LAUNCHED-3 27
ash15: LAUNCHED-5 15
ash16: LAUNCHED-3 27
ash17: LAUNCHED-5 15
ash18: UNREACHABLE
ash19: LAUNCHED-5 15
ash20: LAUNCHED-3 27
ash21: LAUNCHED-5 15
ash22: LAUNCHED-3 27
ash23: LAUNCHED-5 15
ash24: LAUNCHED-3 27
ash25: LAUNCHED-5 15
ash26: LAUNCHED-3 27
ash27: OCCUPIED
ash28: LAUNCHED-3 27
ash29: LAUNCHED-5 15
ash30: LAUNCHED-3 27
ash31: LAUNCHED-5 15
ash32: LAUNCHED-3 27
ash33: LAUNCHED-5 15
ash34: LAUNCHED-3 27
ash35: LAUNCHED-5 15
ash36: LAUNCHED-3 27
ash37: LAUNCHED-5 15
ash38: LAUNCHED-3 27
ash39: LAUNCHED-5 15
ash40: LAUNCHED-3 27
ash41: LAUNCHED-5 15
beech01: LAUNCHED-3 27
beech02: LAUNCHED-5 15
beech03: UNREACHABLE
beech04: ALREADY
beech05: ALREADY
beech06: ALREADY
beech07: ALREADY
beech08: ALREADY
beech09: ALREADY
beech10: UNREACHABLE
beech11: ALREADY
beech12: ALREADY
beech13: ALREADY
beech14: ALREADY
beech15: OCCUPIED
beech16: ALREADY
beech17: ALREADY
beech18: ALREADY
beech19: ALREADY
beech20: ALREADY
willow01: ALREADY
willow02: ALREADY
willow03: ALREADY
willow04: OCCUPIED
willow05: ALREADY
willow06: ALREADY
willow07: ALREADY
willow08: ALREADY
willow09: ALREADY
willow10: ALREADY
willow11: ALREADY
willow12: ALREADY
willow13: ALREADY
willow14: ALREADY
willow15: ALREADY
willow16: ALREADY
willow17: OCCUPIED
willow18: ALREADY
willow19: ALREADY
willow20: ALREADY
vertex01: ALREADY
vertex02: ALREADY
vertex03: ALREADY
vertex04: ALREADY
vertex05: ALREADY
vertex06: ALREADY
vertex07: ALREADY
vertex08: ALREADY
vertex09: ALREADY
vertex10: OCCUPIED
vertex11: ALREADY
vertex12: UNREACHABLE
vertex13: ALREADY
vertex14: ALREADY
vertex15: ALREADY
vertex16: ALREADY
vertex17: ALREADY
vertex18: ALREADY
vertex19: UNREACHABLE
vertex20: ALREADY
vertex21: OCCUPIED
vertex22: ALREADY
curve01: ALREADY
curve02: ALREADY
curve03: ALREADY
curve04: ALREADY
curve05: UNREACHABLE
curve06: ALREADY
curve07: UNREACHABLE
curve08: UNREACHABLE
curve09: UNREACHABLE
curve10: UNREACHABLE
curve11: UNREACHABLE
curve12: UNREACHABLE
cedar01: UNREACHABLE
cedar02: ALREADY
cedar03: ALREADY
cedar04: ALREADY
cedar05: ALREADY
cedar06: ALREADY
cedar07: ALREADY
launcher327515 finished Sun 26 Jul 19:02:31 BST 2026
