labWorker ash17: started collect pid 1002462 (l=5 m=15) Sun 26 Jul 13:35:26 BST 2026
collectWorker3 ash17: l=5 m=15 workers=2 seed=672632409 stage=1 Sun 26 Jul 13:35:26 BST 2026
usage: reinforcementLearning.py [-h] [--num-workers NUM_WORKERS]
                                [--num-cells NUM_CELLS]
                                [--seed-for-environment SEED_FOR_ENVIRONMENT]
                                [--lr LR] [--max-grad-norm MAX_GRAD_NORM]
                                [--eval-rollout-length EVAL_ROLLOUT_LENGTH]
                                [--scaling-factor SCALING_FACTOR]
                                [--frames-per-batch FRAMES_PER_BATCH]
                                [--sub-batch-size SUB_BATCH_SIZE]
                                [--num-epochs NUM_EPOCHS]
                                [--clip-epsilon CLIP_EPSILON] [--gamma GAMMA]
                                [--lmbda LMBDA] [--entropy-eps ENTROPY_EPS]
                                [--env-reward-engineering {True,False,true,false}]
                                [--env-minimum-number-of-qubits ENV_MINIMUM_NUMBER_OF_QUBITS]
                                [--log-name LOG_NAME]
                                [--env-error-range {linear5,geometric5,geometric7,geometric10,dataCollection}]
                                [--env-version {qecc/bbcode-v0,qecc/bbcode-ldpc-v0}]
                                [--env-bit-flipping {True,False,true,false}]
                                [--env-l {6,9,15,12,30,21}]
                                [--env-m {3,6,12,18}]
                                [--env-use-dict-observation {True,False,true,false}]
                                [--env-number-of-decoder-iterations ENV_NUMBER_OF_DECODER_ITERATIONS]
                                [--env-number-of-samples ENV_NUMBER_OF_SAMPLES]
                                [--env-code-logging {true,True,false,False}]
                                [--model-architecture {mlp,hybrid}]
                                [--model-surrogate-model-path MODEL_SURROGATE_MODEL_PATH]
                                [--model-use-pretrained-encoder {True,False,true,false}]
                                [--index-to-unfreeze-encoder-updates INDEX_TO_UNFREEZE_ENCODER_UPDATES]
                                [--encoder-lr-factor ENCODER_LR_FACTOR]
                                [--training-device {cpu,cuda,auto}]
reinforcementLearning.py: error: argument --env-l: invalid choice: 5 (choose from 6, 9, 15, 12, 30, 21)
collectWorker3 ash17: ended Sun 26 Jul 13:35:52 BST 2026
labWorker ash17: collect ended naturally Sun 26 Jul 13:40:26 BST 2026
labWorker ash17: started collect pid 1238033 (l=5 m=15) Sun 26 Jul 18:21:09 BST 2026
collectWorker3 ash17: l=5 m=15 workers=2 seed=672632409 stage=1 Sun 26 Jul 18:21:09 BST 2026
Creating log dir /data/osella/collectStage/2026-07-26_18-21-31_1238048...
Checking the directory was created: True
Training begins on:
2026-07-26 18:21:49 Sunday
  0%|          | 0/50000000 [00:00<?, ?it/s]Process SpawnProcess-1:
Process SpawnProcess-2:
Traceback (most recent call last):
  File "/vol/bitbucket/osella/pyenv/versions/qecc1/lib/python3.10/site-packages/torchrl/collectors/_single.py", line 1807, in rollout
    env_output, env_next_output = self.env.step_and_maybe_reset(env_input)
  File "/vol/bitbucket/osella/pyenv/versions/qecc1/lib/python3.10/site-packages/torch/utils/_contextlib.py", line 124, in decorate_context
    return func(*args, **kwargs)
  File "/vol/bitbucket/osella/pyenv/versions/qecc1/lib/python3.10/site-packages/torchrl/envs/batched_envs.py", line 122, in decorated_fun
Traceback (most recent call last):
  File "/vol/bitbucket/osella/pyenv/versions/3.10.16/lib/python3.10/multiprocessing/process.py", line 314, in _bootstrap
    self.run()
  File "/vol/bitbucket/osella/pyenv/versions/3.10.16/lib/python3.10/multiprocessing/process.py", line 108, in run
    self._target(*self._args, **self._kwargs)
  File "/vol/bitbucket/osella/pyenv/versions/qecc1/lib/python3.10/site-packages/torchrl/envs/batched_envs.py", line 2830, in _run_worker_pipe_shared_mem
    if child_pipe.poll(_timeout):
  File "/vol/bitbucket/osella/pyenv/versions/3.10.16/lib/python3.10/multiprocessing/connection.py", line 257, in poll
    return self._poll(timeout)
  File "/vol/bitbucket/osella/pyenv/versions/3.10.16/lib/python3.10/multiprocessing/connection.py", line 424, in _poll
    r = wait([self], timeout)
  File "/vol/bitbucket/osella/pyenv/versions/3.10.16/lib/python3.10/multiprocessing/connection.py", line 931, in wait
    ready = selector.select(timeout)
  File "/vol/bitbucket/osella/pyenv/versions/3.10.16/lib/python3.10/selectors.py", line 416, in select
    fd_event_list = self._selector.poll(timeout)
KeyboardInterrupt
    return fun(self, *args, **kwargs)
  File "/vol/bitbucket/osella/pyenv/versions/qecc1/lib/python3.10/site-packages/torchrl/envs/batched_envs.py", line 2027, in step_and_maybe_reset
    self._wait_for_workers(workers_range)
  File "/vol/bitbucket/osella/pyenv/versions/qecc1/lib/python3.10/site-packages/torchrl/envs/batched_envs.py", line 2154, in _wait_for_workers
    if all_done:
KeyboardInterrupt

During handling of the above exception, another exception occurred:

Traceback (most recent call last):
  File "/vol/bitbucket/osella/pyenv/versions/qecc1/lib/python3.10/site-packages/torch/utils/_contextlib.py", line 124, in decorate_context
    return func(*args, **kwargs)
  File "/vol/bitbucket/osella/pyenv/versions/qecc1/lib/python3.10/site-packages/torchrl/collectors/_single.py", line 1736, in rollout
    with set_exploration_type(self.exploration_type):
  File "/vol/bitbucket/osella/pyenv/versions/qecc1/lib/python3.10/site-packages/tensordict/nn/probabilistic.py", line 157, in __exit__
    _interaction_type.set_mode(self.prev)
  File "/vol/bitbucket/osella/pyenv/versions/qecc1/lib/python3.10/site-packages/tensordict/utils.py", line 2790, in set_mode
    def set_mode(self, type: Any | None) -> None:
KeyboardInterrupt

During handling of the above exception, another exception occurred:

Traceback (most recent call last):
  File "/vol/bitbucket/osella/qecc/src/qecc/reinforcementLearning.py", line 623, in <module>
    for i, tensordict_data in enumerate(collector):
  File "/vol/bitbucket/osella/pyenv/versions/qecc1/lib/python3.10/site-packages/torchrl/collectors/_base.py", line 1277, in __iter__
    yield from self.iterator()
  File "/vol/bitbucket/osella/pyenv/versions/qecc1/lib/python3.10/site-packages/torchrl/collectors/_single.py", line 1494, in iterator
    tensordict_out = self.rollout()
  File "/vol/bitbucket/osella/pyenv/versions/qecc1/lib/python3.10/site-packages/torchrl/_utils.py", line 652, in unpack_rref_and_invoke_function
Traceback (most recent call last):
  File "/vol/bitbucket/osella/pyenv/versions/3.10.16/lib/python3.10/multiprocessing/process.py", line 314, in _bootstrap
    self.run()
  File "/vol/bitbucket/osella/pyenv/versions/3.10.16/lib/python3.10/multiprocessing/process.py", line 108, in run
    self._target(*self._args, **self._kwargs)
  File "/vol/bitbucket/osella/pyenv/versions/qecc1/lib/python3.10/site-packages/torchrl/envs/batched_envs.py", line 2975, in _run_worker_pipe_shared_mem
    td, root_next_td = env.step_and_maybe_reset(input)
  File "/vol/bitbucket/osella/pyenv/versions/qecc1/lib/python3.10/site-packages/torchrl/envs/common.py", line 4061, in step_and_maybe_reset
    return self._step_and_maybe_reset(tensordict)
  File "/vol/bitbucket/osella/pyenv/versions/qecc1/lib/python3.10/site-packages/torchrl/envs/common.py", line 4107, in _step_and_maybe_reset
    tensordict = self.step(tensordict)
  File "/vol/bitbucket/osella/pyenv/versions/qecc1/lib/python3.10/site-packages/torchrl/envs/common.py", line 2353, in step
    next_tensordict = self._step(tensordict)
  File "/vol/bitbucket/osella/pyenv/versions/qecc1/lib/python3.10/site-packages/torchrl/envs/transforms/_base.py", line 1349, in _step
    next_tensordict = self.base_env._step(tensordict_in)
  File "/vol/bitbucket/osella/pyenv/versions/qecc1/lib/python3.10/site-packages/torchrl/envs/gym_like.py", line 452, in _step
    step_result = self._env.step(action)
  File "/vol/bitbucket/osella/pyenv/versions/qecc1/lib/python3.10/site-packages/gymnasium/wrappers/common.py", line 393, in step
    return super().step(action)
  File "/vol/bitbucket/osella/pyenv/versions/qecc1/lib/python3.10/site-packages/gymnasium/core.py", line 327, in step
    return self.env.step(action)
  File "/vol/bitbucket/osella/qecc/src/qecc/bb_gym_v_0_1.py", line 205, in step
    logicalErrorRate = self.decoderEvaluation(self.seed)
  File "/vol/bitbucket/osella/qecc/src/qecc/bb_gym_v_0_1.py", line 219, in decoderEvaluation
    logicalX, logicalZ = computeLogicals(self.Hx, self.Hz)
  File "/vol/bitbucket/osella/qecc/src/qecc/logicals.py", line 44, in computeLogicals
    logicalOperatorsZ = funWithMatrices.solveHomogenicBinaryLinearSystem(stabilizerGeneratorsXReduced)
  File "/vol/bitbucket/osella/qecc/src/qecc/funWithMatrices.py", line 153, in solveHomogenicBinaryLinearSystem
    sumValue = ((reducedAugmentedMatrix[rowIndex, colIndex] * solution[colIndex]) + sumValue) %2
KeyboardInterrupt
    return func(self, *args, **kwargs)
  File "/vol/bitbucket/osella/pyenv/versions/qecc1/lib/python3.10/site-packages/torch/utils/_contextlib.py", line 123, in decorate_context
    with ctx_factory():
  File "/vol/bitbucket/osella/pyenv/versions/qecc1/lib/python3.10/site-packages/torch/autograd/grad_mode.py", line 85, in __exit__
    torch.set_grad_enabled(self.prev)
  File "/vol/bitbucket/osella/pyenv/versions/qecc1/lib/python3.10/site-packages/torch/autograd/grad_mode.py", line 187, in __init__
    torch._C._set_grad_enabled(mode)
KeyboardInterrupt
/vol/bitbucket/osella/rl-qecc-data/supervisedLearning/collection/collectWorker3.sh: error reading input file: Stale file handle
labWorker ash17: collect ended naturally Sun 26 Jul 18:26:09 BST 2026
labWorker ash17: started collect pid 1251267 (l=5 m=15) Sun 26 Jul 18:38:41 BST 2026
collectWorker3 ash17: l=5 m=15 workers=16 seed=672632409 stage=1 Sun 26 Jul 18:38:41 BST 2026
Creating log dir /data/osella/collectStage/2026-07-26_18-39-10_1251282...
Checking the directory was created: True
Training begins on:
2026-07-26 18:39:27 Sunday
  0%|          | 0/50000000 [00:00<?, ?it/s]Process SpawnProcess-7:
Process SpawnProcess-12:
Process SpawnProcess-13:
Process SpawnProcess-11:
Process SpawnProcess-10:
Process SpawnProcess-8:
Process SpawnProcess-4:
Process SpawnProcess-15:
Process SpawnProcess-16:
Process SpawnProcess-14:
Process SpawnProcess-9:
Process SpawnProcess-6:
Process SpawnProcess-5:
Traceback (most recent call last):
  File "/vol/bitbucket/osella/pyenv/versions/qecc1/lib/python3.10/site-packages/torch/utils/_contextlib.py", line 124, in decorate_context
Process SpawnProcess-1:
Process SpawnProcess-3:
Process SpawnProcess-2:
    return func(*args, **kwargs)
  File "/vol/bitbucket/osella/pyenv/versions/qecc1/lib/python3.10/site-packages/torchrl/envs/batched_envs.py", line 122, in decorated_fun
    return fun(self, *args, **kwargs)
  File "/vol/bitbucket/osella/pyenv/versions/qecc1/lib/python3.10/site-packages/torchrl/envs/batched_envs.py", line 2027, in step_and_maybe_reset
    self._wait_for_workers(workers_range)
  File "/vol/bitbucket/osella/pyenv/versions/qecc1/lib/python3.10/site-packages/torchrl/envs/batched_envs.py", line 2162, in _wait_for_workers
    if (n_spins & 0xFFFF) == 0:  # every 65536 spins (~1ms on modern CPUs)
KeyboardInterrupt

During handling of the above exception, another exception occurred:

Traceback (most recent call last):
  File "/vol/bitbucket/osella/pyenv/versions/qecc1/lib/python3.10/site-packages/torch/utils/_contextlib.py", line 124, in decorate_context
Traceback (most recent call last):
  File "/vol/bitbucket/osella/pyenv/versions/3.10.16/lib/python3.10/multiprocessing/process.py", line 314, in _bootstrap
    self.run()
  File "/vol/bitbucket/osella/pyenv/versions/3.10.16/lib/python3.10/multiprocessing/process.py", line 108, in run
    self._target(*self._args, **self._kwargs)
  File "/vol/bitbucket/osella/pyenv/versions/qecc1/lib/python3.10/site-packages/torchrl/envs/batched_envs.py", line 2830, in _run_worker_pipe_shared_mem
    if child_pipe.poll(_timeout):
  File "/vol/bitbucket/osella/pyenv/versions/3.10.16/lib/python3.10/multiprocessing/connection.py", line 257, in poll
    return self._poll(timeout)
  File "/vol/bitbucket/osella/pyenv/versions/3.10.16/lib/python3.10/multiprocessing/connection.py", line 424, in _poll
    r = wait([self], timeout)
  File "/vol/bitbucket/osella/pyenv/versions/3.10.16/lib/python3.10/multiprocessing/connection.py", line 931, in wait
    ready = selector.select(timeout)
  File "/vol/bitbucket/osella/pyenv/versions/3.10.16/lib/python3.10/selectors.py", line 416, in select
    fd_event_list = self._selector.poll(timeout)
KeyboardInterrupt
Traceback (most recent call last):
  File "/vol/bitbucket/osella/pyenv/versions/3.10.16/lib/python3.10/multiprocessing/process.py", line 314, in _bootstrap
    self.run()
  File "/vol/bitbucket/osella/pyenv/versions/3.10.16/lib/python3.10/multiprocessing/process.py", line 108, in run
    self._target(*self._args, **self._kwargs)
  File "/vol/bitbucket/osella/pyenv/versions/qecc1/lib/python3.10/site-packages/torchrl/envs/batched_envs.py", line 2830, in _run_worker_pipe_shared_mem
    if child_pipe.poll(_timeout):
  File "/vol/bitbucket/osella/pyenv/versions/3.10.16/lib/python3.10/multiprocessing/connection.py", line 257, in poll
    return self._poll(timeout)
  File "/vol/bitbucket/osella/pyenv/versions/3.10.16/lib/python3.10/multiprocessing/connection.py", line 424, in _poll
    r = wait([self], timeout)
  File "/vol/bitbucket/osella/pyenv/versions/3.10.16/lib/python3.10/multiprocessing/connection.py", line 931, in wait
    ready = selector.select(timeout)
  File "/vol/bitbucket/osella/pyenv/versions/3.10.16/lib/python3.10/selectors.py", line 416, in select
    fd_event_list = self._selector.poll(timeout)
KeyboardInterrupt
Traceback (most recent call last):
  File "/vol/bitbucket/osella/pyenv/versions/3.10.16/lib/python3.10/multiprocessing/process.py", line 314, in _bootstrap
    self.run()
  File "/vol/bitbucket/osella/pyenv/versions/3.10.16/lib/python3.10/multiprocessing/process.py", line 108, in run
    self._target(*self._args, **self._kwargs)
  File "/vol/bitbucket/osella/pyenv/versions/qecc1/lib/python3.10/site-packages/torchrl/envs/batched_envs.py", line 2830, in _run_worker_pipe_shared_mem
    if child_pipe.poll(_timeout):
  File "/vol/bitbucket/osella/pyenv/versions/3.10.16/lib/python3.10/multiprocessing/connection.py", line 257, in poll
    return self._poll(timeout)
  File "/vol/bitbucket/osella/pyenv/versions/3.10.16/lib/python3.10/multiprocessing/connection.py", line 424, in _poll
    r = wait([self], timeout)
  File "/vol/bitbucket/osella/pyenv/versions/3.10.16/lib/python3.10/multiprocessing/connection.py", line 931, in wait
    ready = selector.select(timeout)
  File "/vol/bitbucket/osella/pyenv/versions/3.10.16/lib/python3.10/selectors.py", line 416, in select
    fd_event_list = self._selector.poll(timeout)
Traceback (most recent call last):
KeyboardInterrupt
  File "/vol/bitbucket/osella/pyenv/versions/3.10.16/lib/python3.10/multiprocessing/process.py", line 314, in _bootstrap
    self.run()
  File "/vol/bitbucket/osella/pyenv/versions/3.10.16/lib/python3.10/multiprocessing/process.py", line 108, in run
    self._target(*self._args, **self._kwargs)
  File "/vol/bitbucket/osella/pyenv/versions/qecc1/lib/python3.10/site-packages/torchrl/envs/batched_envs.py", line 2830, in _run_worker_pipe_shared_mem
    if child_pipe.poll(_timeout):
  File "/vol/bitbucket/osella/pyenv/versions/3.10.16/lib/python3.10/multiprocessing/connection.py", line 257, in poll
    return self._poll(timeout)
  File "/vol/bitbucket/osella/pyenv/versions/3.10.16/lib/python3.10/multiprocessing/connection.py", line 424, in _poll
    r = wait([self], timeout)
  File "/vol/bitbucket/osella/pyenv/versions/3.10.16/lib/python3.10/multiprocessing/connection.py", line 931, in wait
    ready = selector.select(timeout)
  File "/vol/bitbucket/osella/pyenv/versions/3.10.16/lib/python3.10/selectors.py", line 416, in select
    fd_event_list = self._selector.poll(timeout)
KeyboardInterrupt
Traceback (most recent call last):
    return func(*args, **kwargs)
  File "/vol/bitbucket/osella/pyenv/versions/qecc1/lib/python3.10/site-packages/torchrl/collectors/_single.py", line 1807, in rollout
  File "/vol/bitbucket/osella/pyenv/versions/3.10.16/lib/python3.10/multiprocessing/process.py", line 314, in _bootstrap
    self.run()
  File "/vol/bitbucket/osella/pyenv/versions/3.10.16/lib/python3.10/multiprocessing/process.py", line 108, in run
    self._target(*self._args, **self._kwargs)
  File "/vol/bitbucket/osella/pyenv/versions/qecc1/lib/python3.10/site-packages/torchrl/envs/batched_envs.py", line 2830, in _run_worker_pipe_shared_mem
    if child_pipe.poll(_timeout):
  File "/vol/bitbucket/osella/pyenv/versions/3.10.16/lib/python3.10/multiprocessing/connection.py", line 257, in poll
    return self._poll(timeout)
  File "/vol/bitbucket/osella/pyenv/versions/3.10.16/lib/python3.10/multiprocessing/connection.py", line 424, in _poll
    r = wait([self], timeout)
  File "/vol/bitbucket/osella/pyenv/versions/3.10.16/lib/python3.10/multiprocessing/connection.py", line 931, in wait
    ready = selector.select(timeout)
  File "/vol/bitbucket/osella/pyenv/versions/3.10.16/lib/python3.10/selectors.py", line 416, in select
    fd_event_list = self._selector.poll(timeout)
KeyboardInterrupt
Traceback (most recent call last):
  File "/vol/bitbucket/osella/pyenv/versions/3.10.16/lib/python3.10/multiprocessing/process.py", line 314, in _bootstrap
    self.run()
  File "/vol/bitbucket/osella/pyenv/versions/3.10.16/lib/python3.10/multiprocessing/process.py", line 108, in run
    self._target(*self._args, **self._kwargs)
  File "/vol/bitbucket/osella/pyenv/versions/qecc1/lib/python3.10/site-packages/torchrl/envs/batched_envs.py", line 2830, in _run_worker_pipe_shared_mem
    if child_pipe.poll(_timeout):
  File "/vol/bitbucket/osella/pyenv/versions/3.10.16/lib/python3.10/multiprocessing/connection.py", line 257, in poll
    return self._poll(timeout)
  File "/vol/bitbucket/osella/pyenv/versions/3.10.16/lib/python3.10/multiprocessing/connection.py", line 424, in _poll
    r = wait([self], timeout)
  File "/vol/bitbucket/osella/pyenv/versions/3.10.16/lib/python3.10/multiprocessing/connection.py", line 931, in wait
    ready = selector.select(timeout)
  File "/vol/bitbucket/osella/pyenv/versions/3.10.16/lib/python3.10/selectors.py", line 416, in select
    fd_event_list = self._selector.poll(timeout)
KeyboardInterrupt
Traceback (most recent call last):
  File "/vol/bitbucket/osella/pyenv/versions/3.10.16/lib/python3.10/multiprocessing/process.py", line 314, in _bootstrap
    self.run()
  File "/vol/bitbucket/osella/pyenv/versions/3.10.16/lib/python3.10/multiprocessing/process.py", line 108, in run
    self._target(*self._args, **self._kwargs)
  File "/vol/bitbucket/osella/pyenv/versions/qecc1/lib/python3.10/site-packages/torchrl/envs/batched_envs.py", line 2830, in _run_worker_pipe_shared_mem
    if child_pipe.poll(_timeout):
  File "/vol/bitbucket/osella/pyenv/versions/3.10.16/lib/python3.10/multiprocessing/connection.py", line 257, in poll
    return self._poll(timeout)
  File "/vol/bitbucket/osella/pyenv/versions/3.10.16/lib/python3.10/multiprocessing/connection.py", line 424, in _poll
    r = wait([self], timeout)
  File "/vol/bitbucket/osella/pyenv/versions/3.10.16/lib/python3.10/multiprocessing/connection.py", line 931, in wait
    ready = selector.select(timeout)
  File "/vol/bitbucket/osella/pyenv/versions/3.10.16/lib/python3.10/selectors.py", line 416, in select
    fd_event_list = self._selector.poll(timeout)
KeyboardInterrupt
Traceback (most recent call last):
  File "/vol/bitbucket/osella/pyenv/versions/3.10.16/lib/python3.10/multiprocessing/process.py", line 314, in _bootstrap
    self.run()
  File "/vol/bitbucket/osella/pyenv/versions/3.10.16/lib/python3.10/multiprocessing/process.py", line 108, in run
    self._target(*self._args, **self._kwargs)
  File "/vol/bitbucket/osella/pyenv/versions/qecc1/lib/python3.10/site-packages/torchrl/envs/batched_envs.py", line 2830, in _run_worker_pipe_shared_mem
    if child_pipe.poll(_timeout):
  File "/vol/bitbucket/osella/pyenv/versions/3.10.16/lib/python3.10/multiprocessing/connection.py", line 257, in poll
    return self._poll(timeout)
  File "/vol/bitbucket/osella/pyenv/versions/3.10.16/lib/python3.10/multiprocessing/connection.py", line 424, in _poll
    r = wait([self], timeout)
  File "/vol/bitbucket/osella/pyenv/versions/3.10.16/lib/python3.10/multiprocessing/connection.py", line 931, in wait
    ready = selector.select(timeout)
  File "/vol/bitbucket/osella/pyenv/versions/3.10.16/lib/python3.10/selectors.py", line 416, in select
    fd_event_list = self._selector.poll(timeout)
KeyboardInterrupt
Traceback (most recent call last):
  File "/vol/bitbucket/osella/pyenv/versions/3.10.16/lib/python3.10/multiprocessing/process.py", line 314, in _bootstrap
    self.run()
  File "/vol/bitbucket/osella/pyenv/versions/3.10.16/lib/python3.10/multiprocessing/process.py", line 108, in run
    self._target(*self._args, **self._kwargs)
  File "/vol/bitbucket/osella/pyenv/versions/qecc1/lib/python3.10/site-packages/torchrl/envs/batched_envs.py", line 2830, in _run_worker_pipe_shared_mem
    if child_pipe.poll(_timeout):
  File "/vol/bitbucket/osella/pyenv/versions/3.10.16/lib/python3.10/multiprocessing/connection.py", line 257, in poll
    return self._poll(timeout)
  File "/vol/bitbucket/osella/pyenv/versions/3.10.16/lib/python3.10/multiprocessing/connection.py", line 424, in _poll
    r = wait([self], timeout)
  File "/vol/bitbucket/osella/pyenv/versions/3.10.16/lib/python3.10/multiprocessing/connection.py", line 931, in wait
    ready = selector.select(timeout)
  File "/vol/bitbucket/osella/pyenv/versions/3.10.16/lib/python3.10/selectors.py", line 416, in select
    fd_event_list = self._selector.poll(timeout)
KeyboardInterrupt
Traceback (most recent call last):
  File "/vol/bitbucket/osella/pyenv/versions/3.10.16/lib/python3.10/multiprocessing/process.py", line 314, in _bootstrap
    self.run()
  File "/vol/bitbucket/osella/pyenv/versions/3.10.16/lib/python3.10/multiprocessing/process.py", line 108, in run
    self._target(*self._args, **self._kwargs)
  File "/vol/bitbucket/osella/pyenv/versions/qecc1/lib/python3.10/site-packages/torchrl/envs/batched_envs.py", line 2830, in _run_worker_pipe_shared_mem
    if child_pipe.poll(_timeout):
  File "/vol/bitbucket/osella/pyenv/versions/3.10.16/lib/python3.10/multiprocessing/connection.py", line 257, in poll
    return self._poll(timeout)
  File "/vol/bitbucket/osella/pyenv/versions/3.10.16/lib/python3.10/multiprocessing/connection.py", line 424, in _poll
    r = wait([self], timeout)
  File "/vol/bitbucket/osella/pyenv/versions/3.10.16/lib/python3.10/multiprocessing/connection.py", line 931, in wait
    ready = selector.select(timeout)
  File "/vol/bitbucket/osella/pyenv/versions/3.10.16/lib/python3.10/selectors.py", line 416, in select
    fd_event_list = self._selector.poll(timeout)
KeyboardInterrupt
    env_output, env_next_output = self.env.step_and_maybe_reset(env_input)
  File "/vol/bitbucket/osella/pyenv/versions/qecc1/lib/python3.10/site-packages/torch/utils/_contextlib.py", line 124, in decorate_context
    return func(*args, **kwargs)
KeyboardInterrupt

During handling of the above exception, another exception occurred:

Traceback (most recent call last):
  File "/vol/bitbucket/osella/qecc/src/qecc/reinforcementLearning.py", line 623, in <module>
    for i, tensordict_data in enumerate(collector):
  File "/vol/bitbucket/osella/pyenv/versions/qecc1/lib/python3.10/site-packages/torchrl/collectors/_base.py", line 1277, in __iter__
    yield from self.iterator()
  File "/vol/bitbucket/osella/pyenv/versions/qecc1/lib/python3.10/site-packages/torchrl/collectors/_single.py", line 1494, in iterator
    tensordict_out = self.rollout()
  File "/vol/bitbucket/osella/pyenv/versions/qecc1/lib/python3.10/site-packages/torchrl/_utils.py", line 652, in unpack_rref_and_invoke_function
    return func(self, *args, **kwargs)
  File "/vol/bitbucket/osella/pyenv/versions/qecc1/lib/python3.10/site-packages/torch/utils/_contextlib.py", line 123, in decorate_context
    with ctx_factory():
  File "/vol/bitbucket/osella/pyenv/versions/qecc1/lib/python3.10/site-packages/torch/autograd/grad_mode.py", line 84, in __exit__
    def __exit__(self, exc_type: Any, exc_value: Any, traceback: Any) -> None:
KeyboardInterrupt
Traceback (most recent call last):
  File "/vol/bitbucket/osella/pyenv/versions/3.10.16/lib/python3.10/multiprocessing/process.py", line 314, in _bootstrap
    self.run()
  File "/vol/bitbucket/osella/pyenv/versions/3.10.16/lib/python3.10/multiprocessing/process.py", line 108, in run
    self._target(*self._args, **self._kwargs)
  File "/vol/bitbucket/osella/pyenv/versions/qecc1/lib/python3.10/site-packages/torchrl/envs/batched_envs.py", line 2975, in _run_worker_pipe_shared_mem
    td, root_next_td = env.step_and_maybe_reset(input)
  File "/vol/bitbucket/osella/pyenv/versions/qecc1/lib/python3.10/site-packages/torchrl/envs/common.py", line 4061, in step_and_maybe_reset
    return self._step_and_maybe_reset(tensordict)
  File "/vol/bitbucket/osella/pyenv/versions/qecc1/lib/python3.10/site-packages/torchrl/envs/common.py", line 4107, in _step_and_maybe_reset
    tensordict = self.step(tensordict)
  File "/vol/bitbucket/osella/pyenv/versions/qecc1/lib/python3.10/site-packages/torchrl/envs/common.py", line 2353, in step
    next_tensordict = self._step(tensordict)
  File "/vol/bitbucket/osella/pyenv/versions/qecc1/lib/python3.10/site-packages/torchrl/envs/transforms/_base.py", line 1349, in _step
    next_tensordict = self.base_env._step(tensordict_in)
  File "/vol/bitbucket/osella/pyenv/versions/qecc1/lib/python3.10/site-packages/torchrl/envs/gym_like.py", line 452, in _step
    step_result = self._env.step(action)
  File "/vol/bitbucket/osella/pyenv/versions/qecc1/lib/python3.10/site-packages/gymnasium/wrappers/common.py", line 393, in step
    return super().step(action)
  File "/vol/bitbucket/osella/pyenv/versions/qecc1/lib/python3.10/site-packages/gymnasium/core.py", line 327, in step
    return self.env.step(action)
  File "/vol/bitbucket/osella/qecc/src/qecc/bb_gym_v_0_1.py", line 205, in step
    logicalErrorRate = self.decoderEvaluation(self.seed)
  File "/vol/bitbucket/osella/qecc/src/qecc/bb_gym_v_0_1.py", line 219, in decoderEvaluation
    logicalX, logicalZ = computeLogicals(self.Hx, self.Hz)
  File "/vol/bitbucket/osella/qecc/src/qecc/logicals.py", line 44, in computeLogicals
    logicalOperatorsZ = funWithMatrices.solveHomogenicBinaryLinearSystem(stabilizerGeneratorsXReduced)
  File "/vol/bitbucket/osella/qecc/src/qecc/funWithMatrices.py", line 153, in solveHomogenicBinaryLinearSystem
    sumValue = ((reducedAugmentedMatrix[rowIndex, colIndex] * solution[colIndex]) + sumValue) %2
KeyboardInterrupt
Traceback (most recent call last):
  File "/vol/bitbucket/osella/pyenv/versions/3.10.16/lib/python3.10/multiprocessing/process.py", line 314, in _bootstrap
    self.run()
  File "/vol/bitbucket/osella/pyenv/versions/3.10.16/lib/python3.10/multiprocessing/process.py", line 108, in run
    self._target(*self._args, **self._kwargs)
  File "/vol/bitbucket/osella/pyenv/versions/qecc1/lib/python3.10/site-packages/torchrl/envs/batched_envs.py", line 2975, in _run_worker_pipe_shared_mem
    td, root_next_td = env.step_and_maybe_reset(input)
  File "/vol/bitbucket/osella/pyenv/versions/qecc1/lib/python3.10/site-packages/torchrl/envs/common.py", line 4061, in step_and_maybe_reset
    return self._step_and_maybe_reset(tensordict)
  File "/vol/bitbucket/osella/pyenv/versions/qecc1/lib/python3.10/site-packages/torchrl/envs/common.py", line 4107, in _step_and_maybe_reset
    tensordict = self.step(tensordict)
  File "/vol/bitbucket/osella/pyenv/versions/qecc1/lib/python3.10/site-packages/torchrl/envs/common.py", line 2353, in step
    next_tensordict = self._step(tensordict)
  File "/vol/bitbucket/osella/pyenv/versions/qecc1/lib/python3.10/site-packages/torchrl/envs/transforms/_base.py", line 1349, in _step
    next_tensordict = self.base_env._step(tensordict_in)
  File "/vol/bitbucket/osella/pyenv/versions/qecc1/lib/python3.10/site-packages/torchrl/envs/gym_like.py", line 452, in _step
    step_result = self._env.step(action)
  File "/vol/bitbucket/osella/pyenv/versions/qecc1/lib/python3.10/site-packages/gymnasium/wrappers/common.py", line 393, in step
    return super().step(action)
  File "/vol/bitbucket/osella/pyenv/versions/qecc1/lib/python3.10/site-packages/gymnasium/core.py", line 327, in step
    return self.env.step(action)
Traceback (most recent call last):
  File "/vol/bitbucket/osella/qecc/src/qecc/bb_gym_v_0_1.py", line 205, in step
    logicalErrorRate = self.decoderEvaluation(self.seed)
  File "/vol/bitbucket/osella/qecc/src/qecc/bb_gym_v_0_1.py", line 219, in decoderEvaluation
    logicalX, logicalZ = computeLogicals(self.Hx, self.Hz)
  File "/vol/bitbucket/osella/qecc/src/qecc/logicals.py", line 44, in computeLogicals
    logicalOperatorsZ = funWithMatrices.solveHomogenicBinaryLinearSystem(stabilizerGeneratorsXReduced)
  File "/vol/bitbucket/osella/qecc/src/qecc/funWithMatrices.py", line 153, in solveHomogenicBinaryLinearSystem
    sumValue = ((reducedAugmentedMatrix[rowIndex, colIndex] * solution[colIndex]) + sumValue) %2
KeyboardInterrupt
  File "/vol/bitbucket/osella/pyenv/versions/3.10.16/lib/python3.10/multiprocessing/process.py", line 314, in _bootstrap
    self.run()
  File "/vol/bitbucket/osella/pyenv/versions/3.10.16/lib/python3.10/multiprocessing/process.py", line 108, in run
    self._target(*self._args, **self._kwargs)
  File "/vol/bitbucket/osella/pyenv/versions/qecc1/lib/python3.10/site-packages/torchrl/envs/batched_envs.py", line 2975, in _run_worker_pipe_shared_mem
    td, root_next_td = env.step_and_maybe_reset(input)
  File "/vol/bitbucket/osella/pyenv/versions/qecc1/lib/python3.10/site-packages/torchrl/envs/common.py", line 4061, in step_and_maybe_reset
    return self._step_and_maybe_reset(tensordict)
  File "/vol/bitbucket/osella/pyenv/versions/qecc1/lib/python3.10/site-packages/torchrl/envs/common.py", line 4107, in _step_and_maybe_reset
    tensordict = self.step(tensordict)
  File "/vol/bitbucket/osella/pyenv/versions/qecc1/lib/python3.10/site-packages/torchrl/envs/common.py", line 2353, in step
    next_tensordict = self._step(tensordict)
  File "/vol/bitbucket/osella/pyenv/versions/qecc1/lib/python3.10/site-packages/torchrl/envs/transforms/_base.py", line 1349, in _step
    next_tensordict = self.base_env._step(tensordict_in)
  File "/vol/bitbucket/osella/pyenv/versions/qecc1/lib/python3.10/site-packages/torchrl/envs/gym_like.py", line 452, in _step
    step_result = self._env.step(action)
  File "/vol/bitbucket/osella/pyenv/versions/qecc1/lib/python3.10/site-packages/gymnasium/wrappers/common.py", line 393, in step
    return super().step(action)
  File "/vol/bitbucket/osella/pyenv/versions/qecc1/lib/python3.10/site-packages/gymnasium/core.py", line 327, in step
    return self.env.step(action)
  File "/vol/bitbucket/osella/qecc/src/qecc/bb_gym_v_0_1.py", line 205, in step
    logicalErrorRate = self.decoderEvaluation(self.seed)
  File "/vol/bitbucket/osella/qecc/src/qecc/bb_gym_v_0_1.py", line 219, in decoderEvaluation
    logicalX, logicalZ = computeLogicals(self.Hx, self.Hz)
  File "/vol/bitbucket/osella/qecc/src/qecc/logicals.py", line 44, in computeLogicals
    logicalOperatorsZ = funWithMatrices.solveHomogenicBinaryLinearSystem(stabilizerGeneratorsXReduced)
  File "/vol/bitbucket/osella/qecc/src/qecc/funWithMatrices.py", line 146, in solveHomogenicBinaryLinearSystem
    if reducedAugmentedMatrix[rowIndex, colIndex] == 1:
KeyboardInterrupt
Traceback (most recent call last):
  File "/vol/bitbucket/osella/pyenv/versions/3.10.16/lib/python3.10/multiprocessing/process.py", line 314, in _bootstrap
    self.run()
  File "/vol/bitbucket/osella/pyenv/versions/3.10.16/lib/python3.10/multiprocessing/process.py", line 108, in run
    self._target(*self._args, **self._kwargs)
  File "/vol/bitbucket/osella/pyenv/versions/qecc1/lib/python3.10/site-packages/torchrl/envs/batched_envs.py", line 2975, in _run_worker_pipe_shared_mem
    td, root_next_td = env.step_and_maybe_reset(input)
  File "/vol/bitbucket/osella/pyenv/versions/qecc1/lib/python3.10/site-packages/torchrl/envs/common.py", line 4061, in step_and_maybe_reset
    return self._step_and_maybe_reset(tensordict)
  File "/vol/bitbucket/osella/pyenv/versions/qecc1/lib/python3.10/site-packages/torchrl/envs/common.py", line 4107, in _step_and_maybe_reset
    tensordict = self.step(tensordict)
  File "/vol/bitbucket/osella/pyenv/versions/qecc1/lib/python3.10/site-packages/torchrl/envs/common.py", line 2353, in step
    next_tensordict = self._step(tensordict)
  File "/vol/bitbucket/osella/pyenv/versions/qecc1/lib/python3.10/site-packages/torchrl/envs/transforms/_base.py", line 1349, in _step
    next_tensordict = self.base_env._step(tensordict_in)
  File "/vol/bitbucket/osella/pyenv/versions/qecc1/lib/python3.10/site-packages/torchrl/envs/gym_like.py", line 452, in _step
    step_result = self._env.step(action)
  File "/vol/bitbucket/osella/pyenv/versions/qecc1/lib/python3.10/site-packages/gymnasium/wrappers/common.py", line 393, in step
    return super().step(action)
  File "/vol/bitbucket/osella/pyenv/versions/qecc1/lib/python3.10/site-packages/gymnasium/core.py", line 327, in step
    return self.env.step(action)
  File "/vol/bitbucket/osella/qecc/src/qecc/bb_gym_v_0_1.py", line 205, in step
    logicalErrorRate = self.decoderEvaluation(self.seed)
  File "/vol/bitbucket/osella/qecc/src/qecc/bb_gym_v_0_1.py", line 219, in decoderEvaluation
    logicalX, logicalZ = computeLogicals(self.Hx, self.Hz)
  File "/vol/bitbucket/osella/qecc/src/qecc/logicals.py", line 44, in computeLogicals
    logicalOperatorsZ = funWithMatrices.solveHomogenicBinaryLinearSystem(stabilizerGeneratorsXReduced)
  File "/vol/bitbucket/osella/qecc/src/qecc/funWithMatrices.py", line 153, in solveHomogenicBinaryLinearSystem
    sumValue = ((reducedAugmentedMatrix[rowIndex, colIndex] * solution[colIndex]) + sumValue) %2
KeyboardInterrupt
Traceback (most recent call last):
Traceback (most recent call last):
  File "/vol/bitbucket/osella/pyenv/versions/3.10.16/lib/python3.10/multiprocessing/process.py", line 314, in _bootstrap
    self.run()
  File "/vol/bitbucket/osella/pyenv/versions/3.10.16/lib/python3.10/multiprocessing/process.py", line 314, in _bootstrap
    self.run()
  File "/vol/bitbucket/osella/pyenv/versions/3.10.16/lib/python3.10/multiprocessing/process.py", line 108, in run
    self._target(*self._args, **self._kwargs)
  File "/vol/bitbucket/osella/pyenv/versions/3.10.16/lib/python3.10/multiprocessing/process.py", line 108, in run
    self._target(*self._args, **self._kwargs)
  File "/vol/bitbucket/osella/pyenv/versions/qecc1/lib/python3.10/site-packages/torchrl/envs/batched_envs.py", line 2975, in _run_worker_pipe_shared_mem
    td, root_next_td = env.step_and_maybe_reset(input)
  File "/vol/bitbucket/osella/pyenv/versions/qecc1/lib/python3.10/site-packages/torchrl/envs/batched_envs.py", line 2975, in _run_worker_pipe_shared_mem
    td, root_next_td = env.step_and_maybe_reset(input)
  File "/vol/bitbucket/osella/pyenv/versions/qecc1/lib/python3.10/site-packages/torchrl/envs/common.py", line 4061, in step_and_maybe_reset
    return self._step_and_maybe_reset(tensordict)
  File "/vol/bitbucket/osella/pyenv/versions/qecc1/lib/python3.10/site-packages/torchrl/envs/common.py", line 4061, in step_and_maybe_reset
    return self._step_and_maybe_reset(tensordict)
  File "/vol/bitbucket/osella/pyenv/versions/qecc1/lib/python3.10/site-packages/torchrl/envs/common.py", line 4107, in _step_and_maybe_reset
    tensordict = self.step(tensordict)
  File "/vol/bitbucket/osella/pyenv/versions/qecc1/lib/python3.10/site-packages/torchrl/envs/common.py", line 4107, in _step_and_maybe_reset
    tensordict = self.step(tensordict)
  File "/vol/bitbucket/osella/pyenv/versions/qecc1/lib/python3.10/site-packages/torchrl/envs/common.py", line 2353, in step
    next_tensordict = self._step(tensordict)
  File "/vol/bitbucket/osella/pyenv/versions/qecc1/lib/python3.10/site-packages/torchrl/envs/common.py", line 2353, in step
    next_tensordict = self._step(tensordict)
  File "/vol/bitbucket/osella/pyenv/versions/qecc1/lib/python3.10/site-packages/torchrl/envs/transforms/_base.py", line 1349, in _step
    next_tensordict = self.base_env._step(tensordict_in)
  File "/vol/bitbucket/osella/pyenv/versions/qecc1/lib/python3.10/site-packages/torchrl/envs/transforms/_base.py", line 1349, in _step
    next_tensordict = self.base_env._step(tensordict_in)
  File "/vol/bitbucket/osella/pyenv/versions/qecc1/lib/python3.10/site-packages/torchrl/envs/gym_like.py", line 452, in _step
    step_result = self._env.step(action)
  File "/vol/bitbucket/osella/pyenv/versions/qecc1/lib/python3.10/site-packages/torchrl/envs/gym_like.py", line 452, in _step
    step_result = self._env.step(action)
  File "/vol/bitbucket/osella/pyenv/versions/qecc1/lib/python3.10/site-packages/gymnasium/wrappers/common.py", line 393, in step
    return super().step(action)
  File "/vol/bitbucket/osella/pyenv/versions/qecc1/lib/python3.10/site-packages/gymnasium/wrappers/common.py", line 393, in step
    return super().step(action)
  File "/vol/bitbucket/osella/pyenv/versions/qecc1/lib/python3.10/site-packages/gymnasium/core.py", line 327, in step
    return self.env.step(action)
  File "/vol/bitbucket/osella/pyenv/versions/qecc1/lib/python3.10/site-packages/gymnasium/core.py", line 327, in step
    return self.env.step(action)
  File "/vol/bitbucket/osella/qecc/src/qecc/bb_gym_v_0_1.py", line 205, in step
    logicalErrorRate = self.decoderEvaluation(self.seed)
  File "/vol/bitbucket/osella/qecc/src/qecc/bb_gym_v_0_1.py", line 205, in step
    logicalErrorRate = self.decoderEvaluation(self.seed)
  File "/vol/bitbucket/osella/qecc/src/qecc/bb_gym_v_0_1.py", line 219, in decoderEvaluation
    logicalX, logicalZ = computeLogicals(self.Hx, self.Hz)
  File "/vol/bitbucket/osella/qecc/src/qecc/bb_gym_v_0_1.py", line 219, in decoderEvaluation
    logicalX, logicalZ = computeLogicals(self.Hx, self.Hz)
  File "/vol/bitbucket/osella/qecc/src/qecc/logicals.py", line 44, in computeLogicals
    logicalOperatorsZ = funWithMatrices.solveHomogenicBinaryLinearSystem(stabilizerGeneratorsXReduced)
  File "/vol/bitbucket/osella/qecc/src/qecc/logicals.py", line 44, in computeLogicals
    logicalOperatorsZ = funWithMatrices.solveHomogenicBinaryLinearSystem(stabilizerGeneratorsXReduced)
  File "/vol/bitbucket/osella/qecc/src/qecc/funWithMatrices.py", line 153, in solveHomogenicBinaryLinearSystem
    sumValue = ((reducedAugmentedMatrix[rowIndex, colIndex] * solution[colIndex]) + sumValue) %2
  File "/vol/bitbucket/osella/qecc/src/qecc/funWithMatrices.py", line 153, in solveHomogenicBinaryLinearSystem
    sumValue = ((reducedAugmentedMatrix[rowIndex, colIndex] * solution[colIndex]) + sumValue) %2
KeyboardInterrupt
KeyboardInterrupt
collectWorker3 ash17: ended Sun 26 Jul 18:40:17 BST 2026
labWorker ash17: collect ended naturally Sun 26 Jul 18:43:41 BST 2026
labWorker ash17: started collect pid 1262825 (l=5 m=15) Sun 26 Jul 18:53:48 BST 2026
collectWorker3 ash17: l=5 m=15 workers=16 seed=672632409 stage=1 Sun 26 Jul 18:53:48 BST 2026
Creating log dir /data/osella/collectStage/2026-07-26_18-54-05_1262840...
Checking the directory was created: True
Training begins on:
2026-07-26 18:54:20 Sunday
  0%|          | 0/50000000 [00:00<?, ?it/s][92m2026-07-26 18:55:35,672 [torchrl][INFO][0m    Initialized LazyTensorStorage with torch.Size([500]) shape[92m [END][0m
  0%|          | 512/50000000 [01:32<2502:30:43,  5.55it/s]  0%|          | 1024/50000000 [03:46<3167:14:45,  4.39it/s]  0%|          | 1536/50000000 [05:27<2981:16:41,  4.66it/s]  0%|          | 2048/50000000 [07:08<2884:42:05,  4.81it/s]  0%|          | 2560/50000000 [08:54<2881:53:39,  4.82it/s]  0%|          | 3072/50000000 [10:37<2848:30:13,  4.88it/s]  0%|          | 3584/50000000 [12:21<2840:30:01,  4.89it/s]  0%|          | 4096/50000000 [14:05<2830:53:50,  4.91it/s]  0%|          | 4608/50000000 [15:52<2858:26:14,  4.86it/s]  0%|          | 5120/50000000 [17:35<2834:33:04,  4.90it/s]  0%|          | 5632/50000000 [19:28<2909:27:06,  4.77it/s]  0%|          | 6144/50000000 [21:47<3168:19:27,  4.38it/s]  0%|          | 6656/50000000 [23:49<3214:01:47,  4.32it/s]  0%|          | 7168/50000000 [25:51<3235:13:58,  4.29it/s]  0%|          | 7680/50000000 [27:35<3116:22:23,  4.46it/s]  0%|          | 8192/50000000 [29:33<3139:00:16,  4.42it/s]  0%|          | 8704/50000000 [31:25<3106:52:31,  4.47it/s]  0%|          | 9216/50000000 [33:17<3090:41:48,  4.49it/s]  0%|          | 9728/50000000 [35:14<3114:39:08,  4.46it/s]  0%|          | 10240/50000000 [37:21<3212:44:39,  4.32it/s]  0%|          | 10752/50000000 [39:26<3264:33:54,  4.25it/s]  0%|          | 11264/50000000 [41:40<3377:32:39,  4.11it/s]  0%|          | 11776/50000000 [43:38<3322:37:05,  4.18it/s]  0%|          | 12288/50000000 [45:36<3286:05:55,  4.23it/s]  0%|          | 12800/50000000 [47:28<3210:41:31,  4.32it/s]  0%|          | 13312/50000000 [49:22<3173:52:06,  4.37it/s]  0%|          | 13824/50000000 [51:21<3190:22:18,  4.35it/s]  0%|          | 14336/50000000 [53:16<3168:21:32,  4.38it/s]  0%|          | 14848/50000000 [55:15<3188:56:35,  4.35it/s]  0%|          | 15360/50000000 [57:16<3214:13:46,  4.32it/s]  0%|          | 15872/50000000 [59:20<3260:02:40,  4.26it/s]  0%|          | 16384/50000000 [1:01:34<3373:16:54,  4.12it/s]  0%|          | 16896/50000000 [1:03:26<3270:20:26,  4.25it/s]  0%|          | 17408/50000000 [1:05:16<3183:57:17,  4.36it/s]  0%|          | 17920/50000000 [1:07:13<3179:50:35,  4.37it/s]  0%|          | 18432/50000000 [1:09:08<3159:40:46,  4.39it/s]  0%|          | 18944/50000000 [1:10:59<3119:32:56,  4.45it/s]  0%|          | 19456/50000000 [1:12:59<3154:26:25,  4.40it/s]  0%|          | 19968/50000000 [1:15:00<3194:52:46,  4.35it/s]  0%|          | 20480/50000000 [1:16:57<3190:55:05,  4.35it/s]  0%|          | 20992/50000000 [1:18:53<3172:59:33,  4.38it/s]  0%|          | 21504/50000000 [1:21:10<3338:33:06,  4.16it/s]  0%|          | 22016/50000000 [1:23:07<3289:29:03,  4.22it/s]  0%|          | 22528/50000000 [1:25:04<3253:32:25,  4.27it/s]  0%|          | 23040/50000000 [1:27:02<3236:35:54,  4.29it/s]  0%|          | 23552/50000000 [1:29:05<3270:03:45,  4.25it/s]  0%|          | 24064/50000000 [1:31:12<3315:22:45,  4.19it/s]  0%|          | 24576/50000000 [1:33:21<3369:58:26,  4.12it/s]  0%|          | 25088/50000000 [1:35:23<3351:39:01,  4.14it/s]  0%|          | 25600/50000000 [1:37:30<3380:52:51,  4.11it/s]  0%|          | 26112/50000000 [1:39:44<3461:44:10,  4.01it/s]  0%|          | 26624/50000000 [1:41:50<3441:49:31,  4.03it/s]  0%|          | 27136/50000000 [1:43:53<3412:31:26,  4.07it/s]  0%|          | 27648/50000000 [1:45:53<3361:19:56,  4.13it/s]  0%|          | 28160/50000000 [1:47:57<3364:36:58,  4.13it/s]  0%|          | 28672/50000000 [1:50:00<3352:58:30,  4.14it/s]  0%|          | 29184/50000000 [1:51:54<3277:04:24,  4.24it/s]  0%|          | 29696/50000000 [1:53:49<3227:18:22,  4.30it/s]  0%|          | 30208/50000000 [1:55:44<3198:14:27,  4.34it/s]  0%|          | 30720/50000000 [1:57:44<3211:50:30,  4.32it/s]  0%|          | 31232/50000000 [1:59:46<3241:13:10,  4.28it/s]  0%|          | 31744/50000000 [2:01:56<3327:55:22,  4.17it/s]  0%|          | 32256/50000000 [2:03:50<3257:20:35,  4.26it/s]  0%|          | 32768/50000000 [2:05:52<3270:59:01,  4.24it/s]  0%|          | 33280/50000000 [2:07:54<3280:13:21,  4.23it/s]  0%|          | 33792/50000000 [2:09:53<3265:51:20,  4.25it/s]  0%|          | 34304/50000000 [2:11:50<3237:36:37,  4.29it/s]  0%|          | 34816/50000000 [2:13:43<3187:08:04,  4.35it/s]  0%|          | 35328/50000000 [2:15:41<3189:13:50,  4.35it/s]  0%|          | 35840/50000000 [2:17:43<3224:38:24,  4.30it/s]  0%|          | 36352/50000000 [2:19:58<3352:26:00,  4.14it/s]  0%|          | 36864/50000000 [2:22:17<3476:57:12,  3.99it/s]  0%|          | 37376/50000000 [2:24:10<3356:27:51,  4.13it/s]  0%|          | 37888/50000000 [2:26:12<3336:43:59,  4.16it/s]  0%|          | 38400/50000000 [2:28:08<3279:59:14,  4.23it/s]  0%|          | 38912/50000000 [2:30:07<3261:17:04,  4.26it/s]  0%|          | 39424/50000000 [2:32:10<3287:54:03,  4.22it/s]  0%|          | 39936/50000000 [2:34:09<3265:47:57,  4.25it/s]  0%|          | 40448/50000000 [2:36:06<3240:54:56,  4.28it/s]  0%|          | 40960/50000000 [2:38:02<3209:18:56,  4.32it/s]  0%|          | 41472/50000000 [2:40:03<3229:59:19,  4.30it/s]  0%|          | 41984/50000000 [2:42:07<3273:27:34,  4.24it/s]  0%|          | 42496/50000000 [2:43:59<3198:59:57,  4.34it/s]  0%|          | 43008/50000000 [2:45:56<3188:26:58,  4.35it/s]  0%|          | 43520/50000000 [2:47:49<3149:36:27,  4.41it/s]  0%|          | 44032/50000000 [2:49:47<3167:47:51,  4.38it/s]  0%|          | 44544/50000000 [2:51:46<3184:20:47,  4.36it/s]  0%|          | 45056/50000000 [2:53:54<3266:15:51,  4.25it/s]  0%|          | 45568/50000000 [2:55:55<3273:36:57,  4.24it/s]  0%|          | 46080/50000000 [2:57:49<3219:41:08,  4.31it/s]  0%|          | 46592/50000000 [2:59:52<3249:32:22,  4.27it/s]  0%|          | 47104/50000000 [3:01:52<3249:19:22,  4.27it/s]  0%|          | 47616/50000000 [3:03:53<3265:15:14,  4.25it/s]  0%|          | 48128/50000000 [3:05:52<3247:46:25,  4.27it/s]  0%|          | 48640/50000000 [3:07:47<3210:47:13,  4.32it/s]  0%|          | 49152/50000000 [3:09:39<3159:10:09,  4.39it/s]  0%|          | 49664/50000000 [3:11:43<3215:06:17,  4.32it/s]  0%|          | 50176/50000000 [3:13:43<3226:11:29,  4.30it/s]  0%|          | 50688/50000000 [3:15:42<3230:50:32,  4.29it/s]  0%|          | 51200/50000000 [3:17:36<3189:13:46,  4.35it/s]  0%|          | 51712/50000000 [3:19:35<3194:41:12,  4.34it/s]  0%|          | 52224/50000000 [3:21:30<3174:46:58,  4.37it/s]  0%|          | 52736/50000000 [3:23:33<3220:56:22,  4.31it/s]  0%|          | 53248/50000000 [3:25:31<3216:03:36,  4.31it/s]  0%|          | 53760/50000000 [3:27:30<3212:36:25,  4.32it/s]  0%|          | 54272/50000000 [3:29:34<3259:38:48,  4.26it/s]  0%|          | 54784/50000000 [3:31:37<3286:08:04,  4.22it/s]  0%|          | 55296/50000000 [3:33:45<3333:24:01,  4.16it/s]  0%|          | 55808/50000000 [3:35:37<3249:52:51,  4.27it/s]  0%|          | 56320/50000000 [3:37:39<3266:59:28,  4.25it/s]  0%|          | 56832/50000000 [3:39:45<3304:58:07,  4.20it/s]  0%|          | 57344/50000000 [3:41:42<3265:32:57,  4.25it/s]  0%|          | 57856/50000000 [3:43:32<3180:12:13,  4.36it/s]  0%|          | 58368/50000000 [3:45:40<3269:33:21,  4.24it/s]  0%|          | 58880/50000000 [3:47:39<3257:18:19,  4.26it/s]  0%|          | 59392/50000000 [3:49:36<3225:55:15,  4.30it/s]  0%|          | 59904/50000000 [3:51:36<3236:20:58,  4.29it/s]  0%|          | 60416/50000000 [3:53:36<3237:44:45,  4.28it/s]  0%|          | 60928/50000000 [3:55:28<3183:34:42,  4.36it/s]  0%|          | 61440/50000000 [3:57:24<3170:23:50,  4.38it/s]  0%|          | 61952/50000000 [3:59:25<3200:41:57,  4.33it/s]  0%|          | 62464/50000000 [4:01:18<3155:14:46,  4.40it/s]  0%|          | 62976/50000000 [4:03:15<3164:11:05,  4.38it/s]  0%|          | 63488/50000000 [4:05:09<3141:17:42,  4.42it/s]  0%|          | 64000/50000000 [4:07:10<3181:04:01,  4.36it/s]  0%|          | 64512/50000000 [4:09:11<3209:29:28,  4.32it/s]  0%|          | 65024/50000000 [4:11:16<3259:19:34,  4.26it/s]  0%|          | 65536/50000000 [4:13:08<3195:00:47,  4.34it/s]  0%|          | 66048/50000000 [4:15:01<3153:45:44,  4.40it/s]  0%|          | 66560/50000000 [4:16:57<3148:19:11,  4.41it/s]  0%|          | 67072/50000000 [4:18:54<3154:32:14,  4.40it/s]  0%|          | 67584/50000000 [4:20:46<3118:17:05,  4.45it/s]  0%|          | 68096/50000000 [4:22:53<3215:05:58,  4.31it/s]  0%|          | 68608/50000000 [4:24:44<3160:14:27,  4.39it/s]  0%|          | 69120/50000000 [4:26:47<3210:08:37,  4.32it/s]  0%|          | 69632/50000000 [4:28:47<3220:30:57,  4.31it/s]  0%|          | 70144/50000000 [4:30:42<3191:58:27,  4.35it/s]  0%|          | 70656/50000000 [4:32:36<3153:14:08,  4.40it/s]  0%|          | 71168/50000000 [4:34:37<3197:55:41,  4.34it/s]  0%|          | 71680/50000000 [4:36:32<3170:39:32,  4.37it/s]  0%|          | 72192/50000000 [4:38:28<3164:58:41,  4.38it/s]  0%|          | 72704/50000000 [4:40:48<3345:29:03,  4.15it/s]  0%|          | 73216/50000000 [4:42:52<3354:21:36,  4.13it/s]  0%|          | 73728/50000000 [4:44:49<3301:09:29,  4.20it/s]  0%|          | 74240/50000000 [4:46:49<3285:38:44,  4.22it/s]  0%|          | 74752/50000000 [4:48:47<3255:27:19,  4.26it/s]  0%|          | 75264/50000000 [4:50:57<3339:05:38,  4.15it/s]  0%|          | 75776/50000000 [4:52:44<3205:29:52,  4.33it/s]  0%|          | 76288/50000000 [4:54:43<3212:01:43,  4.32it/s]  0%|          | 76800/50000000 [4:56:38<3181:35:44,  4.36it/s]  0%|          | 77312/50000000 [4:58:36<3180:58:43,  4.36it/s]  0%|          | 77824/50000000 [5:00:47<3291:10:12,  4.21it/s]  0%|          | 78336/50000000 [5:02:42<3236:29:33,  4.28it/s]  0%|          | 78848/50000000 [5:04:41<3232:57:56,  4.29it/s]  0%|          | 79360/50000000 [5:06:40<3229:25:27,  4.29it/s]  0%|          | 79872/50000000 [5:08:39<3231:21:26,  4.29it/s]  0%|          | 80384/50000000 [5:10:43<3269:41:14,  4.24it/s]  0%|          | 80896/50000000 [5:12:38<3223:19:55,  4.30it/s]  0%|          | 81408/50000000 [5:14:25<3126:52:21,  4.43it/s]  0%|          | 81920/50000000 [5:16:27<3179:58:08,  4.36it/s]  0%|          | 82432/50000000 [5:18:23<3167:24:20,  4.38it/s]  0%|          | 82944/50000000 [5:20:17<3141:57:34,  4.41it/s]  0%|          | 83456/50000000 [5:22:06<3087:15:20,  4.49it/s]  0%|          | 83968/50000000 [5:24:09<3161:42:17,  4.39it/s]  0%|          | 84480/50000000 [5:26:05<3152:57:36,  4.40it/s]  0%|          | 84992/50000000 [5:28:03<3166:43:12,  4.38it/s]  0%|          | 85504/50000000 [5:30:08<3230:31:12,  4.29it/s]  0%|          | 86016/50000000 [5:32:00<3173:13:19,  4.37it/s]  0%|          | 86528/50000000 [5:33:57<3171:10:42,  4.37it/s]  0%|          | 87040/50000000 [5:35:58<3198:32:34,  4.33it/s]  0%|          | 87552/50000000 [5:37:46<3117:10:00,  4.45it/s]  0%|          | 88064/50000000 [5:39:47<3166:55:26,  4.38it/s]  0%|          | 88576/50000000 [5:41:41<3146:35:11,  4.41it/s]  0%|          | 89088/50000000 [5:43:37<3142:53:23,  4.41it/s]  0%|          | 89600/50000000 [5:45:29<3107:39:53,  4.46it/s]  0%|          | 90112/50000000 [5:47:27<3133:32:19,  4.42it/s]  0%|          | 90624/50000000 [5:49:30<3190:23:42,  4.35it/s]  0%|          | 91136/50000000 [5:51:36<3261:27:57,  4.25it/s]  0%|          | 91648/50000000 [5:53:38<3271:01:55,  4.24it/s]  0%|          | 92160/50000000 [5:55:40<3282:26:10,  4.22it/s]  0%|          | 92672/50000000 [5:57:36<3243:53:45,  4.27it/s]  0%|          | 93184/50000000 [5:59:33<3216:01:25,  4.31it/s]  0%|          | 93696/50000000 [6:01:38<3269:24:04,  4.24it/s]  0%|          | 94208/50000000 [6:03:39<3271:21:28,  4.24it/s]  0%|          | 94720/50000000 [6:05:30<3190:17:07,  4.35it/s]  0%|          | 95232/50000000 [6:07:29<3196:41:08,  4.34it/s]  0%|          | 95744/50000000 [6:09:27<3194:58:08,  4.34it/s]  0%|          | 96256/50000000 [6:11:29<3227:27:11,  4.30it/s]  0%|          | 96768/50000000 [6:13:26<3213:17:18,  4.31it/s]  0%|          | 97280/50000000 [6:15:12<3110:33:09,  4.46it/s]  0%|          | 97792/50000000 [6:17:07<3112:52:56,  4.45it/s]  0%|          | 98304/50000000 [6:19:02<3113:56:05,  4.45it/s]  0%|          | 98816/50000000 [6:20:58<3122:25:15,  4.44it/s]  0%|          | 99328/50000000 [6:22:51<3099:38:59,  4.47it/s]  0%|          | 99840/50000000 [6:24:48<3120:33:54,  4.44it/s]  0%|          | 100352/50000000 [6:26:45<3133:41:13,  4.42it/s]  0%|          | 100864/50000000 [6:28:47<3186:54:50,  4.35it/s]  0%|          | 101376/50000000 [6:30:42<3166:20:20,  4.38it/s]  0%|          | 101888/50000000 [6:32:39<3159:45:26,  4.39it/s]  0%|          | 102400/50000000 [6:34:46<3248:57:44,  4.27it/s]  0%|          | 102912/50000000 [6:36:47<3257:10:42,  4.26it/s]  0%|          | 103424/50000000 [6:38:41<3205:20:31,  4.32it/s]  0%|          | 103936/50000000 [6:40:40<3207:01:10,  4.32it/s]  0%|          | 104448/50000000 [6:42:36<3187:27:49,  4.35it/s]  0%|          | 104960/50000000 [6:44:43<3259:43:20,  4.25it/s]  0%|          | 105472/50000000 [6:46:39<3225:22:26,  4.30it/s]  0%|          | 105984/50000000 [6:48:36<3210:48:47,  4.32it/s]  0%|          | 106496/50000000 [6:50:28<3155:31:41,  4.39it/s]  0%|          | 107008/50000000 [6:52:24<3154:01:52,  4.39it/s]  0%|          | 107520/50000000 [6:54:26<3195:58:39,  4.34it/s]  0%|          | 108032/50000000 [6:56:19<3151:27:26,  4.40it/s]  0%|          | 108544/50000000 [6:58:24<3226:29:14,  4.30it/s]  0%|          | 109056/50000000 [7:00:27<3254:54:59,  4.26it/s]  0%|          | 109568/50000000 [7:02:34<3308:43:47,  4.19it/s]  0%|          | 110080/50000000 [7:04:34<3288:24:47,  4.21it/s]  0%|          | 110592/50000000 [7:06:26<3214:46:07,  4.31it/s]  0%|          | 111104/50000000 [7:08:19<3165:03:16,  4.38it/s]  0%|          | 111616/50000000 [7:10:15<3160:10:31,  4.39it/s]  0%|          | 112128/50000000 [7:12:15<3184:39:29,  4.35it/s]  0%|          | 112640/50000000 [7:14:19<3240:07:30,  4.28it/s]  0%|          | 113152/50000000 [7:16:09<3161:13:03,  4.38it/s]  0%|          | 113664/50000000 [7:18:30<3354:43:48,  4.13it/s]  0%|          | 114176/50000000 [7:20:32<3341:34:16,  4.15it/s]  0%|          | 114688/50000000 [7:22:31<3305:35:26,  4.19it/s]  0%|          | 115200/50000000 [7:24:32<3296:08:23,  4.20it/s]  0%|          | 115712/50000000 [7:26:23<3207:41:14,  4.32it/s]  0%|          | 116224/50000000 [7:28:22<3209:03:22,  4.32it/s]  0%|          | 116736/50000000 [7:30:13<3145:14:08,  4.41it/s]  0%|          | 117248/50000000 [7:32:07<3128:46:36,  4.43it/s]  0%|          | 117760/50000000 [7:34:07<3162:15:44,  4.38it/s]  0%|          | 118272/50000000 [7:36:01<3145:50:09,  4.40it/s]  0%|          | 118784/50000000 [7:38:19<3318:39:12,  4.18it/s]  0%|          | 119296/50000000 [7:40:15<3267:31:05,  4.24it/s]  0%|          | 119808/50000000 [7:42:08<3201:57:25,  4.33it/s]  0%|          | 120320/50000000 [7:44:07<3208:29:38,  4.32it/s]  0%|          | 120832/50000000 [7:46:04<3192:57:07,  4.34it/s]  0%|          | 121344/50000000 [7:47:54<3134:24:26,  4.42it/s]  0%|          | 121856/50000000 [7:49:51<3137:54:24,  4.42it/s]  0%|          | 122368/50000000 [7:51:49<3158:03:28,  4.39it/s]  0%|          | 122880/50000000 [7:53:45<3151:23:20,  4.40it/s]  0%|          | 123392/50000000 [7:55:42<3158:38:23,  4.39it/s]  0%|          | 123904/50000000 [7:57:48<3232:41:59,  4.29it/s]  0%|          | 124416/50000000 [7:59:49<3241:02:32,  4.27it/s]  0%|          | 124928/50000000 [8:01:38<3155:11:37,  4.39it/s]  0%|          | 125440/50000000 [8:03:41<3204:21:57,  4.32it/s]  0%|          | 125952/50000000 [8:05:35<3167:17:57,  4.37it/s]  0%|          | 126464/50000000 [8:07:34<3190:23:25,  4.34it/s]  0%|          | 126976/50000000 [8:09:30<3170:43:36,  4.37it/s]  0%|          | 127488/50000000 [8:11:34<3223:56:37,  4.30it/s]  0%|          | 128000/50000000 [8:13:37<3260:46:23,  4.25it/s]  0%|          | 128512/50000000 [8:15:31<3203:25:41,  4.32it/s]  0%|          | 129024/50000000 [8:17:38<3270:47:56,  4.24it/s]  0%|          | 129536/50000000 [8:19:33<3229:10:04,  4.29it/s]  0%|          | 130048/50000000 [8:21:21<3137:01:16,  4.42it/s]  0%|          | 130560/50000000 [8:23:20<3157:56:30,  4.39it/s]  0%|          | 131072/50000000 [8:25:10<3107:12:06,  4.46it/s]  0%|          | 131584/50000000 [8:27:06<3116:00:33,  4.45it/s]  0%|          | 132096/50000000 [8:29:05<3143:51:42,  4.41it/s]  0%|          | 132608/50000000 [8:31:02<3148:52:06,  4.40it/s]  0%|          | 133120/50000000 [8:32:58<3146:27:21,  4.40it/s]  0%|          | 133632/50000000 [8:34:57<3173:49:16,  4.36it/s]  0%|          | 134144/50000000 [8:37:05<3260:48:41,  4.25it/s]  0%|          | 134656/50000000 [8:39:02<3226:47:10,  4.29it/s]  0%|          | 135168/50000000 [8:40:56<3185:13:58,  4.35it/s]  0%|          | 135680/50000000 [8:42:51<3161:16:36,  4.38it/s]  0%|          | 136192/50000000 [8:44:39<3088:59:32,  4.48it/s]  0%|          | 136704/50000000 [8:46:38<3130:57:18,  4.42it/s]  0%|          | 137216/50000000 [8:48:36<3146:41:06,  4.40it/s]  0%|          | 137728/50000000 [8:50:23<3074:35:44,  4.50it/s]  0%|          | 138240/50000000 [8:52:17<3079:33:00,  4.50it/s]  0%|          | 138752/50000000 [8:54:07<3043:51:41,  4.55it/s]  0%|          | 139264/50000000 [8:56:06<3093:29:13,  4.48it/s]  0%|          | 139776/50000000 [8:58:02<3108:09:02,  4.46it/s]  0%|          | 140288/50000000 [9:00:08<3204:28:20,  4.32it/s]  0%|          | 140800/50000000 [9:02:05<3185:13:42,  4.35it/s]  0%|          | 141312/50000000 [9:03:59<3156:52:54,  4.39it/s]  0%|          | 141824/50000000 [9:05:56<3163:54:47,  4.38it/s]  0%|          | 142336/50000000 [9:07:53<3157:59:45,  4.39it/s]  0%|          | 142848/50000000 [9:09:41<3091:25:13,  4.48it/s]  0%|          | 143360/50000000 [9:11:40<3126:36:37,  4.43it/s]  0%|          | 143872/50000000 [9:13:31<3087:12:42,  4.49it/s]  0%|          | 144384/50000000 [9:15:37<3187:48:49,  4.34it/s]  0%|          | 144896/50000000 [9:17:42<3245:27:49,  4.27it/s]  0%|          | 145408/50000000 [9:19:42<3243:53:07,  4.27it/s]  0%|          | 145920/50000000 [9:21:37<3205:03:20,  4.32it/s]  0%|          | 146432/50000000 [9:23:33<3180:52:45,  4.35it/s]  0%|          | 146944/50000000 [9:25:35<3220:17:17,  4.30it/s]  0%|          | 147456/50000000 [9:27:34<3218:58:51,  4.30it/s]  0%|          | 147968/50000000 [9:29:31<3203:41:02,  4.32it/s]  0%|          | 148480/50000000 [9:31:27<3181:55:46,  4.35it/s]  0%|          | 148992/50000000 [9:33:23<3167:27:22,  4.37it/s]  0%|          | 149504/50000000 [9:35:13<3114:11:41,  4.45it/s]  0%|          | 150016/50000000 [9:37:11<3137:56:46,  4.41it/s]  0%|          | 150528/50000000 [9:39:09<3147:53:33,  4.40it/s]  0%|          | 151040/50000000 [9:41:05<3148:05:46,  4.40it/s]  0%|          | 151552/50000000 [9:42:57<3112:50:14,  4.45it/s]  0%|          | 152064/50000000 [9:44:48<3076:16:09,  4.50it/s]  0%|          | 152576/50000000 [9:46:51<3154:31:17,  4.39it/s]  0%|          | 153088/50000000 [9:48:52<3189:27:18,  4.34it/s]  0%|          | 153600/50000000 [9:50:42<3126:52:44,  4.43it/s]  0%|          | 154112/50000000 [9:52:40<3142:06:23,  4.41it/s]  0%|          | 154624/50000000 [9:54:32<3110:16:10,  4.45it/s]  0%|          | 155136/50000000 [9:56:26<3101:55:04,  4.46it/s]  0%|          | 155648/50000000 [9:58:19<3088:54:59,  4.48it/s]  0%|          | 156160/50000000 [10:00:12<3078:08:43,  4.50it/s]  0%|          | 156672/50000000 [10:02:11<3117:10:54,  4.44it/s]  0%|          | 157184/50000000 [10:04:07<3126:21:10,  4.43it/s]  0%|          | 157696/50000000 [10:06:09<3178:50:16,  4.36it/s]  0%|          | 158208/50000000 [10:08:03<3151:57:00,  4.39it/s]  0%|          | 158720/50000000 [10:10:02<3169:47:51,  4.37it/s]  0%|          | 159232/50000000 [10:11:54<3128:19:13,  4.43it/s]  0%|          | 159744/50000000 [10:13:45<3084:26:29,  4.49it/s]  0%|          | 160256/50000000 [10:15:36<3067:04:34,  4.51it/s]  0%|          | 160768/50000000 [10:17:32<3087:07:52,  4.48it/s]  0%|          | 161280/50000000 [10:19:28<3095:40:10,  4.47it/s]  0%|          | 161792/50000000 [10:21:28<3139:58:27,  4.41it/s]  0%|          | 162304/50000000 [10:23:24<3139:57:12,  4.41it/s]  0%|          | 162816/50000000 [10:25:21<3148:44:51,  4.40it/s]  0%|          | 163328/50000000 [10:27:13<3116:17:30,  4.44it/s]  0%|          | 163840/50000000 [10:29:13<3153:42:44,  4.39it/s]  0%|          | 164352/50000000 [10:31:04<3106:41:06,  4.46it/s]  0%|          | 164864/50000000 [10:32:58<3099:48:08,  4.47it/s]  0%|          | 165376/50000000 [10:34:56<3123:34:54,  4.43it/s]  0%|          | 165888/50000000 [10:36:50<3117:03:49,  4.44it/s]  0%|          | 166400/50000000 [10:38:38<3058:16:41,  4.53it/s]  0%|          | 166912/50000000 [10:40:26<3013:07:32,  4.59it/s]  0%|          | 167424/50000000 [10:42:21<3041:27:05,  4.55it/s]  0%|          | 167936/50000000 [10:44:14<3046:27:21,  4.54it/s]  0%|          | 168448/50000000 [10:46:07<3047:43:46,  4.54it/s]  0%|          | 168960/50000000 [10:48:04<3082:36:07,  4.49it/s]  0%|          | 169472/50000000 [10:49:54<3050:45:10,  4.54it/s]  0%|          | 169984/50000000 [10:51:46<3044:03:23,  4.55it/s]  0%|          | 170496/50000000 [10:53:38<3038:05:56,  4.56it/s]  0%|          | 171008/50000000 [10:55:35<3073:33:31,  4.50it/s]  0%|          | 171520/50000000 [10:57:38<3152:48:37,  4.39it/s]  0%|          | 172032/50000000 [10:59:25<3073:37:53,  4.50it/s]  0%|          | 172544/50000000 [11:01:20<3079:58:10,  4.49it/s]  0%|          | 173056/50000000 [11:03:15<3094:37:35,  4.47it/s]  0%|          | 173568/50000000 [11:05:16<3142:11:11,  4.40it/s]  0%|          | 174080/50000000 [11:07:08<3110:27:37,  4.45it/s]  0%|          | 174592/50000000 [11:09:05<3123:27:21,  4.43it/s]  0%|          | 175104/50000000 [11:11:02<3141:21:53,  4.41it/s]  0%|          | 175616/50000000 [11:13:01<3164:27:28,  4.37it/s]  0%|          | 176128/50000000 [11:15:00<3175:56:36,  4.36it/s]  0%|          | 176640/50000000 [11:16:56<3166:29:25,  4.37it/s]  0%|          | 177152/50000000 [11:18:51<3148:05:33,  4.40it/s]  0%|          | 177664/50000000 [11:20:48<3151:36:13,  4.39it/s]  0%|          | 178176/50000000 [11:22:40<3114:17:25,  4.44it/s]  0%|          | 178688/50000000 [11:24:33<3096:33:32,  4.47it/s]  0%|          | 179200/50000000 [11:26:23<3060:52:19,  4.52it/s]  0%|          | 179712/50000000 [11:28:22<3107:00:43,  4.45it/s]  0%|          | 180224/50000000 [11:30:21<3139:01:35,  4.41it/s]  0%|          | 180736/50000000 [11:32:08<3063:19:53,  4.52it/s]  0%|          | 181248/50000000 [11:34:00<3050:10:28,  4.54it/s]  0%|          | 181760/50000000 [11:35:55<3068:31:41,  4.51it/s]  0%|          | 182272/50000000 [11:37:56<3134:29:55,  4.41it/s]  0%|          | 182784/50000000 [11:39:55<3155:58:10,  4.38it/s]  0%|          | 183296/50000000 [11:41:47<3117:39:56,  4.44it/s]  0%|          | 183808/50000000 [11:43:44<3134:07:23,  4.42it/s]  0%|          | 184320/50000000 [11:45:40<3134:02:39,  4.42it/s]  0%|          | 184832/50000000 [11:47:37<3137:25:44,  4.41it/s]  0%|          | 185344/50000000 [11:49:33<3138:00:05,  4.41it/s]  0%|          | 185856/50000000 [11:51:38<3209:37:54,  4.31it/s]  0%|          | 186368/50000000 [11:53:43<3259:13:45,  4.25it/s]  0%|          | 186880/50000000 [11:55:35<3192:53:44,  4.33it/s]  0%|          | 187392/50000000 [11:57:27<3144:13:47,  4.40it/s]  0%|          | 187904/50000000 [11:59:25<3152:17:30,  4.39it/s]  0%|          | 188416/50000000 [12:01:28<3209:04:34,  4.31it/s]  0%|          | 188928/50000000 [12:03:28<3218:36:51,  4.30it/s]  0%|          | 189440/50000000 [12:05:24<3190:12:20,  4.34it/s]  0%|          | 189952/50000000 [12:07:18<3154:16:32,  4.39it/s]  0%|          | 190464/50000000 [12:09:10<3116:10:01,  4.44it/s]  0%|          | 190976/50000000 [12:11:06<3126:29:35,  4.43it/s]  0%|          | 191488/50000000 [12:12:56<3079:38:00,  4.49it/s]  0%|          | 192000/50000000 [12:14:50<3080:04:12,  4.49it/s]  0%|          | 192512/50000000 [12:16:47<3103:18:18,  4.46it/s]  0%|          | 193024/50000000 [12:18:37<3067:10:49,  4.51it/s]  0%|          | 193536/50000000 [12:20:24<3011:36:47,  4.59it/s]  0%|          | 194048/50000000 [12:22:20<3049:34:11,  4.54it/s]  0%|          | 194560/50000000 [12:24:21<3112:54:38,  4.44it/s]  0%|          | 195072/50000000 [12:26:20<3147:33:45,  4.40it/s]  0%|          | 195584/50000000 [12:28:24<3203:00:11,  4.32it/s]  0%|          | 196096/50000000 [12:30:24<3218:38:58,  4.30it/s]  0%|          | 196608/50000000 [12:32:18<3179:26:25,  4.35it/s]  0%|          | 197120/50000000 [12:34:17<3183:42:47,  4.35it/s]  0%|          | 197632/50000000 [12:36:09<3137:11:54,  4.41it/s]  0%|          | 198144/50000000 [12:38:05<3137:12:33,  4.41it/s]  0%|          | 198656/50000000 [12:40:03<3153:39:47,  4.39it/s]  0%|          | 199168/50000000 [12:41:56<3123:03:17,  4.43it/s]  0%|          | 199680/50000000 [12:43:49<3101:13:02,  4.46it/s]  0%|          | 200192/50000000 [12:45:39<3065:11:09,  4.51it/s]  0%|          | 200704/50000000 [12:47:43<3149:25:38,  4.39it/s]  0%|          | 201216/50000000 [12:49:39<3147:07:25,  4.40it/s]  0%|          | 201728/50000000 [12:51:40<3183:52:46,  4.34it/s]  0%|          | 202240/50000000 [12:53:38<3181:16:22,  4.35it/s]  0%|          | 202752/50000000 [12:55:31<3144:54:25,  4.40it/s]  0%|          | 203264/50000000 [12:57:27<3141:06:13,  4.40it/s]  0%|          | 203776/50000000 [12:59:30<3196:00:41,  4.33it/s]  0%|          | 204288/50000000 [13:01:43<3317:36:13,  4.17it/s]  0%|          | 204800/50000000 [13:03:40<3269:31:55,  4.23it/s]  0%|          | 205312/50000000 [13:05:39<3249:03:34,  4.26it/s]  0%|          | 205824/50000000 [13:07:36<3223:00:46,  4.29it/s]  0%|          | 206336/50000000 [13:09:36<3234:00:07,  4.28it/s]  0%|          | 206848/50000000 [13:11:35<3221:20:48,  4.29it/s]  0%|          | 207360/50000000 [13:13:24<3139:58:24,  4.40it/s]  0%|          | 207872/50000000 [13:15:22<3157:00:57,  4.38it/s]  0%|          | 208384/50000000 [13:17:20<3165:36:10,  4.37it/s]  0%|          | 208896/50000000 [13:19:13<3131:06:36,  4.42it/s]  0%|          | 209408/50000000 [13:21:04<3089:02:21,  4.48it/s]  0%|          | 209920/50000000 [13:23:07<3161:50:53,  4.37it/s]  0%|          | 210432/50000000 [13:25:07<3182:27:22,  4.35it/s]  0%|          | 210944/50000000 [13:27:04<3181:17:18,  4.35it/s]  0%|          | 211456/50000000 [13:29:01<3175:26:50,  4.36it/s]  0%|          | 211968/50000000 [13:31:02<3198:05:50,  4.32it/s]  0%|          | 212480/50000000 [13:33:07<3254:49:48,  4.25it/s]  0%|          | 212992/50000000 [13:35:08<3255:42:59,  4.25it/s]  0%|          | 213504/50000000 [13:37:02<3204:50:51,  4.32it/s]  0%|          | 214016/50000000 [13:38:53<3141:28:45,  4.40it/s]  0%|          | 214528/50000000 [13:40:49<3137:14:04,  4.41it/s]  0%|          | 215040/50000000 [13:42:42<3112:45:01,  4.44it/s]  0%|          | 215552/50000000 [13:44:35<3099:39:07,  4.46it/s]  0%|          | 216064/50000000 [13:46:34<3132:34:21,  4.41it/s]  0%|          | 216576/50000000 [13:48:30<3132:48:15,  4.41it/s]  0%|          | 217088/50000000 [13:50:37<3219:25:03,  4.30it/s]  0%|          | 217600/50000000 [13:52:30<3166:31:11,  4.37it/s]  0%|          | 218112/50000000 [13:54:32<3204:17:57,  4.32it/s]  0%|          | 218624/50000000 [13:56:22<3134:53:23,  4.41it/s]  0%|          | 219136/50000000 [13:58:13<3096:35:13,  4.47it/s]  0%|          | 219648/50000000 [14:00:08<3102:20:26,  4.46it/s]  0%|          | 220160/50000000 [14:02:12<3173:44:31,  4.36it/s]  0%|          | 220672/50000000 [14:04:07<3151:55:36,  4.39it/s]  0%|          | 221184/50000000 [14:06:02<3135:36:05,  4.41it/s]  0%|          | 221696/50000000 [14:07:55<3111:49:47,  4.44it/s]  0%|          | 222208/50000000 [14:09:53<3140:45:58,  4.40it/s]  0%|          | 222720/50000000 [14:11:50<3143:09:10,  4.40it/s]  0%|          | 223232/50000000 [14:13:48<3155:56:30,  4.38it/s]  0%|          | 223744/50000000 [14:15:39<3106:10:28,  4.45it/s]  0%|          | 224256/50000000 [14:17:32<3094:32:52,  4.47it/s]  0%|          | 224768/50000000 [14:19:31<3130:38:35,  4.42it/s]  0%|          | 225280/50000000 [14:21:27<3127:13:34,  4.42it/s]  0%|          | 225792/50000000 [14:23:13<3046:01:17,  4.54it/s]  0%|          | 226304/50000000 [14:25:29<3234:45:28,  4.27it/s]  0%|          | 226816/50000000 [14:27:21<3169:17:02,  4.36it/s]  0%|          | 227328/50000000 [14:29:24<3217:38:47,  4.30it/s]  0%|          | 227840/50000000 [14:31:29<3268:18:06,  4.23it/s]  0%|          | 228352/50000000 [14:33:22<3203:29:49,  4.32it/s]  0%|          | 228864/50000000 [14:35:17<3172:11:52,  4.36it/s]  0%|          | 229376/50000000 [14:37:20<3214:14:04,  4.30it/s]  0%|          | 229888/50000000 [14:39:18<3208:12:16,  4.31it/s]  0%|          | 230400/50000000 [14:41:17<3206:38:44,  4.31it/s]  0%|          | 230912/50000000 [14:43:06<3131:27:49,  4.41it/s]  0%|          | 231424/50000000 [14:45:03<3140:10:46,  4.40it/s]  0%|          | 231936/50000000 [14:46:57<3120:11:23,  4.43it/s]  0%|          | 232448/50000000 [14:48:55<3140:31:44,  4.40it/s]  0%|          | 232960/50000000 [14:50:45<3090:16:24,  4.47it/s]  0%|          | 233472/50000000 [14:52:37<3069:02:38,  4.50it/s]  0%|          | 233984/50000000 [14:54:34<3093:58:18,  4.47it/s]  0%|          | 234496/50000000 [14:56:33<3132:00:04,  4.41it/s]  0%|          | 235008/50000000 [14:58:36<3187:34:54,  4.34it/s]  0%|          | 235520/50000000 [15:00:31<3162:38:45,  4.37it/s]  0%|          | 236032/50000000 [15:02:31<3189:31:45,  4.33it/s]  0%|          | 236544/50000000 [15:04:30<3194:54:00,  4.33it/s]  0%|          | 237056/50000000 [15:06:22<3139:24:48,  4.40it/s]  0%|          | 237568/50000000 [15:08:18<3138:39:53,  4.40it/s]  0%|          | 238080/50000000 [15:10:14<3134:50:39,  4.41it/s]  0%|          | 238592/50000000 [15:12:24<3250:05:41,  4.25it/s]  0%|          | 239104/50000000 [15:14:26<3260:30:25,  4.24it/s]  0%|          | 239616/50000000 [15:16:17<3180:10:54,  4.35it/s]  0%|          | 240128/50000000 [15:18:20<3229:01:59,  4.28it/s]  0%|          | 240640/50000000 [15:20:16<3196:07:04,  4.32it/s]  0%|          | 241152/50000000 [15:22:10<3164:36:38,  4.37it/s]  0%|          | 241664/50000000 [15:24:10<3187:01:18,  4.34it/s]  0%|          | 242176/50000000 [15:26:03<3141:12:04,  4.40it/s]  0%|          | 242688/50000000 [15:27:52<3085:52:51,  4.48it/s]  0%|          | 243200/50000000 [15:29:39<3022:52:38,  4.57it/s]  0%|          | 243712/50000000 [15:31:30<3016:25:15,  4.58it/s]  0%|          | 244224/50000000 [15:33:22<3021:10:10,  4.57it/s]  0%|          | 244736/50000000 [15:35:27<3120:00:55,  4.43it/s]  0%|          | 245248/50000000 [15:37:29<3176:49:13,  4.35it/s]  0%|          | 245760/50000000 [15:39:23<3149:20:42,  4.39it/s]  0%|          | 246272/50000000 [15:41:23<3173:46:08,  4.35it/s]  0%|          | 246784/50000000 [15:43:19<3160:19:01,  4.37it/s]  0%|          | 247296/50000000 [15:45:19<3179:57:52,  4.35it/s]  0%|          | 247808/50000000 [15:47:12<3142:12:48,  4.40it/s]  0%|          | 248320/50000000 [15:49:04<3105:42:50,  4.45it/s]  0%|          | 248832/50000000 [15:50:59<3107:13:31,  4.45it/s]  0%|          | 249344/50000000 [15:52:50<3074:01:48,  4.50it/s]  0%|          | 249856/50000000 [15:54:48<3110:48:57,  4.44it/s]  1%|          | 250368/50000000 [15:56:37<3055:22:14,  4.52it/s]  1%|          | 250880/50000000 [15:58:31<3062:07:32,  4.51it/s]  1%|          | 251392/50000000 [16:00:25<3064:46:27,  4.51it/s]  1%|          | 251904/50000000 [16:02:49<3318:09:00,  4.16it/s]  1%|          | 252416/50000000 [16:04:48<3282:54:56,  4.21it/s]  1%|          | 252928/50000000 [16:06:40<3205:39:01,  4.31it/s]  1%|          | 253440/50000000 [16:08:44<3243:07:29,  4.26it/s]  1%|          | 253952/50000000 [16:10:52<3312:12:54,  4.17it/s]  1%|          | 254464/50000000 [16:12:44<3224:02:53,  4.29it/s]  1%|          | 254976/50000000 [16:14:42<3214:03:04,  4.30it/s]  1%|          | 255488/50000000 [16:16:46<3247:13:14,  4.26it/s]  1%|          | 256000/50000000 [16:18:41<3211:45:32,  4.30it/s]  1%|          | 256512/50000000 [16:20:35<3166:41:41,  4.36it/s]  1%|          | 257024/50000000 [16:22:36<3197:12:47,  4.32it/s]  1%|          | 257536/50000000 [16:24:34<3194:08:02,  4.33it/s]  1%|          | 258048/50000000 [16:26:36<3226:27:41,  4.28it/s]  1%|          | 258560/50000000 [16:28:33<3199:26:07,  4.32it/s]  1%|          | 259072/50000000 [16:30:31<3193:43:17,  4.33it/s]  1%|          | 259584/50000000 [16:32:33<3228:27:31,  4.28it/s]  1%|          | 260096/50000000 [16:34:28<3188:24:05,  4.33it/s]  1%|          | 260608/50000000 [16:36:20<3139:54:59,  4.40it/s]  1%|          | 261120/50000000 [16:38:17<3148:25:17,  4.39it/s]  1%|          | 261632/50000000 [16:40:19<3190:38:44,  4.33it/s]  1%|          | 262144/50000000 [16:42:35<3328:26:09,  4.15it/s]  1%|          | 262656/50000000 [16:44:35<3306:46:23,  4.18it/s]  1%|          | 263168/50000000 [16:46:30<3246:35:13,  4.26it/s]  1%|          | 263680/50000000 [16:48:28<3225:35:10,  4.28it/s]  1%|          | 264192/50000000 [16:50:29<3239:00:14,  4.27it/s]  1%|          | 264704/50000000 [16:52:25<3206:52:12,  4.31it/s]  1%|          | 265216/50000000 [16:54:22<3187:18:15,  4.33it/s]  1%|          | 265728/50000000 [16:56:10<3104:01:01,  4.45it/s]  1%|          | 266240/50000000 [16:58:07<3118:58:39,  4.43it/s]  1%|          | 266752/50000000 [17:00:09<3175:34:50,  4.35it/s]  1%|          | 267264/50000000 [17:02:01<3131:59:33,  4.41it/s]  1%|          | 267776/50000000 [17:04:01<3163:11:14,  4.37it/s]Process SpawnProcess-15:
Process SpawnProcess-14:
Process SpawnProcess-16:
Process SpawnProcess-13:
Process SpawnProcess-9:
Process SpawnProcess-6:
Process SpawnProcess-12:
Process SpawnProcess-8:
Process SpawnProcess-5:
Traceback (most recent call last):
Process SpawnProcess-3:
  File "/vol/bitbucket/osella/pyenv/versions/qecc1/lib/python3.10/site-packages/torch/utils/_contextlib.py", line 124, in decorate_context
Process SpawnProcess-4:
Process SpawnProcess-2:
Process SpawnProcess-1:
Process SpawnProcess-11:
Process SpawnProcess-7:
Process SpawnProcess-10:
    return func(*args, **kwargs)
  File "/vol/bitbucket/osella/pyenv/versions/qecc1/lib/python3.10/site-packages/torchrl/envs/batched_envs.py", line 122, in decorated_fun
    return fun(self, *args, **kwargs)
  File "/vol/bitbucket/osella/pyenv/versions/qecc1/lib/python3.10/site-packages/torchrl/envs/batched_envs.py", line 2027, in step_and_maybe_reset
    self._wait_for_workers(workers_range)
  File "/vol/bitbucket/osella/pyenv/versions/qecc1/lib/python3.10/site-packages/torchrl/envs/batched_envs.py", line 2154, in _wait_for_workers
    if all_done:
KeyboardInterrupt

During handling of the above exception, another exception occurred:

Traceback (most recent call last):
  File "/vol/bitbucket/osella/pyenv/versions/qecc1/lib/python3.10/site-packages/torchrl/collectors/_base.py", line 1277, in __iter__
Traceback (most recent call last):
Traceback (most recent call last):
Traceback (most recent call last):
  File "/vol/bitbucket/osella/pyenv/versions/3.10.16/lib/python3.10/multiprocessing/process.py", line 314, in _bootstrap
    self.run()
  File "/vol/bitbucket/osella/pyenv/versions/3.10.16/lib/python3.10/multiprocessing/process.py", line 314, in _bootstrap
    self.run()
  File "/vol/bitbucket/osella/pyenv/versions/3.10.16/lib/python3.10/multiprocessing/process.py", line 314, in _bootstrap
    self.run()
  File "/vol/bitbucket/osella/pyenv/versions/3.10.16/lib/python3.10/multiprocessing/process.py", line 108, in run
    self._target(*self._args, **self._kwargs)
  File "/vol/bitbucket/osella/pyenv/versions/3.10.16/lib/python3.10/multiprocessing/process.py", line 108, in run
    self._target(*self._args, **self._kwargs)
  File "/vol/bitbucket/osella/pyenv/versions/qecc1/lib/python3.10/site-packages/torchrl/envs/batched_envs.py", line 2830, in _run_worker_pipe_shared_mem
    if child_pipe.poll(_timeout):
  File "/vol/bitbucket/osella/pyenv/versions/3.10.16/lib/python3.10/multiprocessing/process.py", line 108, in run
    self._target(*self._args, **self._kwargs)
  File "/vol/bitbucket/osella/pyenv/versions/qecc1/lib/python3.10/site-packages/torchrl/envs/batched_envs.py", line 2830, in _run_worker_pipe_shared_mem
    if child_pipe.poll(_timeout):
  File "/vol/bitbucket/osella/pyenv/versions/3.10.16/lib/python3.10/multiprocessing/connection.py", line 257, in poll
    return self._poll(timeout)
  File "/vol/bitbucket/osella/pyenv/versions/qecc1/lib/python3.10/site-packages/torchrl/envs/batched_envs.py", line 2830, in _run_worker_pipe_shared_mem
    if child_pipe.poll(_timeout):
  File "/vol/bitbucket/osella/pyenv/versions/3.10.16/lib/python3.10/multiprocessing/connection.py", line 257, in poll
    return self._poll(timeout)
  File "/vol/bitbucket/osella/pyenv/versions/3.10.16/lib/python3.10/multiprocessing/connection.py", line 424, in _poll
    r = wait([self], timeout)
  File "/vol/bitbucket/osella/pyenv/versions/3.10.16/lib/python3.10/multiprocessing/connection.py", line 257, in poll
    return self._poll(timeout)
  File "/vol/bitbucket/osella/pyenv/versions/3.10.16/lib/python3.10/multiprocessing/connection.py", line 424, in _poll
    r = wait([self], timeout)
  File "/vol/bitbucket/osella/pyenv/versions/3.10.16/lib/python3.10/multiprocessing/connection.py", line 931, in wait
    ready = selector.select(timeout)
  File "/vol/bitbucket/osella/pyenv/versions/3.10.16/lib/python3.10/multiprocessing/connection.py", line 424, in _poll
    r = wait([self], timeout)
  File "/vol/bitbucket/osella/pyenv/versions/3.10.16/lib/python3.10/multiprocessing/connection.py", line 931, in wait
    ready = selector.select(timeout)
  File "/vol/bitbucket/osella/pyenv/versions/3.10.16/lib/python3.10/selectors.py", line 416, in select
    fd_event_list = self._selector.poll(timeout)
  File "/vol/bitbucket/osella/pyenv/versions/3.10.16/lib/python3.10/selectors.py", line 416, in select
    fd_event_list = self._selector.poll(timeout)
  File "/vol/bitbucket/osella/pyenv/versions/3.10.16/lib/python3.10/multiprocessing/connection.py", line 931, in wait
    ready = selector.select(timeout)
  File "/vol/bitbucket/osella/pyenv/versions/3.10.16/lib/python3.10/selectors.py", line 416, in select
    fd_event_list = self._selector.poll(timeout)
KeyboardInterrupt
KeyboardInterrupt
KeyboardInterrupt
Traceback (most recent call last):
Traceback (most recent call last):
Traceback (most recent call last):
  File "/vol/bitbucket/osella/pyenv/versions/3.10.16/lib/python3.10/multiprocessing/process.py", line 314, in _bootstrap
    self.run()
  File "/vol/bitbucket/osella/pyenv/versions/3.10.16/lib/python3.10/multiprocessing/process.py", line 108, in run
    self._target(*self._args, **self._kwargs)
  File "/vol/bitbucket/osella/pyenv/versions/qecc1/lib/python3.10/site-packages/torchrl/envs/batched_envs.py", line 2830, in _run_worker_pipe_shared_mem
    if child_pipe.poll(_timeout):
  File "/vol/bitbucket/osella/pyenv/versions/3.10.16/lib/python3.10/multiprocessing/process.py", line 314, in _bootstrap
    self.run()
  File "/vol/bitbucket/osella/pyenv/versions/3.10.16/lib/python3.10/multiprocessing/connection.py", line 257, in poll
    return self._poll(timeout)
  File "/vol/bitbucket/osella/pyenv/versions/3.10.16/lib/python3.10/multiprocessing/process.py", line 108, in run
    self._target(*self._args, **self._kwargs)
  File "/vol/bitbucket/osella/pyenv/versions/3.10.16/lib/python3.10/multiprocessing/connection.py", line 424, in _poll
    r = wait([self], timeout)
  File "/vol/bitbucket/osella/pyenv/versions/qecc1/lib/python3.10/site-packages/torchrl/envs/batched_envs.py", line 2830, in _run_worker_pipe_shared_mem
    if child_pipe.poll(_timeout):
  File "/vol/bitbucket/osella/pyenv/versions/3.10.16/lib/python3.10/multiprocessing/connection.py", line 931, in wait
    ready = selector.select(timeout)
  File "/vol/bitbucket/osella/pyenv/versions/3.10.16/lib/python3.10/multiprocessing/connection.py", line 257, in poll
    return self._poll(timeout)
  File "/vol/bitbucket/osella/pyenv/versions/3.10.16/lib/python3.10/selectors.py", line 416, in select
    fd_event_list = self._selector.poll(timeout)
  File "/vol/bitbucket/osella/pyenv/versions/3.10.16/lib/python3.10/multiprocessing/process.py", line 314, in _bootstrap
    self.run()
  File "/vol/bitbucket/osella/pyenv/versions/3.10.16/lib/python3.10/multiprocessing/connection.py", line 424, in _poll
    r = wait([self], timeout)
  File "/vol/bitbucket/osella/pyenv/versions/3.10.16/lib/python3.10/multiprocessing/process.py", line 108, in run
    self._target(*self._args, **self._kwargs)
  File "/vol/bitbucket/osella/pyenv/versions/3.10.16/lib/python3.10/multiprocessing/connection.py", line 931, in wait
    ready = selector.select(timeout)
  File "/vol/bitbucket/osella/pyenv/versions/qecc1/lib/python3.10/site-packages/torchrl/envs/batched_envs.py", line 2830, in _run_worker_pipe_shared_mem
    if child_pipe.poll(_timeout):
  File "/vol/bitbucket/osella/pyenv/versions/3.10.16/lib/python3.10/selectors.py", line 416, in select
    fd_event_list = self._selector.poll(timeout)
KeyboardInterrupt
  File "/vol/bitbucket/osella/pyenv/versions/3.10.16/lib/python3.10/multiprocessing/connection.py", line 257, in poll
    return self._poll(timeout)
  File "/vol/bitbucket/osella/pyenv/versions/3.10.16/lib/python3.10/multiprocessing/connection.py", line 424, in _poll
    r = wait([self], timeout)
  File "/vol/bitbucket/osella/pyenv/versions/3.10.16/lib/python3.10/multiprocessing/connection.py", line 931, in wait
    ready = selector.select(timeout)
KeyboardInterrupt
  File "/vol/bitbucket/osella/pyenv/versions/3.10.16/lib/python3.10/selectors.py", line 416, in select
    fd_event_list = self._selector.poll(timeout)
Traceback (most recent call last):
KeyboardInterrupt
Traceback (most recent call last):
  File "/vol/bitbucket/osella/pyenv/versions/3.10.16/lib/python3.10/multiprocessing/process.py", line 314, in _bootstrap
    self.run()
  File "/vol/bitbucket/osella/pyenv/versions/3.10.16/lib/python3.10/multiprocessing/process.py", line 108, in run
    self._target(*self._args, **self._kwargs)
  File "/vol/bitbucket/osella/pyenv/versions/qecc1/lib/python3.10/site-packages/torchrl/envs/batched_envs.py", line 2830, in _run_worker_pipe_shared_mem
    if child_pipe.poll(_timeout):
  File "/vol/bitbucket/osella/pyenv/versions/3.10.16/lib/python3.10/multiprocessing/connection.py", line 257, in poll
    return self._poll(timeout)
  File "/vol/bitbucket/osella/pyenv/versions/3.10.16/lib/python3.10/multiprocessing/connection.py", line 424, in _poll
    r = wait([self], timeout)
  File "/vol/bitbucket/osella/pyenv/versions/3.10.16/lib/python3.10/multiprocessing/process.py", line 314, in _bootstrap
    self.run()
  File "/vol/bitbucket/osella/pyenv/versions/3.10.16/lib/python3.10/multiprocessing/connection.py", line 931, in wait
    ready = selector.select(timeout)
  File "/vol/bitbucket/osella/pyenv/versions/3.10.16/lib/python3.10/selectors.py", line 416, in select
    fd_event_list = self._selector.poll(timeout)
  File "/vol/bitbucket/osella/pyenv/versions/3.10.16/lib/python3.10/multiprocessing/process.py", line 108, in run
    self._target(*self._args, **self._kwargs)
  File "/vol/bitbucket/osella/pyenv/versions/qecc1/lib/python3.10/site-packages/torchrl/envs/batched_envs.py", line 2830, in _run_worker_pipe_shared_mem
    if child_pipe.poll(_timeout):
  File "/vol/bitbucket/osella/pyenv/versions/3.10.16/lib/python3.10/multiprocessing/connection.py", line 257, in poll
    return self._poll(timeout)
  File "/vol/bitbucket/osella/pyenv/versions/3.10.16/lib/python3.10/multiprocessing/connection.py", line 424, in _poll
    r = wait([self], timeout)
KeyboardInterrupt
  File "/vol/bitbucket/osella/pyenv/versions/3.10.16/lib/python3.10/multiprocessing/connection.py", line 931, in wait
    ready = selector.select(timeout)
  File "/vol/bitbucket/osella/pyenv/versions/3.10.16/lib/python3.10/selectors.py", line 416, in select
    fd_event_list = self._selector.poll(timeout)
KeyboardInterrupt
Traceback (most recent call last):
  File "/vol/bitbucket/osella/pyenv/versions/3.10.16/lib/python3.10/multiprocessing/process.py", line 314, in _bootstrap
    self.run()
  File "/vol/bitbucket/osella/pyenv/versions/3.10.16/lib/python3.10/multiprocessing/process.py", line 108, in run
    self._target(*self._args, **self._kwargs)
  File "/vol/bitbucket/osella/pyenv/versions/qecc1/lib/python3.10/site-packages/torchrl/envs/batched_envs.py", line 2830, in _run_worker_pipe_shared_mem
    if child_pipe.poll(_timeout):
  File "/vol/bitbucket/osella/pyenv/versions/3.10.16/lib/python3.10/multiprocessing/connection.py", line 257, in poll
    return self._poll(timeout)
  File "/vol/bitbucket/osella/pyenv/versions/3.10.16/lib/python3.10/multiprocessing/connection.py", line 424, in _poll
    r = wait([self], timeout)
  File "/vol/bitbucket/osella/pyenv/versions/3.10.16/lib/python3.10/multiprocessing/connection.py", line 931, in wait
    ready = selector.select(timeout)
  File "/vol/bitbucket/osella/pyenv/versions/3.10.16/lib/python3.10/selectors.py", line 416, in select
    fd_event_list = self._selector.poll(timeout)
KeyboardInterrupt
Traceback (most recent call last):
  File "/vol/bitbucket/osella/pyenv/versions/3.10.16/lib/python3.10/multiprocessing/process.py", line 314, in _bootstrap
    self.run()
  File "/vol/bitbucket/osella/pyenv/versions/3.10.16/lib/python3.10/multiprocessing/process.py", line 108, in run
    self._target(*self._args, **self._kwargs)
  File "/vol/bitbucket/osella/pyenv/versions/qecc1/lib/python3.10/site-packages/torchrl/envs/batched_envs.py", line 2830, in _run_worker_pipe_shared_mem
    if child_pipe.poll(_timeout):
  File "/vol/bitbucket/osella/pyenv/versions/3.10.16/lib/python3.10/multiprocessing/connection.py", line 257, in poll
    return self._poll(timeout)
  File "/vol/bitbucket/osella/pyenv/versions/3.10.16/lib/python3.10/multiprocessing/connection.py", line 424, in _poll
    r = wait([self], timeout)
Traceback (most recent call last):
  File "/vol/bitbucket/osella/pyenv/versions/3.10.16/lib/python3.10/multiprocessing/connection.py", line 931, in wait
    ready = selector.select(timeout)
  File "/vol/bitbucket/osella/pyenv/versions/3.10.16/lib/python3.10/selectors.py", line 416, in select
    fd_event_list = self._selector.poll(timeout)
KeyboardInterrupt
  File "/vol/bitbucket/osella/pyenv/versions/3.10.16/lib/python3.10/multiprocessing/process.py", line 314, in _bootstrap
    self.run()
  File "/vol/bitbucket/osella/pyenv/versions/3.10.16/lib/python3.10/multiprocessing/process.py", line 108, in run
    self._target(*self._args, **self._kwargs)
  File "/vol/bitbucket/osella/pyenv/versions/qecc1/lib/python3.10/site-packages/torchrl/envs/batched_envs.py", line 2830, in _run_worker_pipe_shared_mem
    if child_pipe.poll(_timeout):
  File "/vol/bitbucket/osella/pyenv/versions/3.10.16/lib/python3.10/multiprocessing/connection.py", line 257, in poll
    return self._poll(timeout)
  File "/vol/bitbucket/osella/pyenv/versions/3.10.16/lib/python3.10/multiprocessing/connection.py", line 424, in _poll
    r = wait([self], timeout)
  File "/vol/bitbucket/osella/pyenv/versions/3.10.16/lib/python3.10/multiprocessing/connection.py", line 931, in wait
    ready = selector.select(timeout)
  File "/vol/bitbucket/osella/pyenv/versions/3.10.16/lib/python3.10/selectors.py", line 416, in select
    fd_event_list = self._selector.poll(timeout)
KeyboardInterrupt
Traceback (most recent call last):
  File "/vol/bitbucket/osella/pyenv/versions/3.10.16/lib/python3.10/multiprocessing/process.py", line 314, in _bootstrap
    self.run()
  File "/vol/bitbucket/osella/pyenv/versions/3.10.16/lib/python3.10/multiprocessing/process.py", line 108, in run
    self._target(*self._args, **self._kwargs)
  File "/vol/bitbucket/osella/pyenv/versions/qecc1/lib/python3.10/site-packages/torchrl/envs/batched_envs.py", line 2830, in _run_worker_pipe_shared_mem
    if child_pipe.poll(_timeout):
  File "/vol/bitbucket/osella/pyenv/versions/3.10.16/lib/python3.10/multiprocessing/connection.py", line 257, in poll
    return self._poll(timeout)
  File "/vol/bitbucket/osella/pyenv/versions/3.10.16/lib/python3.10/multiprocessing/connection.py", line 424, in _poll
    r = wait([self], timeout)
  File "/vol/bitbucket/osella/pyenv/versions/3.10.16/lib/python3.10/multiprocessing/connection.py", line 931, in wait
    ready = selector.select(timeout)
  File "/vol/bitbucket/osella/pyenv/versions/3.10.16/lib/python3.10/selectors.py", line 416, in select
    fd_event_list = self._selector.poll(timeout)
KeyboardInterrupt
    yield from self.iterator()
  File "/vol/bitbucket/osella/pyenv/versions/qecc1/lib/python3.10/site-packages/torchrl/collectors/_single.py", line 1494, in iterator
    tensordict_out = self.rollout()
  File "/vol/bitbucket/osella/pyenv/versions/qecc1/lib/python3.10/site-packages/torchrl/_utils.py", line 652, in unpack_rref_and_invoke_function
    return func(self, *args, **kwargs)
  File "/vol/bitbucket/osella/pyenv/versions/qecc1/lib/python3.10/site-packages/torch/utils/_contextlib.py", line 124, in decorate_context
    return func(*args, **kwargs)
  File "/vol/bitbucket/osella/pyenv/versions/qecc1/lib/python3.10/site-packages/torchrl/collectors/_single.py", line 1807, in rollout
    env_output, env_next_output = self.env.step_and_maybe_reset(env_input)
  File "/vol/bitbucket/osella/pyenv/versions/qecc1/lib/python3.10/site-packages/torch/utils/_contextlib.py", line 123, in decorate_context
    with ctx_factory():
  File "/vol/bitbucket/osella/pyenv/versions/qecc1/lib/python3.10/site-packages/torch/autograd/grad_mode.py", line 85, in __exit__
    torch.set_grad_enabled(self.prev)
  File "/vol/bitbucket/osella/pyenv/versions/qecc1/lib/python3.10/site-packages/torch/autograd/grad_mode.py", line 187, in __init__
Traceback (most recent call last):
Traceback (most recent call last):
  File "/vol/bitbucket/osella/pyenv/versions/3.10.16/lib/python3.10/multiprocessing/process.py", line 314, in _bootstrap
    self.run()
  File "/vol/bitbucket/osella/pyenv/versions/3.10.16/lib/python3.10/multiprocessing/process.py", line 108, in run
    self._target(*self._args, **self._kwargs)
  File "/vol/bitbucket/osella/pyenv/versions/3.10.16/lib/python3.10/multiprocessing/process.py", line 314, in _bootstrap
    self.run()
  File "/vol/bitbucket/osella/pyenv/versions/qecc1/lib/python3.10/site-packages/torchrl/envs/batched_envs.py", line 2975, in _run_worker_pipe_shared_mem
    td, root_next_td = env.step_and_maybe_reset(input)
  File "/vol/bitbucket/osella/pyenv/versions/3.10.16/lib/python3.10/multiprocessing/process.py", line 108, in run
    self._target(*self._args, **self._kwargs)
  File "/vol/bitbucket/osella/pyenv/versions/qecc1/lib/python3.10/site-packages/torchrl/envs/common.py", line 4061, in step_and_maybe_reset
    return self._step_and_maybe_reset(tensordict)
  File "/vol/bitbucket/osella/pyenv/versions/qecc1/lib/python3.10/site-packages/torchrl/envs/batched_envs.py", line 2975, in _run_worker_pipe_shared_mem
    td, root_next_td = env.step_and_maybe_reset(input)
  File "/vol/bitbucket/osella/pyenv/versions/qecc1/lib/python3.10/site-packages/torchrl/envs/common.py", line 4107, in _step_and_maybe_reset
    tensordict = self.step(tensordict)
  File "/vol/bitbucket/osella/pyenv/versions/qecc1/lib/python3.10/site-packages/torchrl/envs/common.py", line 4061, in step_and_maybe_reset
    return self._step_and_maybe_reset(tensordict)
  File "/vol/bitbucket/osella/pyenv/versions/qecc1/lib/python3.10/site-packages/torchrl/envs/common.py", line 2353, in step
    next_tensordict = self._step(tensordict)
  File "/vol/bitbucket/osella/pyenv/versions/qecc1/lib/python3.10/site-packages/torchrl/envs/common.py", line 4107, in _step_and_maybe_reset
    tensordict = self.step(tensordict)
  File "/vol/bitbucket/osella/pyenv/versions/qecc1/lib/python3.10/site-packages/torchrl/envs/transforms/_base.py", line 1349, in _step
    next_tensordict = self.base_env._step(tensordict_in)
  File "/vol/bitbucket/osella/pyenv/versions/qecc1/lib/python3.10/site-packages/torchrl/envs/common.py", line 2353, in step
    next_tensordict = self._step(tensordict)
  File "/vol/bitbucket/osella/pyenv/versions/qecc1/lib/python3.10/site-packages/torchrl/envs/gym_like.py", line 452, in _step
    step_result = self._env.step(action)
  File "/vol/bitbucket/osella/pyenv/versions/qecc1/lib/python3.10/site-packages/torchrl/envs/transforms/_base.py", line 1349, in _step
    next_tensordict = self.base_env._step(tensordict_in)
  File "/vol/bitbucket/osella/pyenv/versions/qecc1/lib/python3.10/site-packages/gymnasium/wrappers/common.py", line 393, in step
    return super().step(action)
  File "/vol/bitbucket/osella/pyenv/versions/qecc1/lib/python3.10/site-packages/torchrl/envs/gym_like.py", line 452, in _step
    step_result = self._env.step(action)
  File "/vol/bitbucket/osella/pyenv/versions/qecc1/lib/python3.10/site-packages/gymnasium/core.py", line 327, in step
    return self.env.step(action)
  File "/vol/bitbucket/osella/pyenv/versions/qecc1/lib/python3.10/site-packages/gymnasium/wrappers/common.py", line 393, in step
    return super().step(action)
  File "/vol/bitbucket/osella/qecc/src/qecc/bb_gym_v_0_1.py", line 205, in step
    logicalErrorRate = self.decoderEvaluation(self.seed)
  File "/vol/bitbucket/osella/pyenv/versions/qecc1/lib/python3.10/site-packages/gymnasium/core.py", line 327, in step
    return self.env.step(action)
  File "/vol/bitbucket/osella/qecc/src/qecc/bb_gym_v_0_1.py", line 251, in decoderEvaluation
    estimatedErrorX = bpDecoderHz.decode(self.Hz.dot(errorX)%2)
  File "/vol/bitbucket/osella/qecc/src/qecc/bb_gym_v_0_1.py", line 205, in step
    logicalErrorRate = self.decoderEvaluation(self.seed)
  File "/vol/bitbucket/osella/qecc/src/qecc/bb_gym_v_0_1.py", line 251, in decoderEvaluation
    estimatedErrorX = bpDecoderHz.decode(self.Hz.dot(errorX)%2)
KeyboardInterrupt
KeyboardInterrupt
Traceback (most recent call last):
  File "/vol/bitbucket/osella/pyenv/versions/3.10.16/lib/python3.10/multiprocessing/process.py", line 314, in _bootstrap
    self.run()
  File "/vol/bitbucket/osella/pyenv/versions/3.10.16/lib/python3.10/multiprocessing/process.py", line 108, in run
    self._target(*self._args, **self._kwargs)
  File "/vol/bitbucket/osella/pyenv/versions/qecc1/lib/python3.10/site-packages/torchrl/envs/batched_envs.py", line 2975, in _run_worker_pipe_shared_mem
    td, root_next_td = env.step_and_maybe_reset(input)
  File "/vol/bitbucket/osella/pyenv/versions/qecc1/lib/python3.10/site-packages/torchrl/envs/common.py", line 4061, in step_and_maybe_reset
    return self._step_and_maybe_reset(tensordict)
  File "/vol/bitbucket/osella/pyenv/versions/qecc1/lib/python3.10/site-packages/torchrl/envs/common.py", line 4107, in _step_and_maybe_reset
    tensordict = self.step(tensordict)
  File "/vol/bitbucket/osella/pyenv/versions/qecc1/lib/python3.10/site-packages/torchrl/envs/common.py", line 2353, in step
    next_tensordict = self._step(tensordict)
  File "/vol/bitbucket/osella/pyenv/versions/qecc1/lib/python3.10/site-packages/torchrl/envs/transforms/_base.py", line 1349, in _step
    next_tensordict = self.base_env._step(tensordict_in)
  File "/vol/bitbucket/osella/pyenv/versions/qecc1/lib/python3.10/site-packages/torchrl/envs/gym_like.py", line 452, in _step
    step_result = self._env.step(action)
  File "/vol/bitbucket/osella/pyenv/versions/qecc1/lib/python3.10/site-packages/gymnasium/wrappers/common.py", line 393, in step
    return super().step(action)
  File "/vol/bitbucket/osella/pyenv/versions/qecc1/lib/python3.10/site-packages/gymnasium/core.py", line 327, in step
    return self.env.step(action)
  File "/vol/bitbucket/osella/qecc/src/qecc/bb_gym_v_0_1.py", line 205, in step
    logicalErrorRate = self.decoderEvaluation(self.seed)
  File "/vol/bitbucket/osella/qecc/src/qecc/bb_gym_v_0_1.py", line 251, in decoderEvaluation
    estimatedErrorX = bpDecoderHz.decode(self.Hz.dot(errorX)%2)
KeyboardInterrupt
Traceback (most recent call last):
  File "/vol/bitbucket/osella/pyenv/versions/3.10.16/lib/python3.10/multiprocessing/process.py", line 314, in _bootstrap
    self.run()
  File "/vol/bitbucket/osella/pyenv/versions/3.10.16/lib/python3.10/multiprocessing/process.py", line 108, in run
    self._target(*self._args, **self._kwargs)
  File "/vol/bitbucket/osella/pyenv/versions/qecc1/lib/python3.10/site-packages/torchrl/envs/batched_envs.py", line 2975, in _run_worker_pipe_shared_mem
    td, root_next_td = env.step_and_maybe_reset(input)
  File "/vol/bitbucket/osella/pyenv/versions/qecc1/lib/python3.10/site-packages/torchrl/envs/common.py", line 4061, in step_and_maybe_reset
    return self._step_and_maybe_reset(tensordict)
  File "/vol/bitbucket/osella/pyenv/versions/qecc1/lib/python3.10/site-packages/torchrl/envs/common.py", line 4107, in _step_and_maybe_reset
    tensordict = self.step(tensordict)
  File "/vol/bitbucket/osella/pyenv/versions/qecc1/lib/python3.10/site-packages/torchrl/envs/common.py", line 2353, in step
    next_tensordict = self._step(tensordict)
  File "/vol/bitbucket/osella/pyenv/versions/qecc1/lib/python3.10/site-packages/torchrl/envs/transforms/_base.py", line 1349, in _step
    next_tensordict = self.base_env._step(tensordict_in)
  File "/vol/bitbucket/osella/pyenv/versions/qecc1/lib/python3.10/site-packages/torchrl/envs/gym_like.py", line 452, in _step
    step_result = self._env.step(action)
  File "/vol/bitbucket/osella/pyenv/versions/qecc1/lib/python3.10/site-packages/gymnasium/wrappers/common.py", line 393, in step
    return super().step(action)
  File "/vol/bitbucket/osella/pyenv/versions/qecc1/lib/python3.10/site-packages/gymnasium/core.py", line 327, in step
    return self.env.step(action)
  File "/vol/bitbucket/osella/qecc/src/qecc/bb_gym_v_0_1.py", line 205, in step
    logicalErrorRate = self.decoderEvaluation(self.seed)
  File "/vol/bitbucket/osella/qecc/src/qecc/bb_gym_v_0_1.py", line 252, in decoderEvaluation
    estimatedErrorZ = bpDecoderHx.decode(self.Hx.dot(errorZ)%2)
KeyboardInterrupt
    torch._C._set_grad_enabled(mode)
KeyboardInterrupt

During handling of the above exception, another exception occurred:

Traceback (most recent call last):
  File "/vol/bitbucket/osella/qecc/src/qecc/reinforcementLearning.py", line 623, in <module>
    for i, tensordict_data in enumerate(collector):
  File "/vol/bitbucket/osella/pyenv/versions/qecc1/lib/python3.10/site-packages/torchrl/collectors/_base.py", line 1277, in __iter__
    yield from self.iterator()
KeyboardInterrupt
/vol/bitbucket/osella/rl-qecc-data/supervisedLearning/collection/collectWorker3.sh: error reading input file: Stale file handle
/vol/bitbucket/osella/rl-qecc-data/supervisedLearning/collection/labCollectWorker3.sh: error reading input file: Stale file handle
labWorker ash17: started collect pid 2088962 (l=5 m=15) Mon 27 Jul 12:12:17 BST 2026
collectWorker4 ash17: l=5 m=15 procs=4 x envs=3 cores=16 stage=1 Mon 27 Jul 12:12:17 BST 2026
collectWorker4 ash17: launched pids: 2088977 2089001 2089021 2089047
