device: cuda; sizes: [(6, 6), (9, 6)]; curve loss on: [(6, 6), (9, 6)]; lr: 0.001; H: 10
loadCodeEvaluations: kept 895050 codes on the requested grid; dropped 1948461 records whose grid does not contain all its points
  size 6,6: 895050 codes (716040 train) curveLoss=True
loadCodeEvaluations: kept 2745739 codes on the requested grid; dropped 2681591 records whose grid does not contain all its points
  size 9,6: 2745739 codes (2196591 train) curveLoss=True
epoch 0: train 11.1031 | val 6,6: 11.5207 | 9,6: 9.7085
epoch 1: train 10.5538 | val 6,6: 11.2623 | 9,6: 9.5883
epoch 2: train 10.4102 | val 6,6: 11.1284 | 9,6: 9.5138
epoch 3: train 10.3224 | val 6,6: 11.0569 | 9,6: 9.4992
epoch 4: train 10.2801 | val 6,6: 11.0023 | 9,6: 9.4288
epoch 5: train 10.2329 | val 6,6: 10.9734 | 9,6: 9.4075
epoch 6: train 10.2068 | val 6,6: 10.9364 | 9,6: 9.3974
epoch 7: train 10.1837 | val 6,6: 10.9337 | 9,6: 9.3894
epoch 8: train 10.1723 | val 6,6: 10.8998 | 9,6: 9.3541
epoch 9: train 10.1459 | val 6,6: 10.8742 | 9,6: 9.3432
epoch 10: train 10.1252 | val 6,6: 10.8639 | 9,6: 9.3369
epoch 11: train 10.1141 | val 6,6: 10.8361 | 9,6: 9.3115
restored best-val weights from epoch 11 (val 10.0738)
saved /rds/general/user/osella/home/rl-qecc-data/supervisedLearning/sweep2hpc/g5_mix_66-96_H10_s6000.pth

## /rds/general/user/osella/home/rl-qecc-data/supervisedLearning/sweep2hpc/g5_mix_66-96_H10_s6000.pth on held-out test l=6, m=6 (89505 codes) — 2026-07-30

- data: `held-out 10% of /rds/general/user/osella/home/rl-qecc-data/supervisedLearning/codeEvaluationTrainingData (size 6,6)`
- Binomial NLL: **10.7613** (noise floor 10.1074)
- reward MAE: **0.03531**
- k MAE: **1.40** logical qubits
- Spearman: **0.826**, Kendall: 0.642
- top-k overlap (k=50): **0.12**


## /rds/general/user/osella/home/rl-qecc-data/supervisedLearning/sweep2hpc/g5_mix_66-96_H10_s6000.pth on held-out test l=9, m=6 (274574 codes) — 2026-07-30

- data: `held-out 10% of /rds/general/user/osella/home/rl-qecc-data/supervisedLearning/codeEvaluationTrainingData (size 9,6)`
- Binomial NLL: **9.2585** (noise floor 8.6882)
- reward MAE: **0.03311**
- k MAE: **0.97** logical qubits
- Spearman: **0.832**, Kendall: 0.643
- top-k overlap (k=50): **0.14**

