device: cuda; sizes: [(6, 6)]; curve loss on: [(6, 6)]; lr: 0.001; H: 7
loadCodeEvaluations: kept 895050 codes on the requested grid; dropped 1948461 records whose grid does not contain all its points
  size 6,6: 895050 codes (716040 train) curveLoss=True
epoch 0: train 12.6084 | val 6,6: 11.8622
epoch 1: train 11.6389 | val 6,6: 11.4880
epoch 2: train 11.4208 | val 6,6: 11.3011
epoch 3: train 11.3168 | val 6,6: 11.2805
epoch 4: train 11.2474 | val 6,6: 11.1500
epoch 5: train 11.1845 | val 6,6: 11.0824
epoch 6: train 11.1329 | val 6,6: 11.0666
epoch 7: train 11.1049 | val 6,6: 11.0529
epoch 8: train 11.0752 | val 6,6: 11.0003
epoch 9: train 11.0523 | val 6,6: 10.9875
epoch 10: train 11.0371 | val 6,6: 10.9755
epoch 11: train 11.0234 | val 6,6: 10.9659
epoch 12: train 11.0088 | val 6,6: 10.9506
epoch 13: train 10.9964 | val 6,6: 10.9527
epoch 14: train 10.9843 | val 6,6: 10.9352
epoch 15: train 10.9718 | val 6,6: 10.9135
epoch 16: train 10.9622 | val 6,6: 10.9076
epoch 17: train 10.9503 | val 6,6: 10.9002
epoch 18: train 10.9446 | val 6,6: 10.8954
epoch 19: train 10.9365 | val 6,6: 10.8923
epoch 20: train 10.9309 | val 6,6: 10.8850
epoch 21: train 10.9272 | val 6,6: 10.8806
epoch 22: train 10.9179 | val 6,6: 10.8762
epoch 23: train 10.9183 | val 6,6: 10.8721
restored best-val weights from epoch 23 (val 10.8721)
saved /rds/general/user/osella/home/rl-qecc-data/supervisedLearning/sweep2hpc/g5_mix_66_H7_s12345.pth

## /rds/general/user/osella/home/rl-qecc-data/supervisedLearning/sweep2hpc/g5_mix_66_H7_s12345.pth on held-out test l=6, m=6 (89505 codes) — 2026-07-29

- data: `held-out 10% of /rds/general/user/osella/home/rl-qecc-data/supervisedLearning/codeEvaluationTrainingData (size 6,6)`
- Binomial NLL: **10.7787** (noise floor 10.0958)
- reward MAE: **0.03646**
- k MAE: **1.29** logical qubits
- Spearman: **0.817**, Kendall: 0.632
- top-k overlap (k=50): **0.20**

