device: cuda; sizes: [(6, 6), (9, 6), (12, 6)]; curve loss on: [(6, 6), (9, 6), (12, 6)]; lr: 0.001; H: 3
loadCodeEvaluations: kept 895050 codes on the requested grid; dropped 1948461 records whose grid does not contain all its points
  size 6,6: 895050 codes (716040 train) curveLoss=True
loadCodeEvaluations: kept 2745739 codes on the requested grid; dropped 2681591 records whose grid does not contain all its points
  size 9,6: 2745739 codes (2196591 train) curveLoss=True
loadCodeEvaluations: kept 1353227 codes on the requested grid; dropped 457979 records whose grid does not contain all its points
  size 12,6: 1353227 codes (1082582 train) curveLoss=True
epoch 0: train 10.3255 | val 6,6: 11.4914 | 9,6: 9.6875 | 12,6: 8.5299
epoch 1: train 9.8309 | val 6,6: 11.1934 | 9,6: 9.5489 | 12,6: 8.4361
epoch 2: train 9.7178 | val 6,6: 11.1881 | 9,6: 9.5209 | 12,6: 8.3875
epoch 3: train 9.6725 | val 6,6: 11.0351 | 9,6: 9.4784 | 12,6: 8.3200
restored best-val weights from epoch 3 (val 9.6112)
saved /rds/general/user/osella/home/rl-qecc-data/supervisedLearning/sweep2hpc/g5_mix_66-96-126_H3_s6000.pth

## /rds/general/user/osella/home/rl-qecc-data/supervisedLearning/sweep2hpc/g5_mix_66-96-126_H3_s6000.pth on held-out test l=6, m=6 (89505 codes) — 2026-07-29

- data: `held-out 10% of /rds/general/user/osella/home/rl-qecc-data/supervisedLearning/codeEvaluationTrainingData (size 6,6)`
- Binomial NLL: **10.9237** (noise floor 10.1074)
- reward MAE: **0.04022**
- k MAE: **1.83** logical qubits
- Spearman: **0.776**, Kendall: 0.589
- top-k overlap (k=50): **0.12**


## /rds/general/user/osella/home/rl-qecc-data/supervisedLearning/sweep2hpc/g5_mix_66-96-126_H3_s6000.pth on held-out test l=9, m=6 (274574 codes) — 2026-07-29

- data: `held-out 10% of /rds/general/user/osella/home/rl-qecc-data/supervisedLearning/codeEvaluationTrainingData (size 9,6)`
- Binomial NLL: **9.3685** (noise floor 8.6882)
- reward MAE: **0.03849**
- k MAE: **1.60** logical qubits
- Spearman: **0.774**, Kendall: 0.580
- top-k overlap (k=50): **0.10**


## /rds/general/user/osella/home/rl-qecc-data/supervisedLearning/sweep2hpc/g5_mix_66-96-126_H3_s6000.pth on held-out test l=12, m=6 (135322 codes) — 2026-07-29

- data: `held-out 10% of /rds/general/user/osella/home/rl-qecc-data/supervisedLearning/codeEvaluationTrainingData (size 12,6)`
- Binomial NLL: **8.1224** (noise floor 7.3744)
- reward MAE: **0.03246**
- k MAE: **2.42** logical qubits
- Spearman: **0.745**, Kendall: 0.557
- top-k overlap (k=50): **0.42**

