device: cuda; sizes: [(6, 6), (9, 6)]; curve loss on: [(6, 6), (9, 6)]; lr: 0.001; H: 10
loadCodeEvaluations: kept 895050 codes on the requested grid; dropped 1948461 records whose grid does not contain all its points
  size 6,6: 895050 codes (716040 train) curveLoss=True
loadCodeEvaluations: kept 2745739 codes on the requested grid; dropped 2681591 records whose grid does not contain all its points
  size 9,6: 2745739 codes (2196591 train) curveLoss=True
epoch 0: train 11.0589 | val 6,6: 11.4214 | 9,6: 9.7006
epoch 1: train 10.4610 | val 6,6: 11.1600 | 9,6: 9.5568
epoch 2: train 10.3473 | val 6,6: 11.0708 | 9,6: 9.4964
epoch 3: train 10.2920 | val 6,6: 10.9884 | 9,6: 9.4866
epoch 4: train 10.2546 | val 6,6: 10.9839 | 9,6: 9.4254
epoch 5: train 10.2088 | val 6,6: 10.9479 | 9,6: 9.3880
epoch 6: train 10.1801 | val 6,6: 10.9108 | 9,6: 9.3542
epoch 7: train 10.1632 | val 6,6: 10.8968 | 9,6: 9.3446
epoch 8: train 10.1492 | val 6,6: 10.8898 | 9,6: 9.3397
epoch 9: train 10.1345 | val 6,6: 10.8806 | 9,6: 9.3643
epoch 10: train 10.1270 | val 6,6: 10.8650 | 9,6: 9.3123
epoch 11: train 10.1190 | val 6,6: 10.8656 | 9,6: 9.3215
restored best-val weights from epoch 10 (val 10.0887)
saved /rds/general/user/osella/home/rl-qecc-data/supervisedLearning/sweep2hpc/g5_mix_66-96_H10_s5000.pth

## /rds/general/user/osella/home/rl-qecc-data/supervisedLearning/sweep2hpc/g5_mix_66-96_H10_s5000.pth on held-out test l=6, m=6 (89505 codes) — 2026-07-30

- data: `held-out 10% of /rds/general/user/osella/home/rl-qecc-data/supervisedLearning/codeEvaluationTrainingData (size 6,6)`
- Binomial NLL: **10.7833** (noise floor 10.0912)
- reward MAE: **0.03646**
- k MAE: **1.38** logical qubits
- Spearman: **0.817**, Kendall: 0.631
- top-k overlap (k=50): **0.10**


## /rds/general/user/osella/home/rl-qecc-data/supervisedLearning/sweep2hpc/g5_mix_66-96_H10_s5000.pth on held-out test l=9, m=6 (274574 codes) — 2026-07-30

- data: `held-out 10% of /rds/general/user/osella/home/rl-qecc-data/supervisedLearning/codeEvaluationTrainingData (size 9,6)`
- Binomial NLL: **9.2635** (noise floor 8.6748)
- reward MAE: **0.03389**
- k MAE: **1.00** logical qubits
- Spearman: **0.824**, Kendall: 0.634
- top-k overlap (k=50): **0.10**

