device: cuda; sizes: [(6, 6), (9, 6), (12, 6)]; curve loss on: [(6, 6), (9, 6), (12, 6)]; lr: 0.001; H: 4
loadCodeEvaluations: kept 895050 codes on the requested grid; dropped 1948461 records whose grid does not contain all its points
  size 6,6: 895050 codes (716040 train) curveLoss=True
loadCodeEvaluations: kept 2745739 codes on the requested grid; dropped 2681591 records whose grid does not contain all its points
  size 9,6: 2745739 codes (2196591 train) curveLoss=True
loadCodeEvaluations: kept 1353227 codes on the requested grid; dropped 457979 records whose grid does not contain all its points
  size 12,6: 1353227 codes (1082582 train) curveLoss=True
epoch 0: train 10.3086 | val 6,6: 11.5088 | 9,6: 9.7061 | 12,6: 8.5337
epoch 1: train 9.8214 | val 6,6: 11.1668 | 9,6: 9.4946 | 12,6: 8.3805
epoch 2: train 9.6893 | val 6,6: 11.0912 | 9,6: 9.4769 | 12,6: 8.3186
epoch 3: train 9.6440 | val 6,6: 11.0224 | 9,6: 9.4584 | 12,6: 8.2966
restored best-val weights from epoch 3 (val 9.5924)
saved /rds/general/user/osella/home/rl-qecc-data/supervisedLearning/sweep2hpc/g5_mix_66-96-126_H4_s6000.pth

## /rds/general/user/osella/home/rl-qecc-data/supervisedLearning/sweep2hpc/g5_mix_66-96-126_H4_s6000.pth on held-out test l=6, m=6 (89505 codes) — 2026-07-29

- data: `held-out 10% of /rds/general/user/osella/home/rl-qecc-data/supervisedLearning/codeEvaluationTrainingData (size 6,6)`
- Binomial NLL: **10.9059** (noise floor 10.1074)
- reward MAE: **0.03872**
- k MAE: **1.77** logical qubits
- Spearman: **0.793**, Kendall: 0.606
- top-k overlap (k=50): **0.18**


## /rds/general/user/osella/home/rl-qecc-data/supervisedLearning/sweep2hpc/g5_mix_66-96-126_H4_s6000.pth on held-out test l=9, m=6 (274574 codes) — 2026-07-29

- data: `held-out 10% of /rds/general/user/osella/home/rl-qecc-data/supervisedLearning/codeEvaluationTrainingData (size 9,6)`
- Binomial NLL: **9.3412** (noise floor 8.6882)
- reward MAE: **0.03732**
- k MAE: **1.63** logical qubits
- Spearman: **0.786**, Kendall: 0.592
- top-k overlap (k=50): **0.12**


## /rds/general/user/osella/home/rl-qecc-data/supervisedLearning/sweep2hpc/g5_mix_66-96-126_H4_s6000.pth on held-out test l=12, m=6 (135322 codes) — 2026-07-29

- data: `held-out 10% of /rds/general/user/osella/home/rl-qecc-data/supervisedLearning/codeEvaluationTrainingData (size 12,6)`
- Binomial NLL: **8.0970** (noise floor 7.3744)
- reward MAE: **0.03168**
- k MAE: **2.45** logical qubits
- Spearman: **0.756**, Kendall: 0.568
- top-k overlap (k=50): **0.44**

