device: cuda; sizes: [(6, 6)]; curve loss on: [(6, 6)]; lr: 0.001; H: 3
loadCodeEvaluations: kept 895050 codes on the requested grid; dropped 1948461 records whose grid does not contain all its points
  size 6,6: 895050 codes (716040 train) curveLoss=True
epoch 0: train 12.4679 | val 6,6: 11.8043
epoch 1: train 11.5896 | val 6,6: 11.3850
epoch 2: train 11.3544 | val 6,6: 11.2223
epoch 3: train 11.2643 | val 6,6: 11.1730
epoch 4: train 11.2095 | val 6,6: 11.1250
epoch 5: train 11.1588 | val 6,6: 11.0913
epoch 6: train 11.1102 | val 6,6: 11.0393
epoch 7: train 11.0802 | val 6,6: 11.0152
epoch 8: train 11.0546 | val 6,6: 10.9865
epoch 9: train 11.0303 | val 6,6: 10.9526
epoch 10: train 11.0047 | val 6,6: 10.9230
epoch 11: train 10.9630 | val 6,6: 10.8644
epoch 12: train 10.9241 | val 6,6: 10.8329
epoch 13: train 10.9023 | val 6,6: 10.8109
epoch 14: train 10.8781 | val 6,6: 10.7964
epoch 15: train 10.8571 | val 6,6: 10.7861
epoch 16: train 10.8466 | val 6,6: 10.7784
epoch 17: train 10.8331 | val 6,6: 10.7705
epoch 18: train 10.8307 | val 6,6: 10.7619
epoch 19: train 10.8150 | val 6,6: 10.7484
epoch 20: train 10.8085 | val 6,6: 10.7585
epoch 21: train 10.8012 | val 6,6: 10.7387
epoch 22: train 10.7954 | val 6,6: 10.7323
epoch 23: train 10.7911 | val 6,6: 10.7298
restored best-val weights from epoch 23 (val 10.7298)
saved /rds/general/user/osella/home/rl-qecc-data/supervisedLearning/sweep2hpc/g5_mix_66_H3_s5000.pth

## /rds/general/user/osella/home/rl-qecc-data/supervisedLearning/sweep2hpc/g5_mix_66_H3_s5000.pth on held-out test l=6, m=6 (89505 codes) — 2026-07-29

- data: `held-out 10% of /rds/general/user/osella/home/rl-qecc-data/supervisedLearning/codeEvaluationTrainingData (size 6,6)`
- Binomial NLL: **10.6550** (noise floor 10.0912)
- reward MAE: **0.03221**
- k MAE: **1.27** logical qubits
- Spearman: **0.855**, Kendall: 0.674
- top-k overlap (k=50): **0.22**

