device: cuda; sizes: [(6, 6), (9, 6)]; curve loss on: [(6, 6), (9, 6)]; lr: 0.001; H: 6
loadCodeEvaluations: kept 895050 codes on the requested grid; dropped 1948461 records whose grid does not contain all its points
  size 6,6: 895050 codes (716040 train) curveLoss=True
loadCodeEvaluations: kept 2745739 codes on the requested grid; dropped 2681591 records whose grid does not contain all its points
  size 9,6: 2745739 codes (2196591 train) curveLoss=True
epoch 0: train 11.1478 | val 6,6: 11.4967 | 9,6: 9.6818
epoch 1: train 10.5473 | val 6,6: 11.2801 | 9,6: 9.5775
epoch 2: train 10.4070 | val 6,6: 11.1636 | 9,6: 9.5083
epoch 3: train 10.3421 | val 6,6: 11.1087 | 9,6: 9.4904
epoch 4: train 10.3080 | val 6,6: 11.0845 | 9,6: 9.5076
epoch 5: train 10.2792 | val 6,6: 11.0479 | 9,6: 9.4244
restored best-val weights from epoch 5 (val 10.2362)
saved /rds/general/user/osella/home/rl-qecc-data/supervisedLearning/sweep2hpc/g5_mix_66-96_H6_s4000.pth

## /rds/general/user/osella/home/rl-qecc-data/supervisedLearning/sweep2hpc/g5_mix_66-96_H6_s4000.pth on held-out test l=6, m=6 (89505 codes) — 2026-07-29

- data: `held-out 10% of /rds/general/user/osella/home/rl-qecc-data/supervisedLearning/codeEvaluationTrainingData (size 6,6)`
- Binomial NLL: **10.9049** (noise floor 10.0992)
- reward MAE: **0.03947**
- k MAE: **1.75** logical qubits
- Spearman: **0.787**, Kendall: 0.601
- top-k overlap (k=50): **0.18**


## /rds/general/user/osella/home/rl-qecc-data/supervisedLearning/sweep2hpc/g5_mix_66-96_H6_s4000.pth on held-out test l=9, m=6 (274574 codes) — 2026-07-29

- data: `held-out 10% of /rds/general/user/osella/home/rl-qecc-data/supervisedLearning/codeEvaluationTrainingData (size 9,6)`
- Binomial NLL: **9.3199** (noise floor 8.6703)
- reward MAE: **0.03725**
- k MAE: **1.43** logical qubits
- Spearman: **0.787**, Kendall: 0.594
- top-k overlap (k=50): **0.26**

