device: cuda; sizes: [(6, 6)]; curve loss on: [(6, 6)]; lr: 0.001; H: 3
loadCodeEvaluations: kept 895050 codes on the requested grid; dropped 1948461 records whose grid does not contain all its points
  size 6,6: 895050 codes (716040 train) curveLoss=True
epoch 0: train 12.5484 | val 6,6: 11.8124
epoch 1: train 11.4401 | val 6,6: 11.1978
epoch 2: train 11.2029 | val 6,6: 11.1198
epoch 3: train 11.1128 | val 6,6: 11.0262
epoch 4: train 11.0557 | val 6,6: 10.9974
epoch 5: train 11.0305 | val 6,6: 10.9726
epoch 6: train 11.0110 | val 6,6: 10.9600
epoch 7: train 10.9996 | val 6,6: 10.9479
epoch 8: train 10.9890 | val 6,6: 10.9288
epoch 9: train 10.9742 | val 6,6: 10.9288
epoch 10: train 10.9611 | val 6,6: 10.9029
epoch 11: train 10.9413 | val 6,6: 10.8937
epoch 12: train 10.9229 | val 6,6: 10.8745
epoch 13: train 10.9106 | val 6,6: 10.8657
epoch 14: train 10.9026 | val 6,6: 10.8559
epoch 15: train 10.8949 | val 6,6: 10.8590
epoch 16: train 10.8867 | val 6,6: 10.8678
epoch 17: train 10.8801 | val 6,6: 10.8431
epoch 18: train 10.8740 | val 6,6: 10.8452
epoch 19: train 10.8698 | val 6,6: 10.8367
epoch 20: train 10.8666 | val 6,6: 10.8408
epoch 21: train 10.8617 | val 6,6: 10.8256
epoch 22: train 10.8564 | val 6,6: 10.8189
epoch 23: train 10.8545 | val 6,6: 10.8242
restored best-val weights from epoch 22 (val 10.8189)
saved /rds/general/user/osella/home/rl-qecc-data/supervisedLearning/sweep2hpc/g5_mix_66_H3_s54321.pth

## /rds/general/user/osella/home/rl-qecc-data/supervisedLearning/sweep2hpc/g5_mix_66_H3_s54321.pth on held-out test l=6, m=6 (89505 codes) — 2026-07-29

- data: `held-out 10% of /rds/general/user/osella/home/rl-qecc-data/supervisedLearning/codeEvaluationTrainingData (size 6,6)`
- Binomial NLL: **10.7682** (noise floor 10.1124)
- reward MAE: **0.03588**
- k MAE: **1.30** logical qubits
- Spearman: **0.824**, Kendall: 0.639
- top-k overlap (k=50): **0.18**

