device: cuda; sizes: [(6, 6)]; curve loss on: [(6, 6)]; lr: 0.001; H: 4
loadCodeEvaluations: kept 895050 codes on the requested grid; dropped 1948461 records whose grid does not contain all its points
  size 6,6: 895050 codes (716040 train) curveLoss=True
epoch 0: train 12.6124 | val 6,6: 12.3691
epoch 1: train 11.6660 | val 6,6: 11.2049
epoch 2: train 11.1616 | val 6,6: 11.0614
epoch 3: train 11.0812 | val 6,6: 10.9958
epoch 4: train 11.0156 | val 6,6: 10.9392
epoch 5: train 10.9701 | val 6,6: 10.9019
epoch 6: train 10.9381 | val 6,6: 10.8887
epoch 7: train 10.9142 | val 6,6: 10.8673
epoch 8: train 10.8924 | val 6,6: 10.8487
epoch 9: train 10.8754 | val 6,6: 10.8360
epoch 10: train 10.8656 | val 6,6: 10.8163
epoch 11: train 10.8562 | val 6,6: 10.8343
epoch 12: train 10.8469 | val 6,6: 10.8281
epoch 13: train 10.8413 | val 6,6: 10.8029
epoch 14: train 10.8336 | val 6,6: 10.8013
epoch 15: train 10.8266 | val 6,6: 10.8064
epoch 16: train 10.8217 | val 6,6: 10.8127
epoch 17: train 10.8138 | val 6,6: 10.7903
epoch 18: train 10.8121 | val 6,6: 10.7974
epoch 19: train 10.8072 | val 6,6: 10.7886
epoch 20: train 10.8027 | val 6,6: 10.7806
epoch 21: train 10.8032 | val 6,6: 10.7766
epoch 22: train 10.7968 | val 6,6: 10.7759
epoch 23: train 10.7952 | val 6,6: 10.7777
restored best-val weights from epoch 22 (val 10.7759)
saved /rds/general/user/osella/home/rl-qecc-data/supervisedLearning/sweep2hpc/g5_mix_66_H4_s54321.pth

## /rds/general/user/osella/home/rl-qecc-data/supervisedLearning/sweep2hpc/g5_mix_66_H4_s54321.pth on held-out test l=6, m=6 (89505 codes) — 2026-07-28

- data: `held-out 10% of /rds/general/user/osella/home/rl-qecc-data/supervisedLearning/codeEvaluationTrainingData (size 6,6)`
- Binomial NLL: **10.7284** (noise floor 10.1124)
- reward MAE: **0.03452**
- k MAE: **1.21** logical qubits
- Spearman: **0.837**, Kendall: 0.655
- top-k overlap (k=50): **0.20**

