device: cuda; sizes: [(6, 6)]; curve loss on: [(6, 6)]; lr: 0.001; H: 10
loadCodeEvaluations: kept 895050 codes on the requested grid; dropped 1948461 records whose grid does not contain all its points
  size 6,6: 895050 codes (716040 train) curveLoss=True
epoch 0: train 12.6239 | val 6,6: 12.3709
epoch 1: train 11.7468 | val 6,6: 11.2707
epoch 2: train 11.2515 | val 6,6: 11.1332
epoch 3: train 11.1420 | val 6,6: 11.0477
epoch 4: train 11.0775 | val 6,6: 10.9941
epoch 5: train 11.0327 | val 6,6: 10.9874
epoch 6: train 11.0125 | val 6,6: 10.9590
epoch 7: train 10.9976 | val 6,6: 10.9463
epoch 8: train 10.9790 | val 6,6: 10.9296
epoch 9: train 10.9633 | val 6,6: 10.9220
epoch 10: train 10.9434 | val 6,6: 10.8945
epoch 11: train 10.9284 | val 6,6: 10.8799
epoch 12: train 10.9152 | val 6,6: 10.8555
epoch 13: train 10.9028 | val 6,6: 10.8592
epoch 14: train 10.8917 | val 6,6: 10.8550
epoch 15: train 10.8841 | val 6,6: 10.8423
epoch 16: train 10.8795 | val 6,6: 10.8515
epoch 17: train 10.8694 | val 6,6: 10.8360
epoch 18: train 10.8633 | val 6,6: 10.8331
epoch 19: train 10.8619 | val 6,6: 10.8145
epoch 20: train 10.8516 | val 6,6: 10.8226
epoch 21: train 10.8467 | val 6,6: 10.8122
epoch 22: train 10.8459 | val 6,6: 10.8078
epoch 23: train 10.8391 | val 6,6: 10.8052
restored best-val weights from epoch 23 (val 10.8052)
saved /rds/general/user/osella/home/rl-qecc-data/supervisedLearning/sweep2hpc/g5_mix_66_H10_s5000.pth

## /rds/general/user/osella/home/rl-qecc-data/supervisedLearning/sweep2hpc/g5_mix_66_H10_s5000.pth on held-out test l=6, m=6 (89505 codes) — 2026-07-28

- data: `held-out 10% of /rds/general/user/osella/home/rl-qecc-data/supervisedLearning/codeEvaluationTrainingData (size 6,6)`
- Binomial NLL: **10.7194** (noise floor 10.0912)
- reward MAE: **0.03534**
- k MAE: **1.31** logical qubits
- Spearman: **0.832**, Kendall: 0.648
- top-k overlap (k=50): **0.20**

