device: cuda; sizes: [(6, 6)]; curve loss on: [(6, 6)]; lr: 0.001; H: 7
loadCodeEvaluations: kept 895050 codes on the requested grid; dropped 1948461 records whose grid does not contain all its points
  size 6,6: 895050 codes (716040 train) curveLoss=True
epoch 0: train 12.5378 | val 6,6: 11.7892
epoch 1: train 11.5592 | val 6,6: 11.3611
epoch 2: train 11.3003 | val 6,6: 11.1646
epoch 3: train 11.1755 | val 6,6: 11.0830
epoch 4: train 11.1053 | val 6,6: 11.0287
epoch 5: train 11.0660 | val 6,6: 11.0248
epoch 6: train 11.0376 | val 6,6: 10.9597
epoch 7: train 11.0015 | val 6,6: 10.9347
epoch 8: train 10.9617 | val 6,6: 10.8792
epoch 9: train 10.9230 | val 6,6: 10.8532
epoch 10: train 10.9006 | val 6,6: 10.8388
epoch 11: train 10.8827 | val 6,6: 10.8190
epoch 12: train 10.8628 | val 6,6: 10.7859
epoch 13: train 10.8422 | val 6,6: 10.7671
epoch 14: train 10.8217 | val 6,6: 10.7502
epoch 15: train 10.8098 | val 6,6: 10.7486
epoch 16: train 10.8076 | val 6,6: 10.7430
epoch 17: train 10.7993 | val 6,6: 10.7464
epoch 18: train 10.7904 | val 6,6: 10.7432
epoch 19: train 10.7809 | val 6,6: 10.7179
epoch 20: train 10.7759 | val 6,6: 10.7253
epoch 21: train 10.7705 | val 6,6: 10.7070
epoch 22: train 10.7619 | val 6,6: 10.7014
epoch 23: train 10.7601 | val 6,6: 10.7055
restored best-val weights from epoch 22 (val 10.7014)
saved /rds/general/user/osella/home/rl-qecc-data/supervisedLearning/sweep2hpc/g5_mix_66_H7_s5000.pth

## /rds/general/user/osella/home/rl-qecc-data/supervisedLearning/sweep2hpc/g5_mix_66_H7_s5000.pth on held-out test l=6, m=6 (89505 codes) — 2026-07-29

- data: `held-out 10% of /rds/general/user/osella/home/rl-qecc-data/supervisedLearning/codeEvaluationTrainingData (size 6,6)`
- Binomial NLL: **10.6267** (noise floor 10.0912)
- reward MAE: **0.03181**
- k MAE: **1.24** logical qubits
- Spearman: **0.858**, Kendall: 0.677
- top-k overlap (k=50): **0.06**

