device: cuda; sizes: [(6, 6)]; curve loss on: [(6, 6)]; lr: 0.001; H: 10
loadCodeEvaluations: kept 895050 codes on the requested grid; dropped 1948461 records whose grid does not contain all its points
  size 6,6: 895050 codes (716040 train) curveLoss=True
epoch 0: train 12.6896 | val 6,6: 12.3683
epoch 1: train 11.6962 | val 6,6: 11.2208
epoch 2: train 11.2217 | val 6,6: 11.1056
epoch 3: train 11.1076 | val 6,6: 11.0175
epoch 4: train 11.0495 | val 6,6: 10.9875
epoch 5: train 11.0186 | val 6,6: 10.9531
epoch 6: train 10.9882 | val 6,6: 10.9131
epoch 7: train 10.9545 | val 6,6: 10.9011
epoch 8: train 10.9284 | val 6,6: 10.8717
epoch 9: train 10.9125 | val 6,6: 10.8672
epoch 10: train 10.8998 | val 6,6: 10.8499
epoch 11: train 10.8897 | val 6,6: 10.8437
epoch 12: train 10.8818 | val 6,6: 10.8482
epoch 13: train 10.8744 | val 6,6: 10.8269
epoch 14: train 10.8675 | val 6,6: 10.8188
epoch 15: train 10.8616 | val 6,6: 10.8234
epoch 16: train 10.8595 | val 6,6: 10.8287
epoch 17: train 10.8532 | val 6,6: 10.8094
epoch 18: train 10.8491 | val 6,6: 10.8036
epoch 19: train 10.8438 | val 6,6: 10.8013
epoch 20: train 10.8416 | val 6,6: 10.8033
epoch 21: train 10.8373 | val 6,6: 10.7958
epoch 22: train 10.8354 | val 6,6: 10.7983
epoch 23: train 10.8335 | val 6,6: 10.8001
restored best-val weights from epoch 21 (val 10.7958)
saved /rds/general/user/osella/home/rl-qecc-data/supervisedLearning/sweep2hpc/g5_mix_66_H10_s54321.pth

## /rds/general/user/osella/home/rl-qecc-data/supervisedLearning/sweep2hpc/g5_mix_66_H10_s54321.pth on held-out test l=6, m=6 (89505 codes) — 2026-07-29

- data: `held-out 10% of /rds/general/user/osella/home/rl-qecc-data/supervisedLearning/codeEvaluationTrainingData (size 6,6)`
- Binomial NLL: **10.7479** (noise floor 10.1124)
- reward MAE: **0.03483**
- k MAE: **1.24** logical qubits
- Spearman: **0.833**, Kendall: 0.649
- top-k overlap (k=50): **0.20**

